101 [DBG_HP_SAMPLE] t=49052 hpOutPin=0 hpOutAsserted=1 camState=1 logicActive=1 activityActive=0 msUntilWakeDeadline=9810
210 [DBG_HP_SAMPLE] t=49161 hpOutPin=0 hpOutAsserted=1 camState=1 logicActive=1 activityActive=0 msUntilWakeDeadline=9701
310 [DBG_HP_SAMPLE] t=49261 hpOutPin=0 hpOutAsserted=1 camState=1 logicActive=1 activityActive=0 msUntilWakeDeadline=9601
419 [DBG_HP_SAMPLE] t=49371 hpOutPin=0 hpOutAsserted=1 camState=1 logicActive=1 activityActive=0 msUntilWakeDeadline=9491
456 [DBG_IO] t=49407 stage=configureRuntimeIo.enter deviceType=1 camEnabled=1 camState=1 logicActive=1 activityActive=0 hpOutAsserted=1 hpOutPin=0 fpOutPin=1
459 [DBG_IO] t=49407 stage=configureRuntimeIo.outputsInput deviceType=1 camEnabled=1 camState=1 logicActive=1 activityActive=0 hpOutAsserted=1 hpOutPin=1 fpOutPin=1
462 [DBG_IO] t=49408 stage=configureRuntimeIo.cameraStateMachine deviceType=1 camEnabled=1 camState=1 logicActive=1 activityActive=0 hpOutAsserted=1 hpOutPin=1 fpOutPin=1
519 [DBG_HP_SAMPLE] t=49471 hpOutPin=1 hpOutAsserted=1 camState=1 logicActive=1 activityActive=0 msUntilWakeDeadline=9391
619 [DBG_HP_SAMPLE] t=49571 hpOutPin=1 hpOutAsserted=1 camState=1 logicActive=1 activityActive=0 msUntilWakeDeadline=9291
719 [DBG_HP_SAMPLE] t=49671 hpOutPin=1 hpOutAsserted=1 camState=1 logicActive=1 activityActive=0 msUntilWakeDeadline=9191
819 [DBG_HP_SAMPLE] t=49771 hpOutPin=1 hpOutAsserted=1 camState=1 logicActive=1 activityActive=0 msUntilWakeDeadline=9091
919 [DBG_HP_SAMPLE] t=49871 hpOutPin=1 hpOutAsserted=1 camState=1 logicActive=1 activityActive=0 msUntilWakeDeadline=8991
1019 [DBG_HP_SAMPLE] t=49971 hpOutPin=1 hpOutAsserted=1 camState=1 logicActive=1 activityActive=0 msUntilWakeDeadline=8891
1119 [DBG_HP_SAMPLE] t=50071 hpOutPin=1 hpOutAsserted=1 camState=1 logicActive=1 activityActive=0 msUntilWakeDeadline=8791
1219 [DBG_HP_SAMPLE] t=50171 hpOutPin=1 hpOutAsserted=1 camState=1 logicActive=1 activityActive=0 msUntilWakeDeadline=8691
1319 [DBG_HP_SAMPLE] t=50271 hpOutPin=1 hpOutAsserted=1 camState=1 logicActive=1 activityActive=0 msUntilWakeDeadline=8591
1419 [DBG_HP_SAMPLE] t=50371 hpOutPin=1 hpOutAsserted=1 camState=1 logicActive=1 activityActive=0 msUntilWakeDeadline=8491
1519 [DBG_HP_SAMPLE] t=50471 hpOutPin=1 hpOutAsserted=1 camState=1 logicActive=1 activityActive=0 msUntilWakeDeadline=8391
1619 [DBG_HP_SAMPLE] t=50571 hpOutPin=1 hpOutAsserted=1 camState=1 logicActive=1 activityActive=0 msUntilWakeDeadline=8291
1719 [DBG_HP_SAMPLE] t=50671 hpOutPin=1 hpOutAsserted=1 camState=1 logicActive=1 activityActive=0 msUntilWakeDeadline=8191
1819 [DBG_HP_SAMPLE] t=50771 hpOutPin=1 hpOutAsserted=1 camState=1 logicActive=1 activityActive=0 msUntilWakeDeadline=8091
1918 [DBG_HP_SAMPLE] t=50871 hpOutPin=1 hpOutAsserted=1 camState=1 logicActive=1 activityActive=0 msUntilWakeDeadline=7991
2019 [DBG_HP_SAMPLE] t=50971 hpOutPin=1 hpOutAsserted=1 camState=1 logicActive=1 activityActive=0 msUntilWakeDeadline=7891
2119 [DBG_HP_SAMPLE] t=51071 hpOutPin=1 hpOutAsserted=1 camState=1 logicActive=1 activityActive=0 msUntilWakeDeadline=7791
2219 [DBG_HP_SAMPLE] t=51171 hpOutPin=1 hpOutAsserted=1 camState=1 logicActive=1 activityActive=0 msUntilWakeDeadline=7691
2319 [DBG_HP_SAMPLE] t=51271 hpOutPin=1 hpOutAsserted=1 camState=1 logicActive=1 activityActive=0 msUntilWakeDeadline=7591
2418 [DBG_HP_SAMPLE] t=51371 hpOutPin=1 hpOutAsserted=1 camState=1 logicActive=1 activityActive=0 msUntilWakeDeadline=7491
2519 [DBG_HP_SAMPLE] t=51471 hpOutPin=1 hpOutAsserted=1 camState=1 logicActive=1 activityActive=0 msUntilWakeDeadline=7391
2619 [DBG_HP_SAMPLE] t=51571 hpOutPin=1 hpOutAsserted=1 camState=1 logicActive=1 activityActive=0 msUntilWakeDeadline=7291
2719 [DBG_HP_SAMPLE] t=51671 hpOutPin=1 hpOutAsserted=1 camState=1 logicActive=1 activityActive=0 msUntilWakeDeadline=7191
2819 [DBG_HP_SAMPLE] t=51771 hpOutPin=1 hpOutAsserted=1 camState=1 logicActive=1 activityActive=0 msUntilWakeDeadline=7091
2918 [DBG_HP_SAMPLE] t=51871 hpOutPin=1 hpOutAsserted=1 camState=1 logicActive=1 activityActive=0 msUntilWakeDeadline=6991
3019 [DBG_HP_SAMPLE] t=51971 hpOutPin=1 hpOutAsserted=1 camState=1 logicActive=1 activityActive=0 msUntilWakeDeadline=6891
3119 [DBG_HP_SAMPLE] t=52071 hpOutPin=1 hpOutAsserted=1 camState=1 logicActive=1 activityActive=0 msUntilWakeDeadline=6791
3219 [DBG_HP_SAMPLE] t=52171 hpOutPin=1 hpOutAsserted=1 camState=1 logicActive=1 activityActive=0 msUntilWakeDeadline=6691
3319 [DBG_HP_SAMPLE] t=52271 hpOutPin=1 hpOutAsserted=1 camState=1 logicActive=1 activityActive=0 msUntilWakeDeadline=6591
3419 [DBG_HP_SAMPLE] t=52371 hpOutPin=1 hpOutAsserted=1 camState=1 logicActive=1 activityActive=0 msUntilWakeDeadline=6491
3519 [DBG_HP_SAMPLE] t=52471 hpOutPin=1 hpOutAsserted=1 camState=1 logicActive=1 activityActive=0 msUntilWakeDeadline=6391
3618 [DBG_HP_SAMPLE] t=52571 hpOutPin=1 hpOutAsserted=1 camState=1 logicActive=1 activityActive=0 msUntilWakeDeadline=6291
3719 [DBG_HP_SAMPLE] t=52671 hpOutPin=1 hpOutAsserted=1 camState=1 logicActive=1 activityActive=0 msUntilWakeDeadline=6191
3819 [DBG_HP_SAMPLE] t=52771 hpOutPin=1 hpOutAsserted=1 camState=1 logicActive=1 activityActive=0 msUntilWakeDeadline=6091
3919 [DBG_HP_SAMPLE] t=52871 hpOutPin=1 hpOutAsserted=1 camState=1 logicActive=1 activityActive=0 msUntilWakeDeadline=5991
4019 [DBG_HP_SAMPLE] t=52971 hpOutPin=1 hpOutAsserted=1 camState=1 logicActive=1 activityActive=0 msUntilWakeDeadline=5891
4119 [DBG_HP_SAMPLE] t=53071 hpOutPin=1 hpOutAsserted=1 camState=1 logicActive=1 activityActive=0 msUntilWakeDeadline=5791
4219 [DBG_HP_SAMPLE] t=53171 hpOutPin=1 hpOutAsserted=1 camState=1 logicActive=1 activityActive=0 msUntilWakeDeadline=5691
4319 [DBG_HP_SAMPLE] t=53271 hpOutPin=1 hpOutAsserted=1 camState=1 logicActive=1 activityActive=0 msUntilWakeDeadline=5591
4419 [DBG_HP_SAMPLE] t=53371 hpOutPin=1 hpOutAsserted=1 camState=1 logicActive=1 activityActive=0 msUntilWakeDeadline=5491
4519 [DBG_HP_SAMPLE] t=53471 hpOutPin=1 hpOutAsserted=1 camState=1 logicActive=1 activityActive=0 msUntilWakeDeadline=5391
4619 [DBG_HP_SAMPLE] t=53571 hpOutPin=1 hpOutAsserted=1 camState=1 logicActive=1 activityActive=0 msUntilWakeDeadline=5291
4719 [DBG_HP_SAMPLE] t=53671 hpOutPin=1 hpOutAsserted=1 camState=1 logicActive=1 activityActive=0 msUntilWakeDeadline=5191
4819 [DBG_HP_SAMPLE] t=53771 hpOutPin=1 hpOutAsserted=1 camState=1 logicActive=1 activityActive=0 msUntilWakeDeadline=5091
4918 [DBG_HP_SAMPLE] t=53871 hpOutPin=1 hpOutAsserted=1 camState=1 logicActive=1 activityActive=0 msUntilWakeDeadline=4991
5019 [DBG_HP_SAMPLE] t=53971 hpOutPin=1 hpOutAsserted=1 camState=1 logicActive=1 activityActive=0 msUntilWakeDeadline=4891
5118 [DBG_HP_SAMPLE] t=54071 hpOutPin=1 hpOutAsserted=1 camState=1 logicActive=1 activityActive=0 msUntilWakeDeadline=4791
5219 [DBG_HP_SAMPLE] t=54171 hpOutPin=1 hpOutAsserted=1 camState=1 logicActive=1 activityActive=0 msUntilWakeDeadline=4691
5319 [DBG_HP_SAMPLE] t=54271 hpOutPin=1 hpOutAsserted=1 camState=1 logicActive=1 activityActive=0 msUntilWakeDeadline=4591
5419 [DBG_HP_SAMPLE] t=54371 hpOutPin=1 hpOutAsserted=1 camState=1 logicActive=1 activityActive=0 msUntilWakeDeadline=4491
5519 [DBG_HP_SAMPLE] t=54471 hpOutPin=1 hpOutAsserted=1 camState=1 logicActive=1 activityActive=0 msUntilWakeDeadline=4391
5619 [DBG_HP_SAMPLE] t=54571 hpOutPin=1 hpOutAsserted=1 camState=1 logicActive=1 activityActive=0 msUntilWakeDeadline=4291
5719 [DBG_HP_SAMPLE] t=54671 hpOutPin=1 hpOutAsserted=1 camState=1 logicActive=1 activityActive=0 msUntilWakeDeadline=4191
5819 [DBG_HP_SAMPLE] t=54771 hpOutPin=1 hpOutAsserted=1 camState=1 logicActive=1 activityActive=0 msUntilWakeDeadline=4091
5918 [DBG_HP_SAMPLE] t=54871 hpOutPin=1 hpOutAsserted=1 camState=1 logicActive=1 activityActive=0 msUntilWakeDeadline=3991
6019 [DBG_HP_SAMPLE] t=54971 hpOutPin=1 hpOutAsserted=1 camState=1 logicActive=1 activityActive=0 msUntilWakeDeadline=3891
6119 [DBG_HP_SAMPLE] t=55071 hpOutPin=1 hpOutAsserted=1 camState=1 logicActive=1 activityActive=0 msUntilWakeDeadline=3791
6219 [DBG_HP_SAMPLE] t=55171 hpOutPin=1 hpOutAsserted=1 camState=1 logicActive=1 activityActive=0 msUntilWakeDeadline=3691
6319 [DBG_HP_SAMPLE] t=55271 hpOutPin=1 hpOutAsserted=1 camState=1 logicActive=1 activityActive=0 msUntilWakeDeadline=3591
6418 [DBG_HP_SAMPLE] t=55371 hpOutPin=1 hpOutAsserted=1 camState=1 logicActive=1 activityActive=0 msUntilWakeDeadline=3491
6519 [DBG_HP_SAMPLE] t=55471 hpOutPin=1 hpOutAsserted=1 camState=1 logicActive=1 activityActive=0 msUntilWakeDeadline=3391
6619 [DBG_HP_SAMPLE] t=55571 hpOutPin=1 hpOutAsserted=1 camState=1 logicActive=1 activityActive=0 msUntilWakeDeadline=3291
6719 [DBG_HP_SAMPLE] t=55671 hpOutPin=1 hpOutAsserted=1 camState=1 logicActive=1 activityActive=0 msUntilWakeDeadline=3191
6819 [DBG_HP_SAMPLE] t=55771 hpOutPin=1 hpOutAsserted=1 camState=1 logicActive=1 activityActive=0 msUntilWakeDeadline=3091
6918 [DBG_HP_SAMPLE] t=55871 hpOutPin=1 hpOutAsserted=1 camState=1 logicActive=1 activityActive=0 msUntilWakeDeadline=2991
7019 [DBG_HP_SAMPLE] t=55971 hpOutPin=1 hpOutAsserted=1 camState=1 logicActive=1 activityActive=0 msUntilWakeDeadline=2891
7119 [DBG_HP_SAMPLE] t=56071 hpOutPin=1 hpOutAsserted=1 camState=1 logicActive=1 activityActive=0 msUntilWakeDeadline=2791
7219 [DBG_HP_SAMPLE] t=56171 hpOutPin=1 hpOutAsserted=1 camState=1 logicActive=1 activityActive=0 msUntilWakeDeadline=2691
7319 [DBG_HP_SAMPLE] t=56271 hpOutPin=1 hpOutAsserted=1 camState=1 logicActive=1 activityActive=0 msUntilWakeDeadline=2591
7418 [DBG_HP_SAMPLE] t=56371 hpOutPin=1 hpOutAsserted=1 camState=1 logicActive=1 activityActive=0 msUntilWakeDeadline=2491
7519 [DBG_HP_SAMPLE] t=56471 hpOutPin=1 hpOutAsserted=1 camState=1 logicActive=1 activityActive=0 msUntilWakeDeadline=2391
7619 [DBG_HP_SAMPLE] t=56571 hpOutPin=1 hpOutAsserted=1 camState=1 logicActive=1 activityActive=0 msUntilWakeDeadline=2291
7719 [DBG_HP_SAMPLE] t=56671 hpOutPin=1 hpOutAsserted=1 camState=1 logicActive=1 activityActive=0 msUntilWakeDeadline=2191
7819 [DBG_HP_SAMPLE] t=56771 hpOutPin=1 hpOutAsserted=1 camState=1 logicActive=1 activityActive=0 msUntilWakeDeadline=2091
7919 [DBG_HP_SAMPLE] t=56871 hpOutPin=1 hpOutAsserted=1 camState=1 logicActive=1 activityActive=0 msUntilWakeDeadline=1991
8019 [DBG_HP_SAMPLE] t=56971 hpOutPin=1 hpOutAsserted=1 camState=1 logicActive=1 activityActive=0 msUntilWakeDeadline=1891
8119 [DBG_HP_SAMPLE] t=57071 hpOutPin=1 hpOutAsserted=1 camState=1 logicActive=1 activityActive=0 msUntilWakeDeadline=1791
8219 [DBG_HP_SAMPLE] t=57171 hpOutPin=1 hpOutAsserted=1 camState=1 logicActive=1 activityActive=0 msUntilWakeDeadline=1691
8319 [DBG_HP_SAMPLE] t=57271 hpOutPin=1 hpOutAsserted=1 camState=1 logicActive=1 activityActive=0 msUntilWakeDeadline=1591
8418 [DBG_HP_SAMPLE] t=57371 hpOutPin=1 hpOutAsserted=1 camState=1 logicActive=1 activityActive=0 msUntilWakeDeadline=1491
8519 [DBG_HP_SAMPLE] t=57471 hpOutPin=1 hpOutAsserted=1 camState=1 logicActive=1 activityActive=0 msUntilWakeDeadline=1391
8619 [DBG_HP_SAMPLE] t=57571 hpOutPin=1 hpOutAsserted=1 camState=1 logicActive=1 activityActive=0 msUntilWakeDeadline=1291
8719 [DBG_HP_SAMPLE] t=57671 hpOutPin=1 hpOutAsserted=1 camState=1 logicActive=1 activityActive=0 msUntilWakeDeadline=1191
8819 [DBG_HP_SAMPLE] t=57771 hpOutPin=1 hpOutAsserted=1 camState=1 logicActive=1 activityActive=0 msUntilWakeDeadline=1091
8918 [DBG_HP_SAMPLE] t=57871 hpOutPin=1 hpOutAsserted=1 camState=1 logicActive=1 activityActive=0 msUntilWakeDeadline=991
9019 [DBG_HP_SAMPLE] t=57971 hpOutPin=1 hpOutAsserted=1 camState=1 logicActive=1 activityActive=0 msUntilWakeDeadline=891
9119 [DBG_HP_SAMPLE] t=58071 hpOutPin=1 hpOutAsserted=1 camState=1 logicActive=1 activityActive=0 msUntilWakeDeadline=791
9219 [DBG_HP_SAMPLE] t=58171 hpOutPin=1 hpOutAsserted=1 camState=1 logicActive=1 activityActive=0 msUntilWakeDeadline=691
9319 [DBG_HP_SAMPLE] t=58271 hpOutPin=1 hpOutAsserted=1 camState=1 logicActive=1 activityActive=0 msUntilWakeDeadline=591
9418 [DBG_HP_SAMPLE] t=58371 hpOutPin=1 hpOutAsserted=1 camState=1 logicActive=1 activityActive=0 msUntilWakeDeadline=491
9519 [DBG_HP_SAMPLE] t=58471 hpOutPin=1 hpOutAsserted=1 camState=1 logicActive=1 activityActive=0 msUntilWakeDeadline=391
9619 [DBG_HP_SAMPLE] t=58571 hpOutPin=1 hpOutAsserted=1 camState=1 logicActive=1 activityActive=0 msUntilWakeDeadline=291
9719 [DBG_HP_SAMPLE] t=58671 hpOutPin=1 hpOutAsserted=1 camState=1 logicActive=1 activityActive=0 msUntilWakeDeadline=191
9819 [DBG_HP_SAMPLE] t=58771 hpOutPin=1 hpOutAsserted=1 camState=1 logicActive=1 activityActive=0 msUntilWakeDeadline=91
9909 [DBG_PIN] t=58862 sig=FP_OUT state=INACTIVE reason=endActivity camState=1 hpOutAsserted=1
10115 [DBG_PIN] t=58862 sig=HP_OUT state=INACTIVE reason=releaseHpOut durMs=10000 camState=1 hpOutAsserted=0
10563 
10584 [DBG_HP_SAMPLE] t=59537 hpOutPin=1 hpOutAsserted=0 camState=0 logicActive=0 activityActive=0 msUntilWakeDeadline=0
10701 [DBG_HP_SAMPLE] t=59654 hpOutPin=1 hpOutAsserted=0 camState=0 logicActive=0 activityActive=0 msUntilWakeDeadline=0
10819 [DBG_HP_SAMPLE] t=59771 hpOutPin=1 hpOutAsserted=0 camState=0 logicActive=0 activityActive=0 msUntilWakeDeadline=0
10936 [DBG_HP_SAMPLE] t=59888 hpOutPin=1 hpOutAsserted=0 camState=0 logicActive=0 activityActive=0 msUntilWakeDeadline=0
11053 [DBG_HP_SAMPLE] t=60005 hpOutPin=1 hpOutAsserted=0 camState=0 logicActive=0 activityActive=0 msUntilWakeDeadline=0
11170 [DBG_HP_SAMPLE] t=60123 hpOutPin=1 hpOutAsserted=0 camState=0 logicActive=0 activityActive=0 msUntilWakeDeadline=0
11288 [DBG_HP_SAMPLE] t=60240 hpOutPin=1 hpOutAsserted=0 camState=0 logicActive=0 activityActive=0 msUntilWakeDeadline=0
11404 [DBG_HP_SAMPLE] t=60357 hpOutPin=1 hpOutAsserted=0 camState=0 logicActive=0 activityActive=0 msUntilWakeDeadline=0
11522 [DBG_HP_SAMPLE] t=60474 hpOutPin=1 hpOutAsserted=0 camState=0 logicActive=0 activityActive=0 msUntilWakeDeadline=0
11639 [DBG_HP_SAMPLE] t=60591 hpOutPin=1 hpOutAsserted=0 camState=0 logicActive=0 activityActive=0 msUntilWakeDeadline=0
11756 [DBG_HP_SAMPLE] t=60708 hpOutPin=1 hpOutAsserted=0 camState=0 logicActive=0 activityActive=0 msUntilWakeDeadline=0
11873 [DBG_HP_SAMPLE] t=60826 hpOutPin=1 hpOutAsserted=0 camState=0 logicActive=0 activityActive=0 msUntilWakeDeadline=0
11990 [DBG_HP_SAMPLE] t=60943 hpOutPin=1 hpOutAsserted=0 camState=0 logicActive=0 activityActive=0 msUntilWakeDeadline=0
