79 [DBG_HP_SAMPLE] t=779137 hpOutPin=0 hpOutAsserted=1 camState=1 logicActive=1 activityActive=0 msUntilWakeDeadline=9900
210 [DBG_HP_SAMPLE] t=779247 hpOutPin=0 hpOutAsserted=1 camState=1 logicActive=1 activityActive=0 msUntilWakeDeadline=9790
289 [DBG_HP_SAMPLE] t=779347 hpOutPin=0 hpOutAsserted=1 camState=1 logicActive=1 activityActive=0 msUntilWakeDeadline=9690
420 [DBG_HP_SAMPLE] t=779457 hpOutPin=0 hpOutAsserted=1 camState=1 logicActive=1 activityActive=0 msUntilWakeDeadline=9580
499 [DBG_HP_SAMPLE] t=779557 hpOutPin=0 hpOutAsserted=1 camState=1 logicActive=1 activityActive=0 msUntilWakeDeadline=9480
599 [DBG_HP_SAMPLE] t=779657 hpOutPin=0 hpOutAsserted=1 camState=1 logicActive=1 activityActive=0 msUntilWakeDeadline=9380
699 [DBG_HP_SAMPLE] t=779757 hpOutPin=0 hpOutAsserted=1 camState=1 logicActive=1 activityActive=0 msUntilWakeDeadline=9280
799 [DBG_HP_SAMPLE] t=779857 hpOutPin=0 hpOutAsserted=1 camState=1 logicActive=1 activityActive=0 msUntilWakeDeadline=9180
898 [DBG_HP_SAMPLE] t=779957 hpOutPin=0 hpOutAsserted=1 camState=1 logicActive=1 activityActive=0 msUntilWakeDeadline=9080
999 [DBG_HP_SAMPLE] t=780057 hpOutPin=0 hpOutAsserted=1 camState=1 logicActive=1 activityActive=0 msUntilWakeDeadline=8980
1099 [DBG_HP_SAMPLE] t=780157 hpOutPin=0 hpOutAsserted=1 camState=1 logicActive=1 activityActive=0 msUntilWakeDeadline=8880
1199 [DBG_HP_SAMPLE] t=780257 hpOutPin=0 hpOutAsserted=1 camState=1 logicActive=1 activityActive=0 msUntilWakeDeadline=8780
1299 [DBG_HP_SAMPLE] t=780357 hpOutPin=0 hpOutAsserted=1 camState=1 logicActive=1 activityActive=0 msUntilWakeDeadline=8680
1398 [DBG_HP_SAMPLE] t=780457 hpOutPin=0 hpOutAsserted=1 camState=1 logicActive=1 activityActive=0 msUntilWakeDeadline=8580
1499 [DBG_HP_SAMPLE] t=780557 hpOutPin=0 hpOutAsserted=1 camState=1 logicActive=1 activityActive=0 msUntilWakeDeadline=8480
1598 [DBG_HP_SAMPLE] t=780657 hpOutPin=0 hpOutAsserted=1 camState=1 logicActive=1 activityActive=0 msUntilWakeDeadline=8380
1699 [DBG_HP_SAMPLE] t=780757 hpOutPin=0 hpOutAsserted=1 camState=1 logicActive=1 activityActive=0 msUntilWakeDeadline=8280
1799 [DBG_HP_SAMPLE] t=780857 hpOutPin=0 hpOutAsserted=1 camState=1 logicActive=1 activityActive=0 msUntilWakeDeadline=8180
1898 [DBG_HP_SAMPLE] t=780957 hpOutPin=0 hpOutAsserted=1 camState=1 logicActive=1 activityActive=0 msUntilWakeDeadline=8080
1999 [DBG_HP_SAMPLE] t=781057 hpOutPin=0 hpOutAsserted=1 camState=1 logicActive=1 activityActive=0 msUntilWakeDeadline=7980
2098 [DBG_HP_SAMPLE] t=781157 hpOutPin=0 hpOutAsserted=1 camState=1 logicActive=1 activityActive=0 msUntilWakeDeadline=7880
2199 [DBG_HP_SAMPLE] t=781257 hpOutPin=0 hpOutAsserted=1 camState=1 logicActive=1 activityActive=0 msUntilWakeDeadline=7780
2299 [DBG_HP_SAMPLE] t=781357 hpOutPin=0 hpOutAsserted=1 camState=1 logicActive=1 activityActive=0 msUntilWakeDeadline=7680
2398 [DBG_HP_SAMPLE] t=781457 hpOutPin=0 hpOutAsserted=1 camState=1 logicActive=1 activityActive=0 msUntilWakeDeadline=7580
2499 [DBG_HP_SAMPLE] t=781557 hpOutPin=0 hpOutAsserted=1 camState=1 logicActive=1 activityActive=0 msUntilWakeDeadline=7480
2599 [DBG_HP_SAMPLE] t=781657 hpOutPin=0 hpOutAsserted=1 camState=1 logicActive=1 activityActive=0 msUntilWakeDeadline=7380
2699 [DBG_HP_SAMPLE] t=781757 hpOutPin=0 hpOutAsserted=1 camState=1 logicActive=1 activityActive=0 msUntilWakeDeadline=7280
2799 [DBG_HP_SAMPLE] t=781857 hpOutPin=0 hpOutAsserted=1 camState=1 logicActive=1 activityActive=0 msUntilWakeDeadline=7180
2898 [DBG_HP_SAMPLE] t=781957 hpOutPin=0 hpOutAsserted=1 camState=1 logicActive=1 activityActive=0 msUntilWakeDeadline=7080
2999 [DBG_HP_SAMPLE] t=782057 hpOutPin=0 hpOutAsserted=1 camState=1 logicActive=1 activityActive=0 msUntilWakeDeadline=6980
3098 [DBG_HP_SAMPLE] t=782157 hpOutPin=0 hpOutAsserted=1 camState=1 logicActive=1 activityActive=0 msUntilWakeDeadline=6880
3199 [DBG_HP_SAMPLE] t=782257 hpOutPin=0 hpOutAsserted=1 camState=1 logicActive=1 activityActive=0 msUntilWakeDeadline=6780
3299 [DBG_HP_SAMPLE] t=782357 hpOutPin=0 hpOutAsserted=1 camState=1 logicActive=1 activityActive=0 msUntilWakeDeadline=6680
3398 [DBG_HP_SAMPLE] t=782457 hpOutPin=0 hpOutAsserted=1 camState=1 logicActive=1 activityActive=0 msUntilWakeDeadline=6580
3499 [DBG_HP_SAMPLE] t=782557 hpOutPin=0 hpOutAsserted=1 camState=1 logicActive=1 activityActive=0 msUntilWakeDeadline=6480
3598 [DBG_HP_SAMPLE] t=782657 hpOutPin=0 hpOutAsserted=1 camState=1 logicActive=1 activityActive=0 msUntilWakeDeadline=6380
3699 [DBG_HP_SAMPLE] t=782757 hpOutPin=0 hpOutAsserted=1 camState=1 logicActive=1 activityActive=0 msUntilWakeDeadline=6280
3799 [DBG_HP_SAMPLE] t=782857 hpOutPin=0 hpOutAsserted=1 camState=1 logicActive=1 activityActive=0 msUntilWakeDeadline=6180
3898 [DBG_HP_SAMPLE] t=782957 hpOutPin=0 hpOutAsserted=1 camState=1 logicActive=1 activityActive=0 msUntilWakeDeadline=6080
3999 [DBG_HP_SAMPLE] t=783057 hpOutPin=0 hpOutAsserted=1 camState=1 logicActive=1 activityActive=0 msUntilWakeDeadline=5980
4098 [DBG_HP_SAMPLE] t=783157 hpOutPin=0 hpOutAsserted=1 camState=1 logicActive=1 activityActive=0 msUntilWakeDeadline=5880
4199 [DBG_HP_SAMPLE] t=783257 hpOutPin=0 hpOutAsserted=1 camState=1 logicActive=1 activityActive=0 msUntilWakeDeadline=5780
4299 [DBG_HP_SAMPLE] t=783357 hpOutPin=0 hpOutAsserted=1 camState=1 logicActive=1 activityActive=0 msUntilWakeDeadline=5680
4398 [DBG_HP_SAMPLE] t=783457 hpOutPin=0 hpOutAsserted=1 camState=1 logicActive=1 activityActive=0 msUntilWakeDeadline=5580
4499 [DBG_HP_SAMPLE] t=783557 hpOutPin=0 hpOutAsserted=1 camState=1 logicActive=1 activityActive=0 msUntilWakeDeadline=5480
4598 [DBG_HP_SAMPLE] t=783657 hpOutPin=0 hpOutAsserted=1 camState=1 logicActive=1 activityActive=0 msUntilWakeDeadline=5380
4699 [DBG_HP_SAMPLE] t=783757 hpOutPin=0 hpOutAsserted=1 camState=1 logicActive=1 activityActive=0 msUntilWakeDeadline=5280
4799 [DBG_HP_SAMPLE] t=783857 hpOutPin=0 hpOutAsserted=1 camState=1 logicActive=1 activityActive=0 msUntilWakeDeadline=5180
4898 [DBG_HP_SAMPLE] t=783957 hpOutPin=0 hpOutAsserted=1 camState=1 logicActive=1 activityActive=0 msUntilWakeDeadline=5080
4999 [DBG_HP_SAMPLE] t=784057 hpOutPin=0 hpOutAsserted=1 camState=1 logicActive=1 activityActive=0 msUntilWakeDeadline=4980
5098 [DBG_HP_SAMPLE] t=784157 hpOutPin=0 hpOutAsserted=1 camState=1 logicActive=1 activityActive=0 msUntilWakeDeadline=4880
5199 [DBG_HP_SAMPLE] t=784257 hpOutPin=0 hpOutAsserted=1 camState=1 logicActive=1 activityActive=0 msUntilWakeDeadline=4780
5298 [DBG_HP_SAMPLE] t=784357 hpOutPin=0 hpOutAsserted=1 camState=1 logicActive=1 activityActive=0 msUntilWakeDeadline=4680
5398 [DBG_HP_SAMPLE] t=784457 hpOutPin=0 hpOutAsserted=1 camState=1 logicActive=1 activityActive=0 msUntilWakeDeadline=4580
5499 [DBG_HP_SAMPLE] t=784557 hpOutPin=0 hpOutAsserted=1 camState=1 logicActive=1 activityActive=0 msUntilWakeDeadline=4480
5598 [DBG_HP_SAMPLE] t=784657 hpOutPin=0 hpOutAsserted=1 camState=1 logicActive=1 activityActive=0 msUntilWakeDeadline=4380
5699 [DBG_HP_SAMPLE] t=784757 hpOutPin=0 hpOutAsserted=1 camState=1 logicActive=1 activityActive=0 msUntilWakeDeadline=4280
5799 [DBG_HP_SAMPLE] t=784857 hpOutPin=0 hpOutAsserted=1 camState=1 logicActive=1 activityActive=0 msUntilWakeDeadline=4180
5898 [DBG_HP_SAMPLE] t=784957 hpOutPin=0 hpOutAsserted=1 camState=1 logicActive=1 activityActive=0 msUntilWakeDeadline=4080
5999 [DBG_HP_SAMPLE] t=785057 hpOutPin=0 hpOutAsserted=1 camState=1 logicActive=1 activityActive=0 msUntilWakeDeadline=3980
6098 [DBG_HP_SAMPLE] t=785157 hpOutPin=0 hpOutAsserted=1 camState=1 logicActive=1 activityActive=0 msUntilWakeDeadline=3880
6199 [DBG_HP_SAMPLE] t=785257 hpOutPin=0 hpOutAsserted=1 camState=1 logicActive=1 activityActive=0 msUntilWakeDeadline=3780
6298 [DBG_HP_SAMPLE] t=785357 hpOutPin=0 hpOutAsserted=1 camState=1 logicActive=1 activityActive=0 msUntilWakeDeadline=3680
6398 [DBG_HP_SAMPLE] t=785457 hpOutPin=0 hpOutAsserted=1 camState=1 logicActive=1 activityActive=0 msUntilWakeDeadline=3580
6499 [DBG_HP_SAMPLE] t=785557 hpOutPin=0 hpOutAsserted=1 camState=1 logicActive=1 activityActive=0 msUntilWakeDeadline=3480
6598 [DBG_HP_SAMPLE] t=785657 hpOutPin=0 hpOutAsserted=1 camState=1 logicActive=1 activityActive=0 msUntilWakeDeadline=3380
6699 [DBG_HP_SAMPLE] t=785757 hpOutPin=0 hpOutAsserted=1 camState=1 logicActive=1 activityActive=0 msUntilWakeDeadline=3280
6798 [DBG_HP_SAMPLE] t=785857 hpOutPin=0 hpOutAsserted=1 camState=1 logicActive=1 activityActive=0 msUntilWakeDeadline=3180
6898 [DBG_HP_SAMPLE] t=785957 hpOutPin=0 hpOutAsserted=1 camState=1 logicActive=1 activityActive=0 msUntilWakeDeadline=3080
6999 [DBG_HP_SAMPLE] t=786057 hpOutPin=0 hpOutAsserted=1 camState=1 logicActive=1 activityActive=0 msUntilWakeDeadline=2980
7098 [DBG_HP_SAMPLE] t=786157 hpOutPin=0 hpOutAsserted=1 camState=1 logicActive=1 activityActive=0 msUntilWakeDeadline=2880
7199 [DBG_HP_SAMPLE] t=786257 hpOutPin=0 hpOutAsserted=1 camState=1 logicActive=1 activityActive=0 msUntilWakeDeadline=2780
7299 [DBG_HP_SAMPLE] t=786357 hpOutPin=0 hpOutAsserted=1 camState=1 logicActive=1 activityActive=0 msUntilWakeDeadline=2680
7398 [DBG_HP_SAMPLE] t=786457 hpOutPin=0 hpOutAsserted=1 camState=1 logicActive=1 activityActive=0 msUntilWakeDeadline=2580
7499 [DBG_HP_SAMPLE] t=786557 hpOutPin=0 hpOutAsserted=1 camState=1 logicActive=1 activityActive=0 msUntilWakeDeadline=2480
7598 [DBG_HP_SAMPLE] t=786657 hpOutPin=0 hpOutAsserted=1 camState=1 logicActive=1 activityActive=0 msUntilWakeDeadline=2380
7699 [DBG_HP_SAMPLE] t=786757 hpOutPin=0 hpOutAsserted=1 camState=1 logicActive=1 activityActive=0 msUntilWakeDeadline=2280
7798 [DBG_HP_SAMPLE] t=786857 hpOutPin=0 hpOutAsserted=1 camState=1 logicActive=1 activityActive=0 msUntilWakeDeadline=2180
7898 [DBG_HP_SAMPLE] t=786957 hpOutPin=0 hpOutAsserted=1 camState=1 logicActive=1 activityActive=0 msUntilWakeDeadline=2080
7999 [DBG_HP_SAMPLE] t=787057 hpOutPin=0 hpOutAsserted=1 camState=1 logicActive=1 activityActive=0 msUntilWakeDeadline=1980
8098 [DBG_HP_SAMPLE] t=787157 hpOutPin=0 hpOutAsserted=1 camState=1 logicActive=1 activityActive=0 msUntilWakeDeadline=1880
8199 [DBG_HP_SAMPLE] t=787257 hpOutPin=0 hpOutAsserted=1 camState=1 logicActive=1 activityActive=0 msUntilWakeDeadline=1780
8298 [DBG_HP_SAMPLE] t=787357 hpOutPin=0 hpOutAsserted=1 camState=1 logicActive=1 activityActive=0 msUntilWakeDeadline=1680
8398 [DBG_HP_SAMPLE] t=787457 hpOutPin=0 hpOutAsserted=1 camState=1 logicActive=1 activityActive=0 msUntilWakeDeadline=1580
8499 [DBG_HP_SAMPLE] t=787557 hpOutPin=0 hpOutAsserted=1 camState=1 logicActive=1 activityActive=0 msUntilWakeDeadline=1480
8598 [DBG_HP_SAMPLE] t=787657 hpOutPin=0 hpOutAsserted=1 camState=1 logicActive=1 activityActive=0 msUntilWakeDeadline=1380
8699 [DBG_HP_SAMPLE] t=787757 hpOutPin=0 hpOutAsserted=1 camState=1 logicActive=1 activityActive=0 msUntilWakeDeadline=1280
8798 [DBG_HP_SAMPLE] t=787857 hpOutPin=0 hpOutAsserted=1 camState=1 logicActive=1 activityActive=0 msUntilWakeDeadline=1180
8898 [DBG_HP_SAMPLE] t=787957 hpOutPin=0 hpOutAsserted=1 camState=1 logicActive=1 activityActive=0 msUntilWakeDeadline=1080
8998 [DBG_HP_SAMPLE] t=788057 hpOutPin=0 hpOutAsserted=1 camState=1 logicActive=1 activityActive=0 msUntilWakeDeadline=980
9098 [DBG_HP_SAMPLE] t=788157 hpOutPin=0 hpOutAsserted=1 camState=1 logicActive=1 activityActive=0 msUntilWakeDeadline=880
9199 [DBG_HP_SAMPLE] t=788257 hpOutPin=0 hpOutAsserted=1 camState=1 logicActive=1 activityActive=0 msUntilWakeDeadline=780
9298 [DBG_HP_SAMPLE] t=788357 hpOutPin=0 hpOutAsserted=1 camState=1 logicActive=1 activityActive=0 msUntilWakeDeadline=680
9398 [DBG_HP_SAMPLE] t=788457 hpOutPin=0 hpOutAsserted=1 camState=1 logicActive=1 activityActive=0 msUntilWakeDeadline=580
9499 [DBG_HP_SAMPLE] t=788557 hpOutPin=0 hpOutAsserted=1 camState=1 logicActive=1 activityActive=0 msUntilWakeDeadline=480
9598 [DBG_HP_SAMPLE] t=788657 hpOutPin=0 hpOutAsserted=1 camState=1 logicActive=1 activityActive=0 msUntilWakeDeadline=380
9699 [DBG_HP_SAMPLE] t=788757 hpOutPin=0 hpOutAsserted=1 camState=1 logicActive=1 activityActive=0 msUntilWakeDeadline=280
9798 [DBG_HP_SAMPLE] t=788857 hpOutPin=0 hpOutAsserted=1 camState=1 logicActive=1 activityActive=0 msUntilWakeDeadline=180
9898 [DBG_HP_SAMPLE] t=788957 hpOutPin=0 hpOutAsserted=1 camState=1 logicActive=1 activityActive=0 msUntilWakeDeadline=80
9978 [DBG_PIN] t=789037 sig=FP_OUT state=INACTIVE reason=endActivity camState=1 hpOutAsserted=1
9980 [DBG_PIN] t=789037 sig=HP_OUT state=INACTIVE reason=releaseHpOut durMs=10000 camState=1 hpOutAsserted=0
9982 [DBG_IO] t=789037 stage=configureRuntimeIo.enter deviceType=1 camEnabled=1 camState=0 logicActive=0 activityActive=0 hpOutAsserted=0 hpOutPin=1 fpOutPin=1
9985 [DBG_IO] t=789038 stage=configureRuntimeIo.outputsInput deviceType=1 camEnabled=1 camState=0 logicActive=0 activityActive=0 hpOutAsserted=0 hpOutPin=1 fpOutPin=1
10189 [DBG_IO] t=789038 stage=configureRuntimeIo.cameraStateMachine deviceType=1 camEnabled=1 camState=0 logicActive=0 activityActive=0 hpOutAsserted=0 hpOutPin=
10834 1 fpOutPin=1
10836 [DBG_HP_SAMPLE] t=789894 hpOutPin=1 hpOutAsserted=0 camState=0 logicActive=0 activityActive=0 msUntilWakeDeadline=0
10935 [DBG_HP_SAMPLE] t=789994 hpOutPin=1 hpOutAsserted=0 camState=0 logicActive=0 activityActive=0 msUntilWakeDeadline=0
11036 [DBG_HP_SAMPLE] t=790094 hpOutPin=1 hpOutAsserted=0 camState=0 logicActive=0 activityActive=0 msUntilWakeDeadline=0
11135 [DBG_HP_SAMPLE] t=790194 hpOutPin=1 hpOutAsserted=0 camState=0 logicActive=0 activityActive=0 msUntilWakeDeadline=0
11236 [DBG_HP_SAMPLE] t=790294 hpOutPin=1 hpOutAsserted=0 camState=0 logicActive=0 activityActive=0 msUntilWakeDeadline=0
11336 [DBG_HP_SAMPLE] t=790394 hpOutPin=1 hpOutAsserted=0 camState=0 logicActive=0 activityActive=0 msUntilWakeDeadline=0
11435 [DBG_HP_SAMPLE] t=790494 hpOutPin=1 hpOutAsserted=0 camState=0 logicActive=0 activityActive=0 msUntilWakeDeadline=0
11536 [DBG_HP_SAMPLE] t=790594 hpOutPin=1 hpOutAsserted=0 camState=0 logicActive=0 activityActive=0 msUntilWakeDeadline=0
11635 [DBG_HP_SAMPLE] t=790694 hpOutPin=1 hpOutAsserted=0 camState=0 logicActive=0 activityActive=0 msUntilWakeDeadline=0
11736 [DBG_HP_SAMPLE] t=790794 hpOutPin=1 hpOutAsserted=0 camState=0 logicActive=0 activityActive=0 msUntilWakeDeadline=0
11836 [DBG_HP_SAMPLE] t=790894 hpOutPin=1 hpOutAsserted=0 camState=0 logicActive=0 activityActive=0 msUntilWakeDeadline=0
11936 [DBG_HP_SAMPLE] t=790994 hpOutPin=1 hpOutAsserted=0 camState=0 logicActive=0 activityActive=0 msUntilWakeDeadline=0
12035 [DBG_HP_SAMPLE] t=791094 hpOutPin=1 hpOutAsserted=0 camState=0 logicActive=0 activityActive=0 msUntilWakeDeadline=0
