0 HP_IN ACTIVE
0 HP_OUT ACTIVE
100 HP_IN INACTIVE
1000 FP_IN ACTIVE
1000 FP_OUT ACTIVE
1099 FP_OUT INACTIVE
1100 FP_IN INACTIVE
2098 FP_OUT ACTIVE
2198 FP_OUT INACTIVE
3197 FP_OUT ACTIVE
3297 FP_OUT INACTIVE
4295 FP_OUT ACTIVE
4395 FP_OUT INACTIVE
7000 FP_IN ACTIVE
7000 FP_OUT ACTIVE
7099 FP_OUT INACTIVE
7100 FP_IN INACTIVE
8098 FP_OUT ACTIVE
8199 FP_OUT INACTIVE
9197 FP_OUT ACTIVE
9297 FP_OUT INACTIVE
10296 FP_OUT ACTIVE
10396 FP_OUT INACTIVE
12394 HP_OUT INACTIVE
16000 HP_IN INACTIVE
16000 FP_IN INACTIVE
