0 HP_IN ACTIVE
100 HP_IN INACTIVE
1000 FP_IN ACTIVE
1000 FP_OUT ACTIVE
1099 FP_OUT INACTIVE
1100 FP_IN INACTIVE
1999 FP_OUT ACTIVE
2098 FP_OUT INACTIVE
2998 FP_OUT ACTIVE
3097 FP_OUT INACTIVE
3997 FP_OUT ACTIVE
4096 FP_OUT INACTIVE
6095 HP_OUT INACTIVE
6200 FP_IN ACTIVE
6300 FP_IN INACTIVE
7806 HP_OUT ACTIVE
8305 FP_OUT ACTIVE
8406 FP_OUT INACTIVE
9304 FP_OUT ACTIVE
9405 FP_OUT INACTIVE
10303 FP_OUT ACTIVE
10404 FP_OUT INACTIVE
11302 FP_OUT ACTIVE
11403 FP_OUT INACTIVE
14000 HP_IN INACTIVE
14000 FP_IN INACTIVE
