79 [DBG_HP_SAMPLE] t=2676979 hpOutPin=0 hpOutAsserted=1 camState=1 logicActive=1 activityActive=0 msUntilWakeDeadline=9900
211 [DBG_HP_SAMPLE] t=2677089 hpOutPin=0 hpOutAsserted=1 camState=1 logicActive=1 activityActive=0 msUntilWakeDeadline=9790
289 [DBG_HP_SAMPLE] t=2677189 hpOutPin=0 hpOutAsserted=1 camState=1 logicActive=1 activityActive=0 msUntilWakeDeadline=9690
420 [DBG_HP_SAMPLE] t=2677299 hpOutPin=0 hpOutAsserted=1 camState=1 logicActive=1 activityActive=0 msUntilWakeDeadline=9580
499 [DBG_HP_SAMPLE] t=2677399 hpOutPin=0 hpOutAsserted=1 camState=1 logicActive=1 activityActive=0 msUntilWakeDeadline=9480
630 [DBG_HP_SAMPLE] t=2677509 hpOutPin=0 hpOutAsserted=1 camState=1 logicActive=1 activityActive=0 msUntilWakeDeadline=9370
709 [DBG_HP_SAMPLE] t=2677609 hpOutPin=0 hpOutAsserted=1 camState=1 logicActive=1 activityActive=0 msUntilWakeDeadline=9270
809 [DBG_HP_SAMPLE] t=2677709 hpOutPin=0 hpOutAsserted=1 camState=1 logicActive=1 activityActive=0 msUntilWakeDeadline=9170
909 [DBG_HP_SAMPLE] t=2677809 hpOutPin=0 hpOutAsserted=1 camState=1 logicActive=1 activityActive=0 msUntilWakeDeadline=9070
926 [DBG_PIN] t=2677826 sig=FP_OUT state=ACTIVE reason=burstFrameFire camState=3 hpOutAsserted=1
1008 [DBG_HP_SAMPLE] t=2677909 hpOutPin=0 hpOutAsserted=1 camState=3 logicActive=1 activityActive=1 msUntilWakeDeadline=8970
1026 [DBG_PIN] t=2677926 sig=FP_OUT state=INACTIVE reason=burstPulseComplete durMs=100 camState=3 hpOutAsserted=1
1109 [DBG_HP_SAMPLE] t=2678009 hpOutPin=0 hpOutAsserted=1 camState=3 logicActive=1 activityActive=1 msUntilWakeDeadline=8870
1209 [DBG_HP_SAMPLE] t=2678109 hpOutPin=0 hpOutAsserted=1 camState=3 logicActive=1 activityActive=1 msUntilWakeDeadline=8770
1309 [DBG_HP_SAMPLE] t=2678209 hpOutPin=0 hpOutAsserted=1 camState=3 logicActive=1 activityActive=1 msUntilWakeDeadline=8670
1409 [DBG_HP_SAMPLE] t=2678309 hpOutPin=0 hpOutAsserted=1 camState=3 logicActive=1 activityActive=1 msUntilWakeDeadline=8570
1508 [DBG_HP_SAMPLE] t=2678409 hpOutPin=0 hpOutAsserted=1 camState=3 logicActive=1 activityActive=1 msUntilWakeDeadline=8470
1609 [DBG_HP_SAMPLE] t=2678509 hpOutPin=0 hpOutAsserted=1 camState=3 logicActive=1 activityActive=1 msUntilWakeDeadline=8370
1708 [DBG_HP_SAMPLE] t=2678609 hpOutPin=0 hpOutAsserted=1 camState=3 logicActive=1 activityActive=1 msUntilWakeDeadline=8270
1809 [DBG_HP_SAMPLE] t=2678709 hpOutPin=0 hpOutAsserted=1 camState=3 logicActive=1 activityActive=1 msUntilWakeDeadline=8170
1908 [DBG_HP_SAMPLE] t=2678809 hpOutPin=0 hpOutAsserted=1 camState=3 logicActive=1 activityActive=1 msUntilWakeDeadline=8070
1924 [DBG_PIN] t=2678826 sig=FP_OUT state=ACTIVE reason=burstFrameFire camState=3 hpOutAsserted=1
2008 [DBG_HP_SAMPLE] t=2678909 hpOutPin=0 hpOutAsserted=1 camState=3 logicActive=1 activityActive=1 msUntilWakeDeadline=7970
2025 [DBG_PIN] t=2678926 sig=FP_OUT state=INACTIVE reason=burstPulseComplete durMs=100 camState=3 hpOutAsserted=1
2108 [DBG_HP_SAMPLE] t=2679009 hpOutPin=0 hpOutAsserted=1 camState=3 logicActive=1 activityActive=1 msUntilWakeDeadline=7870
2208 [DBG_HP_SAMPLE] t=2679109 hpOutPin=0 hpOutAsserted=1 camState=3 logicActive=1 activityActive=1 msUntilWakeDeadline=7770
2308 [DBG_HP_SAMPLE] t=2679209 hpOutPin=0 hpOutAsserted=1 camState=3 logicActive=1 activityActive=1 msUntilWakeDeadline=7670
2408 [DBG_HP_SAMPLE] t=2679309 hpOutPin=0 hpOutAsserted=1 camState=3 logicActive=1 activityActive=1 msUntilWakeDeadline=7570
2507 [DBG_HP_SAMPLE] t=2679409 hpOutPin=0 hpOutAsserted=1 camState=3 logicActive=1 activityActive=1 msUntilWakeDeadline=7470
2608 [DBG_HP_SAMPLE] t=2679509 hpOutPin=0 hpOutAsserted=1 camState=3 logicActive=1 activityActive=1 msUntilWakeDeadline=7370
2708 [DBG_HP_SAMPLE] t=2679609 hpOutPin=0 hpOutAsserted=1 camState=3 logicActive=1 activityActive=1 msUntilWakeDeadline=7270
2808 [DBG_HP_SAMPLE] t=2679709 hpOutPin=0 hpOutAsserted=1 camState=3 logicActive=1 activityActive=1 msUntilWakeDeadline=7170
2908 [DBG_HP_SAMPLE] t=2679809 hpOutPin=0 hpOutAsserted=1 camState=3 logicActive=1 activityActive=1 msUntilWakeDeadline=7070
2924 [DBG_PIN] t=2679826 sig=FP_OUT state=ACTIVE reason=burstFrameFire camState=3 hpOutAsserted=1
3008 [DBG_HP_SAMPLE] t=2679909 hpOutPin=0 hpOutAsserted=1 camState=3 logicActive=1 activityActive=1 msUntilWakeDeadline=6970
3025 [DBG_PIN] t=2679926 sig=FP_OUT state=INACTIVE reason=burstPulseComplete durMs=100 camState=3 hpOutAsserted=1
3108 [DBG_HP_SAMPLE] t=2680009 hpOutPin=0 hpOutAsserted=1 camState=3 logicActive=1 activityActive=1 msUntilWakeDeadline=6870
3208 [DBG_HP_SAMPLE] t=2680109 hpOutPin=0 hpOutAsserted=1 camState=3 logicActive=1 activityActive=1 msUntilWakeDeadline=6770
3308 [DBG_HP_SAMPLE] t=2680209 hpOutPin=0 hpOutAsserted=1 camState=3 logicActive=1 activityActive=1 msUntilWakeDeadline=6670
3408 [DBG_HP_SAMPLE] t=2680309 hpOutPin=0 hpOutAsserted=1 camState=3 logicActive=1 activityActive=1 msUntilWakeDeadline=6570
3507 [DBG_HP_SAMPLE] t=2680409 hpOutPin=0 hpOutAsserted=1 camState=3 logicActive=1 activityActive=1 msUntilWakeDeadline=6470
3608 [DBG_HP_SAMPLE] t=2680509 hpOutPin=0 hpOutAsserted=1 camState=3 logicActive=1 activityActive=1 msUntilWakeDeadline=6370
3708 [DBG_HP_SAMPLE] t=2680609 hpOutPin=0 hpOutAsserted=1 camState=3 logicActive=1 activityActive=1 msUntilWakeDeadline=6270
3808 [DBG_HP_SAMPLE] t=2680709 hpOutPin=0 hpOutAsserted=1 camState=3 logicActive=1 activityActive=1 msUntilWakeDeadline=6170
3908 [DBG_HP_SAMPLE] t=2680809 hpOutPin=0 hpOutAsserted=1 camState=3 logicActive=1 activityActive=1 msUntilWakeDeadline=6070
3924 [DBG_PIN] t=2680826 sig=FP_OUT state=ACTIVE reason=burstFrameFire camState=3 hpOutAsserted=1
4007 [DBG_HP_SAMPLE] t=2680909 hpOutPin=0 hpOutAsserted=1 camState=3 logicActive=1 activityActive=1 msUntilWakeDeadline=5970
4025 [DBG_PIN] t=2680926 sig=FP_OUT state=INACTIVE reason=burstPulseComplete durMs=100 camState=3 hpOutAsserted=1
4108 [DBG_HP_SAMPLE] t=2681009 hpOutPin=0 hpOutAsserted=1 camState=4 logicActive=1 activityActive=1 msUntilWakeDeadline=5870
4208 [DBG_HP_SAMPLE] t=2681109 hpOutPin=0 hpOutAsserted=1 camState=4 logicActive=1 activityActive=1 msUntilWakeDeadline=5770
4308 [DBG_HP_SAMPLE] t=2681209 hpOutPin=0 hpOutAsserted=1 camState=4 logicActive=1 activityActive=1 msUntilWakeDeadline=5670
4408 [DBG_HP_SAMPLE] t=2681309 hpOutPin=0 hpOutAsserted=1 camState=4 logicActive=1 activityActive=1 msUntilWakeDeadline=5570
4508 [DBG_HP_SAMPLE] t=2681409 hpOutPin=0 hpOutAsserted=1 camState=4 logicActive=1 activityActive=1 msUntilWakeDeadline=5470
4608 [DBG_HP_SAMPLE] t=2681509 hpOutPin=0 hpOutAsserted=1 camState=4 logicActive=1 activityActive=1 msUntilWakeDeadline=5370
4708 [DBG_HP_SAMPLE] t=2681609 hpOutPin=0 hpOutAsserted=1 camState=4 logicActive=1 activityActive=1 msUntilWakeDeadline=5270
4808 [DBG_HP_SAMPLE] t=2681709 hpOutPin=0 hpOutAsserted=1 camState=4 logicActive=1 activityActive=1 msUntilWakeDeadline=5170
4908 [DBG_HP_SAMPLE] t=2681809 hpOutPin=0 hpOutAsserted=1 camState=4 logicActive=1 activityActive=1 msUntilWakeDeadline=5070
5008 [DBG_HP_SAMPLE] t=2681909 hpOutPin=0 hpOutAsserted=1 camState=4 logicActive=1 activityActive=1 msUntilWakeDeadline=4970
5108 [DBG_HP_SAMPLE] t=2682009 hpOutPin=0 hpOutAsserted=1 camState=4 logicActive=1 activityActive=1 msUntilWakeDeadline=4870
5208 [DBG_HP_SAMPLE] t=2682109 hpOutPin=0 hpOutAsserted=1 camState=4 logicActive=1 activityActive=1 msUntilWakeDeadline=4770
5308 [DBG_HP_SAMPLE] t=2682209 hpOutPin=0 hpOutAsserted=1 camState=4 logicActive=1 activityActive=1 msUntilWakeDeadline=4670
5408 [DBG_HP_SAMPLE] t=2682309 hpOutPin=0 hpOutAsserted=1 camState=4 logicActive=1 activityActive=1 msUntilWakeDeadline=4570
5507 [DBG_HP_SAMPLE] t=2682409 hpOutPin=0 hpOutAsserted=1 camState=4 logicActive=1 activityActive=1 msUntilWakeDeadline=4470
5608 [DBG_HP_SAMPLE] t=2682509 hpOutPin=0 hpOutAsserted=1 camState=4 logicActive=1 activityActive=1 msUntilWakeDeadline=4370
5708 [DBG_HP_SAMPLE] t=2682609 hpOutPin=0 hpOutAsserted=1 camState=4 logicActive=1 activityActive=1 msUntilWakeDeadline=4270
5808 [DBG_HP_SAMPLE] t=2682709 hpOutPin=0 hpOutAsserted=1 camState=4 logicActive=1 activityActive=1 msUntilWakeDeadline=4170
5908 [DBG_HP_SAMPLE] t=2682809 hpOutPin=0 hpOutAsserted=1 camState=4 logicActive=1 activityActive=1 msUntilWakeDeadline=4070
6007 [DBG_HP_SAMPLE] t=2682909 hpOutPin=0 hpOutAsserted=1 camState=4 logicActive=1 activityActive=1 msUntilWakeDeadline=3970
6108 [DBG_HP_SAMPLE] t=2683009 hpOutPin=0 hpOutAsserted=1 camState=1 logicActive=1 activityActive=0 msUntilWakeDeadline=3870
6208 [DBG_HP_SAMPLE] t=2683109 hpOutPin=0 hpOutAsserted=1 camState=1 logicActive=1 activityActive=0 msUntilWakeDeadline=3770
6309 [DBG_HP_SAMPLE] t=2683209 hpOutPin=0 hpOutAsserted=1 camState=1 logicActive=1 activityActive=0 msUntilWakeDeadline=3670
6408 [DBG_HP_SAMPLE] t=2683309 hpOutPin=0 hpOutAsserted=1 camState=1 logicActive=1 activityActive=0 msUntilWakeDeadline=3570
6508 [DBG_HP_SAMPLE] t=2683409 hpOutPin=0 hpOutAsserted=1 camState=1 logicActive=1 activityActive=0 msUntilWakeDeadline=3470
6608 [DBG_HP_SAMPLE] t=2683509 hpOutPin=0 hpOutAsserted=1 camState=1 logicActive=1 activityActive=0 msUntilWakeDeadline=3370
6708 [DBG_HP_SAMPLE] t=2683609 hpOutPin=0 hpOutAsserted=1 camState=1 logicActive=1 activityActive=0 msUntilWakeDeadline=3270
6808 [DBG_HP_SAMPLE] t=2683709 hpOutPin=0 hpOutAsserted=1 camState=1 logicActive=1 activityActive=0 msUntilWakeDeadline=3170
6908 [DBG_HP_SAMPLE] t=2683809 hpOutPin=0 hpOutAsserted=1 camState=1 logicActive=1 activityActive=0 msUntilWakeDeadline=3070
7007 [DBG_HP_SAMPLE] t=2683909 hpOutPin=0 hpOutAsserted=1 camState=1 logicActive=1 activityActive=0 msUntilWakeDeadline=2970
7108 [DBG_HP_SAMPLE] t=2684009 hpOutPin=0 hpOutAsserted=1 camState=1 logicActive=1 activityActive=0 msUntilWakeDeadline=2870
7208 [DBG_HP_SAMPLE] t=2684109 hpOutPin=0 hpOutAsserted=1 camState=1 logicActive=1 activityActive=0 msUntilWakeDeadline=2770
7308 [DBG_HP_SAMPLE] t=2684209 hpOutPin=0 hpOutAsserted=1 camState=1 logicActive=1 activityActive=0 msUntilWakeDeadline=2670
7408 [DBG_HP_SAMPLE] t=2684309 hpOutPin=0 hpOutAsserted=1 camState=1 logicActive=1 activityActive=0 msUntilWakeDeadline=2570
7508 [DBG_HP_SAMPLE] t=2684409 hpOutPin=0 hpOutAsserted=1 camState=1 logicActive=1 activityActive=0 msUntilWakeDeadline=2470
7608 [DBG_HP_SAMPLE] t=2684509 hpOutPin=0 hpOutAsserted=1 camState=1 logicActive=1 activityActive=0 msUntilWakeDeadline=2370
7708 [DBG_HP_SAMPLE] t=2684609 hpOutPin=0 hpOutAsserted=1 camState=1 logicActive=1 activityActive=0 msUntilWakeDeadline=2270
7808 [DBG_HP_SAMPLE] t=2684709 hpOutPin=0 hpOutAsserted=1 camState=1 logicActive=1 activityActive=0 msUntilWakeDeadline=2170
7908 [DBG_HP_SAMPLE] t=2684809 hpOutPin=0 hpOutAsserted=1 camState=1 logicActive=1 activityActive=0 msUntilWakeDeadline=2070
8007 [DBG_HP_SAMPLE] t=2684909 hpOutPin=0 hpOutAsserted=1 camState=1 logicActive=1 activityActive=0 msUntilWakeDeadline=1970
8108 [DBG_HP_SAMPLE] t=2685009 hpOutPin=0 hpOutAsserted=1 camState=1 logicActive=1 activityActive=0 msUntilWakeDeadline=1870
8208 [DBG_HP_SAMPLE] t=2685109 hpOutPin=0 hpOutAsserted=1 camState=1 logicActive=1 activityActive=0 msUntilWakeDeadline=1770
8308 [DBG_HP_SAMPLE] t=2685209 hpOutPin=0 hpOutAsserted=1 camState=1 logicActive=1 activityActive=0 msUntilWakeDeadline=1670
8408 [DBG_HP_SAMPLE] t=2685309 hpOutPin=0 hpOutAsserted=1 camState=1 logicActive=1 activityActive=0 msUntilWakeDeadline=1570
8507 [DBG_HP_SAMPLE] t=2685409 hpOutPin=0 hpOutAsserted=1 camState=1 logicActive=1 activityActive=0 msUntilWakeDeadline=1470
8608 [DBG_HP_SAMPLE] t=2685509 hpOutPin=0 hpOutAsserted=1 camState=1 logicActive=1 activityActive=0 msUntilWakeDeadline=1370
8708 [DBG_HP_SAMPLE] t=2685609 hpOutPin=0 hpOutAsserted=1 camState=1 logicActive=1 activityActive=0 msUntilWakeDeadline=1270
8808 [DBG_HP_SAMPLE] t=2685709 hpOutPin=0 hpOutAsserted=1 camState=1 logicActive=1 activityActive=0 msUntilWakeDeadline=1170
8908 [DBG_HP_SAMPLE] t=2685809 hpOutPin=0 hpOutAsserted=1 camState=1 logicActive=1 activityActive=0 msUntilWakeDeadline=1070
9007 [DBG_HP_SAMPLE] t=2685909 hpOutPin=0 hpOutAsserted=1 camState=1 logicActive=1 activityActive=0 msUntilWakeDeadline=970
9108 [DBG_HP_SAMPLE] t=2686009 hpOutPin=0 hpOutAsserted=1 camState=1 logicActive=1 activityActive=0 msUntilWakeDeadline=870
9208 [DBG_HP_SAMPLE] t=2686109 hpOutPin=0 hpOutAsserted=1 camState=1 logicActive=1 activityActive=0 msUntilWakeDeadline=770
9308 [DBG_HP_SAMPLE] t=2686209 hpOutPin=0 hpOutAsserted=1 camState=1 logicActive=1 activityActive=0 msUntilWakeDeadline=670
9408 [DBG_HP_SAMPLE] t=2686309 hpOutPin=0 hpOutAsserted=1 camState=1 logicActive=1 activityActive=0 msUntilWakeDeadline=570
9507 [DBG_HP_SAMPLE] t=2686409 hpOutPin=0 hpOutAsserted=1 camState=1 logicActive=1 activityActive=0 msUntilWakeDeadline=470
9608 [DBG_HP_SAMPLE] t=2686509 hpOutPin=0 hpOutAsserted=1 camState=1 logicActive=1 activityActive=0 msUntilWakeDeadline=370
9708 [DBG_HP_SAMPLE] t=2686609 hpOutPin=0 hpOutAsserted=1 camState=1 logicActive=1 activityActive=0 msUntilWakeDeadline=270
9808 [DBG_HP_SAMPLE] t=2686709 hpOutPin=0 hpOutAsserted=1 camState=1 logicActive=1 activityActive=0 msUntilWakeDeadline=170
9908 [DBG_HP_SAMPLE] t=2686809 hpOutPin=0 hpOutAsserted=1 camState=1 logicActive=1 activityActive=0 msUntilWakeDeadline=70
9978 [DBG_PIN] t=2686879 sig=FP_OUT state=INACTIVE reason=endActivity durMs=6053 camState=1 hpOutAsserted=1
9980 [DBG_PIN] t=2686879 sig=HP_OUT state=INACTIVE reason=releaseHpOut durMs=10085 camState=1 hpOutAsserted=0
9983 [DBG_IO] t=2686879 stage=configureRuntimeIo.enter deviceType=1 camEnabled=1 camState=0 logicActive=0 activityActive=0 hpOutAsserted=0 hpOutPin=1 fpOutPin=1
9986 [DBG_IO] t=2686880 stage=configureRuntimeIo.outputsInput deviceType=1 camEnabled=1 camState=0 logicActive=0 activityActive=0 hpOutAsserted=0 hpOutPin=1 fpOutPin=1
9989 [DBG_IO] t=2686881 stage=configureRuntimeIo.cameraStateMachine deviceType=1 camEnabled=1 camState=0 logicActive=0 activityActive=0 hpOutAsserted=0 hpOutPin=1 fpOutPin=1
10836 [DBG_HP_SAMPLE] t=2687737 hpOutPin=1 hpOutAsserted=0 camState=0 logicActive=0 activityActive=0 msUntilWakeDeadline=0
10936 [DBG_HP_SAMPLE] t=2687837 hpOutPin=1 hpOutAsserted=0 camState=0 logicActive=0 activityActive=0 msUntilWakeDeadline=0
11036 [DBG_HP_SAMPLE] t=2687937 hpOutPin=1 hpOutAsserted=0 camState=0 logicActive=0 activityActive=0 msUntilWakeDeadline=0
11135 [DBG_HP_SAMPLE] t=2688037 hpOutPin=1 hpOutAsserted=0 camState=0 logicActive=0 activityActive=0 msUntilWakeDeadline=0
11236 [DBG_HP_SAMPLE] t=2688137 hpOutPin=1 hpOutAsserted=0 camState=0 logicActive=0 activityActive=0 msUntilWakeDeadline=0
11336 [DBG_HP_SAMPLE] t=2688237 hpOutPin=1 hpOutAsserted=0 camState=0 logicActive=0 activityActive=0 msUntilWakeDeadline=0
11436 [DBG_HP_SAMPLE] t=2688337 hpOutPin=1 hpOutAsserted=0 camState=0 logicActive=0 activityActive=0 msUntilWakeDeadline=0
11536 [DBG_HP_SAMPLE] t=2688437 hpOutPin=1 hpOutAsserted=0 camState=0 logicActive=0 activityActive=0 msUntilWakeDeadline=0
11635 [DBG_HP_SAMPLE] t=2688537 hpOutPin=1 hpOutAsserted=0 camState=0 logicActive=0 activityActive=0 msUntilWakeDeadline=0
11736 [DBG_HP_SAMPLE] t=2688637 hpOutPin=1 hpOutAsserted=0 camState=0 logicActive=0 activityActive=0 msUntilWakeDeadline=0
11836 [DBG_HP_SAMPLE] t=2688737 hpOutPin=1 hpOutAsserted=0 camState=0 logicActive=0 activityActive=0 msUntilWakeDeadline=0
11936 [DBG_HP_SAMPLE] t=2688837 hpOutPin=1 hpOutAsserted=0 camState=0 logicActive=0 activityActive=0 msUntilWakeDeadline=0
12036 [DBG_HP_SAMPLE] t=2688937 hpOutPin=1 hpOutAsserted=0 camState=0 logicActive=0 activityActive=0 msUntilWakeDeadline=0
12135 [DBG_HP_SAMPLE] t=2689037 hpOutPin=1 hpOutAsserted=0 camState=0 logicActive=0 activityActive=0 msUntilWakeDeadline=0
12236 [DBG_HP_SAMPLE] t=2689137 hpOutPin=1 hpOutAsserted=0 camState=0 logicActive=0 activityActive=0 msUntilWakeDeadline=0
12335 [DBG_HP_SAMPLE] t=2689237 hpOutPin=1 hpOutAsserted=0 camState=0 logicActive=0 activityActive=0 msUntilWakeDeadline=0
12436 [DBG_HP_SAMPLE] t=2689337 hpOutPin=1 hpOutAsserted=0 camState=0 logicActive=0 activityActive=0 msUntilWakeDeadline=0
12536 [DBG_HP_SAMPLE] t=2689437 hpOutPin=1 hpOutAsserted=0 camState=0 logicActive=0 activityActive=0 msUntilWakeDeadline=0
12635 [DBG_HP_SAMPLE] t=2689537 hpOutPin=1 hpOutAsserted=0 camState=0 logicActive=0 activityActive=0 msUntilWakeDeadline=0
12736 [DBG_HP_SAMPLE] t=2689637 hpOutPin=1 hpOutAsserted=0 camState=0 logicActive=0 activityActive=0 msUntilWakeDeadline=0
12835 [DBG_HP_SAMPLE] t=2689737 hpOutPin=1 hpOutAsserted=0 camState=0 logicActive=0 activityActive=0 msUntilWakeDeadline=0
12936 [DBG_HP_SAMPLE] t=2689837 hpOutPin=1 hpOutAsserted=0 camState=0 logicActive=0 activityActive=0 msUntilWakeDeadline=0
13036 [DBG_HP_SAMPLE] t=2689937 hpOutPin=1 hpOutAsserted=0 camState=0 logicActive=0 activityActive=0 msUntilWakeDeadline=0
13135 [DBG_HP_SAMPLE] t=2690037 hpOutPin=1 hpOutAsserted=0 camState=0 logicActive=0 activityActive=0 msUntilWakeDeadline=0
13236 [DBG_HP_SAMPLE] t=2690137 hpOutPin=1 hpOutAsserted=0 camState=0 logicActive=0 activityActive=0 msUntilWakeDeadline=0
13335 [DBG_HP_SAMPLE] t=2690237 hpOutPin=1 hpOutAsserted=0 camState=0 logicActive=0 activityActive=0 msUntilWakeDeadline=0
13436 [DBG_HP_SAMPLE] t=2690337 hpOutPin=1 hpOutAsserted=0 camState=0 logicActive=0 activityActive=0 msUntilWakeDeadline=0
13536 [DBG_HP_SAMPLE] t=2690437 hpOutPin=1 hpOutAsserted=0 camState=0 logicActive=0 activityActive=0 msUntilWakeDeadline=0
13635 [DBG_HP_SAMPLE] t=2690537 hpOutPin=1 hpOutAsserted=0 camState=0 logicActive=0 activityActive=0 msUntilWakeDeadline=0
13736 [DBG_HP_SAMPLE] t=2690637 hpOutPin=1 hpOutAsserted=0 camState=0 logicActive=0 activityActive=0 msUntilWakeDeadline=0
13835 [DBG_HP_SAMPLE] t=2690737 hpOutPin=1 hpOutAsserted=0 camState=0 logicActive=0 activityActive=0 msUntilWakeDeadline=0
13936 [DBG_HP_SAMPLE] t=2690837 hpOutPin=1 hpOutAsserted=0 camState=0 logicActive=0 activityActive=0 msUntilWakeDeadline=0
14036 [DBG_HP_SAMPLE] t=2690937 hpOutPin=1 hpOutAsserted=0 camState=0 logicActive=0 activityActive=0 msUntilWakeDeadline=0
14135 [DBG_HP_SAMPLE] t=2691037 hpOutPin=1 hpOutAsserted=0 camState=0 logicActive=0 activityActive=0 msUntilWakeDeadline=0
14236 [DBG_HP_SAMPLE] t=2691137 hpOutPin=1 hpOutAsserted=0 camState=0 logicActive=0 activityActive=0 msUntilWakeDeadline=0
14335 [DBG_HP_SAMPLE] t=2691237 hpOutPin=1 hpOutAsserted=0 camState=0 logicActive=0 activityActive=0 msUntilWakeDeadline=0
14436 [DBG_HP_SAMPLE] t=2691337 hpOutPin=1 hpOutAsserted=0 camState=0 logicActive=0 activityActive=0 msUntilWakeDeadline=0
14536 [DBG_HP_SAMPLE] t=2691437 hpOutPin=1 hpOutAsserted=0 camState=0 logicActive=0 activityActive=0 msUntilWakeDeadline=0
14635 [DBG_HP_SAMPLE] t=2691537 hpOutPin=1 hpOutAsserted=0 camState=0 logicActive=0 activityActive=0 msUntilWakeDeadline=0
14736 [DBG_HP_SAMPLE] t=2691637 hpOutPin=1 hpOutAsserted=0 camState=0 logicActive=0 activityActive=0 msUntilWakeDeadline=0
14835 [DBG_HP_SAMPLE] t=2691737 hpOutPin=1 hpOutAsserted=0 camState=0 logicActive=0 activityActive=0 msUntilWakeDeadline=0
14936 [DBG_HP_SAMPLE] t=2691837 hpOutPin=1 hpOutAsserted=0 camState=0 logicActive=0 activityActive=0 msUntilWakeDeadline=0
15036 [DBG_HP_SAMPLE] t=2691937 hpOutPin=1 hpOutAsserted=0 camState=0 logicActive=0 activityActive=0 msUntilWakeDeadline=0
