79 [DBG_HP_SAMPLE] t=38306 hpOutPin=0 hpOutAsserted=1 camState=3 logicActive=1 activityActive=1 msUntilWakeDeadline=9900
210 [DBG_HP_SAMPLE] t=38416 hpOutPin=0 hpOutAsserted=1 camState=3 logicActive=1 activityActive=1 msUntilWakeDeadline=9790
289 [DBG_HP_SAMPLE] t=38516 hpOutPin=0 hpOutAsserted=1 camState=3 logicActive=1 activityActive=1 msUntilWakeDeadline=9690
421 [DBG_HP_SAMPLE] t=38625 hpOutPin=0 hpOutAsserted=1 camState=3 logicActive=1 activityActive=1 msUntilWakeDeadline=9581
423 [DBG_PIN] t=38625 sig=FP_OUT state=ACTIVE reason=burstFrameFire camState=3 hpOutAsserted=1
498 [DBG_HP_SAMPLE] t=38725 hpOutPin=0 hpOutAsserted=1 camState=3 logicActive=1 activityActive=1 msUntilWakeDeadline=9481
500 [DBG_PIN] t=38725 sig=FP_OUT state=INACTIVE reason=burstPulseComplete durMs=100 camState=3 hpOutAsserted=1
598 [DBG_HP_SAMPLE] t=38825 hpOutPin=0 hpOutAsserted=1 camState=3 logicActive=1 activityActive=1 msUntilWakeDeadline=9381
698 [DBG_HP_SAMPLE] t=38925 hpOutPin=0 hpOutAsserted=1 camState=3 logicActive=1 activityActive=1 msUntilWakeDeadline=9281
798 [DBG_HP_SAMPLE] t=39025 hpOutPin=0 hpOutAsserted=1 camState=3 logicActive=1 activityActive=1 msUntilWakeDeadline=9181
897 [DBG_HP_SAMPLE] t=39125 hpOutPin=0 hpOutAsserted=1 camState=3 logicActive=1 activityActive=1 msUntilWakeDeadline=9081
997 [DBG_HP_SAMPLE] t=39225 hpOutPin=0 hpOutAsserted=1 camState=3 logicActive=1 activityActive=1 msUntilWakeDeadline=8981
1097 [DBG_HP_SAMPLE] t=39325 hpOutPin=0 hpOutAsserted=1 camState=3 logicActive=1 activityActive=1 msUntilWakeDeadline=8881
1198 [DBG_HP_SAMPLE] t=39425 hpOutPin=0 hpOutAsserted=1 camState=3 logicActive=1 activityActive=1 msUntilWakeDeadline=8781
1297 [DBG_HP_SAMPLE] t=39525 hpOutPin=0 hpOutAsserted=1 camState=3 logicActive=1 activityActive=1 msUntilWakeDeadline=8681
1397 [DBG_HP_SAMPLE] t=39625 hpOutPin=0 hpOutAsserted=1 camState=3 logicActive=1 activityActive=1 msUntilWakeDeadline=8581
1398 [DBG_PIN] t=39625 sig=FP_OUT state=ACTIVE reason=burstFrameFire camState=3 hpOutAsserted=1
1497 [DBG_HP_SAMPLE] t=39725 hpOutPin=0 hpOutAsserted=1 camState=3 logicActive=1 activityActive=1 msUntilWakeDeadline=8481
1499 [DBG_PIN] t=39725 sig=FP_OUT state=INACTIVE reason=burstPulseComplete durMs=100 camState=3 hpOutAsserted=1
1597 [DBG_HP_SAMPLE] t=39825 hpOutPin=0 hpOutAsserted=1 camState=3 logicActive=1 activityActive=1 msUntilWakeDeadline=8381
1698 [DBG_HP_SAMPLE] t=39925 hpOutPin=0 hpOutAsserted=1 camState=3 logicActive=1 activityActive=1 msUntilWakeDeadline=8281
1797 [DBG_HP_SAMPLE] t=40025 hpOutPin=0 hpOutAsserted=1 camState=3 logicActive=1 activityActive=1 msUntilWakeDeadline=8181
1897 [DBG_HP_SAMPLE] t=40125 hpOutPin=0 hpOutAsserted=1 camState=3 logicActive=1 activityActive=1 msUntilWakeDeadline=8081
1997 [DBG_HP_SAMPLE] t=40225 hpOutPin=0 hpOutAsserted=1 camState=3 logicActive=1 activityActive=1 msUntilWakeDeadline=7981
2097 [DBG_HP_SAMPLE] t=40325 hpOutPin=0 hpOutAsserted=1 camState=3 logicActive=1 activityActive=1 msUntilWakeDeadline=7881
2197 [DBG_HP_SAMPLE] t=40425 hpOutPin=0 hpOutAsserted=1 camState=3 logicActive=1 activityActive=1 msUntilWakeDeadline=7781
2297 [DBG_HP_SAMPLE] t=40525 hpOutPin=0 hpOutAsserted=1 camState=3 logicActive=1 activityActive=1 msUntilWakeDeadline=7681
2397 [DBG_HP_SAMPLE] t=40625 hpOutPin=0 hpOutAsserted=1 camState=3 logicActive=1 activityActive=1 msUntilWakeDeadline=7581
2398 [DBG_PIN] t=40625 sig=FP_OUT state=ACTIVE reason=burstFrameFire camState=3 hpOutAsserted=1
2497 [DBG_HP_SAMPLE] t=40725 hpOutPin=0 hpOutAsserted=1 camState=3 logicActive=1 activityActive=1 msUntilWakeDeadline=7481
2499 [DBG_PIN] t=40725 sig=FP_OUT state=INACTIVE reason=burstPulseComplete durMs=100 camState=3 hpOutAsserted=1
2597 [DBG_HP_SAMPLE] t=40825 hpOutPin=0 hpOutAsserted=1 camState=3 logicActive=1 activityActive=1 msUntilWakeDeadline=7381
2697 [DBG_HP_SAMPLE] t=40925 hpOutPin=0 hpOutAsserted=1 camState=3 logicActive=1 activityActive=1 msUntilWakeDeadline=7281
2797 [DBG_HP_SAMPLE] t=41025 hpOutPin=0 hpOutAsserted=1 camState=3 logicActive=1 activityActive=1 msUntilWakeDeadline=7181
2897 [DBG_HP_SAMPLE] t=41125 hpOutPin=0 hpOutAsserted=1 camState=3 logicActive=1 activityActive=1 msUntilWakeDeadline=7081
2997 [DBG_HP_SAMPLE] t=41225 hpOutPin=0 hpOutAsserted=1 camState=3 logicActive=1 activityActive=1 msUntilWakeDeadline=6981
3097 [DBG_HP_SAMPLE] t=41325 hpOutPin=0 hpOutAsserted=1 camState=3 logicActive=1 activityActive=1 msUntilWakeDeadline=6881
3197 [DBG_HP_SAMPLE] t=41425 hpOutPin=0 hpOutAsserted=1 camState=3 logicActive=1 activityActive=1 msUntilWakeDeadline=6781
3297 [DBG_HP_SAMPLE] t=41525 hpOutPin=0 hpOutAsserted=1 camState=3 logicActive=1 activityActive=1 msUntilWakeDeadline=6681
3397 [DBG_HP_SAMPLE] t=41625 hpOutPin=0 hpOutAsserted=1 camState=3 logicActive=1 activityActive=1 msUntilWakeDeadline=6581
3398 [DBG_PIN] t=41625 sig=FP_OUT state=ACTIVE reason=burstFrameFire camState=3 hpOutAsserted=1
3497 [DBG_HP_SAMPLE] t=41725 hpOutPin=0 hpOutAsserted=1 camState=3 logicActive=1 activityActive=1 msUntilWakeDeadline=6481
3499 [DBG_PIN] t=41725 sig=FP_OUT state=INACTIVE reason=burstPulseComplete durMs=100 camState=3 hpOutAsserted=1
3597 [DBG_HP_SAMPLE] t=41825 hpOutPin=0 hpOutAsserted=1 camState=4 logicActive=1 activityActive=1 msUntilWakeDeadline=6381
3697 [DBG_HP_SAMPLE] t=41925 hpOutPin=0 hpOutAsserted=1 camState=4 logicActive=1 activityActive=1 msUntilWakeDeadline=6281
3797 [DBG_HP_SAMPLE] t=42025 hpOutPin=0 hpOutAsserted=1 camState=4 logicActive=1 activityActive=1 msUntilWakeDeadline=6181
3897 [DBG_HP_SAMPLE] t=42125 hpOutPin=0 hpOutAsserted=1 camState=4 logicActive=1 activityActive=1 msUntilWakeDeadline=6081
3997 [DBG_HP_SAMPLE] t=42225 hpOutPin=0 hpOutAsserted=1 camState=4 logicActive=1 activityActive=1 msUntilWakeDeadline=5981
4097 [DBG_HP_SAMPLE] t=42325 hpOutPin=0 hpOutAsserted=1 camState=4 logicActive=1 activityActive=1 msUntilWakeDeadline=5881
4197 [DBG_HP_SAMPLE] t=42425 hpOutPin=0 hpOutAsserted=1 camState=4 logicActive=1 activityActive=1 msUntilWakeDeadline=5781
4297 [DBG_HP_SAMPLE] t=42525 hpOutPin=0 hpOutAsserted=1 camState=4 logicActive=1 activityActive=1 msUntilWakeDeadline=5681
4397 [DBG_HP_SAMPLE] t=42625 hpOutPin=0 hpOutAsserted=1 camState=4 logicActive=1 activityActive=1 msUntilWakeDeadline=5581
4497 [DBG_HP_SAMPLE] t=42725 hpOutPin=0 hpOutAsserted=1 camState=4 logicActive=1 activityActive=1 msUntilWakeDeadline=5481
4597 [DBG_HP_SAMPLE] t=42825 hpOutPin=0 hpOutAsserted=1 camState=4 logicActive=1 activityActive=1 msUntilWakeDeadline=5381
4697 [DBG_HP_SAMPLE] t=42925 hpOutPin=0 hpOutAsserted=1 camState=4 logicActive=1 activityActive=1 msUntilWakeDeadline=5281
4797 [DBG_HP_SAMPLE] t=43025 hpOutPin=0 hpOutAsserted=1 camState=4 logicActive=1 activityActive=1 msUntilWakeDeadline=5181
4896 [DBG_HP_SAMPLE] t=43125 hpOutPin=0 hpOutAsserted=1 camState=4 logicActive=1 activityActive=1 msUntilWakeDeadline=5081
4997 [DBG_HP_SAMPLE] t=43225 hpOutPin=0 hpOutAsserted=1 camState=4 logicActive=1 activityActive=1 msUntilWakeDeadline=4981
5097 [DBG_HP_SAMPLE] t=43325 hpOutPin=0 hpOutAsserted=1 camState=4 logicActive=1 activityActive=1 msUntilWakeDeadline=4881
5197 [DBG_HP_SAMPLE] t=43425 hpOutPin=0 hpOutAsserted=1 camState=4 logicActive=1 activityActive=1 msUntilWakeDeadline=4781
5297 [DBG_HP_SAMPLE] t=43525 hpOutPin=0 hpOutAsserted=1 camState=4 logicActive=1 activityActive=1 msUntilWakeDeadline=4681
5397 [DBG_HP_SAMPLE] t=43625 hpOutPin=0 hpOutAsserted=1 camState=4 logicActive=1 activityActive=1 msUntilWakeDeadline=4581
5497 [DBG_HP_SAMPLE] t=43725 hpOutPin=0 hpOutAsserted=1 camState=4 logicActive=1 activityActive=1 msUntilWakeDeadline=4481
5597 [DBG_HP_SAMPLE] t=43825 hpOutPin=0 hpOutAsserted=1 camState=1 logicActive=1 activityActive=0 msUntilWakeDeadline=4381
5697 [DBG_HP_SAMPLE] t=43925 hpOutPin=0 hpOutAsserted=1 camState=1 logicActive=1 activityActive=0 msUntilWakeDeadline=4281
5797 [DBG_HP_SAMPLE] t=44025 hpOutPin=0 hpOutAsserted=1 camState=1 logicActive=1 activityActive=0 msUntilWakeDeadline=4181
5897 [DBG_HP_SAMPLE] t=44125 hpOutPin=0 hpOutAsserted=1 camState=1 logicActive=1 activityActive=0 msUntilWakeDeadline=4081
5997 [DBG_HP_SAMPLE] t=44225 hpOutPin=0 hpOutAsserted=1 camState=1 logicActive=1 activityActive=0 msUntilWakeDeadline=3981
6097 [DBG_HP_SAMPLE] t=44325 hpOutPin=0 hpOutAsserted=1 camState=1 logicActive=1 activityActive=0 msUntilWakeDeadline=3881
6197 [DBG_HP_SAMPLE] t=44425 hpOutPin=0 hpOutAsserted=1 camState=1 logicActive=1 activityActive=0 msUntilWakeDeadline=3781
6297 [DBG_HP_SAMPLE] t=44525 hpOutPin=0 hpOutAsserted=1 camState=1 logicActive=1 activityActive=0 msUntilWakeDeadline=3681
6396 [DBG_HP_SAMPLE] t=44625 hpOutPin=0 hpOutAsserted=1 camState=1 logicActive=1 activityActive=0 msUntilWakeDeadline=3581
6497 [DBG_HP_SAMPLE] t=44725 hpOutPin=0 hpOutAsserted=1 camState=1 logicActive=1 activityActive=0 msUntilWakeDeadline=3481
6597 [DBG_HP_SAMPLE] t=44825 hpOutPin=0 hpOutAsserted=1 camState=1 logicActive=1 activityActive=0 msUntilWakeDeadline=3381
6697 [DBG_HP_SAMPLE] t=44925 hpOutPin=0 hpOutAsserted=1 camState=1 logicActive=1 activityActive=0 msUntilWakeDeadline=3281
6797 [DBG_HP_SAMPLE] t=45025 hpOutPin=0 hpOutAsserted=1 camState=1 logicActive=1 activityActive=0 msUntilWakeDeadline=3181
6897 [DBG_HP_SAMPLE] t=45125 hpOutPin=0 hpOutAsserted=1 camState=1 logicActive=1 activityActive=0 msUntilWakeDeadline=3081
6997 [DBG_HP_SAMPLE] t=45225 hpOutPin=0 hpOutAsserted=1 camState=1 logicActive=1 activityActive=0 msUntilWakeDeadline=2981
7097 [DBG_HP_SAMPLE] t=45325 hpOutPin=0 hpOutAsserted=1 camState=1 logicActive=1 activityActive=0 msUntilWakeDeadline=2881
7197 [DBG_HP_SAMPLE] t=45425 hpOutPin=0 hpOutAsserted=1 camState=1 logicActive=1 activityActive=0 msUntilWakeDeadline=2781
7297 [DBG_HP_SAMPLE] t=45525 hpOutPin=0 hpOutAsserted=1 camState=1 logicActive=1 activityActive=0 msUntilWakeDeadline=2681
7396 [DBG_HP_SAMPLE] t=45625 hpOutPin=0 hpOutAsserted=1 camState=1 logicActive=1 activityActive=0 msUntilWakeDeadline=2581
7497 [DBG_HP_SAMPLE] t=45725 hpOutPin=0 hpOutAsserted=1 camState=1 logicActive=1 activityActive=0 msUntilWakeDeadline=2481
7597 [DBG_HP_SAMPLE] t=45825 hpOutPin=0 hpOutAsserted=1 camState=1 logicActive=1 activityActive=0 msUntilWakeDeadline=2381
7697 [DBG_HP_SAMPLE] t=45925 hpOutPin=0 hpOutAsserted=1 camState=1 logicActive=1 activityActive=0 msUntilWakeDeadline=2281
7797 [DBG_HP_SAMPLE] t=46025 hpOutPin=0 hpOutAsserted=1 camState=1 logicActive=1 activityActive=0 msUntilWakeDeadline=2181
7897 [DBG_HP_SAMPLE] t=46125 hpOutPin=0 hpOutAsserted=1 camState=1 logicActive=1 activityActive=0 msUntilWakeDeadline=2081
7997 [DBG_HP_SAMPLE] t=46225 hpOutPin=0 hpOutAsserted=1 camState=1 logicActive=1 activityActive=0 msUntilWakeDeadline=1981
8097 [DBG_HP_SAMPLE] t=46325 hpOutPin=0 hpOutAsserted=1 camState=1 logicActive=1 activityActive=0 msUntilWakeDeadline=1881
8197 [DBG_HP_SAMPLE] t=46425 hpOutPin=0 hpOutAsserted=1 camState=1 logicActive=1 activityActive=0 msUntilWakeDeadline=1781
8297 [DBG_HP_SAMPLE] t=46525 hpOutPin=0 hpOutAsserted=1 camState=1 logicActive=1 activityActive=0 msUntilWakeDeadline=1681
8397 [DBG_HP_SAMPLE] t=46625 hpOutPin=0 hpOutAsserted=1 camState=1 logicActive=1 activityActive=0 msUntilWakeDeadline=1581
8497 [DBG_HP_SAMPLE] t=46725 hpOutPin=0 hpOutAsserted=1 camState=1 logicActive=1 activityActive=0 msUntilWakeDeadline=1481
8596 [DBG_HP_SAMPLE] t=46825 hpOutPin=0 hpOutAsserted=1 camState=1 logicActive=1 activityActive=0 msUntilWakeDeadline=1381
8697 [DBG_HP_SAMPLE] t=46925 hpOutPin=0 hpOutAsserted=1 camState=1 logicActive=1 activityActive=0 msUntilWakeDeadline=1281
8797 [DBG_HP_SAMPLE] t=47025 hpOutPin=0 hpOutAsserted=1 camState=1 logicActive=1 activityActive=0 msUntilWakeDeadline=1181
8896 [DBG_HP_SAMPLE] t=47125 hpOutPin=0 hpOutAsserted=1 camState=1 logicActive=1 activityActive=0 msUntilWakeDeadline=1081
8997 [DBG_HP_SAMPLE] t=47225 hpOutPin=0 hpOutAsserted=1 camState=1 logicActive=1 activityActive=0 msUntilWakeDeadline=981
9096 [DBG_HP_SAMPLE] t=47325 hpOutPin=0 hpOutAsserted=1 camState=1 logicActive=1 activityActive=0 msUntilWakeDeadline=881
9197 [DBG_HP_SAMPLE] t=47425 hpOutPin=0 hpOutAsserted=1 camState=1 logicActive=1 activityActive=0 msUntilWakeDeadline=781
9297 [DBG_HP_SAMPLE] t=47525 hpOutPin=0 hpOutAsserted=1 camState=1 logicActive=1 activityActive=0 msUntilWakeDeadline=681
9396 [DBG_HP_SAMPLE] t=47625 hpOutPin=0 hpOutAsserted=1 camState=1 logicActive=1 activityActive=0 msUntilWakeDeadline=581
9497 [DBG_HP_SAMPLE] t=47725 hpOutPin=0 hpOutAsserted=1 camState=1 logicActive=1 activityActive=0 msUntilWakeDeadline=481
9597 [DBG_HP_SAMPLE] t=47825 hpOutPin=0 hpOutAsserted=1 camState=1 logicActive=1 activityActive=0 msUntilWakeDeadline=381
9697 [DBG_HP_SAMPLE] t=47925 hpOutPin=0 hpOutAsserted=1 camState=1 logicActive=1 activityActive=0 msUntilWakeDeadline=281
9797 [DBG_HP_SAMPLE] t=48025 hpOutPin=0 hpOutAsserted=1 camState=1 logicActive=1 activityActive=0 msUntilWakeDeadline=181
9897 [DBG_HP_SAMPLE] t=48125 hpOutPin=0 hpOutAsserted=1 camState=1 logicActive=1 activityActive=0 msUntilWakeDeadline=81
9977 [DBG_PIN] t=48206 sig=FP_OUT state=INACTIVE reason=endActivity durMs=6581 camState=1 hpOutAsserted=1
9979 [DBG_PIN] t=48206 sig=HP_OUT state=INACTIVE reason=releaseHpOut durMs=10084 camState=1 hpOutAsserted=0
9981 [DBG_IO] t=48206 stage=configureRuntimeIo.enter deviceType=1 camEnabled=1 camState=0 logicActive=0 activityActive=0 hpOutAsserted=0 hpOutPin=1 fpOutPin=1
9984 [DBG_IO] t=48207 stage=configureRuntimeIo.outputsInput deviceType=1 camEnabled=1 camState=0 logicActive=0 activityActive=0 hpOutAsserted=0 hpOutPin=1 fpOutPin=1
10190 [DBG_IO] t=48208 stage=configureRuntimeIo.cameraStateMachine deviceType=1 camEnabled=1 camState=0 logicActive=0 activityActive=0 hpOutAsserted=0
10624  hpOutPin=1 fpOutPin=1
10626 [DBG_HP_SAMPLE] t=48853 hpOutPin=1 hpOutAsserted=0 camState=0 logicActive=0 activityActive=0 msUntilWakeDeadline=0
10724 [DBG_HP_SAMPLE] t=48953 hpOutPin=1 hpOutAsserted=0 camState=0 logicActive=0 activityActive=0 msUntilWakeDeadline=0
10825 [DBG_HP_SAMPLE] t=49053 hpOutPin=1 hpOutAsserted=0 camState=0 logicActive=0 activityActive=0 msUntilWakeDeadline=0
10925 [DBG_HP_SAMPLE] t=49153 hpOutPin=1 hpOutAsserted=0 camState=0 logicActive=0 activityActive=0 msUntilWakeDeadline=0
11025 [DBG_HP_SAMPLE] t=49253 hpOutPin=1 hpOutAsserted=0 camState=0 logicActive=0 activityActive=0 msUntilWakeDeadline=0
11125 [DBG_HP_SAMPLE] t=49353 hpOutPin=1 hpOutAsserted=0 camState=0 logicActive=0 activityActive=0 msUntilWakeDeadline=0
11224 [DBG_HP_SAMPLE] t=49453 hpOutPin=1 hpOutAsserted=0 camState=0 logicActive=0 activityActive=0 msUntilWakeDeadline=0
11325 [DBG_HP_SAMPLE] t=49553 hpOutPin=1 hpOutAsserted=0 camState=0 logicActive=0 activityActive=0 msUntilWakeDeadline=0
11425 [DBG_HP_SAMPLE] t=49653 hpOutPin=1 hpOutAsserted=0 camState=0 logicActive=0 activityActive=0 msUntilWakeDeadline=0
11525 [DBG_HP_SAMPLE] t=49753 hpOutPin=1 hpOutAsserted=0 camState=0 logicActive=0 activityActive=0 msUntilWakeDeadline=0
11625 [DBG_HP_SAMPLE] t=49853 hpOutPin=1 hpOutAsserted=0 camState=0 logicActive=0 activityActive=0 msUntilWakeDeadline=0
11724 [DBG_HP_SAMPLE] t=49953 hpOutPin=1 hpOutAsserted=0 camState=0 logicActive=0 activityActive=0 msUntilWakeDeadline=0
11825 [DBG_HP_SAMPLE] t=50053 hpOutPin=1 hpOutAsserted=0 camState=0 logicActive=0 activityActive=0 msUntilWakeDeadline=0
11925 [DBG_HP_SAMPLE] t=50153 hpOutPin=1 hpOutAsserted=0 camState=0 logicActive=0 activityActive=0 msUntilWakeDeadline=0
12025 [DBG_HP_SAMPLE] t=50253 hpOutPin=1 hpOutAsserted=0 camState=0 logicActive=0 activityActive=0 msUntilWakeDeadline=0
