0 HP_IN ACTIVE
47 HP_OUT ACTIVE
100 HP_IN INACTIVE
1000 FP_IN ACTIVE
1000 FP_OUT ACTIVE
1100 FP_IN INACTIVE
1100 FP_OUT INACTIVE
1998 FP_OUT ACTIVE
2099 FP_OUT INACTIVE
2997 FP_OUT ACTIVE
3098 FP_OUT INACTIVE
3996 FP_OUT ACTIVE
4097 FP_OUT INACTIVE
10036 HP_OUT INACTIVE
11000 FP_IN ACTIVE
11000 HP_OUT ACTIVE
11100 FP_IN INACTIVE
11499 FP_OUT ACTIVE
11598 FP_OUT INACTIVE
12498 FP_OUT ACTIVE
12597 FP_OUT INACTIVE
13497 FP_OUT ACTIVE
13596 FP_OUT INACTIVE
14496 FP_OUT ACTIVE
14595 FP_OUT INACTIVE
16000 HP_IN INACTIVE
16000 FP_IN INACTIVE
