0 HP_IN ACTIVE
20 HP_OUT ACTIVE
100 HP_IN INACTIVE
1000 FP_IN ACTIVE
1000 FP_OUT ACTIVE
1099 FP_OUT INACTIVE
1100 FP_IN INACTIVE
1700 FP_IN ACTIVE
1700 FP_OUT ACTIVE
1800 FP_IN INACTIVE
1800 FP_OUT INACTIVE
2400 FP_IN ACTIVE
2400 FP_OUT ACTIVE
2500 FP_IN INACTIVE
2500 FP_OUT INACTIVE
3100 FP_IN ACTIVE
3100 FP_OUT ACTIVE
3199 FP_OUT INACTIVE
3200 FP_IN INACTIVE
3800 FP_IN ACTIVE
3800 FP_OUT ACTIVE
3898 FP_OUT INACTIVE
3900 FP_IN INACTIVE
4500 FP_IN ACTIVE
4500 FP_OUT ACTIVE
4599 FP_OUT INACTIVE
4600 FP_IN INACTIVE
5200 FP_IN ACTIVE
5200 FP_OUT ACTIVE
5298 FP_OUT INACTIVE
5300 FP_IN INACTIVE
5900 FP_IN ACTIVE
5900 FP_OUT ACTIVE
6000 FP_IN INACTIVE
6000 FP_OUT INACTIVE
6600 FP_IN ACTIVE
6600 FP_OUT ACTIVE
6700 FP_IN INACTIVE
6700 FP_OUT INACTIVE
10009 HP_OUT INACTIVE
12000 HP_IN INACTIVE
12000 FP_IN INACTIVE
