0 HP_IN ACTIVE
100 HP_IN INACTIVE
1000 FP_IN ACTIVE
1000 FP_OUT ACTIVE
1099 FP_OUT INACTIVE
1100 FP_IN INACTIVE
1999 FP_OUT ACTIVE
2098 FP_OUT INACTIVE
2998 FP_OUT ACTIVE
3097 FP_OUT INACTIVE
3996 FP_OUT ACTIVE
4096 FP_OUT INACTIVE
6095 HP_OUT INACTIVE
11000 FP_IN ACTIVE
11006 HP_OUT ACTIVE
11100 FP_IN INACTIVE
11506 FP_OUT ACTIVE
11606 FP_OUT INACTIVE
12505 FP_OUT ACTIVE
12605 FP_OUT INACTIVE
13504 FP_OUT ACTIVE
13604 FP_OUT INACTIVE
14503 FP_OUT ACTIVE
14603 FP_OUT INACTIVE
16000 HP_IN INACTIVE
16000 FP_IN INACTIVE
