5 [DBG_HP_SAMPLE] t=1421958 hpOutPin=0 hpOutAsserted=1 camState=1 logicActive=1 activityActive=0 msUntilWakeDeadline=9900
210 [DBG_HP_SAMPLE] t=1422162 hpOutPin=0 hpOutAsserted=1 camState=1 logicActive=1 activityActive=0 msUntilWakeDeadline=9696
310 [DBG_HP_SAMPLE] t=1422262 hpOutPin=0 hpOutAsserted=1 camState=1 logicActive=1 activityActive=0 msUntilWakeDeadline=9596
420 [DBG_HP_SAMPLE] t=1422372 hpOutPin=0 hpOutAsserted=1 camState=1 logicActive=1 activityActive=0 msUntilWakeDeadline=9486
520 [DBG_HP_SAMPLE] t=1422472 hpOutPin=0 hpOutAsserted=1 camState=1 logicActive=1 activityActive=0 msUntilWakeDeadline=9386
630 [DBG_HP_SAMPLE] t=1422582 hpOutPin=0 hpOutAsserted=1 camState=1 logicActive=1 activityActive=0 msUntilWakeDeadline=9276
730 [DBG_HP_SAMPLE] t=1422682 hpOutPin=0 hpOutAsserted=1 camState=1 logicActive=1 activityActive=0 msUntilWakeDeadline=9176
829 [DBG_HP_SAMPLE] t=1422782 hpOutPin=0 hpOutAsserted=1 camState=1 logicActive=1 activityActive=0 msUntilWakeDeadline=9076
928 [DBG_PIN] t=1422880 sig=FP_OUT state=ACTIVE reason=burstFrameFire camState=3 hpOutAsserted=1
930 [DBG_HP_SAMPLE] t=1422882 hpOutPin=0 hpOutAsserted=1 camState=3 logicActive=1 activityActive=1 msUntilWakeDeadline=9998
1028 [DBG_PIN] t=1422980 sig=FP_OUT state=INACTIVE reason=burstPulseComplete durMs=100 camState=3 hpOutAsserted=1
1030 [DBG_HP_SAMPLE] t=1422982 hpOutPin=0 hpOutAsserted=1 camState=3 logicActive=1 activityActive=1 msUntilWakeDeadline=9898
1129 [DBG_HP_SAMPLE] t=1423082 hpOutPin=0 hpOutAsserted=1 camState=3 logicActive=1 activityActive=1 msUntilWakeDeadline=9798
1230 [DBG_HP_SAMPLE] t=1423182 hpOutPin=0 hpOutAsserted=1 camState=3 logicActive=1 activityActive=1 msUntilWakeDeadline=9698
1329 [DBG_HP_SAMPLE] t=1423282 hpOutPin=0 hpOutAsserted=1 camState=3 logicActive=1 activityActive=1 msUntilWakeDeadline=9598
1430 [DBG_HP_SAMPLE] t=1423382 hpOutPin=0 hpOutAsserted=1 camState=3 logicActive=1 activityActive=1 msUntilWakeDeadline=9498
1530 [DBG_HP_SAMPLE] t=1423482 hpOutPin=0 hpOutAsserted=1 camState=3 logicActive=1 activityActive=1 msUntilWakeDeadline=9398
1629 [DBG_HP_SAMPLE] t=1423582 hpOutPin=0 hpOutAsserted=1 camState=3 logicActive=1 activityActive=1 msUntilWakeDeadline=9298
1730 [DBG_HP_SAMPLE] t=1423682 hpOutPin=0 hpOutAsserted=1 camState=3 logicActive=1 activityActive=1 msUntilWakeDeadline=9198
1829 [DBG_HP_SAMPLE] t=1423782 hpOutPin=0 hpOutAsserted=1 camState=3 logicActive=1 activityActive=1 msUntilWakeDeadline=9098
1928 [DBG_PIN] t=1423880 sig=FP_OUT state=ACTIVE reason=burstFrameFire camState=3 hpOutAsserted=1
1930 [DBG_HP_SAMPLE] t=1423882 hpOutPin=0 hpOutAsserted=1 camState=3 logicActive=1 activityActive=1 msUntilWakeDeadline=8998
2027 [DBG_PIN] t=1423980 sig=FP_OUT state=INACTIVE reason=burstPulseComplete durMs=100 camState=3 hpOutAsserted=1
2029 [DBG_HP_SAMPLE] t=1423982 hpOutPin=0 hpOutAsserted=1 camState=3 logicActive=1 activityActive=1 msUntilWakeDeadline=8898
2129 [DBG_HP_SAMPLE] t=1424082 hpOutPin=0 hpOutAsserted=1 camState=3 logicActive=1 activityActive=1 msUntilWakeDeadline=8798
2230 [DBG_HP_SAMPLE] t=1424182 hpOutPin=0 hpOutAsserted=1 camState=3 logicActive=1 activityActive=1 msUntilWakeDeadline=8698
2329 [DBG_HP_SAMPLE] t=1424282 hpOutPin=0 hpOutAsserted=1 camState=3 logicActive=1 activityActive=1 msUntilWakeDeadline=8598
2430 [DBG_HP_SAMPLE] t=1424382 hpOutPin=0 hpOutAsserted=1 camState=3 logicActive=1 activityActive=1 msUntilWakeDeadline=8498
2530 [DBG_HP_SAMPLE] t=1424482 hpOutPin=0 hpOutAsserted=1 camState=3 logicActive=1 activityActive=1 msUntilWakeDeadline=8398
2629 [DBG_HP_SAMPLE] t=1424582 hpOutPin=0 hpOutAsserted=1 camState=3 logicActive=1 activityActive=1 msUntilWakeDeadline=8298
2730 [DBG_HP_SAMPLE] t=1424682 hpOutPin=0 hpOutAsserted=1 camState=3 logicActive=1 activityActive=1 msUntilWakeDeadline=8198
2829 [DBG_HP_SAMPLE] t=1424782 hpOutPin=0 hpOutAsserted=1 camState=3 logicActive=1 activityActive=1 msUntilWakeDeadline=8098
2928 [DBG_PIN] t=1424880 sig=FP_OUT state=ACTIVE reason=burstFrameFire camState=3 hpOutAsserted=1
2930 [DBG_HP_SAMPLE] t=1424882 hpOutPin=0 hpOutAsserted=1 camState=3 logicActive=1 activityActive=1 msUntilWakeDeadline=7998
3027 [DBG_PIN] t=1424980 sig=FP_OUT state=INACTIVE reason=burstPulseComplete durMs=100 camState=3 hpOutAsserted=1
3029 [DBG_HP_SAMPLE] t=1424982 hpOutPin=0 hpOutAsserted=1 camState=3 logicActive=1 activityActive=1 msUntilWakeDeadline=7898
3129 [DBG_HP_SAMPLE] t=1425082 hpOutPin=0 hpOutAsserted=1 camState=3 logicActive=1 activityActive=1 msUntilWakeDeadline=7798
3230 [DBG_HP_SAMPLE] t=1425182 hpOutPin=0 hpOutAsserted=1 camState=3 logicActive=1 activityActive=1 msUntilWakeDeadline=7698
3329 [DBG_HP_SAMPLE] t=1425282 hpOutPin=0 hpOutAsserted=1 camState=3 logicActive=1 activityActive=1 msUntilWakeDeadline=7598
3430 [DBG_HP_SAMPLE] t=1425382 hpOutPin=0 hpOutAsserted=1 camState=3 logicActive=1 activityActive=1 msUntilWakeDeadline=7498
3530 [DBG_HP_SAMPLE] t=1425482 hpOutPin=0 hpOutAsserted=1 camState=3 logicActive=1 activityActive=1 msUntilWakeDeadline=7398
3629 [DBG_HP_SAMPLE] t=1425582 hpOutPin=0 hpOutAsserted=1 camState=3 logicActive=1 activityActive=1 msUntilWakeDeadline=7298
3730 [DBG_HP_SAMPLE] t=1425682 hpOutPin=0 hpOutAsserted=1 camState=3 logicActive=1 activityActive=1 msUntilWakeDeadline=7198
3829 [DBG_HP_SAMPLE] t=1425782 hpOutPin=0 hpOutAsserted=1 camState=3 logicActive=1 activityActive=1 msUntilWakeDeadline=7098
3927 [DBG_PIN] t=1425880 sig=FP_OUT state=ACTIVE reason=burstFrameFire camState=3 hpOutAsserted=1
3930 [DBG_HP_SAMPLE] t=1425882 hpOutPin=0 hpOutAsserted=1 camState=3 logicActive=1 activityActive=1 msUntilWakeDeadline=6998
4027 [DBG_PIN] t=1425980 sig=FP_OUT state=INACTIVE reason=burstPulseComplete durMs=100 camState=3 hpOutAsserted=1
4029 [DBG_HP_SAMPLE] t=1425982 hpOutPin=0 hpOutAsserted=1 camState=4 logicActive=1 activityActive=1 msUntilWakeDeadline=6898
4129 [DBG_HP_SAMPLE] t=1426082 hpOutPin=0 hpOutAsserted=1 camState=4 logicActive=1 activityActive=1 msUntilWakeDeadline=6798
4230 [DBG_HP_SAMPLE] t=1426182 hpOutPin=0 hpOutAsserted=1 camState=4 logicActive=1 activityActive=1 msUntilWakeDeadline=6698
4329 [DBG_HP_SAMPLE] t=1426282 hpOutPin=0 hpOutAsserted=1 camState=4 logicActive=1 activityActive=1 msUntilWakeDeadline=6598
4430 [DBG_HP_SAMPLE] t=1426382 hpOutPin=0 hpOutAsserted=1 camState=4 logicActive=1 activityActive=1 msUntilWakeDeadline=6498
4529 [DBG_HP_SAMPLE] t=1426482 hpOutPin=0 hpOutAsserted=1 camState=4 logicActive=1 activityActive=1 msUntilWakeDeadline=6398
4629 [DBG_HP_SAMPLE] t=1426582 hpOutPin=0 hpOutAsserted=1 camState=4 logicActive=1 activityActive=1 msUntilWakeDeadline=6298
4730 [DBG_HP_SAMPLE] t=1426682 hpOutPin=0 hpOutAsserted=1 camState=4 logicActive=1 activityActive=1 msUntilWakeDeadline=6198
4829 [DBG_HP_SAMPLE] t=1426782 hpOutPin=0 hpOutAsserted=1 camState=4 logicActive=1 activityActive=1 msUntilWakeDeadline=6098
4930 [DBG_HP_SAMPLE] t=1426882 hpOutPin=0 hpOutAsserted=1 camState=4 logicActive=1 activityActive=1 msUntilWakeDeadline=5998
5029 [DBG_HP_SAMPLE] t=1426982 hpOutPin=0 hpOutAsserted=1 camState=4 logicActive=1 activityActive=1 msUntilWakeDeadline=5898
5129 [DBG_HP_SAMPLE] t=1427082 hpOutPin=0 hpOutAsserted=1 camState=4 logicActive=1 activityActive=1 msUntilWakeDeadline=5798
5229 [DBG_HP_SAMPLE] t=1427182 hpOutPin=0 hpOutAsserted=1 camState=4 logicActive=1 activityActive=1 msUntilWakeDeadline=5698
5329 [DBG_HP_SAMPLE] t=1427282 hpOutPin=0 hpOutAsserted=1 camState=4 logicActive=1 activityActive=1 msUntilWakeDeadline=5598
5430 [DBG_HP_SAMPLE] t=1427382 hpOutPin=0 hpOutAsserted=1 camState=4 logicActive=1 activityActive=1 msUntilWakeDeadline=5498
5529 [DBG_HP_SAMPLE] t=1427482 hpOutPin=0 hpOutAsserted=1 camState=4 logicActive=1 activityActive=1 msUntilWakeDeadline=5398
5629 [DBG_HP_SAMPLE] t=1427582 hpOutPin=0 hpOutAsserted=1 camState=4 logicActive=1 activityActive=1 msUntilWakeDeadline=5298
5730 [DBG_HP_SAMPLE] t=1427682 hpOutPin=0 hpOutAsserted=1 camState=4 logicActive=1 activityActive=1 msUntilWakeDeadline=5198
5829 [DBG_HP_SAMPLE] t=1427782 hpOutPin=0 hpOutAsserted=1 camState=4 logicActive=1 activityActive=1 msUntilWakeDeadline=5098
5930 [DBG_HP_SAMPLE] t=1427882 hpOutPin=0 hpOutAsserted=1 camState=4 logicActive=1 activityActive=1 msUntilWakeDeadline=4998
6030 [DBG_HP_SAMPLE] t=1427982 hpOutPin=0 hpOutAsserted=1 camState=1 logicActive=1 activityActive=0 msUntilWakeDeadline=4898
6129 [DBG_HP_SAMPLE] t=1428082 hpOutPin=0 hpOutAsserted=1 camState=1 logicActive=1 activityActive=0 msUntilWakeDeadline=4798
6229 [DBG_HP_SAMPLE] t=1428182 hpOutPin=0 hpOutAsserted=1 camState=1 logicActive=1 activityActive=0 msUntilWakeDeadline=4698
6329 [DBG_HP_SAMPLE] t=1428282 hpOutPin=0 hpOutAsserted=1 camState=1 logicActive=1 activityActive=0 msUntilWakeDeadline=4598
6430 [DBG_HP_SAMPLE] t=1428382 hpOutPin=0 hpOutAsserted=1 camState=1 logicActive=1 activityActive=0 msUntilWakeDeadline=4498
6530 [DBG_HP_SAMPLE] t=1428482 hpOutPin=0 hpOutAsserted=1 camState=1 logicActive=1 activityActive=0 msUntilWakeDeadline=4398
6629 [DBG_HP_SAMPLE] t=1428582 hpOutPin=0 hpOutAsserted=1 camState=1 logicActive=1 activityActive=0 msUntilWakeDeadline=4298
6730 [DBG_HP_SAMPLE] t=1428682 hpOutPin=0 hpOutAsserted=1 camState=1 logicActive=1 activityActive=0 msUntilWakeDeadline=4198
6829 [DBG_HP_SAMPLE] t=1428782 hpOutPin=0 hpOutAsserted=1 camState=1 logicActive=1 activityActive=0 msUntilWakeDeadline=4098
6930 [DBG_HP_SAMPLE] t=1428882 hpOutPin=0 hpOutAsserted=1 camState=1 logicActive=1 activityActive=0 msUntilWakeDeadline=3998
7029 [DBG_HP_SAMPLE] t=1428982 hpOutPin=0 hpOutAsserted=1 camState=1 logicActive=1 activityActive=0 msUntilWakeDeadline=3898
7129 [DBG_HP_SAMPLE] t=1429082 hpOutPin=0 hpOutAsserted=1 camState=1 logicActive=1 activityActive=0 msUntilWakeDeadline=3798
7230 [DBG_HP_SAMPLE] t=1429182 hpOutPin=0 hpOutAsserted=1 camState=1 logicActive=1 activityActive=0 msUntilWakeDeadline=3698
7329 [DBG_HP_SAMPLE] t=1429282 hpOutPin=0 hpOutAsserted=1 camState=1 logicActive=1 activityActive=0 msUntilWakeDeadline=3598
7430 [DBG_HP_SAMPLE] t=1429382 hpOutPin=0 hpOutAsserted=1 camState=1 logicActive=1 activityActive=0 msUntilWakeDeadline=3498
7529 [DBG_HP_SAMPLE] t=1429482 hpOutPin=0 hpOutAsserted=1 camState=1 logicActive=1 activityActive=0 msUntilWakeDeadline=3398
7629 [DBG_HP_SAMPLE] t=1429582 hpOutPin=0 hpOutAsserted=1 camState=1 logicActive=1 activityActive=0 msUntilWakeDeadline=3298
7729 [DBG_HP_SAMPLE] t=1429682 hpOutPin=0 hpOutAsserted=1 camState=1 logicActive=1 activityActive=0 msUntilWakeDeadline=3198
7829 [DBG_HP_SAMPLE] t=1429782 hpOutPin=0 hpOutAsserted=1 camState=1 logicActive=1 activityActive=0 msUntilWakeDeadline=3098
7930 [DBG_HP_SAMPLE] t=1429882 hpOutPin=0 hpOutAsserted=1 camState=1 logicActive=1 activityActive=0 msUntilWakeDeadline=2998
8030 [DBG_HP_SAMPLE] t=1429982 hpOutPin=0 hpOutAsserted=1 camState=1 logicActive=1 activityActive=0 msUntilWakeDeadline=2898
8129 [DBG_HP_SAMPLE] t=1430082 hpOutPin=0 hpOutAsserted=1 camState=1 logicActive=1 activityActive=0 msUntilWakeDeadline=2798
8230 [DBG_HP_SAMPLE] t=1430182 hpOutPin=0 hpOutAsserted=1 camState=1 logicActive=1 activityActive=0 msUntilWakeDeadline=2698
8329 [DBG_HP_SAMPLE] t=1430282 hpOutPin=0 hpOutAsserted=1 camState=1 logicActive=1 activityActive=0 msUntilWakeDeadline=2598
8430 [DBG_HP_SAMPLE] t=1430382 hpOutPin=0 hpOutAsserted=1 camState=1 logicActive=1 activityActive=0 msUntilWakeDeadline=2498
8529 [DBG_HP_SAMPLE] t=1430482 hpOutPin=0 hpOutAsserted=1 camState=1 logicActive=1 activityActive=0 msUntilWakeDeadline=2398
8629 [DBG_HP_SAMPLE] t=1430582 hpOutPin=0 hpOutAsserted=1 camState=1 logicActive=1 activityActive=0 msUntilWakeDeadline=2298
8730 [DBG_HP_SAMPLE] t=1430682 hpOutPin=0 hpOutAsserted=1 camState=1 logicActive=1 activityActive=0 msUntilWakeDeadline=2198
8829 [DBG_HP_SAMPLE] t=1430782 hpOutPin=0 hpOutAsserted=1 camState=1 logicActive=1 activityActive=0 msUntilWakeDeadline=2098
8930 [DBG_HP_SAMPLE] t=1430882 hpOutPin=0 hpOutAsserted=1 camState=1 logicActive=1 activityActive=0 msUntilWakeDeadline=1998
9029 [DBG_HP_SAMPLE] t=1430982 hpOutPin=0 hpOutAsserted=1 camState=1 logicActive=1 activityActive=0 msUntilWakeDeadline=1898
9129 [DBG_HP_SAMPLE] t=1431082 hpOutPin=0 hpOutAsserted=1 camState=1 logicActive=1 activityActive=0 msUntilWakeDeadline=1798
9229 [DBG_HP_SAMPLE] t=1431182 hpOutPin=0 hpOutAsserted=1 camState=1 logicActive=1 activityActive=0 msUntilWakeDeadline=1698
9329 [DBG_HP_SAMPLE] t=1431282 hpOutPin=0 hpOutAsserted=1 camState=1 logicActive=1 activityActive=0 msUntilWakeDeadline=1598
9430 [DBG_HP_SAMPLE] t=1431382 hpOutPin=0 hpOutAsserted=1 camState=1 logicActive=1 activityActive=0 msUntilWakeDeadline=1498
9529 [DBG_HP_SAMPLE] t=1431482 hpOutPin=0 hpOutAsserted=1 camState=1 logicActive=1 activityActive=0 msUntilWakeDeadline=1398
9629 [DBG_HP_SAMPLE] t=1431582 hpOutPin=0 hpOutAsserted=1 camState=1 logicActive=1 activityActive=0 msUntilWakeDeadline=1298
9730 [DBG_HP_SAMPLE] t=1431682 hpOutPin=0 hpOutAsserted=1 camState=1 logicActive=1 activityActive=0 msUntilWakeDeadline=1198
9829 [DBG_HP_SAMPLE] t=1431782 hpOutPin=0 hpOutAsserted=1 camState=1 logicActive=1 activityActive=0 msUntilWakeDeadline=1098
9930 [DBG_HP_SAMPLE] t=1431882 hpOutPin=0 hpOutAsserted=1 camState=1 logicActive=1 activityActive=0 msUntilWakeDeadline=998
10029 [DBG_HP_SAMPLE] t=1431982 hpOutPin=0 hpOutAsserted=1 camState=1 logicActive=1 activityActive=0 msUntilWakeDeadline=898
10129 [DBG_HP_SAMPLE] t=1432082 hpOutPin=0 hpOutAsserted=1 camState=1 logicActive=1 activityActive=0 msUntilWakeDeadline=798
10230 [DBG_HP_SAMPLE] t=1432182 hpOutPin=0 hpOutAsserted=1 camState=1 logicActive=1 activityActive=0 msUntilWakeDeadline=698
10329 [DBG_HP_SAMPLE] t=1432282 hpOutPin=0 hpOutAsserted=1 camState=1 logicActive=1 activityActive=0 msUntilWakeDeadline=598
10430 [DBG_HP_SAMPLE] t=1432382 hpOutPin=0 hpOutAsserted=1 camState=1 logicActive=1 activityActive=0 msUntilWakeDeadline=498
10529 [DBG_HP_SAMPLE] t=1432482 hpOutPin=0 hpOutAsserted=1 camState=1 logicActive=1 activityActive=0 msUntilWakeDeadline=398
10629 [DBG_HP_SAMPLE] t=1432582 hpOutPin=0 hpOutAsserted=1 camState=1 logicActive=1 activityActive=0 msUntilWakeDeadline=298
10729 [DBG_HP_SAMPLE] t=1432682 hpOutPin=0 hpOutAsserted=1 camState=1 logicActive=1 activityActive=0 msUntilWakeDeadline=198
10829 [DBG_HP_SAMPLE] t=1432782 hpOutPin=0 hpOutAsserted=1 camState=1 logicActive=1 activityActive=0 msUntilWakeDeadline=98
10927 [DBG_PIN] t=1432880 sig=FP_OUT state=INACTIVE reason=endActivity durMs=7000 camState=1 hpOutAsserted=1
10929 [DBG_PIN] t=1432880 sig=HP_OUT state=INACTIVE reason=releaseHpOut durMs=11022 camState=1 hpOutAsserted=0
11815 [DBG_IO] t=1433767 stage=configureRuntimeIo.enter deviceType=1 camEnabled=1 camState=0 logicActive=0 activityActive=0 hpOutAsserted=0 hpOutPin=1 fpOutPin=1
11817 [DBG_IO] t=1433767 stage=configureRuntimeIo.outputsInput deviceType=1 camEnabled=1 camState=0 logicActive=0 activityActive=0 hpOutAsserted=0 hpOutPin=1 fpOutPin=1
11820 [DBG_IO] t=1433768 stage=configureRuntimeIo.cameraStateMachine deviceType=1 camEnabled=1 camState=0 logicActive=0 activityActive=0 hpOutAsserted=0 hpOutPin=1 fpOutPin=1
11822 [DBG_HP_SAMPLE] t=1433769 hpOutPin=1 hpOutAsserted=0 camState=0 logicActive=0 activityActive=0 msUntilWakeDeadline=0
11934 [DBG_HP_SAMPLE] t=1433886 hpOutPin=1 hpOutAsserted=0 camState=0 logicActive=0 activityActive=0 msUntilWakeDeadline=0
12051 [DBG_HP_SAMPLE] t=1434003 hpOutPin=1 hpOutAsserted=0 camState=0 logicActive=0 activityActive=0 msUntilWakeDeadline=0
