0 HP_IN ACTIVE
46 HP_OUT ACTIVE
100 HP_IN INACTIVE
523 HP_OUT INACTIVE
1000 FP_IN ACTIVE
1000 FP_OUT ACTIVE
1100 FP_IN INACTIVE
1100 FP_OUT INACTIVE
1999 FP_OUT ACTIVE
2098 FP_OUT INACTIVE
2998 FP_OUT ACTIVE
3097 FP_OUT INACTIVE
3997 FP_OUT ACTIVE
4096 FP_OUT INACTIVE
7000 FP_IN ACTIVE
7000 FP_OUT ACTIVE
7100 FP_IN INACTIVE
7100 FP_OUT INACTIVE
7999 FP_OUT ACTIVE
8099 FP_OUT INACTIVE
8998 FP_OUT ACTIVE
9098 FP_OUT INACTIVE
9997 FP_OUT ACTIVE
10097 FP_OUT INACTIVE
16000 HP_IN INACTIVE
16000 FP_IN INACTIVE
