79 [DBG_HP_SAMPLE] t=114045 hpOutPin=0 hpOutAsserted=1 camState=1 logicActive=1 activityActive=0 msUntilWakeDeadline=9900
210 [DBG_HP_SAMPLE] t=114155 hpOutPin=0 hpOutAsserted=1 camState=1 logicActive=1 activityActive=0 msUntilWakeDeadline=9790
289 [DBG_HP_SAMPLE] t=114255 hpOutPin=0 hpOutAsserted=1 camState=1 logicActive=1 activityActive=0 msUntilWakeDeadline=9690
419 [DBG_HP_SAMPLE] t=114365 hpOutPin=0 hpOutAsserted=1 camState=1 logicActive=1 activityActive=0 msUntilWakeDeadline=9580
499 [DBG_HP_SAMPLE] t=114465 hpOutPin=0 hpOutAsserted=1 camState=1 logicActive=1 activityActive=0 msUntilWakeDeadline=9480
598 [DBG_HP_SAMPLE] t=114565 hpOutPin=0 hpOutAsserted=1 camState=1 logicActive=1 activityActive=0 msUntilWakeDeadline=9380
698 [DBG_HP_SAMPLE] t=114665 hpOutPin=0 hpOutAsserted=1 camState=1 logicActive=1 activityActive=0 msUntilWakeDeadline=9280
798 [DBG_HP_SAMPLE] t=114765 hpOutPin=0 hpOutAsserted=1 camState=1 logicActive=1 activityActive=0 msUntilWakeDeadline=9180
898 [DBG_HP_SAMPLE] t=114865 hpOutPin=0 hpOutAsserted=1 camState=1 logicActive=1 activityActive=0 msUntilWakeDeadline=9080
929 [DBG_PIN] t=114896 sig=FP_OUT state=ACTIVE reason=burstFrameFire camState=3 hpOutAsserted=1
999 [DBG_HP_SAMPLE] t=114965 hpOutPin=0 hpOutAsserted=1 camState=3 logicActive=1 activityActive=1 msUntilWakeDeadline=9931
1029 [DBG_PIN] t=114996 sig=FP_OUT state=INACTIVE reason=burstPulseComplete durMs=100 camState=3 hpOutAsserted=1
1098 [DBG_HP_SAMPLE] t=115065 hpOutPin=0 hpOutAsserted=1 camState=3 logicActive=1 activityActive=1 msUntilWakeDeadline=9831
1198 [DBG_HP_SAMPLE] t=115165 hpOutPin=0 hpOutAsserted=1 camState=3 logicActive=1 activityActive=1 msUntilWakeDeadline=9731
1298 [DBG_HP_SAMPLE] t=115265 hpOutPin=0 hpOutAsserted=1 camState=3 logicActive=1 activityActive=1 msUntilWakeDeadline=9631
1398 [DBG_HP_SAMPLE] t=115365 hpOutPin=0 hpOutAsserted=1 camState=3 logicActive=1 activityActive=1 msUntilWakeDeadline=9531
1499 [DBG_HP_SAMPLE] t=115465 hpOutPin=0 hpOutAsserted=1 camState=3 logicActive=1 activityActive=1 msUntilWakeDeadline=9431
1599 [DBG_HP_SAMPLE] t=115565 hpOutPin=0 hpOutAsserted=1 camState=3 logicActive=1 activityActive=1 msUntilWakeDeadline=9331
1698 [DBG_HP_SAMPLE] t=115665 hpOutPin=0 hpOutAsserted=1 camState=3 logicActive=1 activityActive=1 msUntilWakeDeadline=9231
1798 [DBG_HP_SAMPLE] t=115765 hpOutPin=0 hpOutAsserted=1 camState=3 logicActive=1 activityActive=1 msUntilWakeDeadline=9131
1898 [DBG_HP_SAMPLE] t=115865 hpOutPin=0 hpOutAsserted=1 camState=3 logicActive=1 activityActive=1 msUntilWakeDeadline=9031
1929 [DBG_PIN] t=115896 sig=FP_OUT state=ACTIVE reason=burstFrameFire camState=3 hpOutAsserted=1
1999 [DBG_HP_SAMPLE] t=115965 hpOutPin=0 hpOutAsserted=1 camState=3 logicActive=1 activityActive=1 msUntilWakeDeadline=8931
2029 [DBG_PIN] t=115996 sig=FP_OUT state=INACTIVE reason=burstPulseComplete durMs=100 camState=3 hpOutAsserted=1
2098 [DBG_HP_SAMPLE] t=116065 hpOutPin=0 hpOutAsserted=1 camState=3 logicActive=1 activityActive=1 msUntilWakeDeadline=8831
2198 [DBG_HP_SAMPLE] t=116165 hpOutPin=0 hpOutAsserted=1 camState=3 logicActive=1 activityActive=1 msUntilWakeDeadline=8731
2298 [DBG_HP_SAMPLE] t=116265 hpOutPin=0 hpOutAsserted=1 camState=3 logicActive=1 activityActive=1 msUntilWakeDeadline=8631
2398 [DBG_HP_SAMPLE] t=116365 hpOutPin=0 hpOutAsserted=1 camState=3 logicActive=1 activityActive=1 msUntilWakeDeadline=8531
2499 [DBG_HP_SAMPLE] t=116465 hpOutPin=0 hpOutAsserted=1 camState=3 logicActive=1 activityActive=1 msUntilWakeDeadline=8431
2598 [DBG_HP_SAMPLE] t=116565 hpOutPin=0 hpOutAsserted=1 camState=3 logicActive=1 activityActive=1 msUntilWakeDeadline=8331
2698 [DBG_HP_SAMPLE] t=116665 hpOutPin=0 hpOutAsserted=1 camState=3 logicActive=1 activityActive=1 msUntilWakeDeadline=8231
2798 [DBG_HP_SAMPLE] t=116765 hpOutPin=0 hpOutAsserted=1 camState=3 logicActive=1 activityActive=1 msUntilWakeDeadline=8131
2898 [DBG_HP_SAMPLE] t=116865 hpOutPin=0 hpOutAsserted=1 camState=3 logicActive=1 activityActive=1 msUntilWakeDeadline=8031
2929 [DBG_PIN] t=116896 sig=FP_OUT state=ACTIVE reason=burstFrameFire camState=3 hpOutAsserted=1
2998 [DBG_HP_SAMPLE] t=116965 hpOutPin=0 hpOutAsserted=1 camState=3 logicActive=1 activityActive=1 msUntilWakeDeadline=7931
3029 [DBG_PIN] t=116996 sig=FP_OUT state=INACTIVE reason=burstPulseComplete durMs=100 camState=3 hpOutAsserted=1
3098 [DBG_HP_SAMPLE] t=117065 hpOutPin=0 hpOutAsserted=1 camState=3 logicActive=1 activityActive=1 msUntilWakeDeadline=7831
3198 [DBG_HP_SAMPLE] t=117165 hpOutPin=0 hpOutAsserted=1 camState=3 logicActive=1 activityActive=1 msUntilWakeDeadline=7731
3298 [DBG_HP_SAMPLE] t=117265 hpOutPin=0 hpOutAsserted=1 camState=3 logicActive=1 activityActive=1 msUntilWakeDeadline=7631
3398 [DBG_HP_SAMPLE] t=117365 hpOutPin=0 hpOutAsserted=1 camState=3 logicActive=1 activityActive=1 msUntilWakeDeadline=7531
3498 [DBG_HP_SAMPLE] t=117465 hpOutPin=0 hpOutAsserted=1 camState=3 logicActive=1 activityActive=1 msUntilWakeDeadline=7431
3598 [DBG_HP_SAMPLE] t=117565 hpOutPin=0 hpOutAsserted=1 camState=3 logicActive=1 activityActive=1 msUntilWakeDeadline=7331
3698 [DBG_HP_SAMPLE] t=117665 hpOutPin=0 hpOutAsserted=1 camState=3 logicActive=1 activityActive=1 msUntilWakeDeadline=7231
3798 [DBG_HP_SAMPLE] t=117765 hpOutPin=0 hpOutAsserted=1 camState=3 logicActive=1 activityActive=1 msUntilWakeDeadline=7131
3898 [DBG_HP_SAMPLE] t=117865 hpOutPin=0 hpOutAsserted=1 camState=3 logicActive=1 activityActive=1 msUntilWakeDeadline=7031
3929 [DBG_PIN] t=117896 sig=FP_OUT state=ACTIVE reason=burstFrameFire camState=3 hpOutAsserted=1
3999 [DBG_HP_SAMPLE] t=117965 hpOutPin=0 hpOutAsserted=1 camState=3 logicActive=1 activityActive=1 msUntilWakeDeadline=6931
4029 [DBG_PIN] t=117996 sig=FP_OUT state=INACTIVE reason=burstPulseComplete durMs=100 camState=3 hpOutAsserted=1
4098 [DBG_HP_SAMPLE] t=118065 hpOutPin=0 hpOutAsserted=1 camState=4 logicActive=1 activityActive=1 msUntilWakeDeadline=6831
4198 [DBG_HP_SAMPLE] t=118165 hpOutPin=0 hpOutAsserted=1 camState=4 logicActive=1 activityActive=1 msUntilWakeDeadline=6731
4298 [DBG_HP_SAMPLE] t=118265 hpOutPin=0 hpOutAsserted=1 camState=4 logicActive=1 activityActive=1 msUntilWakeDeadline=6631
4398 [DBG_HP_SAMPLE] t=118365 hpOutPin=0 hpOutAsserted=1 camState=4 logicActive=1 activityActive=1 msUntilWakeDeadline=6531
4499 [DBG_HP_SAMPLE] t=118465 hpOutPin=0 hpOutAsserted=1 camState=4 logicActive=1 activityActive=1 msUntilWakeDeadline=6431
4598 [DBG_HP_SAMPLE] t=118565 hpOutPin=0 hpOutAsserted=1 camState=4 logicActive=1 activityActive=1 msUntilWakeDeadline=6331
4698 [DBG_HP_SAMPLE] t=118665 hpOutPin=0 hpOutAsserted=1 camState=4 logicActive=1 activityActive=1 msUntilWakeDeadline=6231
4798 [DBG_HP_SAMPLE] t=118765 hpOutPin=0 hpOutAsserted=1 camState=4 logicActive=1 activityActive=1 msUntilWakeDeadline=6131
4898 [DBG_HP_SAMPLE] t=118865 hpOutPin=0 hpOutAsserted=1 camState=4 logicActive=1 activityActive=1 msUntilWakeDeadline=6031
4998 [DBG_HP_SAMPLE] t=118965 hpOutPin=0 hpOutAsserted=1 camState=4 logicActive=1 activityActive=1 msUntilWakeDeadline=5931
5098 [DBG_HP_SAMPLE] t=119065 hpOutPin=0 hpOutAsserted=1 camState=4 logicActive=1 activityActive=1 msUntilWakeDeadline=5831
5198 [DBG_HP_SAMPLE] t=119165 hpOutPin=0 hpOutAsserted=1 camState=4 logicActive=1 activityActive=1 msUntilWakeDeadline=5731
5298 [DBG_HP_SAMPLE] t=119265 hpOutPin=0 hpOutAsserted=1 camState=4 logicActive=1 activityActive=1 msUntilWakeDeadline=5631
5398 [DBG_HP_SAMPLE] t=119365 hpOutPin=0 hpOutAsserted=1 camState=4 logicActive=1 activityActive=1 msUntilWakeDeadline=5531
5499 [DBG_HP_SAMPLE] t=119465 hpOutPin=0 hpOutAsserted=1 camState=4 logicActive=1 activityActive=1 msUntilWakeDeadline=5431
5598 [DBG_HP_SAMPLE] t=119565 hpOutPin=0 hpOutAsserted=1 camState=4 logicActive=1 activityActive=1 msUntilWakeDeadline=5331
5698 [DBG_HP_SAMPLE] t=119665 hpOutPin=0 hpOutAsserted=1 camState=4 logicActive=1 activityActive=1 msUntilWakeDeadline=5231
5798 [DBG_HP_SAMPLE] t=119765 hpOutPin=0 hpOutAsserted=1 camState=4 logicActive=1 activityActive=1 msUntilWakeDeadline=5131
5898 [DBG_HP_SAMPLE] t=119865 hpOutPin=0 hpOutAsserted=1 camState=4 logicActive=1 activityActive=1 msUntilWakeDeadline=5031
5999 [DBG_HP_SAMPLE] t=119965 hpOutPin=0 hpOutAsserted=1 camState=4 logicActive=1 activityActive=1 msUntilWakeDeadline=4931
6098 [DBG_HP_SAMPLE] t=120065 hpOutPin=0 hpOutAsserted=1 camState=1 logicActive=1 activityActive=0 msUntilWakeDeadline=4831
6198 [DBG_HP_SAMPLE] t=120165 hpOutPin=0 hpOutAsserted=1 camState=1 logicActive=1 activityActive=0 msUntilWakeDeadline=4731
6299 [DBG_HP_SAMPLE] t=120265 hpOutPin=0 hpOutAsserted=1 camState=1 logicActive=1 activityActive=0 msUntilWakeDeadline=4631
6398 [DBG_HP_SAMPLE] t=120365 hpOutPin=0 hpOutAsserted=1 camState=1 logicActive=1 activityActive=0 msUntilWakeDeadline=4531
6499 [DBG_HP_SAMPLE] t=120465 hpOutPin=0 hpOutAsserted=1 camState=1 logicActive=1 activityActive=0 msUntilWakeDeadline=4431
6598 [DBG_HP_SAMPLE] t=120565 hpOutPin=0 hpOutAsserted=1 camState=1 logicActive=1 activityActive=0 msUntilWakeDeadline=4331
6698 [DBG_HP_SAMPLE] t=120665 hpOutPin=0 hpOutAsserted=1 camState=1 logicActive=1 activityActive=0 msUntilWakeDeadline=4231
6798 [DBG_HP_SAMPLE] t=120765 hpOutPin=0 hpOutAsserted=1 camState=1 logicActive=1 activityActive=0 msUntilWakeDeadline=4131
6898 [DBG_HP_SAMPLE] t=120865 hpOutPin=0 hpOutAsserted=1 camState=1 logicActive=1 activityActive=0 msUntilWakeDeadline=4031
6999 [DBG_HP_SAMPLE] t=120965 hpOutPin=0 hpOutAsserted=1 camState=1 logicActive=1 activityActive=0 msUntilWakeDeadline=3931
7098 [DBG_HP_SAMPLE] t=121065 hpOutPin=0 hpOutAsserted=1 camState=1 logicActive=1 activityActive=0 msUntilWakeDeadline=3831
7198 [DBG_HP_SAMPLE] t=121165 hpOutPin=0 hpOutAsserted=1 camState=1 logicActive=1 activityActive=0 msUntilWakeDeadline=3731
7298 [DBG_HP_SAMPLE] t=121265 hpOutPin=0 hpOutAsserted=1 camState=1 logicActive=1 activityActive=0 msUntilWakeDeadline=3631
7398 [DBG_HP_SAMPLE] t=121365 hpOutPin=0 hpOutAsserted=1 camState=1 logicActive=1 activityActive=0 msUntilWakeDeadline=3531
7498 [DBG_HP_SAMPLE] t=121465 hpOutPin=0 hpOutAsserted=1 camState=1 logicActive=1 activityActive=0 msUntilWakeDeadline=3431
7598 [DBG_HP_SAMPLE] t=121565 hpOutPin=0 hpOutAsserted=1 camState=1 logicActive=1 activityActive=0 msUntilWakeDeadline=3331
7698 [DBG_HP_SAMPLE] t=121665 hpOutPin=0 hpOutAsserted=1 camState=1 logicActive=1 activityActive=0 msUntilWakeDeadline=3231
7798 [DBG_HP_SAMPLE] t=121765 hpOutPin=0 hpOutAsserted=1 camState=1 logicActive=1 activityActive=0 msUntilWakeDeadline=3131
7898 [DBG_HP_SAMPLE] t=121865 hpOutPin=0 hpOutAsserted=1 camState=1 logicActive=1 activityActive=0 msUntilWakeDeadline=3031
7999 [DBG_HP_SAMPLE] t=121965 hpOutPin=0 hpOutAsserted=1 camState=1 logicActive=1 activityActive=0 msUntilWakeDeadline=2931
8098 [DBG_HP_SAMPLE] t=122065 hpOutPin=0 hpOutAsserted=1 camState=1 logicActive=1 activityActive=0 msUntilWakeDeadline=2831
8198 [DBG_HP_SAMPLE] t=122165 hpOutPin=0 hpOutAsserted=1 camState=1 logicActive=1 activityActive=0 msUntilWakeDeadline=2731
8298 [DBG_HP_SAMPLE] t=122265 hpOutPin=0 hpOutAsserted=1 camState=1 logicActive=1 activityActive=0 msUntilWakeDeadline=2631
8398 [DBG_HP_SAMPLE] t=122365 hpOutPin=0 hpOutAsserted=1 camState=1 logicActive=1 activityActive=0 msUntilWakeDeadline=2531
8498 [DBG_HP_SAMPLE] t=122465 hpOutPin=0 hpOutAsserted=1 camState=1 logicActive=1 activityActive=0 msUntilWakeDeadline=2431
8598 [DBG_HP_SAMPLE] t=122565 hpOutPin=0 hpOutAsserted=1 camState=1 logicActive=1 activityActive=0 msUntilWakeDeadline=2331
8698 [DBG_HP_SAMPLE] t=122665 hpOutPin=0 hpOutAsserted=1 camState=1 logicActive=1 activityActive=0 msUntilWakeDeadline=2231
8798 [DBG_HP_SAMPLE] t=122765 hpOutPin=0 hpOutAsserted=1 camState=1 logicActive=1 activityActive=0 msUntilWakeDeadline=2131
8898 [DBG_HP_SAMPLE] t=122865 hpOutPin=0 hpOutAsserted=1 camState=1 logicActive=1 activityActive=0 msUntilWakeDeadline=2031
8998 [DBG_HP_SAMPLE] t=122965 hpOutPin=0 hpOutAsserted=1 camState=1 logicActive=1 activityActive=0 msUntilWakeDeadline=1931
9098 [DBG_HP_SAMPLE] t=123065 hpOutPin=0 hpOutAsserted=1 camState=1 logicActive=1 activityActive=0 msUntilWakeDeadline=1831
9198 [DBG_HP_SAMPLE] t=123165 hpOutPin=0 hpOutAsserted=1 camState=1 logicActive=1 activityActive=0 msUntilWakeDeadline=1731
9298 [DBG_HP_SAMPLE] t=123265 hpOutPin=0 hpOutAsserted=1 camState=1 logicActive=1 activityActive=0 msUntilWakeDeadline=1631
9398 [DBG_HP_SAMPLE] t=123365 hpOutPin=0 hpOutAsserted=1 camState=1 logicActive=1 activityActive=0 msUntilWakeDeadline=1531
9498 [DBG_HP_SAMPLE] t=123465 hpOutPin=0 hpOutAsserted=1 camState=1 logicActive=1 activityActive=0 msUntilWakeDeadline=1431
9598 [DBG_HP_SAMPLE] t=123565 hpOutPin=0 hpOutAsserted=1 camState=1 logicActive=1 activityActive=0 msUntilWakeDeadline=1331
9698 [DBG_HP_SAMPLE] t=123665 hpOutPin=0 hpOutAsserted=1 camState=1 logicActive=1 activityActive=0 msUntilWakeDeadline=1231
9798 [DBG_HP_SAMPLE] t=123765 hpOutPin=0 hpOutAsserted=1 camState=1 logicActive=1 activityActive=0 msUntilWakeDeadline=1131
9898 [DBG_HP_SAMPLE] t=123865 hpOutPin=0 hpOutAsserted=1 camState=1 logicActive=1 activityActive=0 msUntilWakeDeadline=1031
9998 [DBG_HP_SAMPLE] t=123965 hpOutPin=0 hpOutAsserted=1 camState=1 logicActive=1 activityActive=0 msUntilWakeDeadline=931
10099 [DBG_HP_SAMPLE] t=124065 hpOutPin=0 hpOutAsserted=1 camState=1 logicActive=1 activityActive=0 msUntilWakeDeadline=831
10198 [DBG_HP_SAMPLE] t=124165 hpOutPin=0 hpOutAsserted=1 camState=1 logicActive=1 activityActive=0 msUntilWakeDeadline=731
10299 [DBG_HP_SAMPLE] t=124265 hpOutPin=0 hpOutAsserted=1 camState=1 logicActive=1 activityActive=0 msUntilWakeDeadline=631
10398 [DBG_HP_SAMPLE] t=124365 hpOutPin=0 hpOutAsserted=1 camState=1 logicActive=1 activityActive=0 msUntilWakeDeadline=531
10499 [DBG_HP_SAMPLE] t=124465 hpOutPin=0 hpOutAsserted=1 camState=1 logicActive=1 activityActive=0 msUntilWakeDeadline=431
10598 [DBG_HP_SAMPLE] t=124565 hpOutPin=0 hpOutAsserted=1 camState=1 logicActive=1 activityActive=0 msUntilWakeDeadline=331
10698 [DBG_HP_SAMPLE] t=124665 hpOutPin=0 hpOutAsserted=1 camState=1 logicActive=1 activityActive=0 msUntilWakeDeadline=231
10798 [DBG_HP_SAMPLE] t=124765 hpOutPin=0 hpOutAsserted=1 camState=1 logicActive=1 activityActive=0 msUntilWakeDeadline=131
10898 [DBG_HP_SAMPLE] t=124865 hpOutPin=0 hpOutAsserted=1 camState=1 logicActive=1 activityActive=0 msUntilWakeDeadline=31
10929 [DBG_PIN] t=124896 sig=FP_OUT state=INACTIVE reason=endActivity durMs=7000 camState=1 hpOutAsserted=1
10930 [DBG_PIN] t=124896 sig=HP_OUT state=INACTIVE reason=releaseHpOut durMs=10951 camState=1 hpOutAsserted=0
11606 [DBG_IO] t=125572 stage=configureRuntimeIo.enter deviceType=1 camEnabled=1 camState=0 logicActive=0 activityActive=0 hpOutAsserted=0 hpOutPin=1 fpOutPin=1
11608 [DBG_IO] t=125572 stage=configureRuntimeIo.outputsInput deviceType=1 camEnabled=1 camState=0 logicActive=0 activityActive=0 hpOutAsserted=0 hpOutPin=1 fpOutPin=1
11611 [DBG_IO] t=125573 stage=configureRuntimeIo.cameraStateMachine deviceType=1 camEnabled=1 camState=0 logicActive=0 activityActive=0 hpOutAsserted=0 hpOutPin=1 fpOutPin=1
11613 [DBG_HP_SAMPLE] t=125574 hpOutPin=1 hpOutAsserted=0 camState=0 logicActive=0 activityActive=0 msUntilWakeDeadline=0
11725 [DBG_HP_SAMPLE] t=125692 hpOutPin=1 hpOutAsserted=0 camState=0 logicActive=0 activityActive=0 msUntilWakeDeadline=0
11842 [DBG_HP_SAMPLE] t=125809 hpOutPin=1 hpOutAsserted=0 camState=0 logicActive=0 activityActive=0 msUntilWakeDeadline=0
11961 [DBG_HP_SAMPLE] t=125926 hpOutPin=1 hpOutAsserted=0 camState=0 logicActive=0 activityActive=0 msUntilWakeDeadline=0
12077 [DBG_HP_SAMPLE] t=126043 hpOutPin=1 hpOutAsserted=0 camState=0 logicActive=0 activityActive=0 msUntilWakeDeadline=0
