79 [DBG_HP_SAMPLE] t=754776 hpOutPin=0 hpOutAsserted=1 camState=1 logicActive=1 activityActive=0 msUntilWakeDeadline=9900
210 [DBG_HP_SAMPLE] t=754886 hpOutPin=0 hpOutAsserted=1 camState=1 logicActive=1 activityActive=0 msUntilWakeDeadline=9790
288 [DBG_HP_SAMPLE] t=754986 hpOutPin=0 hpOutAsserted=1 camState=1 logicActive=1 activityActive=0 msUntilWakeDeadline=9690
420 [DBG_HP_SAMPLE] t=755096 hpOutPin=0 hpOutAsserted=1 camState=1 logicActive=1 activityActive=0 msUntilWakeDeadline=9580
499 [DBG_HP_SAMPLE] t=755196 hpOutPin=0 hpOutAsserted=1 camState=1 logicActive=1 activityActive=0 msUntilWakeDeadline=9480
599 [DBG_HP_SAMPLE] t=755296 hpOutPin=0 hpOutAsserted=1 camState=1 logicActive=1 activityActive=0 msUntilWakeDeadline=9380
699 [DBG_HP_SAMPLE] t=755396 hpOutPin=0 hpOutAsserted=1 camState=1 logicActive=1 activityActive=0 msUntilWakeDeadline=9280
798 [DBG_HP_SAMPLE] t=755496 hpOutPin=0 hpOutAsserted=1 camState=1 logicActive=1 activityActive=0 msUntilWakeDeadline=9180
899 [DBG_HP_SAMPLE] t=755596 hpOutPin=0 hpOutAsserted=1 camState=1 logicActive=1 activityActive=0 msUntilWakeDeadline=9080
941 [DBG_PIN] t=755638 sig=FP_OUT state=ACTIVE reason=burstFrameFire camState=3 hpOutAsserted=1
999 [DBG_HP_SAMPLE] t=755696 hpOutPin=0 hpOutAsserted=1 camState=3 logicActive=1 activityActive=1 msUntilWakeDeadline=8980
1040 [DBG_PIN] t=755738 sig=FP_OUT state=INACTIVE reason=burstPulseComplete durMs=100 camState=3 hpOutAsserted=1
1099 [DBG_HP_SAMPLE] t=755796 hpOutPin=0 hpOutAsserted=1 camState=3 logicActive=1 activityActive=1 msUntilWakeDeadline=8880
1199 [DBG_HP_SAMPLE] t=755896 hpOutPin=0 hpOutAsserted=1 camState=3 logicActive=1 activityActive=1 msUntilWakeDeadline=8780
1298 [DBG_HP_SAMPLE] t=755996 hpOutPin=0 hpOutAsserted=1 camState=3 logicActive=1 activityActive=1 msUntilWakeDeadline=8680
1399 [DBG_HP_SAMPLE] t=756096 hpOutPin=0 hpOutAsserted=1 camState=3 logicActive=1 activityActive=1 msUntilWakeDeadline=8580
1499 [DBG_HP_SAMPLE] t=756196 hpOutPin=0 hpOutAsserted=1 camState=3 logicActive=1 activityActive=1 msUntilWakeDeadline=8480
1599 [DBG_HP_SAMPLE] t=756296 hpOutPin=0 hpOutAsserted=1 camState=3 logicActive=1 activityActive=1 msUntilWakeDeadline=8380
1699 [DBG_HP_SAMPLE] t=756396 hpOutPin=0 hpOutAsserted=1 camState=3 logicActive=1 activityActive=1 msUntilWakeDeadline=8280
1798 [DBG_HP_SAMPLE] t=756496 hpOutPin=0 hpOutAsserted=1 camState=3 logicActive=1 activityActive=1 msUntilWakeDeadline=8180
1899 [DBG_HP_SAMPLE] t=756596 hpOutPin=0 hpOutAsserted=1 camState=3 logicActive=1 activityActive=1 msUntilWakeDeadline=8080
1940 [DBG_PIN] t=756638 sig=FP_OUT state=ACTIVE reason=burstFrameFire camState=3 hpOutAsserted=1
1999 [DBG_HP_SAMPLE] t=756696 hpOutPin=0 hpOutAsserted=1 camState=3 logicActive=1 activityActive=1 msUntilWakeDeadline=7980
2040 [DBG_PIN] t=756738 sig=FP_OUT state=INACTIVE reason=burstPulseComplete durMs=100 camState=3 hpOutAsserted=1
2099 [DBG_HP_SAMPLE] t=756796 hpOutPin=0 hpOutAsserted=1 camState=3 logicActive=1 activityActive=1 msUntilWakeDeadline=7880
2199 [DBG_HP_SAMPLE] t=756896 hpOutPin=0 hpOutAsserted=1 camState=3 logicActive=1 activityActive=1 msUntilWakeDeadline=7780
2298 [DBG_HP_SAMPLE] t=756996 hpOutPin=0 hpOutAsserted=1 camState=3 logicActive=1 activityActive=1 msUntilWakeDeadline=7680
2399 [DBG_HP_SAMPLE] t=757096 hpOutPin=0 hpOutAsserted=1 camState=3 logicActive=1 activityActive=1 msUntilWakeDeadline=7580
2499 [DBG_HP_SAMPLE] t=757196 hpOutPin=0 hpOutAsserted=1 camState=3 logicActive=1 activityActive=1 msUntilWakeDeadline=7480
2599 [DBG_HP_SAMPLE] t=757296 hpOutPin=0 hpOutAsserted=1 camState=3 logicActive=1 activityActive=1 msUntilWakeDeadline=7380
2699 [DBG_HP_SAMPLE] t=757396 hpOutPin=0 hpOutAsserted=1 camState=3 logicActive=1 activityActive=1 msUntilWakeDeadline=7280
2798 [DBG_HP_SAMPLE] t=757496 hpOutPin=0 hpOutAsserted=1 camState=3 logicActive=1 activityActive=1 msUntilWakeDeadline=7180
2898 [DBG_HP_SAMPLE] t=757596 hpOutPin=0 hpOutAsserted=1 camState=3 logicActive=1 activityActive=1 msUntilWakeDeadline=7080
2940 [DBG_PIN] t=757638 sig=FP_OUT state=ACTIVE reason=burstFrameFire camState=3 hpOutAsserted=1
2998 [DBG_HP_SAMPLE] t=757696 hpOutPin=0 hpOutAsserted=1 camState=3 logicActive=1 activityActive=1 msUntilWakeDeadline=6980
3040 [DBG_PIN] t=757738 sig=FP_OUT state=INACTIVE reason=burstPulseComplete durMs=100 camState=3 hpOutAsserted=1
3099 [DBG_HP_SAMPLE] t=757796 hpOutPin=0 hpOutAsserted=1 camState=3 logicActive=1 activityActive=1 msUntilWakeDeadline=6880
3198 [DBG_HP_SAMPLE] t=757896 hpOutPin=0 hpOutAsserted=1 camState=3 logicActive=1 activityActive=1 msUntilWakeDeadline=6780
3298 [DBG_HP_SAMPLE] t=757996 hpOutPin=0 hpOutAsserted=1 camState=3 logicActive=1 activityActive=1 msUntilWakeDeadline=6680
3398 [DBG_HP_SAMPLE] t=758096 hpOutPin=0 hpOutAsserted=1 camState=3 logicActive=1 activityActive=1 msUntilWakeDeadline=6580
3498 [DBG_HP_SAMPLE] t=758196 hpOutPin=0 hpOutAsserted=1 camState=3 logicActive=1 activityActive=1 msUntilWakeDeadline=6480
3599 [DBG_HP_SAMPLE] t=758296 hpOutPin=0 hpOutAsserted=1 camState=3 logicActive=1 activityActive=1 msUntilWakeDeadline=6380
3698 [DBG_HP_SAMPLE] t=758396 hpOutPin=0 hpOutAsserted=1 camState=3 logicActive=1 activityActive=1 msUntilWakeDeadline=6280
3798 [DBG_HP_SAMPLE] t=758496 hpOutPin=0 hpOutAsserted=1 camState=3 logicActive=1 activityActive=1 msUntilWakeDeadline=6180
3898 [DBG_HP_SAMPLE] t=758596 hpOutPin=0 hpOutAsserted=1 camState=3 logicActive=1 activityActive=1 msUntilWakeDeadline=6080
3940 [DBG_PIN] t=758638 sig=FP_OUT state=ACTIVE reason=burstFrameFire camState=3 hpOutAsserted=1
3998 [DBG_HP_SAMPLE] t=758696 hpOutPin=0 hpOutAsserted=1 camState=3 logicActive=1 activityActive=1 msUntilWakeDeadline=5980
4040 [DBG_PIN] t=758738 sig=FP_OUT state=INACTIVE reason=burstPulseComplete durMs=100 camState=3 hpOutAsserted=1
4098 [DBG_HP_SAMPLE] t=758796 hpOutPin=0 hpOutAsserted=1 camState=4 logicActive=1 activityActive=1 msUntilWakeDeadline=5880
4198 [DBG_HP_SAMPLE] t=758896 hpOutPin=0 hpOutAsserted=1 camState=4 logicActive=1 activityActive=1 msUntilWakeDeadline=5780
4298 [DBG_HP_SAMPLE] t=758996 hpOutPin=0 hpOutAsserted=1 camState=4 logicActive=1 activityActive=1 msUntilWakeDeadline=5680
4398 [DBG_HP_SAMPLE] t=759096 hpOutPin=0 hpOutAsserted=1 camState=4 logicActive=1 activityActive=1 msUntilWakeDeadline=5580
4498 [DBG_HP_SAMPLE] t=759196 hpOutPin=0 hpOutAsserted=1 camState=4 logicActive=1 activityActive=1 msUntilWakeDeadline=5480
4599 [DBG_HP_SAMPLE] t=759296 hpOutPin=0 hpOutAsserted=1 camState=4 logicActive=1 activityActive=1 msUntilWakeDeadline=5380
4698 [DBG_HP_SAMPLE] t=759396 hpOutPin=0 hpOutAsserted=1 camState=4 logicActive=1 activityActive=1 msUntilWakeDeadline=5280
4798 [DBG_HP_SAMPLE] t=759496 hpOutPin=0 hpOutAsserted=1 camState=4 logicActive=1 activityActive=1 msUntilWakeDeadline=5180
4898 [DBG_HP_SAMPLE] t=759596 hpOutPin=0 hpOutAsserted=1 camState=4 logicActive=1 activityActive=1 msUntilWakeDeadline=5080
4998 [DBG_HP_SAMPLE] t=759696 hpOutPin=0 hpOutAsserted=1 camState=4 logicActive=1 activityActive=1 msUntilWakeDeadline=4980
5098 [DBG_HP_SAMPLE] t=759796 hpOutPin=0 hpOutAsserted=1 camState=4 logicActive=1 activityActive=1 msUntilWakeDeadline=4880
5198 [DBG_HP_SAMPLE] t=759896 hpOutPin=0 hpOutAsserted=1 camState=4 logicActive=1 activityActive=1 msUntilWakeDeadline=4780
5298 [DBG_HP_SAMPLE] t=759996 hpOutPin=0 hpOutAsserted=1 camState=4 logicActive=1 activityActive=1 msUntilWakeDeadline=4680
5398 [DBG_HP_SAMPLE] t=760096 hpOutPin=0 hpOutAsserted=1 camState=4 logicActive=1 activityActive=1 msUntilWakeDeadline=4580
5498 [DBG_HP_SAMPLE] t=760196 hpOutPin=0 hpOutAsserted=1 camState=4 logicActive=1 activityActive=1 msUntilWakeDeadline=4480
5598 [DBG_HP_SAMPLE] t=760296 hpOutPin=0 hpOutAsserted=1 camState=4 logicActive=1 activityActive=1 msUntilWakeDeadline=4380
5698 [DBG_HP_SAMPLE] t=760396 hpOutPin=0 hpOutAsserted=1 camState=4 logicActive=1 activityActive=1 msUntilWakeDeadline=4280
5798 [DBG_HP_SAMPLE] t=760496 hpOutPin=0 hpOutAsserted=1 camState=4 logicActive=1 activityActive=1 msUntilWakeDeadline=4180
5898 [DBG_HP_SAMPLE] t=760596 hpOutPin=0 hpOutAsserted=1 camState=4 logicActive=1 activityActive=1 msUntilWakeDeadline=4080
5998 [DBG_HP_SAMPLE] t=760696 hpOutPin=0 hpOutAsserted=1 camState=4 logicActive=1 activityActive=1 msUntilWakeDeadline=3980
6099 [DBG_HP_SAMPLE] t=760796 hpOutPin=0 hpOutAsserted=1 camState=1 logicActive=1 activityActive=0 msUntilWakeDeadline=3880
6198 [DBG_HP_SAMPLE] t=760896 hpOutPin=0 hpOutAsserted=1 camState=1 logicActive=1 activityActive=0 msUntilWakeDeadline=3780
6298 [DBG_HP_SAMPLE] t=760996 hpOutPin=0 hpOutAsserted=1 camState=1 logicActive=1 activityActive=0 msUntilWakeDeadline=3680
6398 [DBG_HP_SAMPLE] t=761096 hpOutPin=0 hpOutAsserted=1 camState=1 logicActive=1 activityActive=0 msUntilWakeDeadline=3580
6498 [DBG_HP_SAMPLE] t=761196 hpOutPin=0 hpOutAsserted=1 camState=1 logicActive=1 activityActive=0 msUntilWakeDeadline=3480
6598 [DBG_HP_SAMPLE] t=761296 hpOutPin=0 hpOutAsserted=1 camState=1 logicActive=1 activityActive=0 msUntilWakeDeadline=3380
6698 [DBG_HP_SAMPLE] t=761396 hpOutPin=0 hpOutAsserted=1 camState=1 logicActive=1 activityActive=0 msUntilWakeDeadline=3280
6798 [DBG_HP_SAMPLE] t=761496 hpOutPin=0 hpOutAsserted=1 camState=1 logicActive=1 activityActive=0 msUntilWakeDeadline=3180
6898 [DBG_HP_SAMPLE] t=761596 hpOutPin=0 hpOutAsserted=1 camState=1 logicActive=1 activityActive=0 msUntilWakeDeadline=3080
6998 [DBG_HP_SAMPLE] t=761696 hpOutPin=0 hpOutAsserted=1 camState=1 logicActive=1 activityActive=0 msUntilWakeDeadline=2980
7098 [DBG_HP_SAMPLE] t=761796 hpOutPin=0 hpOutAsserted=1 camState=1 logicActive=1 activityActive=0 msUntilWakeDeadline=2880
7198 [DBG_HP_SAMPLE] t=761896 hpOutPin=0 hpOutAsserted=1 camState=1 logicActive=1 activityActive=0 msUntilWakeDeadline=2780
7298 [DBG_HP_SAMPLE] t=761996 hpOutPin=0 hpOutAsserted=1 camState=1 logicActive=1 activityActive=0 msUntilWakeDeadline=2680
7398 [DBG_HP_SAMPLE] t=762096 hpOutPin=0 hpOutAsserted=1 camState=1 logicActive=1 activityActive=0 msUntilWakeDeadline=2580
7498 [DBG_HP_SAMPLE] t=762196 hpOutPin=0 hpOutAsserted=1 camState=1 logicActive=1 activityActive=0 msUntilWakeDeadline=2480
7599 [DBG_HP_SAMPLE] t=762296 hpOutPin=0 hpOutAsserted=1 camState=1 logicActive=1 activityActive=0 msUntilWakeDeadline=2380
7698 [DBG_HP_SAMPLE] t=762396 hpOutPin=0 hpOutAsserted=1 camState=1 logicActive=1 activityActive=0 msUntilWakeDeadline=2280
7798 [DBG_HP_SAMPLE] t=762496 hpOutPin=0 hpOutAsserted=1 camState=1 logicActive=1 activityActive=0 msUntilWakeDeadline=2180
7898 [DBG_HP_SAMPLE] t=762596 hpOutPin=0 hpOutAsserted=1 camState=1 logicActive=1 activityActive=0 msUntilWakeDeadline=2080
7998 [DBG_HP_SAMPLE] t=762696 hpOutPin=0 hpOutAsserted=1 camState=1 logicActive=1 activityActive=0 msUntilWakeDeadline=1980
8098 [DBG_HP_SAMPLE] t=762796 hpOutPin=0 hpOutAsserted=1 camState=1 logicActive=1 activityActive=0 msUntilWakeDeadline=1880
8198 [DBG_HP_SAMPLE] t=762896 hpOutPin=0 hpOutAsserted=1 camState=1 logicActive=1 activityActive=0 msUntilWakeDeadline=1780
8297 [DBG_HP_SAMPLE] t=762996 hpOutPin=0 hpOutAsserted=1 camState=1 logicActive=1 activityActive=0 msUntilWakeDeadline=1680
8398 [DBG_HP_SAMPLE] t=763096 hpOutPin=0 hpOutAsserted=1 camState=1 logicActive=1 activityActive=0 msUntilWakeDeadline=1580
8498 [DBG_HP_SAMPLE] t=763196 hpOutPin=0 hpOutAsserted=1 camState=1 logicActive=1 activityActive=0 msUntilWakeDeadline=1480
8599 [DBG_HP_SAMPLE] t=763296 hpOutPin=0 hpOutAsserted=1 camState=1 logicActive=1 activityActive=0 msUntilWakeDeadline=1380
8698 [DBG_HP_SAMPLE] t=763396 hpOutPin=0 hpOutAsserted=1 camState=1 logicActive=1 activityActive=0 msUntilWakeDeadline=1280
8798 [DBG_HP_SAMPLE] t=763496 hpOutPin=0 hpOutAsserted=1 camState=1 logicActive=1 activityActive=0 msUntilWakeDeadline=1180
8898 [DBG_HP_SAMPLE] t=763596 hpOutPin=0 hpOutAsserted=1 camState=1 logicActive=1 activityActive=0 msUntilWakeDeadline=1080
8998 [DBG_HP_SAMPLE] t=763696 hpOutPin=0 hpOutAsserted=1 camState=1 logicActive=1 activityActive=0 msUntilWakeDeadline=980
9098 [DBG_HP_SAMPLE] t=763796 hpOutPin=0 hpOutAsserted=1 camState=1 logicActive=1 activityActive=0 msUntilWakeDeadline=880
9198 [DBG_HP_SAMPLE] t=763896 hpOutPin=0 hpOutAsserted=1 camState=1 logicActive=1 activityActive=0 msUntilWakeDeadline=780
9298 [DBG_HP_SAMPLE] t=763996 hpOutPin=0 hpOutAsserted=1 camState=1 logicActive=1 activityActive=0 msUntilWakeDeadline=680
9398 [DBG_HP_SAMPLE] t=764096 hpOutPin=0 hpOutAsserted=1 camState=1 logicActive=1 activityActive=0 msUntilWakeDeadline=580
9498 [DBG_HP_SAMPLE] t=764196 hpOutPin=0 hpOutAsserted=1 camState=1 logicActive=1 activityActive=0 msUntilWakeDeadline=480
9598 [DBG_HP_SAMPLE] t=764296 hpOutPin=0 hpOutAsserted=1 camState=1 logicActive=1 activityActive=0 msUntilWakeDeadline=380
9698 [DBG_HP_SAMPLE] t=764396 hpOutPin=0 hpOutAsserted=1 camState=1 logicActive=1 activityActive=0 msUntilWakeDeadline=280
9797 [DBG_HP_SAMPLE] t=764496 hpOutPin=0 hpOutAsserted=1 camState=1 logicActive=1 activityActive=0 msUntilWakeDeadline=180
9898 [DBG_HP_SAMPLE] t=764596 hpOutPin=0 hpOutAsserted=1 camState=1 logicActive=1 activityActive=0 msUntilWakeDeadline=80
9981 [DBG_PIN] t=764676 sig=FP_OUT state=INACTIVE reason=endActivity durMs=6038 camState=1 hpOutAsserted=1
9984 [DBG_PIN] t=764676 sig=HP_OUT state=INACTIVE reason=releaseHpOut durMs=10000 camState=1 hpOutAsserted=0
9990 [DBG_IO] t=764677 stage=configureRuntimeIo.enter deviceType=1 camEnabled=1 camState=0 logicActive=0 activityActive=0 hpOutAsserted=0 hpOutPin=1 fpOutPin=1
9995 [DBG_IO] t=764678 stage=configureRuntimeIo.outputsInput deviceType=1 camEnabled=1 camState=0 logicActive=0 activityActive=0 hpOutAsserted=0 hpOutPin=1 fpOutPin=1
10206 [DBG_IO] t=764679 stage=configureRuntimeIo.cameraStateMachine deviceType=1 camEnabled=1 camState=0 logicActive=0 activityActive=0
