79 [DBG_HP_SAMPLE] t=2643011 hpOutPin=0 hpOutAsserted=1 camState=1 logicActive=1 activityActive=0 msUntilWakeDeadline=9900
210 [DBG_HP_SAMPLE] t=2643121 hpOutPin=0 hpOutAsserted=1 camState=1 logicActive=1 activityActive=0 msUntilWakeDeadline=9790
289 [DBG_HP_SAMPLE] t=2643221 hpOutPin=0 hpOutAsserted=1 camState=1 logicActive=1 activityActive=0 msUntilWakeDeadline=9690
420 [DBG_HP_SAMPLE] t=2643331 hpOutPin=0 hpOutAsserted=1 camState=1 logicActive=1 activityActive=0 msUntilWakeDeadline=9580
499 [DBG_HP_SAMPLE] t=2643431 hpOutPin=0 hpOutAsserted=1 camState=1 logicActive=1 activityActive=0 msUntilWakeDeadline=9480
599 [DBG_HP_SAMPLE] t=2643531 hpOutPin=0 hpOutAsserted=1 camState=1 logicActive=1 activityActive=0 msUntilWakeDeadline=9380
699 [DBG_HP_SAMPLE] t=2643631 hpOutPin=0 hpOutAsserted=1 camState=1 logicActive=1 activityActive=0 msUntilWakeDeadline=9280
799 [DBG_HP_SAMPLE] t=2643731 hpOutPin=0 hpOutAsserted=1 camState=1 logicActive=1 activityActive=0 msUntilWakeDeadline=9180
899 [DBG_HP_SAMPLE] t=2643831 hpOutPin=0 hpOutAsserted=1 camState=1 logicActive=1 activityActive=0 msUntilWakeDeadline=9080
940 [DBG_PIN] t=2643872 sig=FP_OUT state=ACTIVE reason=burstFrameFire camState=3 hpOutAsserted=1
999 [DBG_HP_SAMPLE] t=2643931 hpOutPin=0 hpOutAsserted=1 camState=3 logicActive=1 activityActive=1 msUntilWakeDeadline=8980
1040 [DBG_PIN] t=2643972 sig=FP_OUT state=INACTIVE reason=burstPulseComplete durMs=100 camState=3 hpOutAsserted=1
1099 [DBG_HP_SAMPLE] t=2644031 hpOutPin=0 hpOutAsserted=1 camState=3 logicActive=1 activityActive=1 msUntilWakeDeadline=8880
1199 [DBG_HP_SAMPLE] t=2644131 hpOutPin=0 hpOutAsserted=1 camState=3 logicActive=1 activityActive=1 msUntilWakeDeadline=8780
1299 [DBG_HP_SAMPLE] t=2644231 hpOutPin=0 hpOutAsserted=1 camState=3 logicActive=1 activityActive=1 msUntilWakeDeadline=8680
1398 [DBG_HP_SAMPLE] t=2644331 hpOutPin=0 hpOutAsserted=1 camState=3 logicActive=1 activityActive=1 msUntilWakeDeadline=8580
1499 [DBG_HP_SAMPLE] t=2644431 hpOutPin=0 hpOutAsserted=1 camState=3 logicActive=1 activityActive=1 msUntilWakeDeadline=8480
1599 [DBG_HP_SAMPLE] t=2644531 hpOutPin=0 hpOutAsserted=1 camState=3 logicActive=1 activityActive=1 msUntilWakeDeadline=8380
1699 [DBG_HP_SAMPLE] t=2644631 hpOutPin=0 hpOutAsserted=1 camState=3 logicActive=1 activityActive=1 msUntilWakeDeadline=8280
1799 [DBG_HP_SAMPLE] t=2644731 hpOutPin=0 hpOutAsserted=1 camState=3 logicActive=1 activityActive=1 msUntilWakeDeadline=8180
1898 [DBG_HP_SAMPLE] t=2644831 hpOutPin=0 hpOutAsserted=1 camState=3 logicActive=1 activityActive=1 msUntilWakeDeadline=8080
1939 [DBG_PIN] t=2644872 sig=FP_OUT state=ACTIVE reason=burstFrameFire camState=3 hpOutAsserted=1
1999 [DBG_HP_SAMPLE] t=2644931 hpOutPin=0 hpOutAsserted=1 camState=3 logicActive=1 activityActive=1 msUntilWakeDeadline=7980
2040 [DBG_PIN] t=2644972 sig=FP_OUT state=INACTIVE reason=burstPulseComplete durMs=100 camState=3 hpOutAsserted=1
2099 [DBG_HP_SAMPLE] t=2645031 hpOutPin=0 hpOutAsserted=1 camState=4 logicActive=1 activityActive=1 msUntilWakeDeadline=7880
2199 [DBG_HP_SAMPLE] t=2645131 hpOutPin=0 hpOutAsserted=1 camState=4 logicActive=1 activityActive=1 msUntilWakeDeadline=7780
2299 [DBG_HP_SAMPLE] t=2645231 hpOutPin=0 hpOutAsserted=1 camState=4 logicActive=1 activityActive=1 msUntilWakeDeadline=7680
2398 [DBG_HP_SAMPLE] t=2645331 hpOutPin=0 hpOutAsserted=1 camState=4 logicActive=1 activityActive=1 msUntilWakeDeadline=7580
2499 [DBG_HP_SAMPLE] t=2645431 hpOutPin=0 hpOutAsserted=1 camState=4 logicActive=1 activityActive=1 msUntilWakeDeadline=7480
2599 [DBG_HP_SAMPLE] t=2645531 hpOutPin=0 hpOutAsserted=1 camState=4 logicActive=1 activityActive=1 msUntilWakeDeadline=7380
2699 [DBG_HP_SAMPLE] t=2645631 hpOutPin=0 hpOutAsserted=1 camState=4 logicActive=1 activityActive=1 msUntilWakeDeadline=7280
2799 [DBG_HP_SAMPLE] t=2645731 hpOutPin=0 hpOutAsserted=1 camState=4 logicActive=1 activityActive=1 msUntilWakeDeadline=7180
2898 [DBG_HP_SAMPLE] t=2645831 hpOutPin=0 hpOutAsserted=1 camState=4 logicActive=1 activityActive=1 msUntilWakeDeadline=7080
2999 [DBG_HP_SAMPLE] t=2645931 hpOutPin=0 hpOutAsserted=1 camState=4 logicActive=1 activityActive=1 msUntilWakeDeadline=6980
3098 [DBG_HP_SAMPLE] t=2646031 hpOutPin=0 hpOutAsserted=1 camState=4 logicActive=1 activityActive=1 msUntilWakeDeadline=6880
3199 [DBG_HP_SAMPLE] t=2646131 hpOutPin=0 hpOutAsserted=1 camState=4 logicActive=1 activityActive=1 msUntilWakeDeadline=6780
3299 [DBG_HP_SAMPLE] t=2646231 hpOutPin=0 hpOutAsserted=1 camState=4 logicActive=1 activityActive=1 msUntilWakeDeadline=6680
3398 [DBG_HP_SAMPLE] t=2646331 hpOutPin=0 hpOutAsserted=1 camState=4 logicActive=1 activityActive=1 msUntilWakeDeadline=6580
3499 [DBG_HP_SAMPLE] t=2646431 hpOutPin=0 hpOutAsserted=1 camState=4 logicActive=1 activityActive=1 msUntilWakeDeadline=6480
3598 [DBG_HP_SAMPLE] t=2646531 hpOutPin=0 hpOutAsserted=1 camState=4 logicActive=1 activityActive=1 msUntilWakeDeadline=6380
3700 [DBG_HP_SAMPLE] t=2646631 hpOutPin=0 hpOutAsserted=1 camState=4 logicActive=1 activityActive=1 msUntilWakeDeadline=6280
3798 [DBG_HP_SAMPLE] t=2646731 hpOutPin=0 hpOutAsserted=1 camState=4 logicActive=1 activityActive=1 msUntilWakeDeadline=6180
3898 [DBG_HP_SAMPLE] t=2646831 hpOutPin=0 hpOutAsserted=1 camState=4 logicActive=1 activityActive=1 msUntilWakeDeadline=6080
3999 [DBG_HP_SAMPLE] t=2646931 hpOutPin=0 hpOutAsserted=1 camState=4 logicActive=1 activityActive=1 msUntilWakeDeadline=5980
4043 [DBG_PIN] t=2646975 sig=FP_OUT state=ACTIVE reason=burstFrameFire camState=3 hpOutAsserted=1
4098 [DBG_HP_SAMPLE] t=2647031 hpOutPin=0 hpOutAsserted=1 camState=3 logicActive=1 activityActive=1 msUntilWakeDeadline=5880
4142 [DBG_PIN] t=2647075 sig=FP_OUT state=INACTIVE reason=burstPulseComplete durMs=100 camState=3 hpOutAsserted=1
4199 [DBG_HP_SAMPLE] t=2647131 hpOutPin=0 hpOutAsserted=1 camState=3 logicActive=1 activityActive=1 msUntilWakeDeadline=5780
4298 [DBG_HP_SAMPLE] t=2647231 hpOutPin=0 hpOutAsserted=1 camState=3 logicActive=1 activityActive=1 msUntilWakeDeadline=5680
4398 [DBG_HP_SAMPLE] t=2647331 hpOutPin=0 hpOutAsserted=1 camState=3 logicActive=1 activityActive=1 msUntilWakeDeadline=5580
4499 [DBG_HP_SAMPLE] t=2647431 hpOutPin=0 hpOutAsserted=1 camState=3 logicActive=1 activityActive=1 msUntilWakeDeadline=5480
4598 [DBG_HP_SAMPLE] t=2647531 hpOutPin=0 hpOutAsserted=1 camState=3 logicActive=1 activityActive=1 msUntilWakeDeadline=5380
4699 [DBG_HP_SAMPLE] t=2647631 hpOutPin=0 hpOutAsserted=1 camState=3 logicActive=1 activityActive=1 msUntilWakeDeadline=5280
4798 [DBG_HP_SAMPLE] t=2647731 hpOutPin=0 hpOutAsserted=1 camState=3 logicActive=1 activityActive=1 msUntilWakeDeadline=5180
4898 [DBG_HP_SAMPLE] t=2647831 hpOutPin=0 hpOutAsserted=1 camState=3 logicActive=1 activityActive=1 msUntilWakeDeadline=5080
4998 [DBG_HP_SAMPLE] t=2647931 hpOutPin=0 hpOutAsserted=1 camState=3 logicActive=1 activityActive=1 msUntilWakeDeadline=4980
5042 [DBG_PIN] t=2647975 sig=FP_OUT state=ACTIVE reason=burstFrameFire camState=3 hpOutAsserted=1
5098 [DBG_HP_SAMPLE] t=2648031 hpOutPin=0 hpOutAsserted=1 camState=3 logicActive=1 activityActive=1 msUntilWakeDeadline=4880
5142 [DBG_PIN] t=2648075 sig=FP_OUT state=INACTIVE reason=burstPulseComplete durMs=100 camState=3 hpOutAsserted=1
5200 [DBG_HP_SAMPLE] t=2648131 hpOutPin=0 hpOutAsserted=1 camState=4 logicActive=1 activityActive=1 msUntilWakeDeadline=4780
5298 [DBG_HP_SAMPLE] t=2648231 hpOutPin=0 hpOutAsserted=1 camState=4 logicActive=1 activityActive=1 msUntilWakeDeadline=4680
5398 [DBG_HP_SAMPLE] t=2648331 hpOutPin=0 hpOutAsserted=1 camState=4 logicActive=1 activityActive=1 msUntilWakeDeadline=4580
5498 [DBG_HP_SAMPLE] t=2648431 hpOutPin=0 hpOutAsserted=1 camState=4 logicActive=1 activityActive=1 msUntilWakeDeadline=4480
5598 [DBG_HP_SAMPLE] t=2648531 hpOutPin=0 hpOutAsserted=1 camState=4 logicActive=1 activityActive=1 msUntilWakeDeadline=4380
5699 [DBG_HP_SAMPLE] t=2648631 hpOutPin=0 hpOutAsserted=1 camState=4 logicActive=1 activityActive=1 msUntilWakeDeadline=4280
5798 [DBG_HP_SAMPLE] t=2648731 hpOutPin=0 hpOutAsserted=1 camState=4 logicActive=1 activityActive=1 msUntilWakeDeadline=4180
5898 [DBG_HP_SAMPLE] t=2648831 hpOutPin=0 hpOutAsserted=1 camState=4 logicActive=1 activityActive=1 msUntilWakeDeadline=4080
5998 [DBG_HP_SAMPLE] t=2648931 hpOutPin=0 hpOutAsserted=1 camState=4 logicActive=1 activityActive=1 msUntilWakeDeadline=3980
6098 [DBG_HP_SAMPLE] t=2649031 hpOutPin=0 hpOutAsserted=1 camState=4 logicActive=1 activityActive=1 msUntilWakeDeadline=3880
6199 [DBG_HP_SAMPLE] t=2649131 hpOutPin=0 hpOutAsserted=1 camState=4 logicActive=1 activityActive=1 msUntilWakeDeadline=3780
6299 [DBG_HP_SAMPLE] t=2649231 hpOutPin=0 hpOutAsserted=1 camState=4 logicActive=1 activityActive=1 msUntilWakeDeadline=3680
6398 [DBG_HP_SAMPLE] t=2649331 hpOutPin=0 hpOutAsserted=1 camState=4 logicActive=1 activityActive=1 msUntilWakeDeadline=3580
6499 [DBG_HP_SAMPLE] t=2649431 hpOutPin=0 hpOutAsserted=1 camState=4 logicActive=1 activityActive=1 msUntilWakeDeadline=3480
6598 [DBG_HP_SAMPLE] t=2649531 hpOutPin=0 hpOutAsserted=1 camState=4 logicActive=1 activityActive=1 msUntilWakeDeadline=3380
6699 [DBG_HP_SAMPLE] t=2649631 hpOutPin=0 hpOutAsserted=1 camState=4 logicActive=1 activityActive=1 msUntilWakeDeadline=3280
6798 [DBG_HP_SAMPLE] t=2649731 hpOutPin=0 hpOutAsserted=1 camState=4 logicActive=1 activityActive=1 msUntilWakeDeadline=3180
6898 [DBG_HP_SAMPLE] t=2649831 hpOutPin=0 hpOutAsserted=1 camState=4 logicActive=1 activityActive=1 msUntilWakeDeadline=3080
6998 [DBG_HP_SAMPLE] t=2649931 hpOutPin=0 hpOutAsserted=1 camState=4 logicActive=1 activityActive=1 msUntilWakeDeadline=2980
7098 [DBG_HP_SAMPLE] t=2650031 hpOutPin=0 hpOutAsserted=1 camState=4 logicActive=1 activityActive=1 msUntilWakeDeadline=2880
7199 [DBG_HP_SAMPLE] t=2650131 hpOutPin=0 hpOutAsserted=1 camState=1 logicActive=1 activityActive=0 msUntilWakeDeadline=2780
7298 [DBG_HP_SAMPLE] t=2650231 hpOutPin=0 hpOutAsserted=1 camState=1 logicActive=1 activityActive=0 msUntilWakeDeadline=2680
7398 [DBG_HP_SAMPLE] t=2650331 hpOutPin=0 hpOutAsserted=1 camState=1 logicActive=1 activityActive=0 msUntilWakeDeadline=2580
7498 [DBG_HP_SAMPLE] t=2650431 hpOutPin=0 hpOutAsserted=1 camState=1 logicActive=1 activityActive=0 msUntilWakeDeadline=2480
7598 [DBG_HP_SAMPLE] t=2650531 hpOutPin=0 hpOutAsserted=1 camState=1 logicActive=1 activityActive=0 msUntilWakeDeadline=2380
7699 [DBG_HP_SAMPLE] t=2650631 hpOutPin=0 hpOutAsserted=1 camState=1 logicActive=1 activityActive=0 msUntilWakeDeadline=2280
7798 [DBG_HP_SAMPLE] t=2650731 hpOutPin=0 hpOutAsserted=1 camState=1 logicActive=1 activityActive=0 msUntilWakeDeadline=2180
7898 [DBG_HP_SAMPLE] t=2650831 hpOutPin=0 hpOutAsserted=1 camState=1 logicActive=1 activityActive=0 msUntilWakeDeadline=2080
7998 [DBG_HP_SAMPLE] t=2650931 hpOutPin=0 hpOutAsserted=1 camState=1 logicActive=1 activityActive=0 msUntilWakeDeadline=1980
8098 [DBG_HP_SAMPLE] t=2651031 hpOutPin=0 hpOutAsserted=1 camState=1 logicActive=1 activityActive=0 msUntilWakeDeadline=1880
8199 [DBG_HP_SAMPLE] t=2651131 hpOutPin=0 hpOutAsserted=1 camState=1 logicActive=1 activityActive=0 msUntilWakeDeadline=1780
8298 [DBG_HP_SAMPLE] t=2651231 hpOutPin=0 hpOutAsserted=1 camState=1 logicActive=1 activityActive=0 msUntilWakeDeadline=1680
8398 [DBG_HP_SAMPLE] t=2651331 hpOutPin=0 hpOutAsserted=1 camState=1 logicActive=1 activityActive=0 msUntilWakeDeadline=1580
8499 [DBG_HP_SAMPLE] t=2651431 hpOutPin=0 hpOutAsserted=1 camState=1 logicActive=1 activityActive=0 msUntilWakeDeadline=1480
8598 [DBG_HP_SAMPLE] t=2651531 hpOutPin=0 hpOutAsserted=1 camState=1 logicActive=1 activityActive=0 msUntilWakeDeadline=1380
8699 [DBG_HP_SAMPLE] t=2651631 hpOutPin=0 hpOutAsserted=1 camState=1 logicActive=1 activityActive=0 msUntilWakeDeadline=1280
8798 [DBG_HP_SAMPLE] t=2651731 hpOutPin=0 hpOutAsserted=1 camState=1 logicActive=1 activityActive=0 msUntilWakeDeadline=1180
8898 [DBG_HP_SAMPLE] t=2651831 hpOutPin=0 hpOutAsserted=1 camState=1 logicActive=1 activityActive=0 msUntilWakeDeadline=1080
8998 [DBG_HP_SAMPLE] t=2651931 hpOutPin=0 hpOutAsserted=1 camState=1 logicActive=1 activityActive=0 msUntilWakeDeadline=980
9098 [DBG_HP_SAMPLE] t=2652031 hpOutPin=0 hpOutAsserted=1 camState=1 logicActive=1 activityActive=0 msUntilWakeDeadline=880
9199 [DBG_HP_SAMPLE] t=2652131 hpOutPin=0 hpOutAsserted=1 camState=1 logicActive=1 activityActive=0 msUntilWakeDeadline=780
9298 [DBG_HP_SAMPLE] t=2652231 hpOutPin=0 hpOutAsserted=1 camState=1 logicActive=1 activityActive=0 msUntilWakeDeadline=680
9398 [DBG_HP_SAMPLE] t=2652331 hpOutPin=0 hpOutAsserted=1 camState=1 logicActive=1 activityActive=0 msUntilWakeDeadline=580
9498 [DBG_HP_SAMPLE] t=2652431 hpOutPin=0 hpOutAsserted=1 camState=1 logicActive=1 activityActive=0 msUntilWakeDeadline=480
9598 [DBG_HP_SAMPLE] t=2652531 hpOutPin=0 hpOutAsserted=1 camState=1 logicActive=1 activityActive=0 msUntilWakeDeadline=380
9699 [DBG_HP_SAMPLE] t=2652631 hpOutPin=0 hpOutAsserted=1 camState=1 logicActive=1 activityActive=0 msUntilWakeDeadline=280
9798 [DBG_HP_SAMPLE] t=2652731 hpOutPin=0 hpOutAsserted=1 camState=1 logicActive=1 activityActive=0 msUntilWakeDeadline=180
9898 [DBG_HP_SAMPLE] t=2652831 hpOutPin=0 hpOutAsserted=1 camState=1 logicActive=1 activityActive=0 msUntilWakeDeadline=80
9978 [DBG_PIN] t=2652911 sig=FP_OUT state=INACTIVE reason=endActivity durMs=4936 camState=1 hpOutAsserted=1
9979 [DBG_PIN] t=2652911 sig=HP_OUT state=INACTIVE reason=releaseHpOut durMs=10084 camState=1 hpOutAsserted=0
9982 [DBG_IO] t=2652911 stage=configureRuntimeIo.enter deviceType=1 camEnabled=1 camState=0 logicActive=0 activityActive=0 hpOutAsserted=0 hpOutPin=1 fpOutPin=1
9985 [DBG_IO] t=2652912 stage=configureRuntimeIo.outputsInput deviceType=1 camEnabled=1 camState=0 logicActive=0 activityActive=0 hpOutAsserted=0 hpOutPin=1 fpOutPin=1
9987 [DBG_IO] t=2652913 stage=configureRuntimeIo.cameraStateMachine deviceType=1 camEnabled=1 camState=0 logicActive=0 activityActive=0 hpOutAsserted=0 hpOutPin=1 fpOutPin=1
10836 [DBG_HP_SAMPLE] t=2653768 hpOutPin=1 hpOutAsserted=0 camState=0 logicActive=0 activityActive=0 msUntilWakeDeadline=0
10935 [DBG_HP_SAMPLE] t=2653868 hpOutPin=1 hpOutAsserted=0 camState=0 logicActive=0 activityActive=0 msUntilWakeDeadline=0
11035 [DBG_HP_SAMPLE] t=2653968 hpOutPin=1 hpOutAsserted=0 camState=0 logicActive=0 activityActive=0 msUntilWakeDeadline=0
11135 [DBG_HP_SAMPLE] t=2654068 hpOutPin=1 hpOutAsserted=0 camState=0 logicActive=0 activityActive=0 msUntilWakeDeadline=0
11236 [DBG_HP_SAMPLE] t=2654168 hpOutPin=1 hpOutAsserted=0 camState=0 logicActive=0 activityActive=0 msUntilWakeDeadline=0
11335 [DBG_HP_SAMPLE] t=2654268 hpOutPin=1 hpOutAsserted=0 camState=0 logicActive=0 activityActive=0 msUntilWakeDeadline=0
11435 [DBG_HP_SAMPLE] t=2654368 hpOutPin=1 hpOutAsserted=0 camState=0 logicActive=0 activityActive=0 msUntilWakeDeadline=0
11535 [DBG_HP_SAMPLE] t=2654468 hpOutPin=1 hpOutAsserted=0 camState=0 logicActive=0 activityActive=0 msUntilWakeDeadline=0
11635 [DBG_HP_SAMPLE] t=2654568 hpOutPin=1 hpOutAsserted=0 camState=0 logicActive=0 activityActive=0 msUntilWakeDeadline=0
11736 [DBG_HP_SAMPLE] t=2654668 hpOutPin=1 hpOutAsserted=0 camState=0 logicActive=0 activityActive=0 msUntilWakeDeadline=0
11835 [DBG_HP_SAMPLE] t=2654768 hpOutPin=1 hpOutAsserted=0 camState=0 logicActive=0 activityActive=0 msUntilWakeDeadline=0
11935 [DBG_HP_SAMPLE] t=2654868 hpOutPin=1 hpOutAsserted=0 camState=0 logicActive=0 activityActive=0 msUntilWakeDeadline=0
12035 [DBG_HP_SAMPLE] t=2654968 hpOutPin=1 hpOutAsserted=0 camState=0 logicActive=0 activityActive=0 msUntilWakeDeadline=0
12135 [DBG_HP_SAMPLE] t=2655068 hpOutPin=1 hpOutAsserted=0 camState=0 logicActive=0 activityActive=0 msUntilWakeDeadline=0
12236 [DBG_HP_SAMPLE] t=2655168 hpOutPin=1 hpOutAsserted=0 camState=0 logicActive=0 activityActive=0 msUntilWakeDeadline=0
12335 [DBG_HP_SAMPLE] t=2655268 hpOutPin=1 hpOutAsserted=0 camState=0 logicActive=0 activityActive=0 msUntilWakeDeadline=0
12435 [DBG_HP_SAMPLE] t=2655368 hpOutPin=1 hpOutAsserted=0 camState=0 logicActive=0 activityActive=0 msUntilWakeDeadline=0
12535 [DBG_HP_SAMPLE] t=2655468 hpOutPin=1 hpOutAsserted=0 camState=0 logicActive=0 activityActive=0 msUntilWakeDeadline=0
12635 [DBG_HP_SAMPLE] t=2655568 hpOutPin=1 hpOutAsserted=0 camState=0 logicActive=0 activityActive=0 msUntilWakeDeadline=0
12736 [DBG_HP_SAMPLE] t=2655668 hpOutPin=1 hpOutAsserted=0 camState=0 logicActive=0 activityActive=0 msUntilWakeDeadline=0
12835 [DBG_HP_SAMPLE] t=2655768 hpOutPin=1 hpOutAsserted=0 camState=0 logicActive=0 activityActive=0 msUntilWakeDeadline=0
12935 [DBG_HP_SAMPLE] t=2655868 hpOutPin=1 hpOutAsserted=0 camState=0 logicActive=0 activityActive=0 msUntilWakeDeadline=0
13035 [DBG_HP_SAMPLE] t=2655968 hpOutPin=1 hpOutAsserted=0 camState=0 logicActive=0 activityActive=0 msUntilWakeDeadline=0
13135 [DBG_HP_SAMPLE] t=2656068 hpOutPin=1 hpOutAsserted=0 camState=0 logicActive=0 activityActive=0 msUntilWakeDeadline=0
13235 [DBG_HP_SAMPLE] t=2656168 hpOutPin=1 hpOutAsserted=0 camState=0 logicActive=0 activityActive=0 msUntilWakeDeadline=0
13335 [DBG_HP_SAMPLE] t=2656268 hpOutPin=1 hpOutAsserted=0 camState=0 logicActive=0 activityActive=0 msUntilWakeDeadline=0
13435 [DBG_HP_SAMPLE] t=2656368 hpOutPin=1 hpOutAsserted=0 camState=0 logicActive=0 activityActive=0 msUntilWakeDeadline=0
13535 [DBG_HP_SAMPLE] t=2656468 hpOutPin=1 hpOutAsserted=0 camState=0 logicActive=0 activityActive=0 msUntilWakeDeadline=0
13635 [DBG_HP_SAMPLE] t=2656568 hpOutPin=1 hpOutAsserted=0 camState=0 logicActive=0 activityActive=0 msUntilWakeDeadline=0
13735 [DBG_HP_SAMPLE] t=2656668 hpOutPin=1 hpOutAsserted=0 camState=0 logicActive=0 activityActive=0 msUntilWakeDeadline=0
13835 [DBG_HP_SAMPLE] t=2656768 hpOutPin=1 hpOutAsserted=0 camState=0 logicActive=0 activityActive=0 msUntilWakeDeadline=0
13935 [DBG_HP_SAMPLE] t=2656868 hpOutPin=1 hpOutAsserted=0 camState=0 logicActive=0 activityActive=0 msUntilWakeDeadline=0
14035 [DBG_HP_SAMPLE] t=2656968 hpOutPin=1 hpOutAsserted=0 camState=0 logicActive=0 activityActive=0 msUntilWakeDeadline=0
14135 [DBG_HP_SAMPLE] t=2657068 hpOutPin=1 hpOutAsserted=0 camState=0 logicActive=0 activityActive=0 msUntilWakeDeadline=0
14235 [DBG_HP_SAMPLE] t=2657168 hpOutPin=1 hpOutAsserted=0 camState=0 logicActive=0 activityActive=0 msUntilWakeDeadline=0
14335 [DBG_HP_SAMPLE] t=2657268 hpOutPin=1 hpOutAsserted=0 camState=0 logicActive=0 activityActive=0 msUntilWakeDeadline=0
14435 [DBG_HP_SAMPLE] t=2657368 hpOutPin=1 hpOutAsserted=0 camState=0 logicActive=0 activityActive=0 msUntilWakeDeadline=0
14535 [DBG_HP_SAMPLE] t=2657468 hpOutPin=1 hpOutAsserted=0 camState=0 logicActive=0 activityActive=0 msUntilWakeDeadline=0
14635 [DBG_HP_SAMPLE] t=2657568 hpOutPin=1 hpOutAsserted=0 camState=0 logicActive=0 activityActive=0 msUntilWakeDeadline=0
14736 [DBG_HP_SAMPLE] t=2657668 hpOutPin=1 hpOutAsserted=0 camState=0 logicActive=0 activityActive=0 msUntilWakeDeadline=0
14835 [DBG_HP_SAMPLE] t=2657768 hpOutPin=1 hpOutAsserted=0 camState=0 logicActive=0 activityActive=0 msUntilWakeDeadline=0
14935 [DBG_HP_SAMPLE] t=2657868 hpOutPin=1 hpOutAsserted=0 camState=0 logicActive=0 activityActive=0 msUntilWakeDeadline=0
15035 [DBG_HP_SAMPLE] t=2657968 hpOutPin=1 hpOutAsserted=0 camState=0 logicActive=0 activityActive=0 msUntilWakeDeadline=0
