11 [DBG_PIN] t=245827 sig=HP_OUT state=ACTIVE reason=assertHpOut camState=0 hpOutAsserted=1
42 [DBG_HP_SAMPLE] t=245857 hpOutPin=0 hpOutAsserted=1 camState=1 logicActive=1 activityActive=0 msUntilWakeDeadline=9970
204 [DBG_HP_SAMPLE] t=245998 hpOutPin=0 hpOutAsserted=1 camState=1 logicActive=1 activityActive=0 msUntilWakeDeadline=9829
283 [DBG_HP_SAMPLE] t=246098 hpOutPin=0 hpOutAsserted=1 camState=3 logicActive=1 activityActive=1 msUntilWakeDeadline=9729
414 [DBG_HP_SAMPLE] t=246208 hpOutPin=0 hpOutAsserted=1 camState=3 logicActive=1 activityActive=1 msUntilWakeDeadline=9619
493 [DBG_HP_SAMPLE] t=246308 hpOutPin=0 hpOutAsserted=1 camState=3 logicActive=1 activityActive=1 msUntilWakeDeadline=9519
511 [DBG_PIN] t=246327 sig=FP_OUT state=ACTIVE reason=burstFrameFire camState=3 hpOutAsserted=1
592 [DBG_HP_SAMPLE] t=246408 hpOutPin=0 hpOutAsserted=1 camState=3 logicActive=1 activityActive=1 msUntilWakeDeadline=9419
612 [DBG_PIN] t=246427 sig=FP_OUT state=INACTIVE reason=burstPulseComplete durMs=100 camState=3 hpOutAsserted=1
693 [DBG_HP_SAMPLE] t=246508 hpOutPin=0 hpOutAsserted=1 camState=3 logicActive=1 activityActive=1 msUntilWakeDeadline=9319
793 [DBG_HP_SAMPLE] t=246608 hpOutPin=0 hpOutAsserted=1 camState=3 logicActive=1 activityActive=1 msUntilWakeDeadline=9219
893 [DBG_HP_SAMPLE] t=246708 hpOutPin=0 hpOutAsserted=1 camState=3 logicActive=1 activityActive=1 msUntilWakeDeadline=9119
993 [DBG_HP_SAMPLE] t=246808 hpOutPin=0 hpOutAsserted=1 camState=3 logicActive=1 activityActive=1 msUntilWakeDeadline=9019
1093 [DBG_HP_SAMPLE] t=246908 hpOutPin=0 hpOutAsserted=1 camState=3 logicActive=1 activityActive=1 msUntilWakeDeadline=8919
1193 [DBG_HP_SAMPLE] t=247008 hpOutPin=0 hpOutAsserted=1 camState=3 logicActive=1 activityActive=1 msUntilWakeDeadline=8819
1293 [DBG_HP_SAMPLE] t=247108 hpOutPin=0 hpOutAsserted=1 camState=3 logicActive=1 activityActive=1 msUntilWakeDeadline=8719
1392 [DBG_HP_SAMPLE] t=247208 hpOutPin=0 hpOutAsserted=1 camState=3 logicActive=1 activityActive=1 msUntilWakeDeadline=8619
1493 [DBG_HP_SAMPLE] t=247308 hpOutPin=0 hpOutAsserted=1 camState=3 logicActive=1 activityActive=1 msUntilWakeDeadline=8519
1511 [DBG_PIN] t=247327 sig=FP_OUT state=ACTIVE reason=burstFrameFire camState=3 hpOutAsserted=1
1593 [DBG_HP_SAMPLE] t=247408 hpOutPin=0 hpOutAsserted=1 camState=3 logicActive=1 activityActive=1 msUntilWakeDeadline=8419
1612 [DBG_PIN] t=247427 sig=FP_OUT state=INACTIVE reason=burstPulseComplete durMs=100 camState=3 hpOutAsserted=1
1693 [DBG_HP_SAMPLE] t=247508 hpOutPin=0 hpOutAsserted=1 camState=3 logicActive=1 activityActive=1 msUntilWakeDeadline=8319
1793 [DBG_HP_SAMPLE] t=247608 hpOutPin=0 hpOutAsserted=1 camState=3 logicActive=1 activityActive=1 msUntilWakeDeadline=8219
1892 [DBG_HP_SAMPLE] t=247708 hpOutPin=0 hpOutAsserted=1 camState=3 logicActive=1 activityActive=1 msUntilWakeDeadline=8119
1993 [DBG_HP_SAMPLE] t=247808 hpOutPin=0 hpOutAsserted=1 camState=3 logicActive=1 activityActive=1 msUntilWakeDeadline=8019
2093 [DBG_HP_SAMPLE] t=247908 hpOutPin=0 hpOutAsserted=1 camState=3 logicActive=1 activityActive=1 msUntilWakeDeadline=7919
2193 [DBG_HP_SAMPLE] t=248008 hpOutPin=0 hpOutAsserted=1 camState=3 logicActive=1 activityActive=1 msUntilWakeDeadline=7819
2293 [DBG_HP_SAMPLE] t=248108 hpOutPin=0 hpOutAsserted=1 camState=3 logicActive=1 activityActive=1 msUntilWakeDeadline=7719
2392 [DBG_HP_SAMPLE] t=248208 hpOutPin=0 hpOutAsserted=1 camState=3 logicActive=1 activityActive=1 msUntilWakeDeadline=7619
2493 [DBG_HP_SAMPLE] t=248308 hpOutPin=0 hpOutAsserted=1 camState=3 logicActive=1 activityActive=1 msUntilWakeDeadline=7519
2511 [DBG_PIN] t=248327 sig=FP_OUT state=ACTIVE reason=burstFrameFire camState=3 hpOutAsserted=1
2593 [DBG_HP_SAMPLE] t=248408 hpOutPin=0 hpOutAsserted=1 camState=3 logicActive=1 activityActive=1 msUntilWakeDeadline=7419
2612 [DBG_PIN] t=248427 sig=FP_OUT state=INACTIVE reason=burstPulseComplete durMs=100 camState=3 hpOutAsserted=1
2693 [DBG_HP_SAMPLE] t=248508 hpOutPin=0 hpOutAsserted=1 camState=3 logicActive=1 activityActive=1 msUntilWakeDeadline=7319
2793 [DBG_HP_SAMPLE] t=248608 hpOutPin=0 hpOutAsserted=1 camState=3 logicActive=1 activityActive=1 msUntilWakeDeadline=7219
2892 [DBG_HP_SAMPLE] t=248708 hpOutPin=0 hpOutAsserted=1 camState=3 logicActive=1 activityActive=1 msUntilWakeDeadline=7119
2993 [DBG_HP_SAMPLE] t=248808 hpOutPin=0 hpOutAsserted=1 camState=3 logicActive=1 activityActive=1 msUntilWakeDeadline=7019
3093 [DBG_HP_SAMPLE] t=248908 hpOutPin=0 hpOutAsserted=1 camState=3 logicActive=1 activityActive=1 msUntilWakeDeadline=6919
3193 [DBG_HP_SAMPLE] t=249008 hpOutPin=0 hpOutAsserted=1 camState=3 logicActive=1 activityActive=1 msUntilWakeDeadline=6819
3293 [DBG_HP_SAMPLE] t=249108 hpOutPin=0 hpOutAsserted=1 camState=3 logicActive=1 activityActive=1 msUntilWakeDeadline=6719
3392 [DBG_HP_SAMPLE] t=249208 hpOutPin=0 hpOutAsserted=1 camState=3 logicActive=1 activityActive=1 msUntilWakeDeadline=6619
3493 [DBG_HP_SAMPLE] t=249308 hpOutPin=0 hpOutAsserted=1 camState=3 logicActive=1 activityActive=1 msUntilWakeDeadline=6519
3511 [DBG_PIN] t=249327 sig=FP_OUT state=ACTIVE reason=burstFrameFire camState=3 hpOutAsserted=1
3593 [DBG_HP_SAMPLE] t=249408 hpOutPin=0 hpOutAsserted=1 camState=3 logicActive=1 activityActive=1 msUntilWakeDeadline=6419
3612 [DBG_PIN] t=249427 sig=FP_OUT state=INACTIVE reason=burstPulseComplete durMs=100 camState=3 hpOutAsserted=1
3693 [DBG_HP_SAMPLE] t=249508 hpOutPin=0 hpOutAsserted=1 camState=4 logicActive=1 activityActive=1 msUntilWakeDeadline=6319
3793 [DBG_HP_SAMPLE] t=249608 hpOutPin=0 hpOutAsserted=1 camState=4 logicActive=1 activityActive=1 msUntilWakeDeadline=6219
3892 [DBG_HP_SAMPLE] t=249708 hpOutPin=0 hpOutAsserted=1 camState=4 logicActive=1 activityActive=1 msUntilWakeDeadline=6119
3993 [DBG_HP_SAMPLE] t=249808 hpOutPin=0 hpOutAsserted=1 camState=4 logicActive=1 activityActive=1 msUntilWakeDeadline=6019
4093 [DBG_HP_SAMPLE] t=249908 hpOutPin=0 hpOutAsserted=1 camState=4 logicActive=1 activityActive=1 msUntilWakeDeadline=5919
4193 [DBG_HP_SAMPLE] t=250008 hpOutPin=0 hpOutAsserted=1 camState=4 logicActive=1 activityActive=1 msUntilWakeDeadline=5819
4293 [DBG_HP_SAMPLE] t=250108 hpOutPin=0 hpOutAsserted=1 camState=4 logicActive=1 activityActive=1 msUntilWakeDeadline=5719
4392 [DBG_HP_SAMPLE] t=250208 hpOutPin=0 hpOutAsserted=1 camState=4 logicActive=1 activityActive=1 msUntilWakeDeadline=5619
4493 [DBG_HP_SAMPLE] t=250308 hpOutPin=0 hpOutAsserted=1 camState=4 logicActive=1 activityActive=1 msUntilWakeDeadline=5519
4593 [DBG_HP_SAMPLE] t=250408 hpOutPin=0 hpOutAsserted=1 camState=4 logicActive=1 activityActive=1 msUntilWakeDeadline=5419
4693 [DBG_HP_SAMPLE] t=250508 hpOutPin=0 hpOutAsserted=1 camState=4 logicActive=1 activityActive=1 msUntilWakeDeadline=5319
4793 [DBG_HP_SAMPLE] t=250608 hpOutPin=0 hpOutAsserted=1 camState=4 logicActive=1 activityActive=1 msUntilWakeDeadline=5219
4892 [DBG_HP_SAMPLE] t=250708 hpOutPin=0 hpOutAsserted=1 camState=4 logicActive=1 activityActive=1 msUntilWakeDeadline=5119
4993 [DBG_HP_SAMPLE] t=250808 hpOutPin=0 hpOutAsserted=1 camState=4 logicActive=1 activityActive=1 msUntilWakeDeadline=5019
5093 [DBG_HP_SAMPLE] t=250908 hpOutPin=0 hpOutAsserted=1 camState=4 logicActive=1 activityActive=1 msUntilWakeDeadline=4919
5193 [DBG_HP_SAMPLE] t=251008 hpOutPin=0 hpOutAsserted=1 camState=4 logicActive=1 activityActive=1 msUntilWakeDeadline=4819
5293 [DBG_HP_SAMPLE] t=251108 hpOutPin=0 hpOutAsserted=1 camState=4 logicActive=1 activityActive=1 msUntilWakeDeadline=4719
5392 [DBG_HP_SAMPLE] t=251208 hpOutPin=0 hpOutAsserted=1 camState=4 logicActive=1 activityActive=1 msUntilWakeDeadline=4619
5493 [DBG_HP_SAMPLE] t=251308 hpOutPin=0 hpOutAsserted=1 camState=4 logicActive=1 activityActive=1 msUntilWakeDeadline=4519
5592 [DBG_HP_SAMPLE] t=251408 hpOutPin=0 hpOutAsserted=1 camState=4 logicActive=1 activityActive=1 msUntilWakeDeadline=4419
5693 [DBG_HP_SAMPLE] t=251508 hpOutPin=0 hpOutAsserted=1 camState=1 logicActive=1 activityActive=0 msUntilWakeDeadline=4319
5793 [DBG_HP_SAMPLE] t=251608 hpOutPin=0 hpOutAsserted=1 camState=1 logicActive=1 activityActive=0 msUntilWakeDeadline=4219
5892 [DBG_HP_SAMPLE] t=251708 hpOutPin=0 hpOutAsserted=1 camState=1 logicActive=1 activityActive=0 msUntilWakeDeadline=4119
5993 [DBG_HP_SAMPLE] t=251808 hpOutPin=0 hpOutAsserted=1 camState=1 logicActive=1 activityActive=0 msUntilWakeDeadline=4019
6092 [DBG_HP_SAMPLE] t=251908 hpOutPin=0 hpOutAsserted=1 camState=1 logicActive=1 activityActive=0 msUntilWakeDeadline=3919
6193 [DBG_HP_SAMPLE] t=252008 hpOutPin=0 hpOutAsserted=1 camState=1 logicActive=1 activityActive=0 msUntilWakeDeadline=3819
6293 [DBG_HP_SAMPLE] t=252108 hpOutPin=0 hpOutAsserted=1 camState=1 logicActive=1 activityActive=0 msUntilWakeDeadline=3719
6392 [DBG_HP_SAMPLE] t=252208 hpOutPin=0 hpOutAsserted=1 camState=1 logicActive=1 activityActive=0 msUntilWakeDeadline=3619
6493 [DBG_HP_SAMPLE] t=252308 hpOutPin=0 hpOutAsserted=1 camState=1 logicActive=1 activityActive=0 msUntilWakeDeadline=3519
6592 [DBG_HP_SAMPLE] t=252408 hpOutPin=0 hpOutAsserted=1 camState=1 logicActive=1 activityActive=0 msUntilWakeDeadline=3419
6693 [DBG_HP_SAMPLE] t=252508 hpOutPin=0 hpOutAsserted=1 camState=1 logicActive=1 activityActive=0 msUntilWakeDeadline=3319
6793 [DBG_HP_SAMPLE] t=252608 hpOutPin=0 hpOutAsserted=1 camState=1 logicActive=1 activityActive=0 msUntilWakeDeadline=3219
6892 [DBG_HP_SAMPLE] t=252708 hpOutPin=0 hpOutAsserted=1 camState=1 logicActive=1 activityActive=0 msUntilWakeDeadline=3119
6993 [DBG_HP_SAMPLE] t=252808 hpOutPin=0 hpOutAsserted=1 camState=1 logicActive=1 activityActive=0 msUntilWakeDeadline=3019
7092 [DBG_HP_SAMPLE] t=252908 hpOutPin=0 hpOutAsserted=1 camState=1 logicActive=1 activityActive=0 msUntilWakeDeadline=2919
7193 [DBG_HP_SAMPLE] t=253008 hpOutPin=0 hpOutAsserted=1 camState=1 logicActive=1 activityActive=0 msUntilWakeDeadline=2819
7293 [DBG_HP_SAMPLE] t=253108 hpOutPin=0 hpOutAsserted=1 camState=1 logicActive=1 activityActive=0 msUntilWakeDeadline=2719
7392 [DBG_HP_SAMPLE] t=253208 hpOutPin=0 hpOutAsserted=1 camState=1 logicActive=1 activityActive=0 msUntilWakeDeadline=2619
7493 [DBG_HP_SAMPLE] t=253308 hpOutPin=0 hpOutAsserted=1 camState=1 logicActive=1 activityActive=0 msUntilWakeDeadline=2519
7593 [DBG_HP_SAMPLE] t=253408 hpOutPin=0 hpOutAsserted=1 camState=1 logicActive=1 activityActive=0 msUntilWakeDeadline=2419
7693 [DBG_HP_SAMPLE] t=253508 hpOutPin=0 hpOutAsserted=1 camState=1 logicActive=1 activityActive=0 msUntilWakeDeadline=2319
7793 [DBG_HP_SAMPLE] t=253608 hpOutPin=0 hpOutAsserted=1 camState=1 logicActive=1 activityActive=0 msUntilWakeDeadline=2219
7892 [DBG_HP_SAMPLE] t=253708 hpOutPin=0 hpOutAsserted=1 camState=1 logicActive=1 activityActive=0 msUntilWakeDeadline=2119
7993 [DBG_HP_SAMPLE] t=253808 hpOutPin=0 hpOutAsserted=1 camState=1 logicActive=1 activityActive=0 msUntilWakeDeadline=2019
8092 [DBG_HP_SAMPLE] t=253908 hpOutPin=0 hpOutAsserted=1 camState=1 logicActive=1 activityActive=0 msUntilWakeDeadline=1919
8193 [DBG_HP_SAMPLE] t=254008 hpOutPin=0 hpOutAsserted=1 camState=1 logicActive=1 activityActive=0 msUntilWakeDeadline=1819
8293 [DBG_HP_SAMPLE] t=254108 hpOutPin=0 hpOutAsserted=1 camState=1 logicActive=1 activityActive=0 msUntilWakeDeadline=1719
8392 [DBG_HP_SAMPLE] t=254208 hpOutPin=0 hpOutAsserted=1 camState=1 logicActive=1 activityActive=0 msUntilWakeDeadline=1619
8493 [DBG_HP_SAMPLE] t=254308 hpOutPin=0 hpOutAsserted=1 camState=1 logicActive=1 activityActive=0 msUntilWakeDeadline=1519
8592 [DBG_HP_SAMPLE] t=254408 hpOutPin=0 hpOutAsserted=1 camState=1 logicActive=1 activityActive=0 msUntilWakeDeadline=1419
8693 [DBG_HP_SAMPLE] t=254508 hpOutPin=0 hpOutAsserted=1 camState=1 logicActive=1 activityActive=0 msUntilWakeDeadline=1319
8793 [DBG_HP_SAMPLE] t=254608 hpOutPin=0 hpOutAsserted=1 camState=1 logicActive=1 activityActive=0 msUntilWakeDeadline=1219
8892 [DBG_HP_SAMPLE] t=254708 hpOutPin=0 hpOutAsserted=1 camState=1 logicActive=1 activityActive=0 msUntilWakeDeadline=1119
8993 [DBG_HP_SAMPLE] t=254808 hpOutPin=0 hpOutAsserted=1 camState=1 logicActive=1 activityActive=0 msUntilWakeDeadline=1019
9092 [DBG_HP_SAMPLE] t=254908 hpOutPin=0 hpOutAsserted=1 camState=1 logicActive=1 activityActive=0 msUntilWakeDeadline=919
9193 [DBG_HP_SAMPLE] t=255008 hpOutPin=0 hpOutAsserted=1 camState=1 logicActive=1 activityActive=0 msUntilWakeDeadline=819
9293 [DBG_HP_SAMPLE] t=255108 hpOutPin=0 hpOutAsserted=1 camState=1 logicActive=1 activityActive=0 msUntilWakeDeadline=719
9392 [DBG_HP_SAMPLE] t=255208 hpOutPin=0 hpOutAsserted=1 camState=1 logicActive=1 activityActive=0 msUntilWakeDeadline=619
9493 [DBG_HP_SAMPLE] t=255308 hpOutPin=0 hpOutAsserted=1 camState=1 logicActive=1 activityActive=0 msUntilWakeDeadline=519
9592 [DBG_HP_SAMPLE] t=255408 hpOutPin=0 hpOutAsserted=1 camState=1 logicActive=1 activityActive=0 msUntilWakeDeadline=419
9693 [DBG_HP_SAMPLE] t=255508 hpOutPin=0 hpOutAsserted=1 camState=1 logicActive=1 activityActive=0 msUntilWakeDeadline=319
9793 [DBG_HP_SAMPLE] t=255608 hpOutPin=0 hpOutAsserted=1 camState=1 logicActive=1 activityActive=0 msUntilWakeDeadline=219
9892 [DBG_HP_SAMPLE] t=255708 hpOutPin=0 hpOutAsserted=1 camState=1 logicActive=1 activityActive=0 msUntilWakeDeadline=119
9993 [DBG_HP_SAMPLE] t=255808 hpOutPin=0 hpOutAsserted=1 camState=1 logicActive=1 activityActive=0 msUntilWakeDeadline=19
10011 [DBG_PIN] t=255827 sig=FP_OUT state=INACTIVE reason=endActivity durMs=6500 camState=1 hpOutAsserted=1
10013 [DBG_PIN] t=255827 sig=HP_OUT state=INACTIVE reason=releaseHpOut durMs=10000 camState=1 hpOutAsserted=0
10015 [DBG_IO] t=255827 stage=configureRuntimeIo.enter deviceType=1 camEnabled=1 camState=0 logicActive=0 activityActive=0 hpOutAsserted=0 hpOutPin=1 fpOutPin=1
10018 [DBG_IO] t=255828 stage=configureRuntimeIo.outputsInput deviceType=1 camEnabled=1 camState=0 logicActive=0 activityActive=0 hpOutAsserted=0 hpOutPin=1 fpOutPin=1
10222 [DBG_IO] t=255829 stage=configureRuntimeIo.cameraStateMachine deviceType=1 camEnabled=1 camState=0 logicActive=0 activityActive=0
10648  hpOutAsserted=0 hpOutPin=1 fpOutPin=1
10650 [DBG_HP_SAMPLE] t=256465 hpOutPin=1 hpOutAsserted=0 camState=0 logicActive=0 activityActive=0 msUntilWakeDeadline=0
10750 [DBG_HP_SAMPLE] t=256565 hpOutPin=1 hpOutAsserted=0 camState=0 logicActive=0 activityActive=0 msUntilWakeDeadline=0
10849 [DBG_HP_SAMPLE] t=256665 hpOutPin=1 hpOutAsserted=0 camState=0 logicActive=0 activityActive=0 msUntilWakeDeadline=0
10950 [DBG_HP_SAMPLE] t=256765 hpOutPin=1 hpOutAsserted=0 camState=0 logicActive=0 activityActive=0 msUntilWakeDeadline=0
11049 [DBG_HP_SAMPLE] t=256865 hpOutPin=1 hpOutAsserted=0 camState=0 logicActive=0 activityActive=0 msUntilWakeDeadline=0
11150 [DBG_HP_SAMPLE] t=256965 hpOutPin=1 hpOutAsserted=0 camState=0 logicActive=0 activityActive=0 msUntilWakeDeadline=0
11250 [DBG_HP_SAMPLE] t=257065 hpOutPin=1 hpOutAsserted=0 camState=0 logicActive=0 activityActive=0 msUntilWakeDeadline=0
11349 [DBG_HP_SAMPLE] t=257165 hpOutPin=1 hpOutAsserted=0 camState=0 logicActive=0 activityActive=0 msUntilWakeDeadline=0
11450 [DBG_HP_SAMPLE] t=257265 hpOutPin=1 hpOutAsserted=0 camState=0 logicActive=0 activityActive=0 msUntilWakeDeadline=0
11549 [DBG_HP_SAMPLE] t=257365 hpOutPin=1 hpOutAsserted=0 camState=0 logicActive=0 activityActive=0 msUntilWakeDeadline=0
11650 [DBG_HP_SAMPLE] t=257465 hpOutPin=1 hpOutAsserted=0 camState=0 logicActive=0 activityActive=0 msUntilWakeDeadline=0
11750 [DBG_HP_SAMPLE] t=257565 hpOutPin=1 hpOutAsserted=0 camState=0 logicActive=0 activityActive=0 msUntilWakeDeadline=0
11849 [DBG_HP_SAMPLE] t=257665 hpOutPin=1 hpOutAsserted=0 camState=0 logicActive=0 activityActive=0 msUntilWakeDeadline=0
11950 [DBG_HP_SAMPLE] t=257765 hpOutPin=1 hpOutAsserted=0 camState=0 logicActive=0 activityActive=0 msUntilWakeDeadline=0
12049 [DBG_HP_SAMPLE] t=257865 hpOutPin=1 hpOutAsserted=0 camState=0 logicActive=0 activityActive=0 msUntilWakeDeadline=0
12150 [DBG_HP_SAMPLE] t=257965 hpOutPin=1 hpOutAsserted=0 camState=0 logicActive=0 activityActive=0 msUntilWakeDeadline=0
