79 [DBG_HP_SAMPLE] t=1017193 hpOutPin=0 hpOutAsserted=1 camState=1 logicActive=1 activityActive=0 msUntilWakeDeadline=9900
211 [DBG_HP_SAMPLE] t=1017303 hpOutPin=0 hpOutAsserted=1 camState=1 logicActive=1 activityActive=0 msUntilWakeDeadline=9790
289 [DBG_HP_SAMPLE] t=1017403 hpOutPin=0 hpOutAsserted=1 camState=1 logicActive=1 activityActive=0 msUntilWakeDeadline=9690
420 [DBG_HP_SAMPLE] t=1017513 hpOutPin=0 hpOutAsserted=1 camState=1 logicActive=1 activityActive=0 msUntilWakeDeadline=9580
499 [DBG_HP_SAMPLE] t=1017613 hpOutPin=0 hpOutAsserted=1 camState=1 logicActive=1 activityActive=0 msUntilWakeDeadline=9480
630 [DBG_HP_SAMPLE] t=1017723 hpOutPin=0 hpOutAsserted=1 camState=1 logicActive=1 activityActive=0 msUntilWakeDeadline=9370
709 [DBG_HP_SAMPLE] t=1017823 hpOutPin=0 hpOutAsserted=1 camState=1 logicActive=1 activityActive=0 msUntilWakeDeadline=9270
809 [DBG_HP_SAMPLE] t=1017923 hpOutPin=0 hpOutAsserted=1 camState=1 logicActive=1 activityActive=0 msUntilWakeDeadline=9170
909 [DBG_HP_SAMPLE] t=1018023 hpOutPin=0 hpOutAsserted=1 camState=1 logicActive=1 activityActive=0 msUntilWakeDeadline=9070
933 [DBG_PIN] t=1018047 sig=FP_OUT state=ACTIVE reason=burstFrameFire camState=3 hpOutAsserted=1
1009 [DBG_HP_SAMPLE] t=1018123 hpOutPin=0 hpOutAsserted=1 camState=3 logicActive=1 activityActive=1 msUntilWakeDeadline=8970
1032 [DBG_PIN] t=1018147 sig=FP_OUT state=INACTIVE reason=burstPulseComplete durMs=100 camState=3 hpOutAsserted=1
1109 [DBG_HP_SAMPLE] t=1018223 hpOutPin=0 hpOutAsserted=1 camState=3 logicActive=1 activityActive=1 msUntilWakeDeadline=8870
1209 [DBG_HP_SAMPLE] t=1018323 hpOutPin=0 hpOutAsserted=1 camState=3 logicActive=1 activityActive=1 msUntilWakeDeadline=8770
1309 [DBG_HP_SAMPLE] t=1018423 hpOutPin=0 hpOutAsserted=1 camState=3 logicActive=1 activityActive=1 msUntilWakeDeadline=8670
1409 [DBG_HP_SAMPLE] t=1018523 hpOutPin=0 hpOutAsserted=1 camState=3 logicActive=1 activityActive=1 msUntilWakeDeadline=8570
1509 [DBG_HP_SAMPLE] t=1018623 hpOutPin=0 hpOutAsserted=1 camState=3 logicActive=1 activityActive=1 msUntilWakeDeadline=8470
1609 [DBG_HP_SAMPLE] t=1018723 hpOutPin=0 hpOutAsserted=1 camState=3 logicActive=1 activityActive=1 msUntilWakeDeadline=8370
1709 [DBG_HP_SAMPLE] t=1018823 hpOutPin=0 hpOutAsserted=1 camState=3 logicActive=1 activityActive=1 msUntilWakeDeadline=8270
1809 [DBG_HP_SAMPLE] t=1018923 hpOutPin=0 hpOutAsserted=1 camState=3 logicActive=1 activityActive=1 msUntilWakeDeadline=8170
1909 [DBG_HP_SAMPLE] t=1019023 hpOutPin=0 hpOutAsserted=1 camState=3 logicActive=1 activityActive=1 msUntilWakeDeadline=8070
1932 [DBG_PIN] t=1019047 sig=FP_OUT state=ACTIVE reason=burstFrameFire camState=3 hpOutAsserted=1
2009 [DBG_HP_SAMPLE] t=1019123 hpOutPin=0 hpOutAsserted=1 camState=3 logicActive=1 activityActive=1 msUntilWakeDeadline=7970
2032 [DBG_PIN] t=1019147 sig=FP_OUT state=INACTIVE reason=burstPulseComplete durMs=100 camState=3 hpOutAsserted=1
2109 [DBG_HP_SAMPLE] t=1019223 hpOutPin=0 hpOutAsserted=1 camState=4 logicActive=1 activityActive=1 msUntilWakeDeadline=7870
2209 [DBG_HP_SAMPLE] t=1019323 hpOutPin=0 hpOutAsserted=1 camState=4 logicActive=1 activityActive=1 msUntilWakeDeadline=7770
2309 [DBG_HP_SAMPLE] t=1019423 hpOutPin=0 hpOutAsserted=1 camState=4 logicActive=1 activityActive=1 msUntilWakeDeadline=7670
2409 [DBG_HP_SAMPLE] t=1019523 hpOutPin=0 hpOutAsserted=1 camState=4 logicActive=1 activityActive=1 msUntilWakeDeadline=7570
2508 [DBG_HP_SAMPLE] t=1019623 hpOutPin=0 hpOutAsserted=1 camState=4 logicActive=1 activityActive=1 msUntilWakeDeadline=7470
2609 [DBG_HP_SAMPLE] t=1019723 hpOutPin=0 hpOutAsserted=1 camState=4 logicActive=1 activityActive=1 msUntilWakeDeadline=7370
2709 [DBG_HP_SAMPLE] t=1019823 hpOutPin=0 hpOutAsserted=1 camState=4 logicActive=1 activityActive=1 msUntilWakeDeadline=7270
2809 [DBG_HP_SAMPLE] t=1019923 hpOutPin=0 hpOutAsserted=1 camState=4 logicActive=1 activityActive=1 msUntilWakeDeadline=7170
2909 [DBG_HP_SAMPLE] t=1020023 hpOutPin=0 hpOutAsserted=1 camState=4 logicActive=1 activityActive=1 msUntilWakeDeadline=7070
3008 [DBG_HP_SAMPLE] t=1020123 hpOutPin=0 hpOutAsserted=1 camState=4 logicActive=1 activityActive=1 msUntilWakeDeadline=6970
3109 [DBG_HP_SAMPLE] t=1020223 hpOutPin=0 hpOutAsserted=1 camState=4 logicActive=1 activityActive=1 msUntilWakeDeadline=6870
3209 [DBG_HP_SAMPLE] t=1020323 hpOutPin=0 hpOutAsserted=1 camState=4 logicActive=1 activityActive=1 msUntilWakeDeadline=6770
3309 [DBG_HP_SAMPLE] t=1020423 hpOutPin=0 hpOutAsserted=1 camState=4 logicActive=1 activityActive=1 msUntilWakeDeadline=6670
3409 [DBG_HP_SAMPLE] t=1020523 hpOutPin=0 hpOutAsserted=1 camState=4 logicActive=1 activityActive=1 msUntilWakeDeadline=6570
3508 [DBG_HP_SAMPLE] t=1020623 hpOutPin=0 hpOutAsserted=1 camState=4 logicActive=1 activityActive=1 msUntilWakeDeadline=6470
3609 [DBG_HP_SAMPLE] t=1020723 hpOutPin=0 hpOutAsserted=1 camState=4 logicActive=1 activityActive=1 msUntilWakeDeadline=6370
3708 [DBG_HP_SAMPLE] t=1020823 hpOutPin=0 hpOutAsserted=1 camState=4 logicActive=1 activityActive=1 msUntilWakeDeadline=6270
3809 [DBG_HP_SAMPLE] t=1020923 hpOutPin=0 hpOutAsserted=1 camState=4 logicActive=1 activityActive=1 msUntilWakeDeadline=6170
3908 [DBG_HP_SAMPLE] t=1021023 hpOutPin=0 hpOutAsserted=1 camState=4 logicActive=1 activityActive=1 msUntilWakeDeadline=6070
4008 [DBG_HP_SAMPLE] t=1021123 hpOutPin=0 hpOutAsserted=1 camState=4 logicActive=1 activityActive=1 msUntilWakeDeadline=5970
4108 [DBG_HP_SAMPLE] t=1021223 hpOutPin=0 hpOutAsserted=1 camState=1 logicActive=1 activityActive=0 msUntilWakeDeadline=5870
4208 [DBG_HP_SAMPLE] t=1021323 hpOutPin=0 hpOutAsserted=1 camState=1 logicActive=1 activityActive=0 msUntilWakeDeadline=5770
4309 [DBG_HP_SAMPLE] t=1021423 hpOutPin=0 hpOutAsserted=1 camState=1 logicActive=1 activityActive=0 msUntilWakeDeadline=5670
4408 [DBG_HP_SAMPLE] t=1021523 hpOutPin=0 hpOutAsserted=1 camState=1 logicActive=1 activityActive=0 msUntilWakeDeadline=5570
4508 [DBG_HP_SAMPLE] t=1021623 hpOutPin=0 hpOutAsserted=1 camState=1 logicActive=1 activityActive=0 msUntilWakeDeadline=5470
4608 [DBG_HP_SAMPLE] t=1021723 hpOutPin=0 hpOutAsserted=1 camState=1 logicActive=1 activityActive=0 msUntilWakeDeadline=5370
4708 [DBG_HP_SAMPLE] t=1021823 hpOutPin=0 hpOutAsserted=1 camState=1 logicActive=1 activityActive=0 msUntilWakeDeadline=5270
4809 [DBG_HP_SAMPLE] t=1021923 hpOutPin=0 hpOutAsserted=1 camState=1 logicActive=1 activityActive=0 msUntilWakeDeadline=5170
4908 [DBG_HP_SAMPLE] t=1022023 hpOutPin=0 hpOutAsserted=1 camState=1 logicActive=1 activityActive=0 msUntilWakeDeadline=5070
5008 [DBG_HP_SAMPLE] t=1022123 hpOutPin=0 hpOutAsserted=1 camState=1 logicActive=1 activityActive=0 msUntilWakeDeadline=4970
5108 [DBG_HP_SAMPLE] t=1022223 hpOutPin=0 hpOutAsserted=1 camState=1 logicActive=1 activityActive=0 msUntilWakeDeadline=4870
5208 [DBG_HP_SAMPLE] t=1022323 hpOutPin=0 hpOutAsserted=1 camState=1 logicActive=1 activityActive=0 msUntilWakeDeadline=4770
5309 [DBG_HP_SAMPLE] t=1022423 hpOutPin=0 hpOutAsserted=1 camState=1 logicActive=1 activityActive=0 msUntilWakeDeadline=4670
5408 [DBG_HP_SAMPLE] t=1022523 hpOutPin=0 hpOutAsserted=1 camState=1 logicActive=1 activityActive=0 msUntilWakeDeadline=4570
5508 [DBG_HP_SAMPLE] t=1022623 hpOutPin=0 hpOutAsserted=1 camState=1 logicActive=1 activityActive=0 msUntilWakeDeadline=4470
5608 [DBG_HP_SAMPLE] t=1022723 hpOutPin=0 hpOutAsserted=1 camState=1 logicActive=1 activityActive=0 msUntilWakeDeadline=4370
5708 [DBG_HP_SAMPLE] t=1022823 hpOutPin=0 hpOutAsserted=1 camState=1 logicActive=1 activityActive=0 msUntilWakeDeadline=4270
5809 [DBG_HP_SAMPLE] t=1022923 hpOutPin=0 hpOutAsserted=1 camState=1 logicActive=1 activityActive=0 msUntilWakeDeadline=4170
5908 [DBG_HP_SAMPLE] t=1023023 hpOutPin=0 hpOutAsserted=1 camState=1 logicActive=1 activityActive=0 msUntilWakeDeadline=4070
6008 [DBG_HP_SAMPLE] t=1023123 hpOutPin=0 hpOutAsserted=1 camState=1 logicActive=1 activityActive=0 msUntilWakeDeadline=3970
6108 [DBG_HP_SAMPLE] t=1023223 hpOutPin=0 hpOutAsserted=1 camState=1 logicActive=1 activityActive=0 msUntilWakeDeadline=3870
6208 [DBG_HP_SAMPLE] t=1023323 hpOutPin=0 hpOutAsserted=1 camState=1 logicActive=1 activityActive=0 msUntilWakeDeadline=3770
6309 [DBG_HP_SAMPLE] t=1023423 hpOutPin=0 hpOutAsserted=1 camState=1 logicActive=1 activityActive=0 msUntilWakeDeadline=3670
6408 [DBG_HP_SAMPLE] t=1023523 hpOutPin=0 hpOutAsserted=1 camState=1 logicActive=1 activityActive=0 msUntilWakeDeadline=3570
6508 [DBG_HP_SAMPLE] t=1023623 hpOutPin=0 hpOutAsserted=1 camState=1 logicActive=1 activityActive=0 msUntilWakeDeadline=3470
6608 [DBG_HP_SAMPLE] t=1023723 hpOutPin=0 hpOutAsserted=1 camState=1 logicActive=1 activityActive=0 msUntilWakeDeadline=3370
6708 [DBG_HP_SAMPLE] t=1023823 hpOutPin=0 hpOutAsserted=1 camState=1 logicActive=1 activityActive=0 msUntilWakeDeadline=3270
6809 [DBG_HP_SAMPLE] t=1023923 hpOutPin=0 hpOutAsserted=1 camState=1 logicActive=1 activityActive=0 msUntilWakeDeadline=3170
6908 [DBG_HP_SAMPLE] t=1024023 hpOutPin=0 hpOutAsserted=1 camState=1 logicActive=1 activityActive=0 msUntilWakeDeadline=3070
7008 [DBG_HP_SAMPLE] t=1024123 hpOutPin=0 hpOutAsserted=1 camState=1 logicActive=1 activityActive=0 msUntilWakeDeadline=2970
7108 [DBG_HP_SAMPLE] t=1024223 hpOutPin=0 hpOutAsserted=1 camState=1 logicActive=1 activityActive=0 msUntilWakeDeadline=2870
7208 [DBG_HP_SAMPLE] t=1024323 hpOutPin=0 hpOutAsserted=1 camState=1 logicActive=1 activityActive=0 msUntilWakeDeadline=2770
7309 [DBG_HP_SAMPLE] t=1024423 hpOutPin=0 hpOutAsserted=1 camState=1 logicActive=1 activityActive=0 msUntilWakeDeadline=2670
7408 [DBG_HP_SAMPLE] t=1024523 hpOutPin=0 hpOutAsserted=1 camState=1 logicActive=1 activityActive=0 msUntilWakeDeadline=2570
7508 [DBG_HP_SAMPLE] t=1024623 hpOutPin=0 hpOutAsserted=1 camState=1 logicActive=1 activityActive=0 msUntilWakeDeadline=2470
7608 [DBG_HP_SAMPLE] t=1024723 hpOutPin=0 hpOutAsserted=1 camState=1 logicActive=1 activityActive=0 msUntilWakeDeadline=2370
7708 [DBG_HP_SAMPLE] t=1024823 hpOutPin=0 hpOutAsserted=1 camState=1 logicActive=1 activityActive=0 msUntilWakeDeadline=2270
7809 [DBG_HP_SAMPLE] t=1024923 hpOutPin=0 hpOutAsserted=1 camState=1 logicActive=1 activityActive=0 msUntilWakeDeadline=2170
7908 [DBG_HP_SAMPLE] t=1025023 hpOutPin=0 hpOutAsserted=1 camState=1 logicActive=1 activityActive=0 msUntilWakeDeadline=2070
8008 [DBG_HP_SAMPLE] t=1025123 hpOutPin=0 hpOutAsserted=1 camState=1 logicActive=1 activityActive=0 msUntilWakeDeadline=1970
8108 [DBG_HP_SAMPLE] t=1025223 hpOutPin=0 hpOutAsserted=1 camState=1 logicActive=1 activityActive=0 msUntilWakeDeadline=1870
8208 [DBG_HP_SAMPLE] t=1025323 hpOutPin=0 hpOutAsserted=1 camState=1 logicActive=1 activityActive=0 msUntilWakeDeadline=1770
8309 [DBG_HP_SAMPLE] t=1025423 hpOutPin=0 hpOutAsserted=1 camState=1 logicActive=1 activityActive=0 msUntilWakeDeadline=1670
8408 [DBG_HP_SAMPLE] t=1025523 hpOutPin=0 hpOutAsserted=1 camState=1 logicActive=1 activityActive=0 msUntilWakeDeadline=1570
8508 [DBG_HP_SAMPLE] t=1025623 hpOutPin=0 hpOutAsserted=1 camState=1 logicActive=1 activityActive=0 msUntilWakeDeadline=1470
8608 [DBG_HP_SAMPLE] t=1025723 hpOutPin=0 hpOutAsserted=1 camState=1 logicActive=1 activityActive=0 msUntilWakeDeadline=1370
8708 [DBG_HP_SAMPLE] t=1025823 hpOutPin=0 hpOutAsserted=1 camState=1 logicActive=1 activityActive=0 msUntilWakeDeadline=1270
8809 [DBG_HP_SAMPLE] t=1025923 hpOutPin=0 hpOutAsserted=1 camState=1 logicActive=1 activityActive=0 msUntilWakeDeadline=1170
8908 [DBG_HP_SAMPLE] t=1026023 hpOutPin=0 hpOutAsserted=1 camState=1 logicActive=1 activityActive=0 msUntilWakeDeadline=1070
9008 [DBG_HP_SAMPLE] t=1026123 hpOutPin=0 hpOutAsserted=1 camState=1 logicActive=1 activityActive=0 msUntilWakeDeadline=970
9108 [DBG_HP_SAMPLE] t=1026223 hpOutPin=0 hpOutAsserted=1 camState=1 logicActive=1 activityActive=0 msUntilWakeDeadline=870
9208 [DBG_HP_SAMPLE] t=1026323 hpOutPin=0 hpOutAsserted=1 camState=1 logicActive=1 activityActive=0 msUntilWakeDeadline=770
9309 [DBG_HP_SAMPLE] t=1026423 hpOutPin=0 hpOutAsserted=1 camState=1 logicActive=1 activityActive=0 msUntilWakeDeadline=670
9408 [DBG_HP_SAMPLE] t=1026523 hpOutPin=0 hpOutAsserted=1 camState=1 logicActive=1 activityActive=0 msUntilWakeDeadline=570
9508 [DBG_HP_SAMPLE] t=1026623 hpOutPin=0 hpOutAsserted=1 camState=1 logicActive=1 activityActive=0 msUntilWakeDeadline=470
9608 [DBG_HP_SAMPLE] t=1026723 hpOutPin=0 hpOutAsserted=1 camState=1 logicActive=1 activityActive=0 msUntilWakeDeadline=370
9708 [DBG_HP_SAMPLE] t=1026823 hpOutPin=0 hpOutAsserted=1 camState=1 logicActive=1 activityActive=0 msUntilWakeDeadline=270
9808 [DBG_HP_SAMPLE] t=1026923 hpOutPin=0 hpOutAsserted=1 camState=1 logicActive=1 activityActive=0 msUntilWakeDeadline=170
9908 [DBG_HP_SAMPLE] t=1027023 hpOutPin=0 hpOutAsserted=1 camState=1 logicActive=1 activityActive=0 msUntilWakeDeadline=70
9978 [DBG_PIN] t=1027093 sig=FP_OUT state=INACTIVE reason=endActivity durMs=8046 camState=1 hpOutAsserted=1
9980 [DBG_PIN] t=1027093 sig=HP_OUT state=INACTIVE reason=releaseHpOut durMs=10000 camState=1 hpOutAsserted=0
9983 [DBG_IO] t=1027093 stage=configureRuntimeIo.enter deviceType=1 camEnabled=1 camState=0 logicActive=0 activityActive=0 hpOutAsserted=0 hpOutPin=1 fpOutPin=1
9986 [DBG_IO] t=1027094 stage=configureRuntimeIo.outputsInput deviceType=1 camEnabled=1 camState=0 logicActive=0 activityActive=0 hpOutAsserted=0 hpOutPin=1 fpOutPin=1
10191 [DBG_IO] t=1027095 stage=configureRuntimeIo.cameraStateMachine deviceType=1 camEnabled=1 camState=0 logicActive=0 activityActive=0 hpOutAsserted=0
10834  hpOutPin=1 fpOutPin=1
10836 [DBG_HP_SAMPLE] t=1027951 hpOutPin=1 hpOutAsserted=0 camState=0 logicActive=0 activityActive=0 msUntilWakeDeadline=0
10936 [DBG_HP_SAMPLE] t=1028051 hpOutPin=1 hpOutAsserted=0 camState=0 logicActive=0 activityActive=0 msUntilWakeDeadline=0
11036 [DBG_HP_SAMPLE] t=1028151 hpOutPin=1 hpOutAsserted=0 camState=0 logicActive=0 activityActive=0 msUntilWakeDeadline=0
11137 [DBG_HP_SAMPLE] t=1028251 hpOutPin=1 hpOutAsserted=0 camState=0 logicActive=0 activityActive=0 msUntilWakeDeadline=0
11236 [DBG_HP_SAMPLE] t=1028351 hpOutPin=1 hpOutAsserted=0 camState=0 logicActive=0 activityActive=0 msUntilWakeDeadline=0
11336 [DBG_HP_SAMPLE] t=1028451 hpOutPin=1 hpOutAsserted=0 camState=0 logicActive=0 activityActive=0 msUntilWakeDeadline=0
11436 [DBG_HP_SAMPLE] t=1028551 hpOutPin=1 hpOutAsserted=0 camState=0 logicActive=0 activityActive=0 msUntilWakeDeadline=0
11536 [DBG_HP_SAMPLE] t=1028651 hpOutPin=1 hpOutAsserted=0 camState=0 logicActive=0 activityActive=0 msUntilWakeDeadline=0
11637 [DBG_HP_SAMPLE] t=1028751 hpOutPin=1 hpOutAsserted=0 camState=0 logicActive=0 activityActive=0 msUntilWakeDeadline=0
11736 [DBG_HP_SAMPLE] t=1028851 hpOutPin=1 hpOutAsserted=0 camState=0 logicActive=0 activityActive=0 msUntilWakeDeadline=0
11836 [DBG_HP_SAMPLE] t=1028951 hpOutPin=1 hpOutAsserted=0 camState=0 logicActive=0 activityActive=0 msUntilWakeDeadline=0
11936 [DBG_HP_SAMPLE] t=1029051 hpOutPin=1 hpOutAsserted=0 camState=0 logicActive=0 activityActive=0 msUntilWakeDeadline=0
11944 [DBG_PIN] t=1029059 sig=HP_OUT state=ACTIVE reason=assertHpOut camState=0 hpOutAsserted=1
12036 [DBG_HP_SAMPLE] t=1029151 hpOutPin=0 hpOutAsserted=1 camState=2 logicActive=1 activityActive=1 msUntilWakeDeadline=9908
12137 [DBG_HP_SAMPLE] t=1029251 hpOutPin=0 hpOutAsserted=1 camState=2 logicActive=1 activityActive=1 msUntilWakeDeadline=9808
12236 [DBG_HP_SAMPLE] t=1029351 hpOutPin=0 hpOutAsserted=1 camState=2 logicActive=1 activityActive=1 msUntilWakeDeadline=9708
12336 [DBG_HP_SAMPLE] t=1029451 hpOutPin=0 hpOutAsserted=1 camState=2 logicActive=1 activityActive=1 msUntilWakeDeadline=9608
12436 [DBG_HP_SAMPLE] t=1029551 hpOutPin=0 hpOutAsserted=1 camState=2 logicActive=1 activityActive=1 msUntilWakeDeadline=9508
12444 [DBG_PIN] t=1029559 sig=FP_OUT state=ACTIVE reason=burstFrameFire camState=3 hpOutAsserted=1
12536 [DBG_HP_SAMPLE] t=1029651 hpOutPin=0 hpOutAsserted=1 camState=3 logicActive=1 activityActive=1 msUntilWakeDeadline=9408
12543 [DBG_PIN] t=1029659 sig=FP_OUT state=INACTIVE reason=burstPulseComplete durMs=100 camState=3 hpOutAsserted=1
12637 [DBG_HP_SAMPLE] t=1029751 hpOutPin=0 hpOutAsserted=1 camState=3 logicActive=1 activityActive=1 msUntilWakeDeadline=9308
12736 [DBG_HP_SAMPLE] t=1029851 hpOutPin=0 hpOutAsserted=1 camState=3 logicActive=1 activityActive=1 msUntilWakeDeadline=9208
12836 [DBG_HP_SAMPLE] t=1029951 hpOutPin=0 hpOutAsserted=1 camState=3 logicActive=1 activityActive=1 msUntilWakeDeadline=9108
12936 [DBG_HP_SAMPLE] t=1030051 hpOutPin=0 hpOutAsserted=1 camState=3 logicActive=1 activityActive=1 msUntilWakeDeadline=9008
13036 [DBG_HP_SAMPLE] t=1030151 hpOutPin=0 hpOutAsserted=1 camState=3 logicActive=1 activityActive=1 msUntilWakeDeadline=8908
13137 [DBG_HP_SAMPLE] t=1030251 hpOutPin=0 hpOutAsserted=1 camState=3 logicActive=1 activityActive=1 msUntilWakeDeadline=8808
13236 [DBG_HP_SAMPLE] t=1030351 hpOutPin=0 hpOutAsserted=1 camState=3 logicActive=1 activityActive=1 msUntilWakeDeadline=8708
13336 [DBG_HP_SAMPLE] t=1030451 hpOutPin=0 hpOutAsserted=1 camState=3 logicActive=1 activityActive=1 msUntilWakeDeadline=8608
13436 [DBG_HP_SAMPLE] t=1030551 hpOutPin=0 hpOutAsserted=1 camState=3 logicActive=1 activityActive=1 msUntilWakeDeadline=8508
13444 [DBG_PIN] t=1030559 sig=FP_OUT state=ACTIVE reason=burstFrameFire camState=3 hpOutAsserted=1
13536 [DBG_HP_SAMPLE] t=1030651 hpOutPin=0 hpOutAsserted=1 camState=3 logicActive=1 activityActive=1 msUntilWakeDeadline=8408
13544 [DBG_PIN] t=1030659 sig=FP_OUT state=INACTIVE reason=burstPulseComplete durMs=100 camState=3 hpOutAsserted=1
13637 [DBG_HP_SAMPLE] t=1030751 hpOutPin=0 hpOutAsserted=1 camState=4 logicActive=1 activityActive=1 msUntilWakeDeadline=8308
13736 [DBG_HP_SAMPLE] t=1030851 hpOutPin=0 hpOutAsserted=1 camState=4 logicActive=1 activityActive=1 msUntilWakeDeadline=8208
13836 [DBG_HP_SAMPLE] t=1030951 hpOutPin=0 hpOutAsserted=1 camState=4 logicActive=1 activityActive=1 msUntilWakeDeadline=8108
13936 [DBG_HP_SAMPLE] t=1031051 hpOutPin=0 hpOutAsserted=1 camState=4 logicActive=1 activityActive=1 msUntilWakeDeadline=8008
14036 [DBG_HP_SAMPLE] t=1031151 hpOutPin=0 hpOutAsserted=1 camState=4 logicActive=1 activityActive=1 msUntilWakeDeadline=7908
14136 [DBG_HP_SAMPLE] t=1031251 hpOutPin=0 hpOutAsserted=1 camState=4 logicActive=1 activityActive=1 msUntilWakeDeadline=7808
14236 [DBG_HP_SAMPLE] t=1031351 hpOutPin=0 hpOutAsserted=1 camState=4 logicActive=1 activityActive=1 msUntilWakeDeadline=7708
14336 [DBG_HP_SAMPLE] t=1031451 hpOutPin=0 hpOutAsserted=1 camState=4 logicActive=1 activityActive=1 msUntilWakeDeadline=7608
14436 [DBG_HP_SAMPLE] t=1031551 hpOutPin=0 hpOutAsserted=1 camState=4 logicActive=1 activityActive=1 msUntilWakeDeadline=7508
14536 [DBG_HP_SAMPLE] t=1031651 hpOutPin=0 hpOutAsserted=1 camState=4 logicActive=1 activityActive=1 msUntilWakeDeadline=7408
14636 [DBG_HP_SAMPLE] t=1031751 hpOutPin=0 hpOutAsserted=1 camState=4 logicActive=1 activityActive=1 msUntilWakeDeadline=7308
14736 [DBG_HP_SAMPLE] t=1031851 hpOutPin=0 hpOutAsserted=1 camState=4 logicActive=1 activityActive=1 msUntilWakeDeadline=7208
14836 [DBG_HP_SAMPLE] t=1031951 hpOutPin=0 hpOutAsserted=1 camState=4 logicActive=1 activityActive=1 msUntilWakeDeadline=7108
14936 [DBG_HP_SAMPLE] t=1032051 hpOutPin=0 hpOutAsserted=1 camState=4 logicActive=1 activityActive=1 msUntilWakeDeadline=7008
15036 [DBG_HP_SAMPLE] t=1032151 hpOutPin=0 hpOutAsserted=1 camState=4 logicActive=1 activityActive=1 msUntilWakeDeadline=6908
15137 [DBG_HP_SAMPLE] t=1032251 hpOutPin=0 hpOutAsserted=1 camState=4 logicActive=1 activityActive=1 msUntilWakeDeadline=6808
15236 [DBG_HP_SAMPLE] t=1032351 hpOutPin=0 hpOutAsserted=1 camState=4 logicActive=1 activityActive=1 msUntilWakeDeadline=6708
15336 [DBG_HP_SAMPLE] t=1032451 hpOutPin=0 hpOutAsserted=1 camState=4 logicActive=1 activityActive=1 msUntilWakeDeadline=6608
15436 [DBG_HP_SAMPLE] t=1032551 hpOutPin=0 hpOutAsserted=1 camState=4 logicActive=1 activityActive=1 msUntilWakeDeadline=6508
15536 [DBG_HP_SAMPLE] t=1032651 hpOutPin=0 hpOutAsserted=1 camState=4 logicActive=1 activityActive=1 msUntilWakeDeadline=6408
15636 [DBG_HP_SAMPLE] t=1032751 hpOutPin=0 hpOutAsserted=1 camState=1 logicActive=1 activityActive=0 msUntilWakeDeadline=6308
15736 [DBG_HP_SAMPLE] t=1032851 hpOutPin=0 hpOutAsserted=1 camState=1 logicActive=1 activityActive=0 msUntilWakeDeadline=6208
15836 [DBG_HP_SAMPLE] t=1032951 hpOutPin=0 hpOutAsserted=1 camState=1 logicActive=1 activityActive=0 msUntilWakeDeadline=6108
15936 [DBG_HP_SAMPLE] t=1033051 hpOutPin=0 hpOutAsserted=1 camState=1 logicActive=1 activityActive=0 msUntilWakeDeadline=6008
16036 [DBG_HP_SAMPLE] t=1033151 hpOutPin=0 hpOutAsserted=1 camState=1 logicActive=1 activityActive=0 msUntilWakeDeadline=5908
16136 [DBG_HP_SAMPLE] t=1033251 hpOutPin=0 hpOutAsserted=1 camState=1 logicActive=1 activityActive=0 msUntilWakeDeadline=5808
16236 [DBG_HP_SAMPLE] t=1033351 hpOutPin=0 hpOutAsserted=1 camState=1 logicActive=1 activityActive=0 msUntilWakeDeadline=5708
16336 [DBG_HP_SAMPLE] t=1033451 hpOutPin=0 hpOutAsserted=1 camState=1 logicActive=1 activityActive=0 msUntilWakeDeadline=5608
16436 [DBG_HP_SAMPLE] t=1033551 hpOutPin=0 hpOutAsserted=1 camState=1 logicActive=1 activityActive=0 msUntilWakeDeadline=5508
16536 [DBG_HP_SAMPLE] t=1033651 hpOutPin=0 hpOutAsserted=1 camState=1 logicActive=1 activityActive=0 msUntilWakeDeadline=5408
16636 [DBG_HP_SAMPLE] t=1033751 hpOutPin=0 hpOutAsserted=1 camState=1 logicActive=1 activityActive=0 msUntilWakeDeadline=5308
16736 [DBG_HP_SAMPLE] t=1033851 hpOutPin=0 hpOutAsserted=1 camState=1 logicActive=1 activityActive=0 msUntilWakeDeadline=5208
16836 [DBG_HP_SAMPLE] t=1033951 hpOutPin=0 hpOutAsserted=1 camState=1 logicActive=1 activityActive=0 msUntilWakeDeadline=5108
16936 [DBG_HP_SAMPLE] t=1034051 hpOutPin=0 hpOutAsserted=1 camState=1 logicActive=1 activityActive=0 msUntilWakeDeadline=5008
17036 [DBG_HP_SAMPLE] t=1034151 hpOutPin=0 hpOutAsserted=1 camState=1 logicActive=1 activityActive=0 msUntilWakeDeadline=4908
17137 [DBG_HP_SAMPLE] t=1034251 hpOutPin=0 hpOutAsserted=1 camState=1 logicActive=1 activityActive=0 msUntilWakeDeadline=4808
17236 [DBG_HP_SAMPLE] t=1034351 hpOutPin=0 hpOutAsserted=1 camState=1 logicActive=1 activityActive=0 msUntilWakeDeadline=4708
17336 [DBG_HP_SAMPLE] t=1034451 hpOutPin=0 hpOutAsserted=1 camState=1 logicActive=1 activityActive=0 msUntilWakeDeadline=4608
17436 [DBG_HP_SAMPLE] t=1034551 hpOutPin=0 hpOutAsserted=1 camState=1 logicActive=1 activityActive=0 msUntilWakeDeadline=4508
17536 [DBG_HP_SAMPLE] t=1034651 hpOutPin=0 hpOutAsserted=1 camState=1 logicActive=1 activityActive=0 msUntilWakeDeadline=4408
17636 [DBG_HP_SAMPLE] t=1034751 hpOutPin=0 hpOutAsserted=1 camState=1 logicActive=1 activityActive=0 msUntilWakeDeadline=4308
17736 [DBG_HP_SAMPLE] t=1034851 hpOutPin=0 hpOutAsserted=1 camState=1 logicActive=1 activityActive=0 msUntilWakeDeadline=4208
17836 [DBG_HP_SAMPLE] t=1034951 hpOutPin=0 hpOutAsserted=1 camState=1 logicActive=1 activityActive=0 msUntilWakeDeadline=4108
17936 [DBG_HP_SAMPLE] t=1035051 hpOutPin=0 hpOutAsserted=1 camState=1 logicActive=1 activityActive=0 msUntilWakeDeadline=4008
18036 [DBG_HP_SAMPLE] t=1035151 hpOutPin=0 hpOutAsserted=1 camState=1 logicActive=1 activityActive=0 msUntilWakeDeadline=3908
18136 [DBG_HP_SAMPLE] t=1035251 hpOutPin=0 hpOutAsserted=1 camState=1 logicActive=1 activityActive=0 msUntilWakeDeadline=3808
18236 [DBG_HP_SAMPLE] t=1035351 hpOutPin=0 hpOutAsserted=1 camState=1 logicActive=1 activityActive=0 msUntilWakeDeadline=3708
18336 [DBG_HP_SAMPLE] t=1035451 hpOutPin=0 hpOutAsserted=1 camState=1 logicActive=1 activityActive=0 msUntilWakeDeadline=3608
18436 [DBG_HP_SAMPLE] t=1035551 hpOutPin=0 hpOutAsserted=1 camState=1 logicActive=1 activityActive=0 msUntilWakeDeadline=3508
18536 [DBG_HP_SAMPLE] t=1035651 hpOutPin=0 hpOutAsserted=1 camState=1 logicActive=1 activityActive=0 msUntilWakeDeadline=3408
18636 [DBG_HP_SAMPLE] t=1035751 hpOutPin=0 hpOutAsserted=1 camState=1 logicActive=1 activityActive=0 msUntilWakeDeadline=3308
18736 [DBG_HP_SAMPLE] t=1035851 hpOutPin=0 hpOutAsserted=1 camState=1 logicActive=1 activityActive=0 msUntilWakeDeadline=3208
18836 [DBG_HP_SAMPLE] t=1035951 hpOutPin=0 hpOutAsserted=1 camState=1 logicActive=1 activityActive=0 msUntilWakeDeadline=3108
18936 [DBG_HP_SAMPLE] t=1036051 hpOutPin=0 hpOutAsserted=1 camState=1 logicActive=1 activityActive=0 msUntilWakeDeadline=3008
19036 [DBG_HP_SAMPLE] t=1036151 hpOutPin=0 hpOutAsserted=1 camState=1 logicActive=1 activityActive=0 msUntilWakeDeadline=2908
19136 [DBG_HP_SAMPLE] t=1036251 hpOutPin=0 hpOutAsserted=1 camState=1 logicActive=1 activityActive=0 msUntilWakeDeadline=2808
19236 [DBG_HP_SAMPLE] t=1036351 hpOutPin=0 hpOutAsserted=1 camState=1 logicActive=1 activityActive=0 msUntilWakeDeadline=2708
19336 [DBG_HP_SAMPLE] t=1036451 hpOutPin=0 hpOutAsserted=1 camState=1 logicActive=1 activityActive=0 msUntilWakeDeadline=2608
19436 [DBG_HP_SAMPLE] t=1036551 hpOutPin=0 hpOutAsserted=1 camState=1 logicActive=1 activityActive=0 msUntilWakeDeadline=2508
19536 [DBG_HP_SAMPLE] t=1036651 hpOutPin=0 hpOutAsserted=1 camState=1 logicActive=1 activityActive=0 msUntilWakeDeadline=2408
19636 [DBG_HP_SAMPLE] t=1036751 hpOutPin=0 hpOutAsserted=1 camState=1 logicActive=1 activityActive=0 msUntilWakeDeadline=2308
19736 [DBG_HP_SAMPLE] t=1036851 hpOutPin=0 hpOutAsserted=1 camState=1 logicActive=1 activityActive=0 msUntilWakeDeadline=2208
19836 [DBG_HP_SAMPLE] t=1036951 hpOutPin=0 hpOutAsserted=1 camState=1 logicActive=1 activityActive=0 msUntilWakeDeadline=2108
19936 [DBG_HP_SAMPLE] t=1037051 hpOutPin=0 hpOutAsserted=1 camState=1 logicActive=1 activityActive=0 msUntilWakeDeadline=2008
20036 [DBG_HP_SAMPLE] t=1037151 hpOutPin=0 hpOutAsserted=1 camState=1 logicActive=1 activityActive=0 msUntilWakeDeadline=1908
