77 [DBG_HP_SAMPLE] t=35041 hpOutPin=0 hpOutAsserted=1 camState=1 logicActive=1 activityActive=0 msUntilWakeDeadline=9900
209 [DBG_HP_SAMPLE] t=35151 hpOutPin=0 hpOutAsserted=1 camState=1 logicActive=1 activityActive=0 msUntilWakeDeadline=9790
288 [DBG_HP_SAMPLE] t=35251 hpOutPin=0 hpOutAsserted=1 camState=1 logicActive=1 activityActive=0 msUntilWakeDeadline=9690
419 [DBG_HP_SAMPLE] t=35361 hpOutPin=0 hpOutAsserted=1 camState=1 logicActive=1 activityActive=0 msUntilWakeDeadline=9580
498 [DBG_HP_SAMPLE] t=35461 hpOutPin=0 hpOutAsserted=1 camState=1 logicActive=1 activityActive=0 msUntilWakeDeadline=9480
598 [DBG_HP_SAMPLE] t=35561 hpOutPin=0 hpOutAsserted=1 camState=1 logicActive=1 activityActive=0 msUntilWakeDeadline=9380
697 [DBG_HP_SAMPLE] t=35661 hpOutPin=0 hpOutAsserted=1 camState=1 logicActive=1 activityActive=0 msUntilWakeDeadline=9280
798 [DBG_HP_SAMPLE] t=35761 hpOutPin=0 hpOutAsserted=1 camState=1 logicActive=1 activityActive=0 msUntilWakeDeadline=9180
897 [DBG_HP_SAMPLE] t=35861 hpOutPin=0 hpOutAsserted=1 camState=1 logicActive=1 activityActive=0 msUntilWakeDeadline=9080
927 [DBG_PIN] t=35891 sig=FP_OUT state=ACTIVE reason=burstFrameFire camState=3 hpOutAsserted=1
998 [DBG_HP_SAMPLE] t=35961 hpOutPin=0 hpOutAsserted=1 camState=3 logicActive=1 activityActive=1 msUntilWakeDeadline=8980
1027 [DBG_PIN] t=35991 sig=FP_OUT state=INACTIVE reason=burstPulseComplete durMs=100 camState=3 hpOutAsserted=1
1097 [DBG_HP_SAMPLE] t=36061 hpOutPin=0 hpOutAsserted=1 camState=3 logicActive=1 activityActive=1 msUntilWakeDeadline=8880
1197 [DBG_HP_SAMPLE] t=36161 hpOutPin=0 hpOutAsserted=1 camState=3 logicActive=1 activityActive=1 msUntilWakeDeadline=8780
1298 [DBG_HP_SAMPLE] t=36261 hpOutPin=0 hpOutAsserted=1 camState=3 logicActive=1 activityActive=1 msUntilWakeDeadline=8680
1397 [DBG_HP_SAMPLE] t=36361 hpOutPin=0 hpOutAsserted=1 camState=3 logicActive=1 activityActive=1 msUntilWakeDeadline=8580
1498 [DBG_HP_SAMPLE] t=36461 hpOutPin=0 hpOutAsserted=1 camState=3 logicActive=1 activityActive=1 msUntilWakeDeadline=8480
1597 [DBG_HP_SAMPLE] t=36561 hpOutPin=0 hpOutAsserted=1 camState=3 logicActive=1 activityActive=1 msUntilWakeDeadline=8380
1697 [DBG_HP_SAMPLE] t=36661 hpOutPin=0 hpOutAsserted=1 camState=3 logicActive=1 activityActive=1 msUntilWakeDeadline=8280
1798 [DBG_HP_SAMPLE] t=36761 hpOutPin=0 hpOutAsserted=1 camState=3 logicActive=1 activityActive=1 msUntilWakeDeadline=8180
1897 [DBG_HP_SAMPLE] t=36861 hpOutPin=0 hpOutAsserted=1 camState=3 logicActive=1 activityActive=1 msUntilWakeDeadline=8080
1927 [DBG_PIN] t=36891 sig=FP_OUT state=ACTIVE reason=burstFrameFire camState=3 hpOutAsserted=1
1998 [DBG_HP_SAMPLE] t=36961 hpOutPin=0 hpOutAsserted=1 camState=3 logicActive=1 activityActive=1 msUntilWakeDeadline=7980
2027 [DBG_PIN] t=36991 sig=FP_OUT state=INACTIVE reason=burstPulseComplete durMs=100 camState=3 hpOutAsserted=1
2097 [DBG_HP_SAMPLE] t=37061 hpOutPin=0 hpOutAsserted=1 camState=3 logicActive=1 activityActive=1 msUntilWakeDeadline=7880
2197 [DBG_HP_SAMPLE] t=37161 hpOutPin=0 hpOutAsserted=1 camState=3 logicActive=1 activityActive=1 msUntilWakeDeadline=7780
2298 [DBG_HP_SAMPLE] t=37261 hpOutPin=0 hpOutAsserted=1 camState=3 logicActive=1 activityActive=1 msUntilWakeDeadline=7680
2397 [DBG_HP_SAMPLE] t=37361 hpOutPin=0 hpOutAsserted=1 camState=3 logicActive=1 activityActive=1 msUntilWakeDeadline=7580
2498 [DBG_HP_SAMPLE] t=37461 hpOutPin=0 hpOutAsserted=1 camState=3 logicActive=1 activityActive=1 msUntilWakeDeadline=7480
2598 [DBG_HP_SAMPLE] t=37561 hpOutPin=0 hpOutAsserted=1 camState=3 logicActive=1 activityActive=1 msUntilWakeDeadline=7380
2697 [DBG_HP_SAMPLE] t=37661 hpOutPin=0 hpOutAsserted=1 camState=3 logicActive=1 activityActive=1 msUntilWakeDeadline=7280
2797 [DBG_HP_SAMPLE] t=37761 hpOutPin=0 hpOutAsserted=1 camState=3 logicActive=1 activityActive=1 msUntilWakeDeadline=7180
2897 [DBG_HP_SAMPLE] t=37861 hpOutPin=0 hpOutAsserted=1 camState=3 logicActive=1 activityActive=1 msUntilWakeDeadline=7080
2927 [DBG_PIN] t=37891 sig=FP_OUT state=ACTIVE reason=burstFrameFire camState=3 hpOutAsserted=1
2997 [DBG_HP_SAMPLE] t=37961 hpOutPin=0 hpOutAsserted=1 camState=3 logicActive=1 activityActive=1 msUntilWakeDeadline=6980
3027 [DBG_PIN] t=37991 sig=FP_OUT state=INACTIVE reason=burstPulseComplete durMs=100 camState=3 hpOutAsserted=1
3097 [DBG_HP_SAMPLE] t=38061 hpOutPin=0 hpOutAsserted=1 camState=3 logicActive=1 activityActive=1 msUntilWakeDeadline=6880
3197 [DBG_HP_SAMPLE] t=38161 hpOutPin=0 hpOutAsserted=1 camState=3 logicActive=1 activityActive=1 msUntilWakeDeadline=6780
3297 [DBG_HP_SAMPLE] t=38261 hpOutPin=0 hpOutAsserted=1 camState=3 logicActive=1 activityActive=1 msUntilWakeDeadline=6680
3397 [DBG_HP_SAMPLE] t=38361 hpOutPin=0 hpOutAsserted=1 camState=3 logicActive=1 activityActive=1 msUntilWakeDeadline=6580
3497 [DBG_HP_SAMPLE] t=38461 hpOutPin=0 hpOutAsserted=1 camState=3 logicActive=1 activityActive=1 msUntilWakeDeadline=6480
3597 [DBG_HP_SAMPLE] t=38561 hpOutPin=0 hpOutAsserted=1 camState=3 logicActive=1 activityActive=1 msUntilWakeDeadline=6380
3697 [DBG_HP_SAMPLE] t=38661 hpOutPin=0 hpOutAsserted=1 camState=3 logicActive=1 activityActive=1 msUntilWakeDeadline=6280
3797 [DBG_HP_SAMPLE] t=38761 hpOutPin=0 hpOutAsserted=1 camState=3 logicActive=1 activityActive=1 msUntilWakeDeadline=6180
3897 [DBG_HP_SAMPLE] t=38861 hpOutPin=0 hpOutAsserted=1 camState=3 logicActive=1 activityActive=1 msUntilWakeDeadline=6080
3927 [DBG_PIN] t=38891 sig=FP_OUT state=ACTIVE reason=burstFrameFire camState=3 hpOutAsserted=1
3997 [DBG_HP_SAMPLE] t=38961 hpOutPin=0 hpOutAsserted=1 camState=3 logicActive=1 activityActive=1 msUntilWakeDeadline=5980
4027 [DBG_PIN] t=38991 sig=FP_OUT state=INACTIVE reason=burstPulseComplete durMs=100 camState=3 hpOutAsserted=1
4097 [DBG_HP_SAMPLE] t=39061 hpOutPin=0 hpOutAsserted=1 camState=4 logicActive=1 activityActive=1 msUntilWakeDeadline=5880
4197 [DBG_HP_SAMPLE] t=39161 hpOutPin=0 hpOutAsserted=1 camState=4 logicActive=1 activityActive=1 msUntilWakeDeadline=5780
4297 [DBG_HP_SAMPLE] t=39261 hpOutPin=0 hpOutAsserted=1 camState=4 logicActive=1 activityActive=1 msUntilWakeDeadline=5680
4397 [DBG_HP_SAMPLE] t=39361 hpOutPin=0 hpOutAsserted=1 camState=4 logicActive=1 activityActive=1 msUntilWakeDeadline=5580
4498 [DBG_HP_SAMPLE] t=39461 hpOutPin=0 hpOutAsserted=1 camState=4 logicActive=1 activityActive=1 msUntilWakeDeadline=5480
4597 [DBG_HP_SAMPLE] t=39561 hpOutPin=0 hpOutAsserted=1 camState=4 logicActive=1 activityActive=1 msUntilWakeDeadline=5380
4697 [DBG_HP_SAMPLE] t=39661 hpOutPin=0 hpOutAsserted=1 camState=4 logicActive=1 activityActive=1 msUntilWakeDeadline=5280
4797 [DBG_HP_SAMPLE] t=39761 hpOutPin=0 hpOutAsserted=1 camState=4 logicActive=1 activityActive=1 msUntilWakeDeadline=5180
4897 [DBG_HP_SAMPLE] t=39861 hpOutPin=0 hpOutAsserted=1 camState=4 logicActive=1 activityActive=1 msUntilWakeDeadline=5080
4997 [DBG_HP_SAMPLE] t=39961 hpOutPin=0 hpOutAsserted=1 camState=4 logicActive=1 activityActive=1 msUntilWakeDeadline=4980
5097 [DBG_HP_SAMPLE] t=40061 hpOutPin=0 hpOutAsserted=1 camState=4 logicActive=1 activityActive=1 msUntilWakeDeadline=4880
5197 [DBG_HP_SAMPLE] t=40161 hpOutPin=0 hpOutAsserted=1 camState=4 logicActive=1 activityActive=1 msUntilWakeDeadline=4780
5297 [DBG_HP_SAMPLE] t=40261 hpOutPin=0 hpOutAsserted=1 camState=4 logicActive=1 activityActive=1 msUntilWakeDeadline=4680
5397 [DBG_HP_SAMPLE] t=40361 hpOutPin=0 hpOutAsserted=1 camState=4 logicActive=1 activityActive=1 msUntilWakeDeadline=4580
5497 [DBG_HP_SAMPLE] t=40461 hpOutPin=0 hpOutAsserted=1 camState=4 logicActive=1 activityActive=1 msUntilWakeDeadline=4480
5597 [DBG_HP_SAMPLE] t=40561 hpOutPin=0 hpOutAsserted=1 camState=4 logicActive=1 activityActive=1 msUntilWakeDeadline=4380
5697 [DBG_HP_SAMPLE] t=40661 hpOutPin=0 hpOutAsserted=1 camState=4 logicActive=1 activityActive=1 msUntilWakeDeadline=4280
5797 [DBG_HP_SAMPLE] t=40761 hpOutPin=0 hpOutAsserted=1 camState=4 logicActive=1 activityActive=1 msUntilWakeDeadline=4180
5897 [DBG_HP_SAMPLE] t=40861 hpOutPin=0 hpOutAsserted=1 camState=4 logicActive=1 activityActive=1 msUntilWakeDeadline=4080
5997 [DBG_HP_SAMPLE] t=40961 hpOutPin=0 hpOutAsserted=1 camState=4 logicActive=1 activityActive=1 msUntilWakeDeadline=3980
6097 [DBG_HP_SAMPLE] t=41061 hpOutPin=0 hpOutAsserted=1 camState=1 logicActive=1 activityActive=0 msUntilWakeDeadline=3880
6197 [DBG_HP_SAMPLE] t=41161 hpOutPin=0 hpOutAsserted=1 camState=1 logicActive=1 activityActive=0 msUntilWakeDeadline=3780
6297 [DBG_HP_SAMPLE] t=41261 hpOutPin=0 hpOutAsserted=1 camState=1 logicActive=1 activityActive=0 msUntilWakeDeadline=3680
6397 [DBG_HP_SAMPLE] t=41361 hpOutPin=0 hpOutAsserted=1 camState=1 logicActive=1 activityActive=0 msUntilWakeDeadline=3580
6497 [DBG_HP_SAMPLE] t=41461 hpOutPin=0 hpOutAsserted=1 camState=1 logicActive=1 activityActive=0 msUntilWakeDeadline=3480
6597 [DBG_HP_SAMPLE] t=41561 hpOutPin=0 hpOutAsserted=1 camState=1 logicActive=1 activityActive=0 msUntilWakeDeadline=3380
6696 [DBG_HP_SAMPLE] t=41661 hpOutPin=0 hpOutAsserted=1 camState=1 logicActive=1 activityActive=0 msUntilWakeDeadline=3280
6797 [DBG_HP_SAMPLE] t=41761 hpOutPin=0 hpOutAsserted=1 camState=1 logicActive=1 activityActive=0 msUntilWakeDeadline=3180
6897 [DBG_HP_SAMPLE] t=41861 hpOutPin=0 hpOutAsserted=1 camState=1 logicActive=1 activityActive=0 msUntilWakeDeadline=3080
6997 [DBG_HP_SAMPLE] t=41961 hpOutPin=0 hpOutAsserted=1 camState=1 logicActive=1 activityActive=0 msUntilWakeDeadline=2980
7097 [DBG_HP_SAMPLE] t=42061 hpOutPin=0 hpOutAsserted=1 camState=1 logicActive=1 activityActive=0 msUntilWakeDeadline=2880
7197 [DBG_HP_SAMPLE] t=42161 hpOutPin=0 hpOutAsserted=1 camState=1 logicActive=1 activityActive=0 msUntilWakeDeadline=2780
7297 [DBG_HP_SAMPLE] t=42261 hpOutPin=0 hpOutAsserted=1 camState=1 logicActive=1 activityActive=0 msUntilWakeDeadline=2680
7397 [DBG_HP_SAMPLE] t=42361 hpOutPin=0 hpOutAsserted=1 camState=1 logicActive=1 activityActive=0 msUntilWakeDeadline=2580
7497 [DBG_HP_SAMPLE] t=42461 hpOutPin=0 hpOutAsserted=1 camState=1 logicActive=1 activityActive=0 msUntilWakeDeadline=2480
7597 [DBG_HP_SAMPLE] t=42561 hpOutPin=0 hpOutAsserted=1 camState=1 logicActive=1 activityActive=0 msUntilWakeDeadline=2380
7697 [DBG_HP_SAMPLE] t=42661 hpOutPin=0 hpOutAsserted=1 camState=1 logicActive=1 activityActive=0 msUntilWakeDeadline=2280
7797 [DBG_HP_SAMPLE] t=42761 hpOutPin=0 hpOutAsserted=1 camState=1 logicActive=1 activityActive=0 msUntilWakeDeadline=2180
7897 [DBG_HP_SAMPLE] t=42861 hpOutPin=0 hpOutAsserted=1 camState=1 logicActive=1 activityActive=0 msUntilWakeDeadline=2080
7998 [DBG_HP_SAMPLE] t=42961 hpOutPin=0 hpOutAsserted=1 camState=1 logicActive=1 activityActive=0 msUntilWakeDeadline=1980
8097 [DBG_HP_SAMPLE] t=43061 hpOutPin=0 hpOutAsserted=1 camState=1 logicActive=1 activityActive=0 msUntilWakeDeadline=1880
8197 [DBG_HP_SAMPLE] t=43161 hpOutPin=0 hpOutAsserted=1 camState=1 logicActive=1 activityActive=0 msUntilWakeDeadline=1780
8297 [DBG_HP_SAMPLE] t=43261 hpOutPin=0 hpOutAsserted=1 camState=1 logicActive=1 activityActive=0 msUntilWakeDeadline=1680
8397 [DBG_HP_SAMPLE] t=43361 hpOutPin=0 hpOutAsserted=1 camState=1 logicActive=1 activityActive=0 msUntilWakeDeadline=1580
8497 [DBG_HP_SAMPLE] t=43461 hpOutPin=0 hpOutAsserted=1 camState=1 logicActive=1 activityActive=0 msUntilWakeDeadline=1480
8597 [DBG_HP_SAMPLE] t=43561 hpOutPin=0 hpOutAsserted=1 camState=1 logicActive=1 activityActive=0 msUntilWakeDeadline=1380
8697 [DBG_HP_SAMPLE] t=43661 hpOutPin=0 hpOutAsserted=1 camState=1 logicActive=1 activityActive=0 msUntilWakeDeadline=1280
8797 [DBG_HP_SAMPLE] t=43761 hpOutPin=0 hpOutAsserted=1 camState=1 logicActive=1 activityActive=0 msUntilWakeDeadline=1180
8897 [DBG_HP_SAMPLE] t=43861 hpOutPin=0 hpOutAsserted=1 camState=1 logicActive=1 activityActive=0 msUntilWakeDeadline=1080
8997 [DBG_HP_SAMPLE] t=43961 hpOutPin=0 hpOutAsserted=1 camState=1 logicActive=1 activityActive=0 msUntilWakeDeadline=980
9097 [DBG_HP_SAMPLE] t=44061 hpOutPin=0 hpOutAsserted=1 camState=1 logicActive=1 activityActive=0 msUntilWakeDeadline=880
9197 [DBG_HP_SAMPLE] t=44161 hpOutPin=0 hpOutAsserted=1 camState=1 logicActive=1 activityActive=0 msUntilWakeDeadline=780
9297 [DBG_HP_SAMPLE] t=44261 hpOutPin=0 hpOutAsserted=1 camState=1 logicActive=1 activityActive=0 msUntilWakeDeadline=680
9397 [DBG_HP_SAMPLE] t=44361 hpOutPin=0 hpOutAsserted=1 camState=1 logicActive=1 activityActive=0 msUntilWakeDeadline=580
9497 [DBG_HP_SAMPLE] t=44461 hpOutPin=0 hpOutAsserted=1 camState=1 logicActive=1 activityActive=0 msUntilWakeDeadline=480
9597 [DBG_HP_SAMPLE] t=44561 hpOutPin=0 hpOutAsserted=1 camState=1 logicActive=1 activityActive=0 msUntilWakeDeadline=380
9697 [DBG_HP_SAMPLE] t=44661 hpOutPin=0 hpOutAsserted=1 camState=1 logicActive=1 activityActive=0 msUntilWakeDeadline=280
9797 [DBG_HP_SAMPLE] t=44761 hpOutPin=0 hpOutAsserted=1 camState=1 logicActive=1 activityActive=0 msUntilWakeDeadline=180
9897 [DBG_HP_SAMPLE] t=44861 hpOutPin=0 hpOutAsserted=1 camState=1 logicActive=1 activityActive=0 msUntilWakeDeadline=80
9977 [DBG_PIN] t=44941 sig=FP_OUT state=INACTIVE reason=endActivity durMs=6050 camState=1 hpOutAsserted=1
9978 [DBG_PIN] t=44941 sig=HP_OUT state=INACTIVE reason=releaseHpOut durMs=10000 camState=1 hpOutAsserted=0
10644 [DBG_IO] t=45608 stage=configureRuntimeIo.enter deviceType=1 camEnabled=1 camState=0 logicActive=0 activityActive=0 hpOutAsserted=0 hpOutPin=1 fpOutPin=1
10647 [DBG_IO] t=45608 stage=configureRuntimeIo.outputsInput deviceType=1 camEnabled=1 camState=0 logicActive=0 activityActive=0 hpOutAsserted=0 hpOutPin=1 fpOutPin=1
10650 [DBG_IO] t=45609 stage=configureRuntimeIo.cameraStateMachine deviceType=1 camEnabled=1 camState=0 logicActive=0 activityActive=0 hpOutAsserted=0 hpOutPin=1 fpOutPin=1
10652 [DBG_HP_SAMPLE] t=45610 hpOutPin=1 hpOutAsserted=0 camState=0 logicActive=0 activityActive=0 msUntilWakeDeadline=0
10764 [DBG_HP_SAMPLE] t=45728 hpOutPin=1 hpOutAsserted=0 camState=0 logicActive=0 activityActive=0 msUntilWakeDeadline=0
10881 [DBG_HP_SAMPLE] t=45845 hpOutPin=1 hpOutAsserted=0 camState=0 logicActive=0 activityActive=0 msUntilWakeDeadline=0
10998 [DBG_HP_SAMPLE] t=45962 hpOutPin=1 hpOutAsserted=0 camState=0 logicActive=0 activityActive=0 msUntilWakeDeadline=0
11116 [DBG_HP_SAMPLE] t=46080 hpOutPin=1 hpOutAsserted=0 camState=0 logicActive=0 activityActive=0 msUntilWakeDeadline=0
11233 [DBG_HP_SAMPLE] t=46197 hpOutPin=1 hpOutAsserted=0 camState=0 logicActive=0 activityActive=0 msUntilWakeDeadline=0
11350 [DBG_HP_SAMPLE] t=46314 hpOutPin=1 hpOutAsserted=0 camState=0 logicActive=0 activityActive=0 msUntilWakeDeadline=0
11467 [DBG_HP_SAMPLE] t=46431 hpOutPin=1 hpOutAsserted=0 camState=0 logicActive=0 activityActive=0 msUntilWakeDeadline=0
11584 [DBG_HP_SAMPLE] t=46548 hpOutPin=1 hpOutAsserted=0 camState=0 logicActive=0 activityActive=0 msUntilWakeDeadline=0
11701 [DBG_HP_SAMPLE] t=46666 hpOutPin=1 hpOutAsserted=0 camState=0 logicActive=0 activityActive=0 msUntilWakeDeadline=0
11818 [DBG_HP_SAMPLE] t=46783 hpOutPin=1 hpOutAsserted=0 camState=0 logicActive=0 activityActive=0 msUntilWakeDeadline=0
11936 [DBG_HP_SAMPLE] t=46900 hpOutPin=1 hpOutAsserted=0 camState=0 logicActive=0 activityActive=0 msUntilWakeDeadline=0
12053 [DBG_HP_SAMPLE] t=47017 hpOutPin=1 hpOutAsserted=0 camState=0 logicActive=0 activityActive=0 msUntilWakeDeadline=0
