79 [DBG_HP_SAMPLE] t=1051964 hpOutPin=0 hpOutAsserted=1 camState=3 logicActive=1 activityActive=1 msUntilWakeDeadline=9900
210 [DBG_HP_SAMPLE] t=1052074 hpOutPin=0 hpOutAsserted=1 camState=3 logicActive=1 activityActive=1 msUntilWakeDeadline=9790
289 [DBG_HP_SAMPLE] t=1052174 hpOutPin=0 hpOutAsserted=1 camState=3 logicActive=1 activityActive=1 msUntilWakeDeadline=9690
420 [DBG_HP_SAMPLE] t=1052284 hpOutPin=0 hpOutAsserted=1 camState=3 logicActive=1 activityActive=1 msUntilWakeDeadline=9580
478 [DBG_PIN] t=1052364 sig=FP_OUT state=ACTIVE reason=burstFrameFire camState=3 hpOutAsserted=1
499 [DBG_HP_SAMPLE] t=1052384 hpOutPin=0 hpOutAsserted=1 camState=3 logicActive=1 activityActive=1 msUntilWakeDeadline=9480
630 [DBG_HP_SAMPLE] t=1052494 hpOutPin=0 hpOutAsserted=1 camState=3 logicActive=1 activityActive=1 msUntilWakeDeadline=9370
632 [DBG_PIN] t=1052494 sig=FP_OUT state=INACTIVE reason=burstPulseComplete durMs=130 camState=3 hpOutAsserted=1
709 [DBG_HP_SAMPLE] t=1052594 hpOutPin=0 hpOutAsserted=1 camState=3 logicActive=1 activityActive=1 msUntilWakeDeadline=9270
809 [DBG_HP_SAMPLE] t=1052694 hpOutPin=0 hpOutAsserted=1 camState=3 logicActive=1 activityActive=1 msUntilWakeDeadline=9170
910 [DBG_HP_SAMPLE] t=1052794 hpOutPin=0 hpOutAsserted=1 camState=3 logicActive=1 activityActive=1 msUntilWakeDeadline=9070
1009 [DBG_HP_SAMPLE] t=1052894 hpOutPin=0 hpOutAsserted=1 camState=3 logicActive=1 activityActive=1 msUntilWakeDeadline=8970
1108 [DBG_HP_SAMPLE] t=1052994 hpOutPin=0 hpOutAsserted=1 camState=3 logicActive=1 activityActive=1 msUntilWakeDeadline=8870
1209 [DBG_HP_SAMPLE] t=1053094 hpOutPin=0 hpOutAsserted=1 camState=3 logicActive=1 activityActive=1 msUntilWakeDeadline=8770
1309 [DBG_HP_SAMPLE] t=1053194 hpOutPin=0 hpOutAsserted=1 camState=3 logicActive=1 activityActive=1 msUntilWakeDeadline=8670
1409 [DBG_HP_SAMPLE] t=1053294 hpOutPin=0 hpOutAsserted=1 camState=3 logicActive=1 activityActive=1 msUntilWakeDeadline=8570
1478 [DBG_PIN] t=1053364 sig=FP_OUT state=ACTIVE reason=burstFrameFire camState=3 hpOutAsserted=1
1509 [DBG_HP_SAMPLE] t=1053394 hpOutPin=0 hpOutAsserted=1 camState=3 logicActive=1 activityActive=1 msUntilWakeDeadline=8470
1579 [DBG_PIN] t=1053464 sig=FP_OUT state=INACTIVE reason=burstPulseComplete durMs=100 camState=3 hpOutAsserted=1
1608 [DBG_HP_SAMPLE] t=1053494 hpOutPin=0 hpOutAsserted=1 camState=3 logicActive=1 activityActive=1 msUntilWakeDeadline=8370
1709 [DBG_HP_SAMPLE] t=1053594 hpOutPin=0 hpOutAsserted=1 camState=3 logicActive=1 activityActive=1 msUntilWakeDeadline=8270
1809 [DBG_HP_SAMPLE] t=1053694 hpOutPin=0 hpOutAsserted=1 camState=3 logicActive=1 activityActive=1 msUntilWakeDeadline=8170
1910 [DBG_HP_SAMPLE] t=1053794 hpOutPin=0 hpOutAsserted=1 camState=3 logicActive=1 activityActive=1 msUntilWakeDeadline=8070
2009 [DBG_HP_SAMPLE] t=1053894 hpOutPin=0 hpOutAsserted=1 camState=3 logicActive=1 activityActive=1 msUntilWakeDeadline=7970
2109 [DBG_HP_SAMPLE] t=1053994 hpOutPin=0 hpOutAsserted=1 camState=3 logicActive=1 activityActive=1 msUntilWakeDeadline=7870
2209 [DBG_HP_SAMPLE] t=1054094 hpOutPin=0 hpOutAsserted=1 camState=3 logicActive=1 activityActive=1 msUntilWakeDeadline=7770
2309 [DBG_HP_SAMPLE] t=1054194 hpOutPin=0 hpOutAsserted=1 camState=3 logicActive=1 activityActive=1 msUntilWakeDeadline=7670
2409 [DBG_HP_SAMPLE] t=1054294 hpOutPin=0 hpOutAsserted=1 camState=3 logicActive=1 activityActive=1 msUntilWakeDeadline=7570
2478 [DBG_PIN] t=1054364 sig=FP_OUT state=ACTIVE reason=burstFrameFire camState=3 hpOutAsserted=1
2509 [DBG_HP_SAMPLE] t=1054394 hpOutPin=0 hpOutAsserted=1 camState=3 logicActive=1 activityActive=1 msUntilWakeDeadline=7470
2579 [DBG_PIN] t=1054464 sig=FP_OUT state=INACTIVE reason=burstPulseComplete durMs=100 camState=3 hpOutAsserted=1
2609 [DBG_HP_SAMPLE] t=1054494 hpOutPin=0 hpOutAsserted=1 camState=3 logicActive=1 activityActive=1 msUntilWakeDeadline=7370
2709 [DBG_HP_SAMPLE] t=1054594 hpOutPin=0 hpOutAsserted=1 camState=3 logicActive=1 activityActive=1 msUntilWakeDeadline=7270
2809 [DBG_HP_SAMPLE] t=1054694 hpOutPin=0 hpOutAsserted=1 camState=3 logicActive=1 activityActive=1 msUntilWakeDeadline=7170
2909 [DBG_HP_SAMPLE] t=1054794 hpOutPin=0 hpOutAsserted=1 camState=3 logicActive=1 activityActive=1 msUntilWakeDeadline=7070
3009 [DBG_HP_SAMPLE] t=1054894 hpOutPin=0 hpOutAsserted=1 camState=3 logicActive=1 activityActive=1 msUntilWakeDeadline=6970
3109 [DBG_HP_SAMPLE] t=1054994 hpOutPin=0 hpOutAsserted=1 camState=3 logicActive=1 activityActive=1 msUntilWakeDeadline=6870
3209 [DBG_HP_SAMPLE] t=1055094 hpOutPin=0 hpOutAsserted=1 camState=3 logicActive=1 activityActive=1 msUntilWakeDeadline=6770
3309 [DBG_HP_SAMPLE] t=1055194 hpOutPin=0 hpOutAsserted=1 camState=3 logicActive=1 activityActive=1 msUntilWakeDeadline=6670
3409 [DBG_HP_SAMPLE] t=1055294 hpOutPin=0 hpOutAsserted=1 camState=3 logicActive=1 activityActive=1 msUntilWakeDeadline=6570
3478 [DBG_PIN] t=1055364 sig=FP_OUT state=ACTIVE reason=burstFrameFire camState=3 hpOutAsserted=1
3509 [DBG_HP_SAMPLE] t=1055394 hpOutPin=0 hpOutAsserted=1 camState=3 logicActive=1 activityActive=1 msUntilWakeDeadline=6470
3579 [DBG_PIN] t=1055464 sig=FP_OUT state=INACTIVE reason=burstPulseComplete durMs=100 camState=3 hpOutAsserted=1
3608 [DBG_HP_SAMPLE] t=1055494 hpOutPin=0 hpOutAsserted=1 camState=4 logicActive=1 activityActive=1 msUntilWakeDeadline=6370
3709 [DBG_HP_SAMPLE] t=1055594 hpOutPin=0 hpOutAsserted=1 camState=4 logicActive=1 activityActive=1 msUntilWakeDeadline=6270
3809 [DBG_HP_SAMPLE] t=1055694 hpOutPin=0 hpOutAsserted=1 camState=4 logicActive=1 activityActive=1 msUntilWakeDeadline=6170
3910 [DBG_HP_SAMPLE] t=1055794 hpOutPin=0 hpOutAsserted=1 camState=4 logicActive=1 activityActive=1 msUntilWakeDeadline=6070
4009 [DBG_HP_SAMPLE] t=1055894 hpOutPin=0 hpOutAsserted=1 camState=4 logicActive=1 activityActive=1 msUntilWakeDeadline=5970
4109 [DBG_HP_SAMPLE] t=1055994 hpOutPin=0 hpOutAsserted=1 camState=4 logicActive=1 activityActive=1 msUntilWakeDeadline=5870
4209 [DBG_HP_SAMPLE] t=1056094 hpOutPin=0 hpOutAsserted=1 camState=4 logicActive=1 activityActive=1 msUntilWakeDeadline=5770
4309 [DBG_HP_SAMPLE] t=1056194 hpOutPin=0 hpOutAsserted=1 camState=4 logicActive=1 activityActive=1 msUntilWakeDeadline=5670
4409 [DBG_HP_SAMPLE] t=1056294 hpOutPin=0 hpOutAsserted=1 camState=4 logicActive=1 activityActive=1 msUntilWakeDeadline=5570
4509 [DBG_HP_SAMPLE] t=1056394 hpOutPin=0 hpOutAsserted=1 camState=4 logicActive=1 activityActive=1 msUntilWakeDeadline=5470
4608 [DBG_HP_SAMPLE] t=1056494 hpOutPin=0 hpOutAsserted=1 camState=4 logicActive=1 activityActive=1 msUntilWakeDeadline=5370
4709 [DBG_HP_SAMPLE] t=1056594 hpOutPin=0 hpOutAsserted=1 camState=4 logicActive=1 activityActive=1 msUntilWakeDeadline=5270
4809 [DBG_HP_SAMPLE] t=1056694 hpOutPin=0 hpOutAsserted=1 camState=4 logicActive=1 activityActive=1 msUntilWakeDeadline=5170
4909 [DBG_HP_SAMPLE] t=1056794 hpOutPin=0 hpOutAsserted=1 camState=4 logicActive=1 activityActive=1 msUntilWakeDeadline=5070
5009 [DBG_HP_SAMPLE] t=1056894 hpOutPin=0 hpOutAsserted=1 camState=4 logicActive=1 activityActive=1 msUntilWakeDeadline=4970
5108 [DBG_HP_SAMPLE] t=1056994 hpOutPin=0 hpOutAsserted=1 camState=4 logicActive=1 activityActive=1 msUntilWakeDeadline=4870
5209 [DBG_HP_SAMPLE] t=1057094 hpOutPin=0 hpOutAsserted=1 camState=4 logicActive=1 activityActive=1 msUntilWakeDeadline=4770
5309 [DBG_HP_SAMPLE] t=1057194 hpOutPin=0 hpOutAsserted=1 camState=4 logicActive=1 activityActive=1 msUntilWakeDeadline=4670
5409 [DBG_HP_SAMPLE] t=1057294 hpOutPin=0 hpOutAsserted=1 camState=4 logicActive=1 activityActive=1 msUntilWakeDeadline=4570
5509 [DBG_HP_SAMPLE] t=1057394 hpOutPin=0 hpOutAsserted=1 camState=4 logicActive=1 activityActive=1 msUntilWakeDeadline=4470
5608 [DBG_HP_SAMPLE] t=1057494 hpOutPin=0 hpOutAsserted=1 camState=1 logicActive=1 activityActive=0 msUntilWakeDeadline=4370
5709 [DBG_HP_SAMPLE] t=1057594 hpOutPin=0 hpOutAsserted=1 camState=1 logicActive=1 activityActive=0 msUntilWakeDeadline=4270
5808 [DBG_HP_SAMPLE] t=1057694 hpOutPin=0 hpOutAsserted=1 camState=1 logicActive=1 activityActive=0 msUntilWakeDeadline=4170
5909 [DBG_HP_SAMPLE] t=1057794 hpOutPin=0 hpOutAsserted=1 camState=1 logicActive=1 activityActive=0 msUntilWakeDeadline=4070
6009 [DBG_HP_SAMPLE] t=1057894 hpOutPin=0 hpOutAsserted=1 camState=1 logicActive=1 activityActive=0 msUntilWakeDeadline=3970
6108 [DBG_HP_SAMPLE] t=1057994 hpOutPin=0 hpOutAsserted=1 camState=1 logicActive=1 activityActive=0 msUntilWakeDeadline=3870
6209 [DBG_HP_SAMPLE] t=1058094 hpOutPin=0 hpOutAsserted=1 camState=1 logicActive=1 activityActive=0 msUntilWakeDeadline=3770
6308 [DBG_HP_SAMPLE] t=1058194 hpOutPin=0 hpOutAsserted=1 camState=1 logicActive=1 activityActive=0 msUntilWakeDeadline=3670
6409 [DBG_HP_SAMPLE] t=1058294 hpOutPin=0 hpOutAsserted=1 camState=1 logicActive=1 activityActive=0 msUntilWakeDeadline=3570
6508 [DBG_HP_SAMPLE] t=1058394 hpOutPin=0 hpOutAsserted=1 camState=1 logicActive=1 activityActive=0 msUntilWakeDeadline=3470
6608 [DBG_HP_SAMPLE] t=1058494 hpOutPin=0 hpOutAsserted=1 camState=1 logicActive=1 activityActive=0 msUntilWakeDeadline=3370
6709 [DBG_HP_SAMPLE] t=1058594 hpOutPin=0 hpOutAsserted=1 camState=1 logicActive=1 activityActive=0 msUntilWakeDeadline=3270
6808 [DBG_HP_SAMPLE] t=1058694 hpOutPin=0 hpOutAsserted=1 camState=1 logicActive=1 activityActive=0 msUntilWakeDeadline=3170
6909 [DBG_HP_SAMPLE] t=1058794 hpOutPin=0 hpOutAsserted=1 camState=1 logicActive=1 activityActive=0 msUntilWakeDeadline=3070
7009 [DBG_HP_SAMPLE] t=1058894 hpOutPin=0 hpOutAsserted=1 camState=1 logicActive=1 activityActive=0 msUntilWakeDeadline=2970
7108 [DBG_HP_SAMPLE] t=1058994 hpOutPin=0 hpOutAsserted=1 camState=1 logicActive=1 activityActive=0 msUntilWakeDeadline=2870
7209 [DBG_HP_SAMPLE] t=1059094 hpOutPin=0 hpOutAsserted=1 camState=1 logicActive=1 activityActive=0 msUntilWakeDeadline=2770
7308 [DBG_HP_SAMPLE] t=1059194 hpOutPin=0 hpOutAsserted=1 camState=1 logicActive=1 activityActive=0 msUntilWakeDeadline=2670
7409 [DBG_HP_SAMPLE] t=1059294 hpOutPin=0 hpOutAsserted=1 camState=1 logicActive=1 activityActive=0 msUntilWakeDeadline=2570
7509 [DBG_HP_SAMPLE] t=1059394 hpOutPin=0 hpOutAsserted=1 camState=1 logicActive=1 activityActive=0 msUntilWakeDeadline=2470
7608 [DBG_HP_SAMPLE] t=1059494 hpOutPin=0 hpOutAsserted=1 camState=1 logicActive=1 activityActive=0 msUntilWakeDeadline=2370
7709 [DBG_HP_SAMPLE] t=1059594 hpOutPin=0 hpOutAsserted=1 camState=1 logicActive=1 activityActive=0 msUntilWakeDeadline=2270
7808 [DBG_HP_SAMPLE] t=1059694 hpOutPin=0 hpOutAsserted=1 camState=1 logicActive=1 activityActive=0 msUntilWakeDeadline=2170
7909 [DBG_HP_SAMPLE] t=1059794 hpOutPin=0 hpOutAsserted=1 camState=1 logicActive=1 activityActive=0 msUntilWakeDeadline=2070
8009 [DBG_HP_SAMPLE] t=1059894 hpOutPin=0 hpOutAsserted=1 camState=1 logicActive=1 activityActive=0 msUntilWakeDeadline=1970
8108 [DBG_HP_SAMPLE] t=1059994 hpOutPin=0 hpOutAsserted=1 camState=1 logicActive=1 activityActive=0 msUntilWakeDeadline=1870
8209 [DBG_HP_SAMPLE] t=1060094 hpOutPin=0 hpOutAsserted=1 camState=1 logicActive=1 activityActive=0 msUntilWakeDeadline=1770
8308 [DBG_HP_SAMPLE] t=1060194 hpOutPin=0 hpOutAsserted=1 camState=1 logicActive=1 activityActive=0 msUntilWakeDeadline=1670
8409 [DBG_HP_SAMPLE] t=1060294 hpOutPin=0 hpOutAsserted=1 camState=1 logicActive=1 activityActive=0 msUntilWakeDeadline=1570
8509 [DBG_HP_SAMPLE] t=1060394 hpOutPin=0 hpOutAsserted=1 camState=1 logicActive=1 activityActive=0 msUntilWakeDeadline=1470
8608 [DBG_HP_SAMPLE] t=1060494 hpOutPin=0 hpOutAsserted=1 camState=1 logicActive=1 activityActive=0 msUntilWakeDeadline=1370
8709 [DBG_HP_SAMPLE] t=1060594 hpOutPin=0 hpOutAsserted=1 camState=1 logicActive=1 activityActive=0 msUntilWakeDeadline=1270
8808 [DBG_HP_SAMPLE] t=1060694 hpOutPin=0 hpOutAsserted=1 camState=1 logicActive=1 activityActive=0 msUntilWakeDeadline=1170
8909 [DBG_HP_SAMPLE] t=1060794 hpOutPin=0 hpOutAsserted=1 camState=1 logicActive=1 activityActive=0 msUntilWakeDeadline=1070
9009 [DBG_HP_SAMPLE] t=1060894 hpOutPin=0 hpOutAsserted=1 camState=1 logicActive=1 activityActive=0 msUntilWakeDeadline=970
9108 [DBG_HP_SAMPLE] t=1060994 hpOutPin=0 hpOutAsserted=1 camState=1 logicActive=1 activityActive=0 msUntilWakeDeadline=870
9209 [DBG_HP_SAMPLE] t=1061094 hpOutPin=0 hpOutAsserted=1 camState=1 logicActive=1 activityActive=0 msUntilWakeDeadline=770
9308 [DBG_HP_SAMPLE] t=1061194 hpOutPin=0 hpOutAsserted=1 camState=1 logicActive=1 activityActive=0 msUntilWakeDeadline=670
9409 [DBG_HP_SAMPLE] t=1061294 hpOutPin=0 hpOutAsserted=1 camState=1 logicActive=1 activityActive=0 msUntilWakeDeadline=570
9509 [DBG_HP_SAMPLE] t=1061394 hpOutPin=0 hpOutAsserted=1 camState=1 logicActive=1 activityActive=0 msUntilWakeDeadline=470
9608 [DBG_HP_SAMPLE] t=1061494 hpOutPin=0 hpOutAsserted=1 camState=1 logicActive=1 activityActive=0 msUntilWakeDeadline=370
9709 [DBG_HP_SAMPLE] t=1061594 hpOutPin=0 hpOutAsserted=1 camState=1 logicActive=1 activityActive=0 msUntilWakeDeadline=270
9808 [DBG_HP_SAMPLE] t=1061694 hpOutPin=0 hpOutAsserted=1 camState=1 logicActive=1 activityActive=0 msUntilWakeDeadline=170
9909 [DBG_HP_SAMPLE] t=1061794 hpOutPin=0 hpOutAsserted=1 camState=1 logicActive=1 activityActive=0 msUntilWakeDeadline=70
9978 [DBG_PIN] t=1061864 sig=FP_OUT state=INACTIVE reason=endActivity durMs=6500 camState=1 hpOutAsserted=1
9982 [DBG_PIN] t=1061864 sig=HP_OUT state=INACTIVE reason=releaseHpOut durMs=10000 camState=1 hpOutAsserted=0
9985 [DBG_IO] t=1061865 stage=configureRuntimeIo.enter deviceType=1 camEnabled=1 camState=0 logicActive=0 activityActive=0 hpOutAsserted=0 hpOutPin=1 fpOutPin=1
