13 [DBG_PIN] t=941742 sig=HP_OUT state=ACTIVE reason=assertHpOut camState=0 hpOutAsserted=1
42 [DBG_HP_SAMPLE] t=941770 hpOutPin=0 hpOutAsserted=1 camState=1 logicActive=1 activityActive=0 msUntilWakeDeadline=9972
175 [DBG_HP_SAMPLE] t=941880 hpOutPin=0 hpOutAsserted=1 camState=1 logicActive=1 activityActive=0 msUntilWakeDeadline=9862
252 [DBG_HP_SAMPLE] t=941980 hpOutPin=0 hpOutAsserted=1 camState=1 logicActive=1 activityActive=0 msUntilWakeDeadline=9762
384 [DBG_HP_SAMPLE] t=942090 hpOutPin=0 hpOutAsserted=1 camState=1 logicActive=1 activityActive=0 msUntilWakeDeadline=9652
462 [DBG_HP_SAMPLE] t=942190 hpOutPin=0 hpOutAsserted=1 camState=1 logicActive=1 activityActive=0 msUntilWakeDeadline=9552
594 [DBG_HP_SAMPLE] t=942301 hpOutPin=0 hpOutAsserted=1 camState=1 logicActive=1 activityActive=0 msUntilWakeDeadline=9441
672 [DBG_HP_SAMPLE] t=942401 hpOutPin=0 hpOutAsserted=1 camState=1 logicActive=1 activityActive=0 msUntilWakeDeadline=9341
773 [DBG_HP_SAMPLE] t=942501 hpOutPin=0 hpOutAsserted=1 camState=1 logicActive=1 activityActive=0 msUntilWakeDeadline=9241
872 [DBG_HP_SAMPLE] t=942601 hpOutPin=0 hpOutAsserted=1 camState=1 logicActive=1 activityActive=0 msUntilWakeDeadline=9141
972 [DBG_HP_SAMPLE] t=942701 hpOutPin=0 hpOutAsserted=1 camState=1 logicActive=1 activityActive=0 msUntilWakeDeadline=9041
1014 [DBG_PIN] t=942743 sig=FP_OUT state=ACTIVE reason=burstFrameFire camState=3 hpOutAsserted=1
1073 [DBG_HP_SAMPLE] t=942801 hpOutPin=0 hpOutAsserted=1 camState=3 logicActive=1 activityActive=1 msUntilWakeDeadline=8941
1115 [DBG_PIN] t=942843 sig=FP_OUT state=INACTIVE reason=burstPulseComplete durMs=100 camState=3 hpOutAsserted=1
1172 [DBG_HP_SAMPLE] t=942901 hpOutPin=0 hpOutAsserted=1 camState=3 logicActive=1 activityActive=1 msUntilWakeDeadline=8841
1273 [DBG_HP_SAMPLE] t=943001 hpOutPin=0 hpOutAsserted=1 camState=3 logicActive=1 activityActive=1 msUntilWakeDeadline=8741
1373 [DBG_HP_SAMPLE] t=943101 hpOutPin=0 hpOutAsserted=1 camState=3 logicActive=1 activityActive=1 msUntilWakeDeadline=8641
1472 [DBG_HP_SAMPLE] t=943201 hpOutPin=0 hpOutAsserted=1 camState=3 logicActive=1 activityActive=1 msUntilWakeDeadline=8541
1573 [DBG_HP_SAMPLE] t=943301 hpOutPin=0 hpOutAsserted=1 camState=3 logicActive=1 activityActive=1 msUntilWakeDeadline=8441
1672 [DBG_HP_SAMPLE] t=943401 hpOutPin=0 hpOutAsserted=1 camState=3 logicActive=1 activityActive=1 msUntilWakeDeadline=8341
1773 [DBG_HP_SAMPLE] t=943501 hpOutPin=0 hpOutAsserted=1 camState=3 logicActive=1 activityActive=1 msUntilWakeDeadline=8241
1873 [DBG_HP_SAMPLE] t=943601 hpOutPin=0 hpOutAsserted=1 camState=3 logicActive=1 activityActive=1 msUntilWakeDeadline=8141
1972 [DBG_HP_SAMPLE] t=943701 hpOutPin=0 hpOutAsserted=1 camState=3 logicActive=1 activityActive=1 msUntilWakeDeadline=8041
2014 [DBG_PIN] t=943743 sig=FP_OUT state=ACTIVE reason=burstFrameFire camState=3 hpOutAsserted=1
2073 [DBG_HP_SAMPLE] t=943801 hpOutPin=0 hpOutAsserted=1 camState=3 logicActive=1 activityActive=1 msUntilWakeDeadline=7941
2115 [DBG_PIN] t=943843 sig=FP_OUT state=INACTIVE reason=burstPulseComplete durMs=100 camState=3 hpOutAsserted=1
2172 [DBG_HP_SAMPLE] t=943901 hpOutPin=0 hpOutAsserted=1 camState=3 logicActive=1 activityActive=1 msUntilWakeDeadline=7841
2273 [DBG_HP_SAMPLE] t=944001 hpOutPin=0 hpOutAsserted=1 camState=3 logicActive=1 activityActive=1 msUntilWakeDeadline=7741
2373 [DBG_HP_SAMPLE] t=944101 hpOutPin=0 hpOutAsserted=1 camState=3 logicActive=1 activityActive=1 msUntilWakeDeadline=7641
2472 [DBG_HP_SAMPLE] t=944201 hpOutPin=0 hpOutAsserted=1 camState=3 logicActive=1 activityActive=1 msUntilWakeDeadline=7541
2573 [DBG_HP_SAMPLE] t=944301 hpOutPin=0 hpOutAsserted=1 camState=3 logicActive=1 activityActive=1 msUntilWakeDeadline=7441
2672 [DBG_HP_SAMPLE] t=944401 hpOutPin=0 hpOutAsserted=1 camState=3 logicActive=1 activityActive=1 msUntilWakeDeadline=7341
2773 [DBG_HP_SAMPLE] t=944501 hpOutPin=0 hpOutAsserted=1 camState=3 logicActive=1 activityActive=1 msUntilWakeDeadline=7241
2873 [DBG_HP_SAMPLE] t=944601 hpOutPin=0 hpOutAsserted=1 camState=3 logicActive=1 activityActive=1 msUntilWakeDeadline=7141
2972 [DBG_HP_SAMPLE] t=944701 hpOutPin=0 hpOutAsserted=1 camState=3 logicActive=1 activityActive=1 msUntilWakeDeadline=7041
3014 [DBG_PIN] t=944743 sig=FP_OUT state=ACTIVE reason=burstFrameFire camState=3 hpOutAsserted=1
3073 [DBG_HP_SAMPLE] t=944801 hpOutPin=0 hpOutAsserted=1 camState=3 logicActive=1 activityActive=1 msUntilWakeDeadline=6941
3114 [DBG_PIN] t=944843 sig=FP_OUT state=INACTIVE reason=burstPulseComplete durMs=100 camState=3 hpOutAsserted=1
3172 [DBG_HP_SAMPLE] t=944901 hpOutPin=0 hpOutAsserted=1 camState=3 logicActive=1 activityActive=1 msUntilWakeDeadline=6841
3273 [DBG_HP_SAMPLE] t=945001 hpOutPin=0 hpOutAsserted=1 camState=3 logicActive=1 activityActive=1 msUntilWakeDeadline=6741
3373 [DBG_HP_SAMPLE] t=945101 hpOutPin=0 hpOutAsserted=1 camState=3 logicActive=1 activityActive=1 msUntilWakeDeadline=6641
3472 [DBG_HP_SAMPLE] t=945201 hpOutPin=0 hpOutAsserted=1 camState=3 logicActive=1 activityActive=1 msUntilWakeDeadline=6541
3573 [DBG_HP_SAMPLE] t=945301 hpOutPin=0 hpOutAsserted=1 camState=3 logicActive=1 activityActive=1 msUntilWakeDeadline=6441
3672 [DBG_HP_SAMPLE] t=945401 hpOutPin=0 hpOutAsserted=1 camState=3 logicActive=1 activityActive=1 msUntilWakeDeadline=6341
3773 [DBG_HP_SAMPLE] t=945501 hpOutPin=0 hpOutAsserted=1 camState=3 logicActive=1 activityActive=1 msUntilWakeDeadline=6241
3872 [DBG_HP_SAMPLE] t=945601 hpOutPin=0 hpOutAsserted=1 camState=3 logicActive=1 activityActive=1 msUntilWakeDeadline=6141
3972 [DBG_HP_SAMPLE] t=945701 hpOutPin=0 hpOutAsserted=1 camState=3 logicActive=1 activityActive=1 msUntilWakeDeadline=6041
4014 [DBG_PIN] t=945743 sig=FP_OUT state=ACTIVE reason=burstFrameFire camState=3 hpOutAsserted=1
4073 [DBG_HP_SAMPLE] t=945801 hpOutPin=0 hpOutAsserted=1 camState=3 logicActive=1 activityActive=1 msUntilWakeDeadline=5941
4115 [DBG_PIN] t=945843 sig=FP_OUT state=INACTIVE reason=burstPulseComplete durMs=100 camState=3 hpOutAsserted=1
4172 [DBG_HP_SAMPLE] t=945901 hpOutPin=0 hpOutAsserted=1 camState=4 logicActive=1 activityActive=1 msUntilWakeDeadline=5841
4273 [DBG_HP_SAMPLE] t=946001 hpOutPin=0 hpOutAsserted=1 camState=4 logicActive=1 activityActive=1 msUntilWakeDeadline=5741
4373 [DBG_HP_SAMPLE] t=946101 hpOutPin=0 hpOutAsserted=1 camState=4 logicActive=1 activityActive=1 msUntilWakeDeadline=5641
4472 [DBG_HP_SAMPLE] t=946201 hpOutPin=0 hpOutAsserted=1 camState=4 logicActive=1 activityActive=1 msUntilWakeDeadline=5541
4573 [DBG_HP_SAMPLE] t=946301 hpOutPin=0 hpOutAsserted=1 camState=4 logicActive=1 activityActive=1 msUntilWakeDeadline=5441
4672 [DBG_HP_SAMPLE] t=946401 hpOutPin=0 hpOutAsserted=1 camState=4 logicActive=1 activityActive=1 msUntilWakeDeadline=5341
4773 [DBG_HP_SAMPLE] t=946501 hpOutPin=0 hpOutAsserted=1 camState=4 logicActive=1 activityActive=1 msUntilWakeDeadline=5241
4873 [DBG_HP_SAMPLE] t=946601 hpOutPin=0 hpOutAsserted=1 camState=4 logicActive=1 activityActive=1 msUntilWakeDeadline=5141
4972 [DBG_HP_SAMPLE] t=946701 hpOutPin=0 hpOutAsserted=1 camState=4 logicActive=1 activityActive=1 msUntilWakeDeadline=5041
5073 [DBG_HP_SAMPLE] t=946801 hpOutPin=0 hpOutAsserted=1 camState=4 logicActive=1 activityActive=1 msUntilWakeDeadline=4941
5172 [DBG_HP_SAMPLE] t=946901 hpOutPin=0 hpOutAsserted=1 camState=4 logicActive=1 activityActive=1 msUntilWakeDeadline=4841
5273 [DBG_HP_SAMPLE] t=947001 hpOutPin=0 hpOutAsserted=1 camState=4 logicActive=1 activityActive=1 msUntilWakeDeadline=4741
5373 [DBG_HP_SAMPLE] t=947101 hpOutPin=0 hpOutAsserted=1 camState=4 logicActive=1 activityActive=1 msUntilWakeDeadline=4641
5472 [DBG_HP_SAMPLE] t=947201 hpOutPin=0 hpOutAsserted=1 camState=4 logicActive=1 activityActive=1 msUntilWakeDeadline=4541
5573 [DBG_HP_SAMPLE] t=947301 hpOutPin=0 hpOutAsserted=1 camState=4 logicActive=1 activityActive=1 msUntilWakeDeadline=4441
5672 [DBG_HP_SAMPLE] t=947401 hpOutPin=0 hpOutAsserted=1 camState=4 logicActive=1 activityActive=1 msUntilWakeDeadline=4341
5773 [DBG_HP_SAMPLE] t=947501 hpOutPin=0 hpOutAsserted=1 camState=4 logicActive=1 activityActive=1 msUntilWakeDeadline=4241
5873 [DBG_HP_SAMPLE] t=947601 hpOutPin=0 hpOutAsserted=1 camState=4 logicActive=1 activityActive=1 msUntilWakeDeadline=4141
5972 [DBG_HP_SAMPLE] t=947701 hpOutPin=0 hpOutAsserted=1 camState=4 logicActive=1 activityActive=1 msUntilWakeDeadline=4041
6073 [DBG_HP_SAMPLE] t=947801 hpOutPin=0 hpOutAsserted=1 camState=4 logicActive=1 activityActive=1 msUntilWakeDeadline=3941
6172 [DBG_HP_SAMPLE] t=947901 hpOutPin=0 hpOutAsserted=1 camState=1 logicActive=1 activityActive=0 msUntilWakeDeadline=3841
6273 [DBG_HP_SAMPLE] t=948001 hpOutPin=0 hpOutAsserted=1 camState=1 logicActive=1 activityActive=0 msUntilWakeDeadline=3741
6372 [DBG_HP_SAMPLE] t=948101 hpOutPin=0 hpOutAsserted=1 camState=1 logicActive=1 activityActive=0 msUntilWakeDeadline=3641
6472 [DBG_HP_SAMPLE] t=948201 hpOutPin=0 hpOutAsserted=1 camState=1 logicActive=1 activityActive=0 msUntilWakeDeadline=3541
6573 [DBG_HP_SAMPLE] t=948301 hpOutPin=0 hpOutAsserted=1 camState=1 logicActive=1 activityActive=0 msUntilWakeDeadline=3441
6672 [DBG_HP_SAMPLE] t=948401 hpOutPin=0 hpOutAsserted=1 camState=1 logicActive=1 activityActive=0 msUntilWakeDeadline=3341
6773 [DBG_HP_SAMPLE] t=948501 hpOutPin=0 hpOutAsserted=1 camState=1 logicActive=1 activityActive=0 msUntilWakeDeadline=3241
6872 [DBG_HP_SAMPLE] t=948601 hpOutPin=0 hpOutAsserted=1 camState=1 logicActive=1 activityActive=0 msUntilWakeDeadline=3141
6972 [DBG_HP_SAMPLE] t=948701 hpOutPin=0 hpOutAsserted=1 camState=1 logicActive=1 activityActive=0 msUntilWakeDeadline=3041
7073 [DBG_HP_SAMPLE] t=948801 hpOutPin=0 hpOutAsserted=1 camState=1 logicActive=1 activityActive=0 msUntilWakeDeadline=2941
7172 [DBG_HP_SAMPLE] t=948901 hpOutPin=0 hpOutAsserted=1 camState=1 logicActive=1 activityActive=0 msUntilWakeDeadline=2841
7273 [DBG_HP_SAMPLE] t=949001 hpOutPin=0 hpOutAsserted=1 camState=1 logicActive=1 activityActive=0 msUntilWakeDeadline=2741
7372 [DBG_HP_SAMPLE] t=949101 hpOutPin=0 hpOutAsserted=1 camState=1 logicActive=1 activityActive=0 msUntilWakeDeadline=2641
7472 [DBG_HP_SAMPLE] t=949201 hpOutPin=0 hpOutAsserted=1 camState=1 logicActive=1 activityActive=0 msUntilWakeDeadline=2541
7573 [DBG_HP_SAMPLE] t=949301 hpOutPin=0 hpOutAsserted=1 camState=1 logicActive=1 activityActive=0 msUntilWakeDeadline=2441
7672 [DBG_HP_SAMPLE] t=949401 hpOutPin=0 hpOutAsserted=1 camState=1 logicActive=1 activityActive=0 msUntilWakeDeadline=2341
7773 [DBG_HP_SAMPLE] t=949501 hpOutPin=0 hpOutAsserted=1 camState=1 logicActive=1 activityActive=0 msUntilWakeDeadline=2241
7872 [DBG_HP_SAMPLE] t=949601 hpOutPin=0 hpOutAsserted=1 camState=1 logicActive=1 activityActive=0 msUntilWakeDeadline=2141
7972 [DBG_HP_SAMPLE] t=949701 hpOutPin=0 hpOutAsserted=1 camState=1 logicActive=1 activityActive=0 msUntilWakeDeadline=2041
8073 [DBG_HP_SAMPLE] t=949801 hpOutPin=0 hpOutAsserted=1 camState=1 logicActive=1 activityActive=0 msUntilWakeDeadline=1941
8172 [DBG_HP_SAMPLE] t=949901 hpOutPin=0 hpOutAsserted=1 camState=1 logicActive=1 activityActive=0 msUntilWakeDeadline=1841
8273 [DBG_HP_SAMPLE] t=950001 hpOutPin=0 hpOutAsserted=1 camState=1 logicActive=1 activityActive=0 msUntilWakeDeadline=1741
8373 [DBG_HP_SAMPLE] t=950101 hpOutPin=0 hpOutAsserted=1 camState=1 logicActive=1 activityActive=0 msUntilWakeDeadline=1641
8472 [DBG_HP_SAMPLE] t=950201 hpOutPin=0 hpOutAsserted=1 camState=1 logicActive=1 activityActive=0 msUntilWakeDeadline=1541
8573 [DBG_HP_SAMPLE] t=950301 hpOutPin=0 hpOutAsserted=1 camState=1 logicActive=1 activityActive=0 msUntilWakeDeadline=1441
8672 [DBG_HP_SAMPLE] t=950401 hpOutPin=0 hpOutAsserted=1 camState=1 logicActive=1 activityActive=0 msUntilWakeDeadline=1341
8773 [DBG_HP_SAMPLE] t=950501 hpOutPin=0 hpOutAsserted=1 camState=1 logicActive=1 activityActive=0 msUntilWakeDeadline=1241
8872 [DBG_HP_SAMPLE] t=950601 hpOutPin=0 hpOutAsserted=1 camState=1 logicActive=1 activityActive=0 msUntilWakeDeadline=1141
8972 [DBG_HP_SAMPLE] t=950701 hpOutPin=0 hpOutAsserted=1 camState=1 logicActive=1 activityActive=0 msUntilWakeDeadline=1041
9073 [DBG_HP_SAMPLE] t=950801 hpOutPin=0 hpOutAsserted=1 camState=1 logicActive=1 activityActive=0 msUntilWakeDeadline=941
9172 [DBG_HP_SAMPLE] t=950901 hpOutPin=0 hpOutAsserted=1 camState=1 logicActive=1 activityActive=0 msUntilWakeDeadline=841
9273 [DBG_HP_SAMPLE] t=951001 hpOutPin=0 hpOutAsserted=1 camState=1 logicActive=1 activityActive=0 msUntilWakeDeadline=741
9372 [DBG_HP_SAMPLE] t=951101 hpOutPin=0 hpOutAsserted=1 camState=1 logicActive=1 activityActive=0 msUntilWakeDeadline=641
9472 [DBG_HP_SAMPLE] t=951201 hpOutPin=0 hpOutAsserted=1 camState=1 logicActive=1 activityActive=0 msUntilWakeDeadline=541
9573 [DBG_HP_SAMPLE] t=951301 hpOutPin=0 hpOutAsserted=1 camState=1 logicActive=1 activityActive=0 msUntilWakeDeadline=441
9672 [DBG_HP_SAMPLE] t=951401 hpOutPin=0 hpOutAsserted=1 camState=1 logicActive=1 activityActive=0 msUntilWakeDeadline=341
9773 [DBG_HP_SAMPLE] t=951501 hpOutPin=0 hpOutAsserted=1 camState=1 logicActive=1 activityActive=0 msUntilWakeDeadline=241
9872 [DBG_HP_SAMPLE] t=951601 hpOutPin=0 hpOutAsserted=1 camState=1 logicActive=1 activityActive=0 msUntilWakeDeadline=141
9972 [DBG_HP_SAMPLE] t=951701 hpOutPin=0 hpOutAsserted=1 camState=1 logicActive=1 activityActive=0 msUntilWakeDeadline=41
10013 [DBG_PIN] t=951742 sig=FP_OUT state=INACTIVE reason=endActivity durMs=5999 camState=1 hpOutAsserted=1
10015 [DBG_PIN] t=951742 sig=HP_OUT state=INACTIVE reason=releaseHpOut durMs=10000 camState=1 hpOutAsserted=0
10017 [DBG_IO] t=951742 stage=configureRuntimeIo.enter deviceType=1 camEnabled=1 camState=0 logicActive=0 activityActive=0 hpOutAsserted=0 hpOutPin=1 fpOutPin=1
10020 [DBG_IO] t=951743 stage=configureRuntimeIo.outputsInput deviceType=1 camEnabled=1 camState=0 logicActive=0 activityActive=0 hpOutAsserted=0 hpOutPin=1 fpOutPin=1
10023 [DBG_IO] t=951744 stage=configureRuntimeIo.cameraStateMachine deviceType=1 camEnabled=1 camState=0 logicActive=0 activityActive=0 hpOutAsserted=0 hpOutPin=1 fpOutPin=1
10860 [DBG_HP_SAMPLE] t=952588 hpOutPin=1 hpOutAsserted=0 camState=0 logicActive=0 activityActive=0 msUntilWakeDeadline=0
10959 [DBG_HP_SAMPLE] t=952688 hpOutPin=1 hpOutAsserted=0 camState=0 logicActive=0 activityActive=0 msUntilWakeDeadline=0
11059 [DBG_HP_SAMPLE] t=952788 hpOutPin=1 hpOutAsserted=0 camState=0 logicActive=0 activityActive=0 msUntilWakeDeadline=0
11160 [DBG_HP_SAMPLE] t=952888 hpOutPin=1 hpOutAsserted=0 camState=0 logicActive=0 activityActive=0 msUntilWakeDeadline=0
11259 [DBG_HP_SAMPLE] t=952988 hpOutPin=1 hpOutAsserted=0 camState=0 logicActive=0 activityActive=0 msUntilWakeDeadline=0
11360 [DBG_HP_SAMPLE] t=953088 hpOutPin=1 hpOutAsserted=0 camState=0 logicActive=0 activityActive=0 msUntilWakeDeadline=0
11459 [DBG_HP_SAMPLE] t=953188 hpOutPin=1 hpOutAsserted=0 camState=0 logicActive=0 activityActive=0 msUntilWakeDeadline=0
11559 [DBG_HP_SAMPLE] t=953288 hpOutPin=1 hpOutAsserted=0 camState=0 logicActive=0 activityActive=0 msUntilWakeDeadline=0
11659 [DBG_HP_SAMPLE] t=953388 hpOutPin=1 hpOutAsserted=0 camState=0 logicActive=0 activityActive=0 msUntilWakeDeadline=0
11759 [DBG_HP_SAMPLE] t=953488 hpOutPin=1 hpOutAsserted=0 camState=0 logicActive=0 activityActive=0 msUntilWakeDeadline=0
11860 [DBG_HP_SAMPLE] t=953588 hpOutPin=1 hpOutAsserted=0 camState=0 logicActive=0 activityActive=0 msUntilWakeDeadline=0
11959 [DBG_HP_SAMPLE] t=953688 hpOutPin=1 hpOutAsserted=0 camState=0 logicActive=0 activityActive=0 msUntilWakeDeadline=0
12059 [DBG_HP_SAMPLE] t=953788 hpOutPin=1 hpOutAsserted=0 camState=0 logicActive=0 activityActive=0 msUntilWakeDeadline=0
12159 [DBG_HP_SAMPLE] t=953888 hpOutPin=1 hpOutAsserted=0 camState=0 logicActive=0 activityActive=0 msUntilWakeDeadline=0
12259 [DBG_HP_SAMPLE] t=953988 hpOutPin=1 hpOutAsserted=0 camState=0 logicActive=0 activityActive=0 msUntilWakeDeadline=0
12360 [DBG_HP_SAMPLE] t=954088 hpOutPin=1 hpOutAsserted=0 camState=0 logicActive=0 activityActive=0 msUntilWakeDeadline=0
12459 [DBG_HP_SAMPLE] t=954188 hpOutPin=1 hpOutAsserted=0 camState=0 logicActive=0 activityActive=0 msUntilWakeDeadline=0
12559 [DBG_HP_SAMPLE] t=954288 hpOutPin=1 hpOutAsserted=0 camState=0 logicActive=0 activityActive=0 msUntilWakeDeadline=0
12659 [DBG_HP_SAMPLE] t=954388 hpOutPin=1 hpOutAsserted=0 camState=0 logicActive=0 activityActive=0 msUntilWakeDeadline=0
12759 [DBG_HP_SAMPLE] t=954488 hpOutPin=1 hpOutAsserted=0 camState=0 logicActive=0 activityActive=0 msUntilWakeDeadline=0
12859 [DBG_HP_SAMPLE] t=954588 hpOutPin=1 hpOutAsserted=0 camState=0 logicActive=0 activityActive=0 msUntilWakeDeadline=0
12959 [DBG_HP_SAMPLE] t=954688 hpOutPin=1 hpOutAsserted=0 camState=0 logicActive=0 activityActive=0 msUntilWakeDeadline=0
13059 [DBG_HP_SAMPLE] t=954788 hpOutPin=1 hpOutAsserted=0 camState=0 logicActive=0 activityActive=0 msUntilWakeDeadline=0
13159 [DBG_HP_SAMPLE] t=954888 hpOutPin=1 hpOutAsserted=0 camState=0 logicActive=0 activityActive=0 msUntilWakeDeadline=0
