36 [DBG_IO] t=997517 stage=configureRuntimeIo.enter deviceType=1 camEnabled=1 camState=0 logicActive=0 activityActive=0 hpOutAsserted=0 hpOutPin=1 fpOutPin=1
39 [DBG_IO] t=997518 stage=configureRuntimeIo.outputsInput deviceType=1 camEnabled=1 camState=0 logicActive=0 activityActive=0 hpOutAsserted=0 hpOutPin=1 fpOutPin=1
42 [DBG_IO] t=997518 stage=configureRuntimeIo.cameraStateMachine deviceType=1 camEnabled=1 camState=0 logicActive=0 activityActive=0 hpOutAsserted=0 hpOutPin=1 fpOutPin=1
44 [DBG_HP_SAMPLE] t=997519 hpOutPin=1 hpOutAsserted=0 camState=0 logicActive=0 activityActive=0 msUntilWakeDeadline=0
46 [DBG_PIN] t=997519 sig=HP_OUT state=ACTIVE reason=assertHpOut camState=0 hpOutAsserted=1
137 [DBG_HP_SAMPLE] t=997619 hpOutPin=0 hpOutAsserted=1 camState=1 logicActive=1 activityActive=0 msUntilWakeDeadline=9900
237 [DBG_HP_SAMPLE] t=997719 hpOutPin=0 hpOutAsserted=1 camState=1 logicActive=1 activityActive=0 msUntilWakeDeadline=9800
337 [DBG_HP_SAMPLE] t=997819 hpOutPin=0 hpOutAsserted=1 camState=1 logicActive=1 activityActive=0 msUntilWakeDeadline=9700
438 [DBG_HP_SAMPLE] t=997919 hpOutPin=0 hpOutAsserted=1 camState=1 logicActive=1 activityActive=0 msUntilWakeDeadline=9600
537 [DBG_HP_SAMPLE] t=998019 hpOutPin=0 hpOutAsserted=1 camState=1 logicActive=1 activityActive=0 msUntilWakeDeadline=9500
637 [DBG_HP_SAMPLE] t=998119 hpOutPin=0 hpOutAsserted=1 camState=1 logicActive=1 activityActive=0 msUntilWakeDeadline=9400
737 [DBG_HP_SAMPLE] t=998219 hpOutPin=0 hpOutAsserted=1 camState=1 logicActive=1 activityActive=0 msUntilWakeDeadline=9300
837 [DBG_HP_SAMPLE] t=998319 hpOutPin=0 hpOutAsserted=1 camState=1 logicActive=1 activityActive=0 msUntilWakeDeadline=9200
937 [DBG_HP_SAMPLE] t=998419 hpOutPin=0 hpOutAsserted=1 camState=1 logicActive=1 activityActive=0 msUntilWakeDeadline=9100
1009 [DBG_PIN] t=998492 sig=FP_OUT state=ACTIVE reason=burstFrameFire camState=3 hpOutAsserted=1
1037 [DBG_HP_SAMPLE] t=998519 hpOutPin=0 hpOutAsserted=1 camState=3 logicActive=1 activityActive=1 msUntilWakeDeadline=9973
1110 [DBG_PIN] t=998592 sig=FP_OUT state=INACTIVE reason=burstPulseComplete durMs=100 camState=3 hpOutAsserted=1
1137 [DBG_HP_SAMPLE] t=998619 hpOutPin=0 hpOutAsserted=1 camState=3 logicActive=1 activityActive=1 msUntilWakeDeadline=9873
1237 [DBG_HP_SAMPLE] t=998719 hpOutPin=0 hpOutAsserted=1 camState=3 logicActive=1 activityActive=1 msUntilWakeDeadline=9773
1337 [DBG_HP_SAMPLE] t=998819 hpOutPin=0 hpOutAsserted=1 camState=3 logicActive=1 activityActive=1 msUntilWakeDeadline=9673
1437 [DBG_HP_SAMPLE] t=998919 hpOutPin=0 hpOutAsserted=1 camState=3 logicActive=1 activityActive=1 msUntilWakeDeadline=9573
1537 [DBG_HP_SAMPLE] t=999019 hpOutPin=0 hpOutAsserted=1 camState=3 logicActive=1 activityActive=1 msUntilWakeDeadline=9473
1637 [DBG_HP_SAMPLE] t=999119 hpOutPin=0 hpOutAsserted=1 camState=3 logicActive=1 activityActive=1 msUntilWakeDeadline=9373
1737 [DBG_HP_SAMPLE] t=999219 hpOutPin=0 hpOutAsserted=1 camState=3 logicActive=1 activityActive=1 msUntilWakeDeadline=9273
1837 [DBG_HP_SAMPLE] t=999319 hpOutPin=0 hpOutAsserted=1 camState=3 logicActive=1 activityActive=1 msUntilWakeDeadline=9173
1937 [DBG_HP_SAMPLE] t=999419 hpOutPin=0 hpOutAsserted=1 camState=3 logicActive=1 activityActive=1 msUntilWakeDeadline=9073
2009 [DBG_PIN] t=999492 sig=FP_OUT state=ACTIVE reason=burstFrameFire camState=3 hpOutAsserted=1
2037 [DBG_HP_SAMPLE] t=999519 hpOutPin=0 hpOutAsserted=1 camState=3 logicActive=1 activityActive=1 msUntilWakeDeadline=8973
2110 [DBG_PIN] t=999592 sig=FP_OUT state=INACTIVE reason=burstPulseComplete durMs=100 camState=3 hpOutAsserted=1
2137 [DBG_HP_SAMPLE] t=999619 hpOutPin=0 hpOutAsserted=1 camState=3 logicActive=1 activityActive=1 msUntilWakeDeadline=8873
2237 [DBG_HP_SAMPLE] t=999719 hpOutPin=0 hpOutAsserted=1 camState=3 logicActive=1 activityActive=1 msUntilWakeDeadline=8773
2337 [DBG_HP_SAMPLE] t=999819 hpOutPin=0 hpOutAsserted=1 camState=3 logicActive=1 activityActive=1 msUntilWakeDeadline=8673
2437 [DBG_HP_SAMPLE] t=999919 hpOutPin=0 hpOutAsserted=1 camState=3 logicActive=1 activityActive=1 msUntilWakeDeadline=8573
2537 [DBG_HP_SAMPLE] t=1000019 hpOutPin=0 hpOutAsserted=1 camState=3 logicActive=1 activityActive=1 msUntilWakeDeadline=8473
2637 [DBG_HP_SAMPLE] t=1000119 hpOutPin=0 hpOutAsserted=1 camState=3 logicActive=1 activityActive=1 msUntilWakeDeadline=8373
2737 [DBG_HP_SAMPLE] t=1000219 hpOutPin=0 hpOutAsserted=1 camState=3 logicActive=1 activityActive=1 msUntilWakeDeadline=8273
2837 [DBG_HP_SAMPLE] t=1000319 hpOutPin=0 hpOutAsserted=1 camState=3 logicActive=1 activityActive=1 msUntilWakeDeadline=8173
2938 [DBG_HP_SAMPLE] t=1000419 hpOutPin=0 hpOutAsserted=1 camState=3 logicActive=1 activityActive=1 msUntilWakeDeadline=8073
3009 [DBG_PIN] t=1000492 sig=FP_OUT state=ACTIVE reason=burstFrameFire camState=3 hpOutAsserted=1
3037 [DBG_HP_SAMPLE] t=1000519 hpOutPin=0 hpOutAsserted=1 camState=3 logicActive=1 activityActive=1 msUntilWakeDeadline=7973
3110 [DBG_PIN] t=1000592 sig=FP_OUT state=INACTIVE reason=burstPulseComplete durMs=100 camState=3 hpOutAsserted=1
3137 [DBG_HP_SAMPLE] t=1000619 hpOutPin=0 hpOutAsserted=1 camState=3 logicActive=1 activityActive=1 msUntilWakeDeadline=7873
3237 [DBG_HP_SAMPLE] t=1000719 hpOutPin=0 hpOutAsserted=1 camState=3 logicActive=1 activityActive=1 msUntilWakeDeadline=7773
3337 [DBG_HP_SAMPLE] t=1000819 hpOutPin=0 hpOutAsserted=1 camState=3 logicActive=1 activityActive=1 msUntilWakeDeadline=7673
3437 [DBG_HP_SAMPLE] t=1000919 hpOutPin=0 hpOutAsserted=1 camState=3 logicActive=1 activityActive=1 msUntilWakeDeadline=7573
3537 [DBG_HP_SAMPLE] t=1001019 hpOutPin=0 hpOutAsserted=1 camState=3 logicActive=1 activityActive=1 msUntilWakeDeadline=7473
3637 [DBG_HP_SAMPLE] t=1001119 hpOutPin=0 hpOutAsserted=1 camState=3 logicActive=1 activityActive=1 msUntilWakeDeadline=7373
3737 [DBG_HP_SAMPLE] t=1001219 hpOutPin=0 hpOutAsserted=1 camState=3 logicActive=1 activityActive=1 msUntilWakeDeadline=7273
3837 [DBG_HP_SAMPLE] t=1001319 hpOutPin=0 hpOutAsserted=1 camState=3 logicActive=1 activityActive=1 msUntilWakeDeadline=7173
3937 [DBG_HP_SAMPLE] t=1001419 hpOutPin=0 hpOutAsserted=1 camState=3 logicActive=1 activityActive=1 msUntilWakeDeadline=7073
4009 [DBG_PIN] t=1001492 sig=FP_OUT state=ACTIVE reason=burstFrameFire camState=3 hpOutAsserted=1
4037 [DBG_HP_SAMPLE] t=1001519 hpOutPin=0 hpOutAsserted=1 camState=3 logicActive=1 activityActive=1 msUntilWakeDeadline=6973
4110 [DBG_PIN] t=1001592 sig=FP_OUT state=INACTIVE reason=burstPulseComplete durMs=100 camState=3 hpOutAsserted=1
4137 [DBG_HP_SAMPLE] t=1001619 hpOutPin=0 hpOutAsserted=1 camState=4 logicActive=1 activityActive=1 msUntilWakeDeadline=6873
4237 [DBG_HP_SAMPLE] t=1001719 hpOutPin=0 hpOutAsserted=1 camState=4 logicActive=1 activityActive=1 msUntilWakeDeadline=6773
4337 [DBG_HP_SAMPLE] t=1001819 hpOutPin=0 hpOutAsserted=1 camState=4 logicActive=1 activityActive=1 msUntilWakeDeadline=6673
4438 [DBG_HP_SAMPLE] t=1001919 hpOutPin=0 hpOutAsserted=1 camState=4 logicActive=1 activityActive=1 msUntilWakeDeadline=6573
4537 [DBG_HP_SAMPLE] t=1002019 hpOutPin=0 hpOutAsserted=1 camState=4 logicActive=1 activityActive=1 msUntilWakeDeadline=6473
4636 [DBG_HP_SAMPLE] t=1002119 hpOutPin=0 hpOutAsserted=1 camState=4 logicActive=1 activityActive=1 msUntilWakeDeadline=6373
4737 [DBG_HP_SAMPLE] t=1002219 hpOutPin=0 hpOutAsserted=1 camState=4 logicActive=1 activityActive=1 msUntilWakeDeadline=6273
4837 [DBG_HP_SAMPLE] t=1002319 hpOutPin=0 hpOutAsserted=1 camState=4 logicActive=1 activityActive=1 msUntilWakeDeadline=6173
4937 [DBG_HP_SAMPLE] t=1002419 hpOutPin=0 hpOutAsserted=1 camState=4 logicActive=1 activityActive=1 msUntilWakeDeadline=6073
5037 [DBG_HP_SAMPLE] t=1002519 hpOutPin=0 hpOutAsserted=1 camState=4 logicActive=1 activityActive=1 msUntilWakeDeadline=5973
5137 [DBG_HP_SAMPLE] t=1002619 hpOutPin=0 hpOutAsserted=1 camState=4 logicActive=1 activityActive=1 msUntilWakeDeadline=5873
5237 [DBG_HP_SAMPLE] t=1002719 hpOutPin=0 hpOutAsserted=1 camState=4 logicActive=1 activityActive=1 msUntilWakeDeadline=5773
5337 [DBG_HP_SAMPLE] t=1002819 hpOutPin=0 hpOutAsserted=1 camState=4 logicActive=1 activityActive=1 msUntilWakeDeadline=5673
5437 [DBG_HP_SAMPLE] t=1002919 hpOutPin=0 hpOutAsserted=1 camState=4 logicActive=1 activityActive=1 msUntilWakeDeadline=5573
5537 [DBG_HP_SAMPLE] t=1003019 hpOutPin=0 hpOutAsserted=1 camState=4 logicActive=1 activityActive=1 msUntilWakeDeadline=5473
5636 [DBG_HP_SAMPLE] t=1003119 hpOutPin=0 hpOutAsserted=1 camState=4 logicActive=1 activityActive=1 msUntilWakeDeadline=5373
5737 [DBG_HP_SAMPLE] t=1003219 hpOutPin=0 hpOutAsserted=1 camState=4 logicActive=1 activityActive=1 msUntilWakeDeadline=5273
5837 [DBG_HP_SAMPLE] t=1003319 hpOutPin=0 hpOutAsserted=1 camState=4 logicActive=1 activityActive=1 msUntilWakeDeadline=5173
5937 [DBG_HP_SAMPLE] t=1003419 hpOutPin=0 hpOutAsserted=1 camState=4 logicActive=1 activityActive=1 msUntilWakeDeadline=5073
6037 [DBG_HP_SAMPLE] t=1003519 hpOutPin=0 hpOutAsserted=1 camState=4 logicActive=1 activityActive=1 msUntilWakeDeadline=4973
6137 [DBG_HP_SAMPLE] t=1003619 hpOutPin=0 hpOutAsserted=1 camState=1 logicActive=1 activityActive=0 msUntilWakeDeadline=4873
6237 [DBG_HP_SAMPLE] t=1003719 hpOutPin=0 hpOutAsserted=1 camState=1 logicActive=1 activityActive=0 msUntilWakeDeadline=4773
6337 [DBG_HP_SAMPLE] t=1003819 hpOutPin=0 hpOutAsserted=1 camState=1 logicActive=1 activityActive=0 msUntilWakeDeadline=4673
6437 [DBG_HP_SAMPLE] t=1003919 hpOutPin=0 hpOutAsserted=1 camState=1 logicActive=1 activityActive=0 msUntilWakeDeadline=4573
6537 [DBG_HP_SAMPLE] t=1004019 hpOutPin=0 hpOutAsserted=1 camState=1 logicActive=1 activityActive=0 msUntilWakeDeadline=4473
6636 [DBG_HP_SAMPLE] t=1004119 hpOutPin=0 hpOutAsserted=1 camState=1 logicActive=1 activityActive=0 msUntilWakeDeadline=4373
6737 [DBG_HP_SAMPLE] t=1004219 hpOutPin=0 hpOutAsserted=1 camState=1 logicActive=1 activityActive=0 msUntilWakeDeadline=4273
6837 [DBG_HP_SAMPLE] t=1004319 hpOutPin=0 hpOutAsserted=1 camState=1 logicActive=1 activityActive=0 msUntilWakeDeadline=4173
6937 [DBG_HP_SAMPLE] t=1004419 hpOutPin=0 hpOutAsserted=1 camState=1 logicActive=1 activityActive=0 msUntilWakeDeadline=4073
7037 [DBG_HP_SAMPLE] t=1004519 hpOutPin=0 hpOutAsserted=1 camState=1 logicActive=1 activityActive=0 msUntilWakeDeadline=3973
7137 [DBG_HP_SAMPLE] t=1004619 hpOutPin=0 hpOutAsserted=1 camState=1 logicActive=1 activityActive=0 msUntilWakeDeadline=3873
7237 [DBG_HP_SAMPLE] t=1004719 hpOutPin=0 hpOutAsserted=1 camState=1 logicActive=1 activityActive=0 msUntilWakeDeadline=3773
7337 [DBG_HP_SAMPLE] t=1004819 hpOutPin=0 hpOutAsserted=1 camState=1 logicActive=1 activityActive=0 msUntilWakeDeadline=3673
7437 [DBG_HP_SAMPLE] t=1004919 hpOutPin=0 hpOutAsserted=1 camState=1 logicActive=1 activityActive=0 msUntilWakeDeadline=3573
7537 [DBG_HP_SAMPLE] t=1005019 hpOutPin=0 hpOutAsserted=1 camState=1 logicActive=1 activityActive=0 msUntilWakeDeadline=3473
7637 [DBG_HP_SAMPLE] t=1005119 hpOutPin=0 hpOutAsserted=1 camState=1 logicActive=1 activityActive=0 msUntilWakeDeadline=3373
7737 [DBG_HP_SAMPLE] t=1005219 hpOutPin=0 hpOutAsserted=1 camState=1 logicActive=1 activityActive=0 msUntilWakeDeadline=3273
7837 [DBG_HP_SAMPLE] t=1005319 hpOutPin=0 hpOutAsserted=1 camState=1 logicActive=1 activityActive=0 msUntilWakeDeadline=3173
7937 [DBG_HP_SAMPLE] t=1005419 hpOutPin=0 hpOutAsserted=1 camState=1 logicActive=1 activityActive=0 msUntilWakeDeadline=3073
8037 [DBG_HP_SAMPLE] t=1005519 hpOutPin=0 hpOutAsserted=1 camState=1 logicActive=1 activityActive=0 msUntilWakeDeadline=2973
8137 [DBG_HP_SAMPLE] t=1005619 hpOutPin=0 hpOutAsserted=1 camState=1 logicActive=1 activityActive=0 msUntilWakeDeadline=2873
8237 [DBG_HP_SAMPLE] t=1005719 hpOutPin=0 hpOutAsserted=1 camState=1 logicActive=1 activityActive=0 msUntilWakeDeadline=2773
8337 [DBG_HP_SAMPLE] t=1005819 hpOutPin=0 hpOutAsserted=1 camState=1 logicActive=1 activityActive=0 msUntilWakeDeadline=2673
8437 [DBG_HP_SAMPLE] t=1005919 hpOutPin=0 hpOutAsserted=1 camState=1 logicActive=1 activityActive=0 msUntilWakeDeadline=2573
8537 [DBG_HP_SAMPLE] t=1006019 hpOutPin=0 hpOutAsserted=1 camState=1 logicActive=1 activityActive=0 msUntilWakeDeadline=2473
8637 [DBG_HP_SAMPLE] t=1006119 hpOutPin=0 hpOutAsserted=1 camState=1 logicActive=1 activityActive=0 msUntilWakeDeadline=2373
8737 [DBG_HP_SAMPLE] t=1006219 hpOutPin=0 hpOutAsserted=1 camState=1 logicActive=1 activityActive=0 msUntilWakeDeadline=2273
8837 [DBG_HP_SAMPLE] t=1006319 hpOutPin=0 hpOutAsserted=1 camState=1 logicActive=1 activityActive=0 msUntilWakeDeadline=2173
8937 [DBG_HP_SAMPLE] t=1006419 hpOutPin=0 hpOutAsserted=1 camState=1 logicActive=1 activityActive=0 msUntilWakeDeadline=2073
9037 [DBG_HP_SAMPLE] t=1006519 hpOutPin=0 hpOutAsserted=1 camState=1 logicActive=1 activityActive=0 msUntilWakeDeadline=1973
9137 [DBG_HP_SAMPLE] t=1006619 hpOutPin=0 hpOutAsserted=1 camState=1 logicActive=1 activityActive=0 msUntilWakeDeadline=1873
9237 [DBG_HP_SAMPLE] t=1006719 hpOutPin=0 hpOutAsserted=1 camState=1 logicActive=1 activityActive=0 msUntilWakeDeadline=1773
9337 [DBG_HP_SAMPLE] t=1006819 hpOutPin=0 hpOutAsserted=1 camState=1 logicActive=1 activityActive=0 msUntilWakeDeadline=1673
9437 [DBG_HP_SAMPLE] t=1006919 hpOutPin=0 hpOutAsserted=1 camState=1 logicActive=1 activityActive=0 msUntilWakeDeadline=1573
9537 [DBG_HP_SAMPLE] t=1007019 hpOutPin=0 hpOutAsserted=1 camState=1 logicActive=1 activityActive=0 msUntilWakeDeadline=1473
9637 [DBG_HP_SAMPLE] t=1007119 hpOutPin=0 hpOutAsserted=1 camState=1 logicActive=1 activityActive=0 msUntilWakeDeadline=1373
9737 [DBG_HP_SAMPLE] t=1007219 hpOutPin=0 hpOutAsserted=1 camState=1 logicActive=1 activityActive=0 msUntilWakeDeadline=1273
9837 [DBG_HP_SAMPLE] t=1007319 hpOutPin=0 hpOutAsserted=1 camState=1 logicActive=1 activityActive=0 msUntilWakeDeadline=1173
9937 [DBG_HP_SAMPLE] t=1007419 hpOutPin=0 hpOutAsserted=1 camState=1 logicActive=1 activityActive=0 msUntilWakeDeadline=1073
10037 [DBG_HP_SAMPLE] t=1007519 hpOutPin=0 hpOutAsserted=1 camState=1 logicActive=1 activityActive=0 msUntilWakeDeadline=973
10137 [DBG_HP_SAMPLE] t=1007619 hpOutPin=0 hpOutAsserted=1 camState=1 logicActive=1 activityActive=0 msUntilWakeDeadline=873
10237 [DBG_HP_SAMPLE] t=1007719 hpOutPin=0 hpOutAsserted=1 camState=1 logicActive=1 activityActive=0 msUntilWakeDeadline=773
10337 [DBG_HP_SAMPLE] t=1007819 hpOutPin=0 hpOutAsserted=1 camState=1 logicActive=1 activityActive=0 msUntilWakeDeadline=673
10437 [DBG_HP_SAMPLE] t=1007919 hpOutPin=0 hpOutAsserted=1 camState=1 logicActive=1 activityActive=0 msUntilWakeDeadline=573
10537 [DBG_HP_SAMPLE] t=1008019 hpOutPin=0 hpOutAsserted=1 camState=1 logicActive=1 activityActive=0 msUntilWakeDeadline=473
10636 [DBG_HP_SAMPLE] t=1008119 hpOutPin=0 hpOutAsserted=1 camState=1 logicActive=1 activityActive=0 msUntilWakeDeadline=373
10737 [DBG_HP_SAMPLE] t=1008219 hpOutPin=0 hpOutAsserted=1 camState=1 logicActive=1 activityActive=0 msUntilWakeDeadline=273
10837 [DBG_HP_SAMPLE] t=1008319 hpOutPin=0 hpOutAsserted=1 camState=1 logicActive=1 activityActive=0 msUntilWakeDeadline=173
10937 [DBG_HP_SAMPLE] t=1008419 hpOutPin=0 hpOutAsserted=1 camState=1 logicActive=1 activityActive=0 msUntilWakeDeadline=73
11009 [DBG_PIN] t=1008492 sig=FP_OUT state=INACTIVE reason=endActivity durMs=7000 camState=1 hpOutAsserted=1
11011 [DBG_PIN] t=1008492 sig=HP_OUT state=INACTIVE reason=releaseHpOut durMs=10973 camState=1 hpOutAsserted=0
11665 [DBG_HP_SAMPLE] t=1009147 hpOutPin=1 hpOutAsserted=0 camState=0 logicActive=0 activityActive=0 msUntilWakeDeadline=0
11782 [DBG_HP_SAMPLE] t=1009264 hpOutPin=1 hpOutAsserted=0 camState=0 logicActive=0 activityActive=0 msUntilWakeDeadline=0
11899 [DBG_HP_SAMPLE] t=1009381 hpOutPin=1 hpOutAsserted=0 camState=0 logicActive=0 activityActive=0 msUntilWakeDeadline=0
12016 [DBG_HP_SAMPLE] t=1009499 hpOutPin=1 hpOutAsserted=0 camState=0 logicActive=0 activityActive=0 msUntilWakeDeadline=0
12134 [DBG_HP_SAMPLE] t=1009616 hpOutPin=1 hpOutAsserted=0 camState=0 logicActive=0 activityActive=0 msUntilWakeDeadline=0
