0 HP_IN ACTIVE
46 HP_OUT ACTIVE
100 HP_IN INACTIVE
733 HP_OUT INACTIVE
1000 FP_IN ACTIVE
1100 FP_IN INACTIVE
1978 FP_OUT ACTIVE
2078 FP_OUT INACTIVE
2977 FP_OUT ACTIVE
3077 FP_OUT INACTIVE
3975 FP_OUT ACTIVE
4076 FP_OUT INACTIVE
4974 FP_OUT ACTIVE
5075 FP_OUT INACTIVE
6200 FP_IN ACTIVE
6200 FP_OUT ACTIVE
6299 FP_OUT INACTIVE
6300 FP_IN INACTIVE
7199 FP_OUT ACTIVE
7298 FP_OUT INACTIVE
8197 FP_OUT ACTIVE
8297 FP_OUT INACTIVE
9196 FP_OUT ACTIVE
9296 FP_OUT INACTIVE
14000 HP_IN INACTIVE
14000 FP_IN INACTIVE
