101 [DBG_HP_SAMPLE] t=1395131 hpOutPin=0 hpOutAsserted=1 camState=1 logicActive=1 activityActive=0 msUntilWakeDeadline=9700
201 [DBG_HP_SAMPLE] t=1395231 hpOutPin=0 hpOutAsserted=1 camState=1 logicActive=1 activityActive=0 msUntilWakeDeadline=9600
300 [DBG_HP_SAMPLE] t=1395331 hpOutPin=0 hpOutAsserted=1 camState=1 logicActive=1 activityActive=0 msUntilWakeDeadline=9500
401 [DBG_HP_SAMPLE] t=1395431 hpOutPin=0 hpOutAsserted=1 camState=1 logicActive=1 activityActive=0 msUntilWakeDeadline=9400
500 [DBG_HP_SAMPLE] t=1395531 hpOutPin=0 hpOutAsserted=1 camState=1 logicActive=1 activityActive=0 msUntilWakeDeadline=9300
601 [DBG_HP_SAMPLE] t=1395631 hpOutPin=0 hpOutAsserted=1 camState=1 logicActive=1 activityActive=0 msUntilWakeDeadline=9200
700 [DBG_HP_SAMPLE] t=1395731 hpOutPin=0 hpOutAsserted=1 camState=1 logicActive=1 activityActive=0 msUntilWakeDeadline=9100
800 [DBG_HP_SAMPLE] t=1395831 hpOutPin=0 hpOutAsserted=1 camState=1 logicActive=1 activityActive=0 msUntilWakeDeadline=9000
901 [DBG_HP_SAMPLE] t=1395931 hpOutPin=0 hpOutAsserted=1 camState=1 logicActive=1 activityActive=0 msUntilWakeDeadline=8900
1000 [DBG_HP_SAMPLE] t=1396031 hpOutPin=0 hpOutAsserted=1 camState=1 logicActive=1 activityActive=0 msUntilWakeDeadline=8800
1101 [DBG_HP_SAMPLE] t=1396131 hpOutPin=0 hpOutAsserted=1 camState=1 logicActive=1 activityActive=0 msUntilWakeDeadline=8700
1200 [DBG_HP_SAMPLE] t=1396231 hpOutPin=0 hpOutAsserted=1 camState=1 logicActive=1 activityActive=0 msUntilWakeDeadline=8600
1300 [DBG_HP_SAMPLE] t=1396331 hpOutPin=0 hpOutAsserted=1 camState=1 logicActive=1 activityActive=0 msUntilWakeDeadline=8500
1401 [DBG_HP_SAMPLE] t=1396431 hpOutPin=0 hpOutAsserted=1 camState=1 logicActive=1 activityActive=0 msUntilWakeDeadline=8400
1500 [DBG_HP_SAMPLE] t=1396531 hpOutPin=0 hpOutAsserted=1 camState=1 logicActive=1 activityActive=0 msUntilWakeDeadline=8300
1601 [DBG_HP_SAMPLE] t=1396631 hpOutPin=0 hpOutAsserted=1 camState=1 logicActive=1 activityActive=0 msUntilWakeDeadline=8200
1700 [DBG_HP_SAMPLE] t=1396731 hpOutPin=0 hpOutAsserted=1 camState=1 logicActive=1 activityActive=0 msUntilWakeDeadline=8100
1800 [DBG_HP_SAMPLE] t=1396831 hpOutPin=0 hpOutAsserted=1 camState=1 logicActive=1 activityActive=0 msUntilWakeDeadline=8000
1901 [DBG_HP_SAMPLE] t=1396931 hpOutPin=0 hpOutAsserted=1 camState=1 logicActive=1 activityActive=0 msUntilWakeDeadline=7900
2000 [DBG_HP_SAMPLE] t=1397031 hpOutPin=0 hpOutAsserted=1 camState=1 logicActive=1 activityActive=0 msUntilWakeDeadline=7800
2101 [DBG_HP_SAMPLE] t=1397131 hpOutPin=0 hpOutAsserted=1 camState=1 logicActive=1 activityActive=0 msUntilWakeDeadline=7700
2200 [DBG_HP_SAMPLE] t=1397231 hpOutPin=0 hpOutAsserted=1 camState=1 logicActive=1 activityActive=0 msUntilWakeDeadline=7600
2300 [DBG_HP_SAMPLE] t=1397331 hpOutPin=0 hpOutAsserted=1 camState=1 logicActive=1 activityActive=0 msUntilWakeDeadline=7500
2401 [DBG_HP_SAMPLE] t=1397431 hpOutPin=0 hpOutAsserted=1 camState=1 logicActive=1 activityActive=0 msUntilWakeDeadline=7400
2500 [DBG_HP_SAMPLE] t=1397531 hpOutPin=0 hpOutAsserted=1 camState=1 logicActive=1 activityActive=0 msUntilWakeDeadline=7300
2601 [DBG_HP_SAMPLE] t=1397631 hpOutPin=0 hpOutAsserted=1 camState=1 logicActive=1 activityActive=0 msUntilWakeDeadline=7200
2701 [DBG_HP_SAMPLE] t=1397731 hpOutPin=0 hpOutAsserted=1 camState=1 logicActive=1 activityActive=0 msUntilWakeDeadline=7100
2800 [DBG_HP_SAMPLE] t=1397831 hpOutPin=0 hpOutAsserted=1 camState=1 logicActive=1 activityActive=0 msUntilWakeDeadline=7000
2901 [DBG_HP_SAMPLE] t=1397931 hpOutPin=0 hpOutAsserted=1 camState=1 logicActive=1 activityActive=0 msUntilWakeDeadline=6900
3000 [DBG_HP_SAMPLE] t=1398031 hpOutPin=0 hpOutAsserted=1 camState=1 logicActive=1 activityActive=0 msUntilWakeDeadline=6800
3101 [DBG_HP_SAMPLE] t=1398131 hpOutPin=0 hpOutAsserted=1 camState=1 logicActive=1 activityActive=0 msUntilWakeDeadline=6700
3200 [DBG_HP_SAMPLE] t=1398231 hpOutPin=0 hpOutAsserted=1 camState=1 logicActive=1 activityActive=0 msUntilWakeDeadline=6600
3300 [DBG_HP_SAMPLE] t=1398331 hpOutPin=0 hpOutAsserted=1 camState=1 logicActive=1 activityActive=0 msUntilWakeDeadline=6500
3401 [DBG_HP_SAMPLE] t=1398431 hpOutPin=0 hpOutAsserted=1 camState=1 logicActive=1 activityActive=0 msUntilWakeDeadline=6400
3500 [DBG_HP_SAMPLE] t=1398531 hpOutPin=0 hpOutAsserted=1 camState=1 logicActive=1 activityActive=0 msUntilWakeDeadline=6300
3601 [DBG_HP_SAMPLE] t=1398631 hpOutPin=0 hpOutAsserted=1 camState=1 logicActive=1 activityActive=0 msUntilWakeDeadline=6200
3700 [DBG_HP_SAMPLE] t=1398731 hpOutPin=0 hpOutAsserted=1 camState=1 logicActive=1 activityActive=0 msUntilWakeDeadline=6100
3800 [DBG_HP_SAMPLE] t=1398831 hpOutPin=0 hpOutAsserted=1 camState=1 logicActive=1 activityActive=0 msUntilWakeDeadline=6000
3901 [DBG_HP_SAMPLE] t=1398931 hpOutPin=0 hpOutAsserted=1 camState=1 logicActive=1 activityActive=0 msUntilWakeDeadline=5900
4000 [DBG_HP_SAMPLE] t=1399031 hpOutPin=0 hpOutAsserted=1 camState=1 logicActive=1 activityActive=0 msUntilWakeDeadline=5800
4101 [DBG_HP_SAMPLE] t=1399131 hpOutPin=0 hpOutAsserted=1 camState=1 logicActive=1 activityActive=0 msUntilWakeDeadline=5700
4200 [DBG_HP_SAMPLE] t=1399231 hpOutPin=0 hpOutAsserted=1 camState=1 logicActive=1 activityActive=0 msUntilWakeDeadline=5600
4300 [DBG_HP_SAMPLE] t=1399331 hpOutPin=0 hpOutAsserted=1 camState=1 logicActive=1 activityActive=0 msUntilWakeDeadline=5500
4401 [DBG_HP_SAMPLE] t=1399431 hpOutPin=0 hpOutAsserted=1 camState=1 logicActive=1 activityActive=0 msUntilWakeDeadline=5400
4500 [DBG_HP_SAMPLE] t=1399531 hpOutPin=0 hpOutAsserted=1 camState=1 logicActive=1 activityActive=0 msUntilWakeDeadline=5300
4601 [DBG_HP_SAMPLE] t=1399631 hpOutPin=0 hpOutAsserted=1 camState=1 logicActive=1 activityActive=0 msUntilWakeDeadline=5200
4700 [DBG_HP_SAMPLE] t=1399731 hpOutPin=0 hpOutAsserted=1 camState=1 logicActive=1 activityActive=0 msUntilWakeDeadline=5100
4800 [DBG_HP_SAMPLE] t=1399831 hpOutPin=0 hpOutAsserted=1 camState=1 logicActive=1 activityActive=0 msUntilWakeDeadline=5000
4900 [DBG_HP_SAMPLE] t=1399931 hpOutPin=0 hpOutAsserted=1 camState=1 logicActive=1 activityActive=0 msUntilWakeDeadline=4900
5001 [DBG_HP_SAMPLE] t=1400031 hpOutPin=0 hpOutAsserted=1 camState=1 logicActive=1 activityActive=0 msUntilWakeDeadline=4800
5101 [DBG_HP_SAMPLE] t=1400131 hpOutPin=0 hpOutAsserted=1 camState=1 logicActive=1 activityActive=0 msUntilWakeDeadline=4700
5132 [DBG_PIN] t=1400164 sig=FP_OUT state=ACTIVE reason=burstFrameFire camState=3 hpOutAsserted=1
5200 [DBG_HP_SAMPLE] t=1400231 hpOutPin=0 hpOutAsserted=1 camState=3 logicActive=1 activityActive=1 msUntilWakeDeadline=4600
5233 [DBG_PIN] t=1400264 sig=FP_OUT state=INACTIVE reason=burstPulseComplete durMs=100 camState=3 hpOutAsserted=1
5300 [DBG_HP_SAMPLE] t=1400331 hpOutPin=0 hpOutAsserted=1 camState=3 logicActive=1 activityActive=1 msUntilWakeDeadline=4500
5401 [DBG_HP_SAMPLE] t=1400431 hpOutPin=0 hpOutAsserted=1 camState=3 logicActive=1 activityActive=1 msUntilWakeDeadline=4400
5500 [DBG_HP_SAMPLE] t=1400531 hpOutPin=0 hpOutAsserted=1 camState=3 logicActive=1 activityActive=1 msUntilWakeDeadline=4300
5601 [DBG_HP_SAMPLE] t=1400631 hpOutPin=0 hpOutAsserted=1 camState=3 logicActive=1 activityActive=1 msUntilWakeDeadline=4200
5700 [DBG_HP_SAMPLE] t=1400731 hpOutPin=0 hpOutAsserted=1 camState=3 logicActive=1 activityActive=1 msUntilWakeDeadline=4100
5800 [DBG_HP_SAMPLE] t=1400831 hpOutPin=0 hpOutAsserted=1 camState=3 logicActive=1 activityActive=1 msUntilWakeDeadline=4000
5901 [DBG_HP_SAMPLE] t=1400931 hpOutPin=0 hpOutAsserted=1 camState=3 logicActive=1 activityActive=1 msUntilWakeDeadline=3900
6000 [DBG_HP_SAMPLE] t=1401031 hpOutPin=0 hpOutAsserted=1 camState=3 logicActive=1 activityActive=1 msUntilWakeDeadline=3800
6101 [DBG_HP_SAMPLE] t=1401131 hpOutPin=0 hpOutAsserted=1 camState=3 logicActive=1 activityActive=1 msUntilWakeDeadline=3700
6133 [DBG_PIN] t=1401164 sig=FP_OUT state=ACTIVE reason=burstFrameFire camState=3 hpOutAsserted=1
6200 [DBG_HP_SAMPLE] t=1401231 hpOutPin=0 hpOutAsserted=1 camState=3 logicActive=1 activityActive=1 msUntilWakeDeadline=3600
6233 [DBG_PIN] t=1401264 sig=FP_OUT state=INACTIVE reason=burstPulseComplete durMs=100 camState=3 hpOutAsserted=1
6300 [DBG_HP_SAMPLE] t=1401331 hpOutPin=0 hpOutAsserted=1 camState=3 logicActive=1 activityActive=1 msUntilWakeDeadline=3500
6401 [DBG_HP_SAMPLE] t=1401431 hpOutPin=0 hpOutAsserted=1 camState=3 logicActive=1 activityActive=1 msUntilWakeDeadline=3400
6500 [DBG_HP_SAMPLE] t=1401531 hpOutPin=0 hpOutAsserted=1 camState=3 logicActive=1 activityActive=1 msUntilWakeDeadline=3300
6601 [DBG_HP_SAMPLE] t=1401631 hpOutPin=0 hpOutAsserted=1 camState=3 logicActive=1 activityActive=1 msUntilWakeDeadline=3200
6700 [DBG_HP_SAMPLE] t=1401731 hpOutPin=0 hpOutAsserted=1 camState=3 logicActive=1 activityActive=1 msUntilWakeDeadline=3100
6800 [DBG_HP_SAMPLE] t=1401831 hpOutPin=0 hpOutAsserted=1 camState=3 logicActive=1 activityActive=1 msUntilWakeDeadline=3000
6901 [DBG_HP_SAMPLE] t=1401931 hpOutPin=0 hpOutAsserted=1 camState=3 logicActive=1 activityActive=1 msUntilWakeDeadline=2900
7000 [DBG_HP_SAMPLE] t=1402031 hpOutPin=0 hpOutAsserted=1 camState=3 logicActive=1 activityActive=1 msUntilWakeDeadline=2800
7101 [DBG_HP_SAMPLE] t=1402131 hpOutPin=0 hpOutAsserted=1 camState=3 logicActive=1 activityActive=1 msUntilWakeDeadline=2700
7132 [DBG_PIN] t=1402164 sig=FP_OUT state=ACTIVE reason=burstFrameFire camState=3 hpOutAsserted=1
7200 [DBG_HP_SAMPLE] t=1402231 hpOutPin=0 hpOutAsserted=1 camState=3 logicActive=1 activityActive=1 msUntilWakeDeadline=2600
7233 [DBG_PIN] t=1402264 sig=FP_OUT state=INACTIVE reason=burstPulseComplete durMs=100 camState=3 hpOutAsserted=1
7300 [DBG_HP_SAMPLE] t=1402331 hpOutPin=0 hpOutAsserted=1 camState=3 logicActive=1 activityActive=1 msUntilWakeDeadline=2500
7401 [DBG_HP_SAMPLE] t=1402431 hpOutPin=0 hpOutAsserted=1 camState=3 logicActive=1 activityActive=1 msUntilWakeDeadline=2400
7500 [DBG_HP_SAMPLE] t=1402531 hpOutPin=0 hpOutAsserted=1 camState=3 logicActive=1 activityActive=1 msUntilWakeDeadline=2300
7601 [DBG_HP_SAMPLE] t=1402631 hpOutPin=0 hpOutAsserted=1 camState=3 logicActive=1 activityActive=1 msUntilWakeDeadline=2200
7700 [DBG_HP_SAMPLE] t=1402731 hpOutPin=0 hpOutAsserted=1 camState=3 logicActive=1 activityActive=1 msUntilWakeDeadline=2100
7800 [DBG_HP_SAMPLE] t=1402831 hpOutPin=0 hpOutAsserted=1 camState=3 logicActive=1 activityActive=1 msUntilWakeDeadline=2000
7901 [DBG_HP_SAMPLE] t=1402931 hpOutPin=0 hpOutAsserted=1 camState=3 logicActive=1 activityActive=1 msUntilWakeDeadline=1900
8000 [DBG_HP_SAMPLE] t=1403031 hpOutPin=0 hpOutAsserted=1 camState=3 logicActive=1 activityActive=1 msUntilWakeDeadline=1800
8101 [DBG_HP_SAMPLE] t=1403131 hpOutPin=0 hpOutAsserted=1 camState=3 logicActive=1 activityActive=1 msUntilWakeDeadline=1700
8133 [DBG_PIN] t=1403164 sig=FP_OUT state=ACTIVE reason=burstFrameFire camState=3 hpOutAsserted=1
8200 [DBG_HP_SAMPLE] t=1403231 hpOutPin=0 hpOutAsserted=1 camState=3 logicActive=1 activityActive=1 msUntilWakeDeadline=1600
8233 [DBG_PIN] t=1403264 sig=FP_OUT state=INACTIVE reason=burstPulseComplete durMs=100 camState=3 hpOutAsserted=1
8300 [DBG_HP_SAMPLE] t=1403331 hpOutPin=0 hpOutAsserted=1 camState=4 logicActive=1 activityActive=1 msUntilWakeDeadline=1500
8401 [DBG_HP_SAMPLE] t=1403431 hpOutPin=0 hpOutAsserted=1 camState=4 logicActive=1 activityActive=1 msUntilWakeDeadline=1400
8500 [DBG_HP_SAMPLE] t=1403531 hpOutPin=0 hpOutAsserted=1 camState=4 logicActive=1 activityActive=1 msUntilWakeDeadline=1300
8601 [DBG_HP_SAMPLE] t=1403631 hpOutPin=0 hpOutAsserted=1 camState=4 logicActive=1 activityActive=1 msUntilWakeDeadline=1200
8700 [DBG_HP_SAMPLE] t=1403731 hpOutPin=0 hpOutAsserted=1 camState=4 logicActive=1 activityActive=1 msUntilWakeDeadline=1100
8800 [DBG_HP_SAMPLE] t=1403831 hpOutPin=0 hpOutAsserted=1 camState=4 logicActive=1 activityActive=1 msUntilWakeDeadline=1000
8900 [DBG_HP_SAMPLE] t=1403931 hpOutPin=0 hpOutAsserted=1 camState=4 logicActive=1 activityActive=1 msUntilWakeDeadline=900
9000 [DBG_HP_SAMPLE] t=1404031 hpOutPin=0 hpOutAsserted=1 camState=4 logicActive=1 activityActive=1 msUntilWakeDeadline=800
9101 [DBG_HP_SAMPLE] t=1404131 hpOutPin=0 hpOutAsserted=1 camState=4 logicActive=1 activityActive=1 msUntilWakeDeadline=700
9200 [DBG_HP_SAMPLE] t=1404231 hpOutPin=0 hpOutAsserted=1 camState=4 logicActive=1 activityActive=1 msUntilWakeDeadline=600
9300 [DBG_HP_SAMPLE] t=1404331 hpOutPin=0 hpOutAsserted=1 camState=4 logicActive=1 activityActive=1 msUntilWakeDeadline=500
9401 [DBG_HP_SAMPLE] t=1404431 hpOutPin=0 hpOutAsserted=1 camState=4 logicActive=1 activityActive=1 msUntilWakeDeadline=400
9500 [DBG_HP_SAMPLE] t=1404531 hpOutPin=0 hpOutAsserted=1 camState=4 logicActive=1 activityActive=1 msUntilWakeDeadline=300
9601 [DBG_HP_SAMPLE] t=1404631 hpOutPin=0 hpOutAsserted=1 camState=4 logicActive=1 activityActive=1 msUntilWakeDeadline=200
9700 [DBG_HP_SAMPLE] t=1404731 hpOutPin=0 hpOutAsserted=1 camState=4 logicActive=1 activityActive=1 msUntilWakeDeadline=100
9800 [DBG_HP_SAMPLE] t=1404831 hpOutPin=0 hpOutAsserted=1 camState=4 logicActive=1 activityActive=1 msUntilWakeDeadline=0
9900 [DBG_HP_SAMPLE] t=1404931 hpOutPin=0 hpOutAsserted=1 camState=4 logicActive=1 activityActive=1 msUntilWakeDeadline=0
10000 [DBG_HP_SAMPLE] t=1405031 hpOutPin=0 hpOutAsserted=1 camState=4 logicActive=1 activityActive=1 msUntilWakeDeadline=0
10101 [DBG_HP_SAMPLE] t=1405131 hpOutPin=0 hpOutAsserted=1 camState=4 logicActive=1 activityActive=1 msUntilWakeDeadline=0
10200 [DBG_HP_SAMPLE] t=1405231 hpOutPin=0 hpOutAsserted=1 camState=4 logicActive=1 activityActive=1 msUntilWakeDeadline=0
10234 [DBG_PIN] t=1405265 sig=FP_OUT state=INACTIVE reason=endActivity durMs=2101 camState=1 hpOutAsserted=1
10236 [DBG_PIN] t=1405265 sig=HP_OUT state=INACTIVE reason=releaseHpOut durMs=10434 camState=1 hpOutAsserted=0
12014 [DBG_HP_SAMPLE] t=1407044 hpOutPin=1 hpOutAsserted=0 camState=0 logicActive=0 activityActive=0 msUntilWakeDeadline=0
13015 [DBG_HP_SAMPLE] t=1408045 hpOutPin=1 hpOutAsserted=0 camState=0 logicActive=0 activityActive=0 msUntilWakeDeadline=0
14017 [DBG_HP_SAMPLE] t=1409048 hpOutPin=1 hpOutAsserted=0 camState=0 logicActive=0 activityActive=0 msUntilWakeDeadline=0
15019 [DBG_HP_SAMPLE] t=1410050 hpOutPin=1 hpOutAsserted=0 camState=0 logicActive=0 activityActive=0 msUntilWakeDeadline=0
16020 [DBG_HP_SAMPLE] t=1411051 hpOutPin=1 hpOutAsserted=0 camState=0 logicActive=0 activityActive=0 msUntilWakeDeadline=0
17021 [DBG_HP_SAMPLE] t=1412052 hpOutPin=1 hpOutAsserted=0 camState=0 logicActive=0 activityActive=0 msUntilWakeDeadline=0
