0 HP_IN ACTIVE
13 HP_OUT ACTIVE
100 HP_IN INACTIVE
471 HP_OUT INACTIVE
1000 FP_IN ACTIVE
1016 FP_OUT ACTIVE
1100 FP_IN INACTIVE
1133 FP_OUT INACTIVE
2031 FP_OUT ACTIVE
2148 FP_OUT INACTIVE
3045 FP_OUT ACTIVE
3163 FP_OUT INACTIVE
3982 FP_OUT ACTIVE
4088 FP_OUT INACTIVE
7000 FP_IN ACTIVE
7000 FP_OUT ACTIVE
7100 FP_IN INACTIVE
7100 FP_OUT INACTIVE
7999 FP_OUT ACTIVE
8099 FP_OUT INACTIVE
8998 FP_OUT ACTIVE
9097 FP_OUT INACTIVE
9997 FP_OUT ACTIVE
10096 FP_OUT INACTIVE
16000 HP_IN INACTIVE
16000 FP_IN INACTIVE
