78 [DBG_HP_SAMPLE] t=1230738 hpOutPin=0 hpOutAsserted=1 camState=1 logicActive=1 activityActive=0 msUntilWakeDeadline=9900
210 [DBG_HP_SAMPLE] t=1230848 hpOutPin=0 hpOutAsserted=1 camState=1 logicActive=1 activityActive=0 msUntilWakeDeadline=9790
287 [DBG_HP_SAMPLE] t=1230948 hpOutPin=0 hpOutAsserted=1 camState=1 logicActive=1 activityActive=0 msUntilWakeDeadline=9690
420 [DBG_HP_SAMPLE] t=1231058 hpOutPin=0 hpOutAsserted=1 camState=1 logicActive=1 activityActive=0 msUntilWakeDeadline=9580
498 [DBG_HP_SAMPLE] t=1231158 hpOutPin=0 hpOutAsserted=1 camState=1 logicActive=1 activityActive=0 msUntilWakeDeadline=9480
630 [DBG_HP_SAMPLE] t=1231268 hpOutPin=0 hpOutAsserted=1 camState=1 logicActive=1 activityActive=0 msUntilWakeDeadline=9370
708 [DBG_HP_SAMPLE] t=1231368 hpOutPin=0 hpOutAsserted=1 camState=1 logicActive=1 activityActive=0 msUntilWakeDeadline=9270
808 [DBG_HP_SAMPLE] t=1231468 hpOutPin=0 hpOutAsserted=1 camState=1 logicActive=1 activityActive=0 msUntilWakeDeadline=9170
908 [DBG_HP_SAMPLE] t=1231568 hpOutPin=0 hpOutAsserted=1 camState=1 logicActive=1 activityActive=0 msUntilWakeDeadline=9070
929 [DBG_PIN] t=1231589 sig=FP_OUT state=ACTIVE reason=burstFrameFire camState=3 hpOutAsserted=1
1008 [DBG_HP_SAMPLE] t=1231668 hpOutPin=0 hpOutAsserted=1 camState=3 logicActive=1 activityActive=1 msUntilWakeDeadline=8970
1029 [DBG_PIN] t=1231689 sig=FP_OUT state=INACTIVE reason=burstPulseComplete durMs=100 camState=3 hpOutAsserted=1
1108 [DBG_HP_SAMPLE] t=1231768 hpOutPin=0 hpOutAsserted=1 camState=3 logicActive=1 activityActive=1 msUntilWakeDeadline=8870
1208 [DBG_HP_SAMPLE] t=1231868 hpOutPin=0 hpOutAsserted=1 camState=3 logicActive=1 activityActive=1 msUntilWakeDeadline=8770
1308 [DBG_HP_SAMPLE] t=1231968 hpOutPin=0 hpOutAsserted=1 camState=3 logicActive=1 activityActive=1 msUntilWakeDeadline=8670
1408 [DBG_HP_SAMPLE] t=1232068 hpOutPin=0 hpOutAsserted=1 camState=3 logicActive=1 activityActive=1 msUntilWakeDeadline=8570
1508 [DBG_HP_SAMPLE] t=1232168 hpOutPin=0 hpOutAsserted=1 camState=3 logicActive=1 activityActive=1 msUntilWakeDeadline=8470
1608 [DBG_HP_SAMPLE] t=1232268 hpOutPin=0 hpOutAsserted=1 camState=3 logicActive=1 activityActive=1 msUntilWakeDeadline=8370
1708 [DBG_HP_SAMPLE] t=1232368 hpOutPin=0 hpOutAsserted=1 camState=3 logicActive=1 activityActive=1 msUntilWakeDeadline=8270
1808 [DBG_HP_SAMPLE] t=1232468 hpOutPin=0 hpOutAsserted=1 camState=3 logicActive=1 activityActive=1 msUntilWakeDeadline=8170
1908 [DBG_HP_SAMPLE] t=1232568 hpOutPin=0 hpOutAsserted=1 camState=3 logicActive=1 activityActive=1 msUntilWakeDeadline=8070
1929 [DBG_PIN] t=1232589 sig=FP_OUT state=ACTIVE reason=burstFrameFire camState=3 hpOutAsserted=1
2008 [DBG_HP_SAMPLE] t=1232668 hpOutPin=0 hpOutAsserted=1 camState=3 logicActive=1 activityActive=1 msUntilWakeDeadline=7970
2029 [DBG_PIN] t=1232689 sig=FP_OUT state=INACTIVE reason=burstPulseComplete durMs=100 camState=3 hpOutAsserted=1
2108 [DBG_HP_SAMPLE] t=1232768 hpOutPin=0 hpOutAsserted=1 camState=3 logicActive=1 activityActive=1 msUntilWakeDeadline=7870
2208 [DBG_HP_SAMPLE] t=1232868 hpOutPin=0 hpOutAsserted=1 camState=3 logicActive=1 activityActive=1 msUntilWakeDeadline=7770
2308 [DBG_HP_SAMPLE] t=1232968 hpOutPin=0 hpOutAsserted=1 camState=3 logicActive=1 activityActive=1 msUntilWakeDeadline=7670
2408 [DBG_HP_SAMPLE] t=1233068 hpOutPin=0 hpOutAsserted=1 camState=3 logicActive=1 activityActive=1 msUntilWakeDeadline=7570
2508 [DBG_HP_SAMPLE] t=1233168 hpOutPin=0 hpOutAsserted=1 camState=3 logicActive=1 activityActive=1 msUntilWakeDeadline=7470
2608 [DBG_HP_SAMPLE] t=1233268 hpOutPin=0 hpOutAsserted=1 camState=3 logicActive=1 activityActive=1 msUntilWakeDeadline=7370
2707 [DBG_HP_SAMPLE] t=1233368 hpOutPin=0 hpOutAsserted=1 camState=3 logicActive=1 activityActive=1 msUntilWakeDeadline=7270
2808 [DBG_HP_SAMPLE] t=1233468 hpOutPin=0 hpOutAsserted=1 camState=3 logicActive=1 activityActive=1 msUntilWakeDeadline=7170
2908 [DBG_HP_SAMPLE] t=1233568 hpOutPin=0 hpOutAsserted=1 camState=3 logicActive=1 activityActive=1 msUntilWakeDeadline=7070
2929 [DBG_PIN] t=1233589 sig=FP_OUT state=ACTIVE reason=burstFrameFire camState=3 hpOutAsserted=1
3008 [DBG_HP_SAMPLE] t=1233668 hpOutPin=0 hpOutAsserted=1 camState=3 logicActive=1 activityActive=1 msUntilWakeDeadline=6970
3029 [DBG_PIN] t=1233689 sig=FP_OUT state=INACTIVE reason=burstPulseComplete durMs=100 camState=3 hpOutAsserted=1
3108 [DBG_HP_SAMPLE] t=1233768 hpOutPin=0 hpOutAsserted=1 camState=3 logicActive=1 activityActive=1 msUntilWakeDeadline=6870
3207 [DBG_HP_SAMPLE] t=1233868 hpOutPin=0 hpOutAsserted=1 camState=3 logicActive=1 activityActive=1 msUntilWakeDeadline=6770
3308 [DBG_HP_SAMPLE] t=1233968 hpOutPin=0 hpOutAsserted=1 camState=3 logicActive=1 activityActive=1 msUntilWakeDeadline=6670
3408 [DBG_HP_SAMPLE] t=1234068 hpOutPin=0 hpOutAsserted=1 camState=3 logicActive=1 activityActive=1 msUntilWakeDeadline=6570
3508 [DBG_HP_SAMPLE] t=1234168 hpOutPin=0 hpOutAsserted=1 camState=3 logicActive=1 activityActive=1 msUntilWakeDeadline=6470
3608 [DBG_HP_SAMPLE] t=1234268 hpOutPin=0 hpOutAsserted=1 camState=3 logicActive=1 activityActive=1 msUntilWakeDeadline=6370
3707 [DBG_HP_SAMPLE] t=1234368 hpOutPin=0 hpOutAsserted=1 camState=3 logicActive=1 activityActive=1 msUntilWakeDeadline=6270
3808 [DBG_HP_SAMPLE] t=1234468 hpOutPin=0 hpOutAsserted=1 camState=3 logicActive=1 activityActive=1 msUntilWakeDeadline=6170
3908 [DBG_HP_SAMPLE] t=1234568 hpOutPin=0 hpOutAsserted=1 camState=3 logicActive=1 activityActive=1 msUntilWakeDeadline=6070
3928 [DBG_PIN] t=1234589 sig=FP_OUT state=ACTIVE reason=burstFrameFire camState=3 hpOutAsserted=1
4008 [DBG_HP_SAMPLE] t=1234668 hpOutPin=0 hpOutAsserted=1 camState=3 logicActive=1 activityActive=1 msUntilWakeDeadline=5970
4029 [DBG_PIN] t=1234689 sig=FP_OUT state=INACTIVE reason=burstPulseComplete durMs=100 camState=3 hpOutAsserted=1
4108 [DBG_HP_SAMPLE] t=1234768 hpOutPin=0 hpOutAsserted=1 camState=4 logicActive=1 activityActive=1 msUntilWakeDeadline=5870
4207 [DBG_HP_SAMPLE] t=1234868 hpOutPin=0 hpOutAsserted=1 camState=4 logicActive=1 activityActive=1 msUntilWakeDeadline=5770
4308 [DBG_HP_SAMPLE] t=1234968 hpOutPin=0 hpOutAsserted=1 camState=4 logicActive=1 activityActive=1 msUntilWakeDeadline=5670
4408 [DBG_HP_SAMPLE] t=1235068 hpOutPin=0 hpOutAsserted=1 camState=4 logicActive=1 activityActive=1 msUntilWakeDeadline=5570
4509 [DBG_HP_SAMPLE] t=1235168 hpOutPin=0 hpOutAsserted=1 camState=4 logicActive=1 activityActive=1 msUntilWakeDeadline=5470
4608 [DBG_HP_SAMPLE] t=1235268 hpOutPin=0 hpOutAsserted=1 camState=4 logicActive=1 activityActive=1 msUntilWakeDeadline=5370
4708 [DBG_HP_SAMPLE] t=1235368 hpOutPin=0 hpOutAsserted=1 camState=4 logicActive=1 activityActive=1 msUntilWakeDeadline=5270
4808 [DBG_HP_SAMPLE] t=1235468 hpOutPin=0 hpOutAsserted=1 camState=4 logicActive=1 activityActive=1 msUntilWakeDeadline=5170
4908 [DBG_HP_SAMPLE] t=1235568 hpOutPin=0 hpOutAsserted=1 camState=4 logicActive=1 activityActive=1 msUntilWakeDeadline=5070
5008 [DBG_HP_SAMPLE] t=1235668 hpOutPin=0 hpOutAsserted=1 camState=4 logicActive=1 activityActive=1 msUntilWakeDeadline=4970
5108 [DBG_HP_SAMPLE] t=1235768 hpOutPin=0 hpOutAsserted=1 camState=4 logicActive=1 activityActive=1 msUntilWakeDeadline=4870
5207 [DBG_HP_SAMPLE] t=1235868 hpOutPin=0 hpOutAsserted=1 camState=4 logicActive=1 activityActive=1 msUntilWakeDeadline=4770
5308 [DBG_HP_SAMPLE] t=1235968 hpOutPin=0 hpOutAsserted=1 camState=4 logicActive=1 activityActive=1 msUntilWakeDeadline=4670
5407 [DBG_HP_SAMPLE] t=1236068 hpOutPin=0 hpOutAsserted=1 camState=4 logicActive=1 activityActive=1 msUntilWakeDeadline=4570
5508 [DBG_HP_SAMPLE] t=1236168 hpOutPin=0 hpOutAsserted=1 camState=4 logicActive=1 activityActive=1 msUntilWakeDeadline=4470
5608 [DBG_HP_SAMPLE] t=1236268 hpOutPin=0 hpOutAsserted=1 camState=4 logicActive=1 activityActive=1 msUntilWakeDeadline=4370
5708 [DBG_HP_SAMPLE] t=1236368 hpOutPin=0 hpOutAsserted=1 camState=4 logicActive=1 activityActive=1 msUntilWakeDeadline=4270
5808 [DBG_HP_SAMPLE] t=1236468 hpOutPin=0 hpOutAsserted=1 camState=4 logicActive=1 activityActive=1 msUntilWakeDeadline=4170
5907 [DBG_HP_SAMPLE] t=1236568 hpOutPin=0 hpOutAsserted=1 camState=4 logicActive=1 activityActive=1 msUntilWakeDeadline=4070
6008 [DBG_HP_SAMPLE] t=1236668 hpOutPin=0 hpOutAsserted=1 camState=4 logicActive=1 activityActive=1 msUntilWakeDeadline=3970
6108 [DBG_HP_SAMPLE] t=1236768 hpOutPin=0 hpOutAsserted=1 camState=1 logicActive=1 activityActive=0 msUntilWakeDeadline=3870
6207 [DBG_HP_SAMPLE] t=1236868 hpOutPin=0 hpOutAsserted=1 camState=1 logicActive=1 activityActive=0 msUntilWakeDeadline=3770
6308 [DBG_HP_SAMPLE] t=1236968 hpOutPin=0 hpOutAsserted=1 camState=1 logicActive=1 activityActive=0 msUntilWakeDeadline=3670
6407 [DBG_HP_SAMPLE] t=1237068 hpOutPin=0 hpOutAsserted=1 camState=1 logicActive=1 activityActive=0 msUntilWakeDeadline=3570
6508 [DBG_HP_SAMPLE] t=1237168 hpOutPin=0 hpOutAsserted=1 camState=1 logicActive=1 activityActive=0 msUntilWakeDeadline=3470
6608 [DBG_HP_SAMPLE] t=1237268 hpOutPin=0 hpOutAsserted=1 camState=1 logicActive=1 activityActive=0 msUntilWakeDeadline=3370
6707 [DBG_HP_SAMPLE] t=1237368 hpOutPin=0 hpOutAsserted=1 camState=1 logicActive=1 activityActive=0 msUntilWakeDeadline=3270
6808 [DBG_HP_SAMPLE] t=1237468 hpOutPin=0 hpOutAsserted=1 camState=1 logicActive=1 activityActive=0 msUntilWakeDeadline=3170
6907 [DBG_HP_SAMPLE] t=1237568 hpOutPin=0 hpOutAsserted=1 camState=1 logicActive=1 activityActive=0 msUntilWakeDeadline=3070
7008 [DBG_HP_SAMPLE] t=1237668 hpOutPin=0 hpOutAsserted=1 camState=1 logicActive=1 activityActive=0 msUntilWakeDeadline=2970
7108 [DBG_HP_SAMPLE] t=1237768 hpOutPin=0 hpOutAsserted=1 camState=1 logicActive=1 activityActive=0 msUntilWakeDeadline=2870
7207 [DBG_HP_SAMPLE] t=1237868 hpOutPin=0 hpOutAsserted=1 camState=1 logicActive=1 activityActive=0 msUntilWakeDeadline=2770
7308 [DBG_HP_SAMPLE] t=1237968 hpOutPin=0 hpOutAsserted=1 camState=1 logicActive=1 activityActive=0 msUntilWakeDeadline=2670
7408 [DBG_HP_SAMPLE] t=1238068 hpOutPin=0 hpOutAsserted=1 camState=1 logicActive=1 activityActive=0 msUntilWakeDeadline=2570
7508 [DBG_HP_SAMPLE] t=1238168 hpOutPin=0 hpOutAsserted=1 camState=1 logicActive=1 activityActive=0 msUntilWakeDeadline=2470
7608 [DBG_HP_SAMPLE] t=1238268 hpOutPin=0 hpOutAsserted=1 camState=1 logicActive=1 activityActive=0 msUntilWakeDeadline=2370
7707 [DBG_HP_SAMPLE] t=1238368 hpOutPin=0 hpOutAsserted=1 camState=1 logicActive=1 activityActive=0 msUntilWakeDeadline=2270
7808 [DBG_HP_SAMPLE] t=1238468 hpOutPin=0 hpOutAsserted=1 camState=1 logicActive=1 activityActive=0 msUntilWakeDeadline=2170
7908 [DBG_HP_SAMPLE] t=1238568 hpOutPin=0 hpOutAsserted=1 camState=1 logicActive=1 activityActive=0 msUntilWakeDeadline=2070
8008 [DBG_HP_SAMPLE] t=1238668 hpOutPin=0 hpOutAsserted=1 camState=1 logicActive=1 activityActive=0 msUntilWakeDeadline=1970
8108 [DBG_HP_SAMPLE] t=1238768 hpOutPin=0 hpOutAsserted=1 camState=1 logicActive=1 activityActive=0 msUntilWakeDeadline=1870
8207 [DBG_HP_SAMPLE] t=1238868 hpOutPin=0 hpOutAsserted=1 camState=1 logicActive=1 activityActive=0 msUntilWakeDeadline=1770
8308 [DBG_HP_SAMPLE] t=1238968 hpOutPin=0 hpOutAsserted=1 camState=1 logicActive=1 activityActive=0 msUntilWakeDeadline=1670
8407 [DBG_HP_SAMPLE] t=1239068 hpOutPin=0 hpOutAsserted=1 camState=1 logicActive=1 activityActive=0 msUntilWakeDeadline=1570
8508 [DBG_HP_SAMPLE] t=1239168 hpOutPin=0 hpOutAsserted=1 camState=1 logicActive=1 activityActive=0 msUntilWakeDeadline=1470
8608 [DBG_HP_SAMPLE] t=1239268 hpOutPin=0 hpOutAsserted=1 camState=1 logicActive=1 activityActive=0 msUntilWakeDeadline=1370
8707 [DBG_HP_SAMPLE] t=1239368 hpOutPin=0 hpOutAsserted=1 camState=1 logicActive=1 activityActive=0 msUntilWakeDeadline=1270
8808 [DBG_HP_SAMPLE] t=1239468 hpOutPin=0 hpOutAsserted=1 camState=1 logicActive=1 activityActive=0 msUntilWakeDeadline=1170
8907 [DBG_HP_SAMPLE] t=1239568 hpOutPin=0 hpOutAsserted=1 camState=1 logicActive=1 activityActive=0 msUntilWakeDeadline=1070
9008 [DBG_HP_SAMPLE] t=1239668 hpOutPin=0 hpOutAsserted=1 camState=1 logicActive=1 activityActive=0 msUntilWakeDeadline=970
9108 [DBG_HP_SAMPLE] t=1239768 hpOutPin=0 hpOutAsserted=1 camState=1 logicActive=1 activityActive=0 msUntilWakeDeadline=870
9207 [DBG_HP_SAMPLE] t=1239868 hpOutPin=0 hpOutAsserted=1 camState=1 logicActive=1 activityActive=0 msUntilWakeDeadline=770
9308 [DBG_HP_SAMPLE] t=1239968 hpOutPin=0 hpOutAsserted=1 camState=1 logicActive=1 activityActive=0 msUntilWakeDeadline=670
9408 [DBG_HP_SAMPLE] t=1240068 hpOutPin=0 hpOutAsserted=1 camState=1 logicActive=1 activityActive=0 msUntilWakeDeadline=570
9508 [DBG_HP_SAMPLE] t=1240168 hpOutPin=0 hpOutAsserted=1 camState=1 logicActive=1 activityActive=0 msUntilWakeDeadline=470
9608 [DBG_HP_SAMPLE] t=1240268 hpOutPin=0 hpOutAsserted=1 camState=1 logicActive=1 activityActive=0 msUntilWakeDeadline=370
9707 [DBG_HP_SAMPLE] t=1240368 hpOutPin=0 hpOutAsserted=1 camState=1 logicActive=1 activityActive=0 msUntilWakeDeadline=270
9808 [DBG_HP_SAMPLE] t=1240468 hpOutPin=0 hpOutAsserted=1 camState=1 logicActive=1 activityActive=0 msUntilWakeDeadline=170
9907 [DBG_HP_SAMPLE] t=1240568 hpOutPin=0 hpOutAsserted=1 camState=1 logicActive=1 activityActive=0 msUntilWakeDeadline=70
9977 [DBG_PIN] t=1240638 sig=FP_OUT state=INACTIVE reason=endActivity durMs=6049 camState=1 hpOutAsserted=1
9979 [DBG_PIN] t=1240638 sig=HP_OUT state=INACTIVE reason=releaseHpOut durMs=10000 camState=1 hpOutAsserted=0
9982 [DBG_IO] t=1240638 stage=configureRuntimeIo.enter deviceType=1 camEnabled=1 camState=0 logicActive=0 activityActive=0 hpOutAsserted=0 hpOutPin=1 fpOutPin=1
9984 [DBG_IO] t=1240639 stage=configureRuntimeIo.outputsInput deviceType=1 camEnabled=1 camState=0 logicActive=0 activityActive=0 hpOutAsserted=0 hpOutPin=1 fpOutPin=1
9987 [DBG_IO] t=1240640 stage=configureRuntimeIo.cameraStateMachine deviceType=1 camEnabled=1 camState=0 logicActive=0 activityActive=0 hpOutAsserted=0 hpOutPin=1 fpOutPin=1
10836 [DBG_HP_SAMPLE] t=1241496 hpOutPin=1 hpOutAsserted=0 camState=0 logicActive=0 activityActive=0 msUntilWakeDeadline=0
10936 [DBG_HP_SAMPLE] t=1241596 hpOutPin=1 hpOutAsserted=0 camState=0 logicActive=0 activityActive=0 msUntilWakeDeadline=0
10940 [DBG_PIN] t=1241600 sig=HP_OUT state=ACTIVE reason=assertHpOut camState=0 hpOutAsserted=1
11035 [DBG_HP_SAMPLE] t=1241696 hpOutPin=0 hpOutAsserted=1 camState=2 logicActive=1 activityActive=1 msUntilWakeDeadline=9904
11136 [DBG_HP_SAMPLE] t=1241796 hpOutPin=0 hpOutAsserted=1 camState=2 logicActive=1 activityActive=1 msUntilWakeDeadline=9804
11236 [DBG_HP_SAMPLE] t=1241896 hpOutPin=0 hpOutAsserted=1 camState=2 logicActive=1 activityActive=1 msUntilWakeDeadline=9704
11335 [DBG_HP_SAMPLE] t=1241996 hpOutPin=0 hpOutAsserted=1 camState=2 logicActive=1 activityActive=1 msUntilWakeDeadline=9604
11436 [DBG_HP_SAMPLE] t=1242096 hpOutPin=0 hpOutAsserted=1 camState=2 logicActive=1 activityActive=1 msUntilWakeDeadline=9504
11439 [DBG_PIN] t=1242100 sig=FP_OUT state=ACTIVE reason=burstFrameFire camState=3 hpOutAsserted=1
11535 [DBG_HP_SAMPLE] t=1242196 hpOutPin=0 hpOutAsserted=1 camState=3 logicActive=1 activityActive=1 msUntilWakeDeadline=9404
11539 [DBG_PIN] t=1242200 sig=FP_OUT state=INACTIVE reason=burstPulseComplete durMs=100 camState=3 hpOutAsserted=1
11636 [DBG_HP_SAMPLE] t=1242296 hpOutPin=0 hpOutAsserted=1 camState=3 logicActive=1 activityActive=1 msUntilWakeDeadline=9304
11736 [DBG_HP_SAMPLE] t=1242396 hpOutPin=0 hpOutAsserted=1 camState=3 logicActive=1 activityActive=1 msUntilWakeDeadline=9204
11835 [DBG_HP_SAMPLE] t=1242496 hpOutPin=0 hpOutAsserted=1 camState=3 logicActive=1 activityActive=1 msUntilWakeDeadline=9104
11936 [DBG_HP_SAMPLE] t=1242596 hpOutPin=0 hpOutAsserted=1 camState=3 logicActive=1 activityActive=1 msUntilWakeDeadline=9004
12035 [DBG_HP_SAMPLE] t=1242696 hpOutPin=0 hpOutAsserted=1 camState=3 logicActive=1 activityActive=1 msUntilWakeDeadline=8904
12136 [DBG_HP_SAMPLE] t=1242796 hpOutPin=0 hpOutAsserted=1 camState=3 logicActive=1 activityActive=1 msUntilWakeDeadline=8804
12235 [DBG_HP_SAMPLE] t=1242896 hpOutPin=0 hpOutAsserted=1 camState=3 logicActive=1 activityActive=1 msUntilWakeDeadline=8704
12335 [DBG_HP_SAMPLE] t=1242996 hpOutPin=0 hpOutAsserted=1 camState=3 logicActive=1 activityActive=1 msUntilWakeDeadline=8604
12436 [DBG_HP_SAMPLE] t=1243096 hpOutPin=0 hpOutAsserted=1 camState=3 logicActive=1 activityActive=1 msUntilWakeDeadline=8504
12439 [DBG_PIN] t=1243100 sig=FP_OUT state=ACTIVE reason=burstFrameFire camState=3 hpOutAsserted=1
12535 [DBG_HP_SAMPLE] t=1243196 hpOutPin=0 hpOutAsserted=1 camState=3 logicActive=1 activityActive=1 msUntilWakeDeadline=8404
12539 [DBG_PIN] t=1243200 sig=FP_OUT state=INACTIVE reason=burstPulseComplete durMs=100 camState=3 hpOutAsserted=1
12636 [DBG_HP_SAMPLE] t=1243296 hpOutPin=0 hpOutAsserted=1 camState=3 logicActive=1 activityActive=1 msUntilWakeDeadline=8304
12736 [DBG_HP_SAMPLE] t=1243396 hpOutPin=0 hpOutAsserted=1 camState=3 logicActive=1 activityActive=1 msUntilWakeDeadline=8204
12835 [DBG_HP_SAMPLE] t=1243496 hpOutPin=0 hpOutAsserted=1 camState=3 logicActive=1 activityActive=1 msUntilWakeDeadline=8104
12936 [DBG_HP_SAMPLE] t=1243596 hpOutPin=0 hpOutAsserted=1 camState=3 logicActive=1 activityActive=1 msUntilWakeDeadline=8004
13035 [DBG_HP_SAMPLE] t=1243696 hpOutPin=0 hpOutAsserted=1 camState=3 logicActive=1 activityActive=1 msUntilWakeDeadline=7904
13136 [DBG_HP_SAMPLE] t=1243796 hpOutPin=0 hpOutAsserted=1 camState=3 logicActive=1 activityActive=1 msUntilWakeDeadline=7804
13235 [DBG_HP_SAMPLE] t=1243896 hpOutPin=0 hpOutAsserted=1 camState=3 logicActive=1 activityActive=1 msUntilWakeDeadline=7704
13335 [DBG_HP_SAMPLE] t=1243996 hpOutPin=0 hpOutAsserted=1 camState=3 logicActive=1 activityActive=1 msUntilWakeDeadline=7604
13436 [DBG_HP_SAMPLE] t=1244096 hpOutPin=0 hpOutAsserted=1 camState=3 logicActive=1 activityActive=1 msUntilWakeDeadline=7504
13440 [DBG_PIN] t=1244100 sig=FP_OUT state=ACTIVE reason=burstFrameFire camState=3 hpOutAsserted=1
13535 [DBG_HP_SAMPLE] t=1244196 hpOutPin=0 hpOutAsserted=1 camState=3 logicActive=1 activityActive=1 msUntilWakeDeadline=7404
13539 [DBG_PIN] t=1244200 sig=FP_OUT state=INACTIVE reason=burstPulseComplete durMs=100 camState=3 hpOutAsserted=1
13636 [DBG_HP_SAMPLE] t=1244296 hpOutPin=0 hpOutAsserted=1 camState=3 logicActive=1 activityActive=1 msUntilWakeDeadline=7304
13736 [DBG_HP_SAMPLE] t=1244396 hpOutPin=0 hpOutAsserted=1 camState=3 logicActive=1 activityActive=1 msUntilWakeDeadline=7204
13835 [DBG_HP_SAMPLE] t=1244496 hpOutPin=0 hpOutAsserted=1 camState=3 logicActive=1 activityActive=1 msUntilWakeDeadline=7104
13936 [DBG_HP_SAMPLE] t=1244596 hpOutPin=0 hpOutAsserted=1 camState=3 logicActive=1 activityActive=1 msUntilWakeDeadline=7004
14035 [DBG_HP_SAMPLE] t=1244696 hpOutPin=0 hpOutAsserted=1 camState=3 logicActive=1 activityActive=1 msUntilWakeDeadline=6904
14136 [DBG_HP_SAMPLE] t=1244796 hpOutPin=0 hpOutAsserted=1 camState=3 logicActive=1 activityActive=1 msUntilWakeDeadline=6804
14236 [DBG_HP_SAMPLE] t=1244896 hpOutPin=0 hpOutAsserted=1 camState=3 logicActive=1 activityActive=1 msUntilWakeDeadline=6704
14335 [DBG_HP_SAMPLE] t=1244996 hpOutPin=0 hpOutAsserted=1 camState=3 logicActive=1 activityActive=1 msUntilWakeDeadline=6604
14435 [DBG_HP_SAMPLE] t=1245096 hpOutPin=0 hpOutAsserted=1 camState=3 logicActive=1 activityActive=1 msUntilWakeDeadline=6504
14439 [DBG_PIN] t=1245100 sig=FP_OUT state=ACTIVE reason=burstFrameFire camState=3 hpOutAsserted=1
14535 [DBG_HP_SAMPLE] t=1245196 hpOutPin=0 hpOutAsserted=1 camState=3 logicActive=1 activityActive=1 msUntilWakeDeadline=6404
14539 [DBG_PIN] t=1245200 sig=FP_OUT state=INACTIVE reason=burstPulseComplete durMs=100 camState=3 hpOutAsserted=1
14636 [DBG_HP_SAMPLE] t=1245296 hpOutPin=0 hpOutAsserted=1 camState=4 logicActive=1 activityActive=1 msUntilWakeDeadline=6304
14735 [DBG_HP_SAMPLE] t=1245396 hpOutPin=0 hpOutAsserted=1 camState=4 logicActive=1 activityActive=1 msUntilWakeDeadline=6204
14835 [DBG_HP_SAMPLE] t=1245496 hpOutPin=0 hpOutAsserted=1 camState=4 logicActive=1 activityActive=1 msUntilWakeDeadline=6104
14936 [DBG_HP_SAMPLE] t=1245596 hpOutPin=0 hpOutAsserted=1 camState=4 logicActive=1 activityActive=1 msUntilWakeDeadline=6004
15035 [DBG_HP_SAMPLE] t=1245696 hpOutPin=0 hpOutAsserted=1 camState=4 logicActive=1 activityActive=1 msUntilWakeDeadline=5904
15136 [DBG_HP_SAMPLE] t=1245796 hpOutPin=0 hpOutAsserted=1 camState=4 logicActive=1 activityActive=1 msUntilWakeDeadline=5804
15236 [DBG_HP_SAMPLE] t=1245896 hpOutPin=0 hpOutAsserted=1 camState=4 logicActive=1 activityActive=1 msUntilWakeDeadline=5704
15335 [DBG_HP_SAMPLE] t=1245996 hpOutPin=0 hpOutAsserted=1 camState=4 logicActive=1 activityActive=1 msUntilWakeDeadline=5604
15436 [DBG_HP_SAMPLE] t=1246096 hpOutPin=0 hpOutAsserted=1 camState=4 logicActive=1 activityActive=1 msUntilWakeDeadline=5504
15535 [DBG_HP_SAMPLE] t=1246196 hpOutPin=0 hpOutAsserted=1 camState=4 logicActive=1 activityActive=1 msUntilWakeDeadline=5404
15636 [DBG_HP_SAMPLE] t=1246296 hpOutPin=0 hpOutAsserted=1 camState=4 logicActive=1 activityActive=1 msUntilWakeDeadline=5304
15735 [DBG_HP_SAMPLE] t=1246396 hpOutPin=0 hpOutAsserted=1 camState=4 logicActive=1 activityActive=1 msUntilWakeDeadline=5204
15835 [DBG_HP_SAMPLE] t=1246496 hpOutPin=0 hpOutAsserted=1 camState=4 logicActive=1 activityActive=1 msUntilWakeDeadline=5104
15936 [DBG_HP_SAMPLE] t=1246596 hpOutPin=0 hpOutAsserted=1 camState=4 logicActive=1 activityActive=1 msUntilWakeDeadline=5004
16035 [DBG_HP_SAMPLE] t=1246696 hpOutPin=0 hpOutAsserted=1 camState=4 logicActive=1 activityActive=1 msUntilWakeDeadline=4904
