57 [DBG_HP_SAMPLE] t=1063487 hpOutPin=0 hpOutAsserted=1 camState=1 logicActive=1 activityActive=0 msUntilWakeDeadline=9800
158 [DBG_HP_SAMPLE] t=1063587 hpOutPin=0 hpOutAsserted=1 camState=3 logicActive=1 activityActive=1 msUntilWakeDeadline=9700
257 [DBG_HP_SAMPLE] t=1063687 hpOutPin=0 hpOutAsserted=1 camState=3 logicActive=1 activityActive=1 msUntilWakeDeadline=9600
357 [DBG_HP_SAMPLE] t=1063787 hpOutPin=0 hpOutAsserted=1 camState=3 logicActive=1 activityActive=1 msUntilWakeDeadline=9500
358 [DBG_PIN] t=1063787 sig=FP_OUT state=ACTIVE reason=burstFrameFire camState=3 hpOutAsserted=1
457 [DBG_HP_SAMPLE] t=1063887 hpOutPin=0 hpOutAsserted=1 camState=3 logicActive=1 activityActive=1 msUntilWakeDeadline=9400
459 [DBG_PIN] t=1063887 sig=FP_OUT state=INACTIVE reason=burstPulseComplete durMs=100 camState=3 hpOutAsserted=1
557 [DBG_HP_SAMPLE] t=1063987 hpOutPin=0 hpOutAsserted=1 camState=3 logicActive=1 activityActive=1 msUntilWakeDeadline=9300
658 [DBG_HP_SAMPLE] t=1064087 hpOutPin=0 hpOutAsserted=1 camState=3 logicActive=1 activityActive=1 msUntilWakeDeadline=9200
757 [DBG_HP_SAMPLE] t=1064187 hpOutPin=0 hpOutAsserted=1 camState=3 logicActive=1 activityActive=1 msUntilWakeDeadline=9100
857 [DBG_HP_SAMPLE] t=1064287 hpOutPin=0 hpOutAsserted=1 camState=3 logicActive=1 activityActive=1 msUntilWakeDeadline=9000
957 [DBG_HP_SAMPLE] t=1064387 hpOutPin=0 hpOutAsserted=1 camState=3 logicActive=1 activityActive=1 msUntilWakeDeadline=8900
1057 [DBG_HP_SAMPLE] t=1064487 hpOutPin=0 hpOutAsserted=1 camState=3 logicActive=1 activityActive=1 msUntilWakeDeadline=8800
1158 [DBG_HP_SAMPLE] t=1064587 hpOutPin=0 hpOutAsserted=1 camState=3 logicActive=1 activityActive=1 msUntilWakeDeadline=8700
1257 [DBG_HP_SAMPLE] t=1064687 hpOutPin=0 hpOutAsserted=1 camState=3 logicActive=1 activityActive=1 msUntilWakeDeadline=8600
1357 [DBG_HP_SAMPLE] t=1064787 hpOutPin=0 hpOutAsserted=1 camState=3 logicActive=1 activityActive=1 msUntilWakeDeadline=8500
1358 [DBG_PIN] t=1064787 sig=FP_OUT state=ACTIVE reason=burstFrameFire camState=3 hpOutAsserted=1
1457 [DBG_HP_SAMPLE] t=1064887 hpOutPin=0 hpOutAsserted=1 camState=3 logicActive=1 activityActive=1 msUntilWakeDeadline=8400
1459 [DBG_PIN] t=1064887 sig=FP_OUT state=INACTIVE reason=burstPulseComplete durMs=100 camState=3 hpOutAsserted=1
1557 [DBG_HP_SAMPLE] t=1064987 hpOutPin=0 hpOutAsserted=1 camState=3 logicActive=1 activityActive=1 msUntilWakeDeadline=8300
1658 [DBG_HP_SAMPLE] t=1065087 hpOutPin=0 hpOutAsserted=1 camState=3 logicActive=1 activityActive=1 msUntilWakeDeadline=8200
1757 [DBG_HP_SAMPLE] t=1065187 hpOutPin=0 hpOutAsserted=1 camState=3 logicActive=1 activityActive=1 msUntilWakeDeadline=8100
1857 [DBG_HP_SAMPLE] t=1065287 hpOutPin=0 hpOutAsserted=1 camState=3 logicActive=1 activityActive=1 msUntilWakeDeadline=8000
1957 [DBG_HP_SAMPLE] t=1065387 hpOutPin=0 hpOutAsserted=1 camState=3 logicActive=1 activityActive=1 msUntilWakeDeadline=7900
2057 [DBG_HP_SAMPLE] t=1065487 hpOutPin=0 hpOutAsserted=1 camState=3 logicActive=1 activityActive=1 msUntilWakeDeadline=7800
2158 [DBG_HP_SAMPLE] t=1065587 hpOutPin=0 hpOutAsserted=1 camState=3 logicActive=1 activityActive=1 msUntilWakeDeadline=7700
2257 [DBG_HP_SAMPLE] t=1065687 hpOutPin=0 hpOutAsserted=1 camState=3 logicActive=1 activityActive=1 msUntilWakeDeadline=7600
2357 [DBG_HP_SAMPLE] t=1065787 hpOutPin=0 hpOutAsserted=1 camState=3 logicActive=1 activityActive=1 msUntilWakeDeadline=7500
2358 [DBG_PIN] t=1065787 sig=FP_OUT state=ACTIVE reason=burstFrameFire camState=3 hpOutAsserted=1
2457 [DBG_HP_SAMPLE] t=1065887 hpOutPin=0 hpOutAsserted=1 camState=3 logicActive=1 activityActive=1 msUntilWakeDeadline=7400
2459 [DBG_PIN] t=1065887 sig=FP_OUT state=INACTIVE reason=burstPulseComplete durMs=100 camState=3 hpOutAsserted=1
2557 [DBG_HP_SAMPLE] t=1065987 hpOutPin=0 hpOutAsserted=1 camState=3 logicActive=1 activityActive=1 msUntilWakeDeadline=7300
2658 [DBG_HP_SAMPLE] t=1066087 hpOutPin=0 hpOutAsserted=1 camState=3 logicActive=1 activityActive=1 msUntilWakeDeadline=7200
2757 [DBG_HP_SAMPLE] t=1066187 hpOutPin=0 hpOutAsserted=1 camState=3 logicActive=1 activityActive=1 msUntilWakeDeadline=7100
2857 [DBG_HP_SAMPLE] t=1066287 hpOutPin=0 hpOutAsserted=1 camState=3 logicActive=1 activityActive=1 msUntilWakeDeadline=7000
2957 [DBG_HP_SAMPLE] t=1066387 hpOutPin=0 hpOutAsserted=1 camState=3 logicActive=1 activityActive=1 msUntilWakeDeadline=6900
3057 [DBG_HP_SAMPLE] t=1066487 hpOutPin=0 hpOutAsserted=1 camState=3 logicActive=1 activityActive=1 msUntilWakeDeadline=6800
3157 [DBG_HP_SAMPLE] t=1066587 hpOutPin=0 hpOutAsserted=1 camState=3 logicActive=1 activityActive=1 msUntilWakeDeadline=6700
3257 [DBG_HP_SAMPLE] t=1066687 hpOutPin=0 hpOutAsserted=1 camState=3 logicActive=1 activityActive=1 msUntilWakeDeadline=6600
3357 [DBG_HP_SAMPLE] t=1066787 hpOutPin=0 hpOutAsserted=1 camState=3 logicActive=1 activityActive=1 msUntilWakeDeadline=6500
3358 [DBG_PIN] t=1066787 sig=FP_OUT state=ACTIVE reason=burstFrameFire camState=3 hpOutAsserted=1
3457 [DBG_HP_SAMPLE] t=1066887 hpOutPin=0 hpOutAsserted=1 camState=3 logicActive=1 activityActive=1 msUntilWakeDeadline=6400
3459 [DBG_PIN] t=1066887 sig=FP_OUT state=INACTIVE reason=burstPulseComplete durMs=100 camState=3 hpOutAsserted=1
3557 [DBG_HP_SAMPLE] t=1066987 hpOutPin=0 hpOutAsserted=1 camState=4 logicActive=1 activityActive=1 msUntilWakeDeadline=6300
3657 [DBG_HP_SAMPLE] t=1067087 hpOutPin=0 hpOutAsserted=1 camState=4 logicActive=1 activityActive=1 msUntilWakeDeadline=6200
3757 [DBG_HP_SAMPLE] t=1067187 hpOutPin=0 hpOutAsserted=1 camState=4 logicActive=1 activityActive=1 msUntilWakeDeadline=6100
3857 [DBG_HP_SAMPLE] t=1067287 hpOutPin=0 hpOutAsserted=1 camState=4 logicActive=1 activityActive=1 msUntilWakeDeadline=6000
3957 [DBG_HP_SAMPLE] t=1067387 hpOutPin=0 hpOutAsserted=1 camState=4 logicActive=1 activityActive=1 msUntilWakeDeadline=5900
4057 [DBG_HP_SAMPLE] t=1067487 hpOutPin=0 hpOutAsserted=1 camState=4 logicActive=1 activityActive=1 msUntilWakeDeadline=5800
4157 [DBG_HP_SAMPLE] t=1067587 hpOutPin=0 hpOutAsserted=1 camState=4 logicActive=1 activityActive=1 msUntilWakeDeadline=5700
4257 [DBG_HP_SAMPLE] t=1067687 hpOutPin=0 hpOutAsserted=1 camState=4 logicActive=1 activityActive=1 msUntilWakeDeadline=5600
4356 [DBG_HP_SAMPLE] t=1067787 hpOutPin=0 hpOutAsserted=1 camState=4 logicActive=1 activityActive=1 msUntilWakeDeadline=5500
4457 [DBG_HP_SAMPLE] t=1067887 hpOutPin=0 hpOutAsserted=1 camState=4 logicActive=1 activityActive=1 msUntilWakeDeadline=5400
4557 [DBG_HP_SAMPLE] t=1067987 hpOutPin=0 hpOutAsserted=1 camState=4 logicActive=1 activityActive=1 msUntilWakeDeadline=5300
4657 [DBG_HP_SAMPLE] t=1068087 hpOutPin=0 hpOutAsserted=1 camState=4 logicActive=1 activityActive=1 msUntilWakeDeadline=5200
4757 [DBG_HP_SAMPLE] t=1068187 hpOutPin=0 hpOutAsserted=1 camState=4 logicActive=1 activityActive=1 msUntilWakeDeadline=5100
4857 [DBG_HP_SAMPLE] t=1068287 hpOutPin=0 hpOutAsserted=1 camState=4 logicActive=1 activityActive=1 msUntilWakeDeadline=5000
4957 [DBG_HP_SAMPLE] t=1068387 hpOutPin=0 hpOutAsserted=1 camState=4 logicActive=1 activityActive=1 msUntilWakeDeadline=4900
5057 [DBG_HP_SAMPLE] t=1068487 hpOutPin=0 hpOutAsserted=1 camState=4 logicActive=1 activityActive=1 msUntilWakeDeadline=4800
5158 [DBG_HP_SAMPLE] t=1068587 hpOutPin=0 hpOutAsserted=1 camState=4 logicActive=1 activityActive=1 msUntilWakeDeadline=4700
5257 [DBG_HP_SAMPLE] t=1068687 hpOutPin=0 hpOutAsserted=1 camState=4 logicActive=1 activityActive=1 msUntilWakeDeadline=4600
5357 [DBG_HP_SAMPLE] t=1068787 hpOutPin=0 hpOutAsserted=1 camState=4 logicActive=1 activityActive=1 msUntilWakeDeadline=4500
5457 [DBG_HP_SAMPLE] t=1068887 hpOutPin=0 hpOutAsserted=1 camState=4 logicActive=1 activityActive=1 msUntilWakeDeadline=4400
5557 [DBG_HP_SAMPLE] t=1068987 hpOutPin=0 hpOutAsserted=1 camState=1 logicActive=1 activityActive=0 msUntilWakeDeadline=4300
5657 [DBG_HP_SAMPLE] t=1069087 hpOutPin=0 hpOutAsserted=1 camState=1 logicActive=1 activityActive=0 msUntilWakeDeadline=4200
5757 [DBG_HP_SAMPLE] t=1069187 hpOutPin=0 hpOutAsserted=1 camState=1 logicActive=1 activityActive=0 msUntilWakeDeadline=4100
5857 [DBG_HP_SAMPLE] t=1069287 hpOutPin=0 hpOutAsserted=1 camState=1 logicActive=1 activityActive=0 msUntilWakeDeadline=4000
5957 [DBG_HP_SAMPLE] t=1069387 hpOutPin=0 hpOutAsserted=1 camState=1 logicActive=1 activityActive=0 msUntilWakeDeadline=3900
6057 [DBG_HP_SAMPLE] t=1069487 hpOutPin=0 hpOutAsserted=1 camState=1 logicActive=1 activityActive=0 msUntilWakeDeadline=3800
6157 [DBG_HP_SAMPLE] t=1069587 hpOutPin=0 hpOutAsserted=1 camState=1 logicActive=1 activityActive=0 msUntilWakeDeadline=3700
6257 [DBG_HP_SAMPLE] t=1069687 hpOutPin=0 hpOutAsserted=1 camState=1 logicActive=1 activityActive=0 msUntilWakeDeadline=3600
6357 [DBG_HP_SAMPLE] t=1069787 hpOutPin=0 hpOutAsserted=1 camState=1 logicActive=1 activityActive=0 msUntilWakeDeadline=3500
6457 [DBG_HP_SAMPLE] t=1069887 hpOutPin=0 hpOutAsserted=1 camState=1 logicActive=1 activityActive=0 msUntilWakeDeadline=3400
6557 [DBG_HP_SAMPLE] t=1069987 hpOutPin=0 hpOutAsserted=1 camState=1 logicActive=1 activityActive=0 msUntilWakeDeadline=3300
6657 [DBG_HP_SAMPLE] t=1070087 hpOutPin=0 hpOutAsserted=1 camState=1 logicActive=1 activityActive=0 msUntilWakeDeadline=3200
6757 [DBG_HP_SAMPLE] t=1070187 hpOutPin=0 hpOutAsserted=1 camState=1 logicActive=1 activityActive=0 msUntilWakeDeadline=3100
6857 [DBG_HP_SAMPLE] t=1070287 hpOutPin=0 hpOutAsserted=1 camState=1 logicActive=1 activityActive=0 msUntilWakeDeadline=3000
6957 [DBG_HP_SAMPLE] t=1070387 hpOutPin=0 hpOutAsserted=1 camState=1 logicActive=1 activityActive=0 msUntilWakeDeadline=2900
7057 [DBG_HP_SAMPLE] t=1070487 hpOutPin=0 hpOutAsserted=1 camState=1 logicActive=1 activityActive=0 msUntilWakeDeadline=2800
7157 [DBG_HP_SAMPLE] t=1070587 hpOutPin=0 hpOutAsserted=1 camState=1 logicActive=1 activityActive=0 msUntilWakeDeadline=2700
7257 [DBG_HP_SAMPLE] t=1070687 hpOutPin=0 hpOutAsserted=1 camState=1 logicActive=1 activityActive=0 msUntilWakeDeadline=2600
7356 [DBG_HP_SAMPLE] t=1070787 hpOutPin=0 hpOutAsserted=1 camState=1 logicActive=1 activityActive=0 msUntilWakeDeadline=2500
7457 [DBG_HP_SAMPLE] t=1070887 hpOutPin=0 hpOutAsserted=1 camState=1 logicActive=1 activityActive=0 msUntilWakeDeadline=2400
7557 [DBG_HP_SAMPLE] t=1070987 hpOutPin=0 hpOutAsserted=1 camState=1 logicActive=1 activityActive=0 msUntilWakeDeadline=2300
7657 [DBG_HP_SAMPLE] t=1071087 hpOutPin=0 hpOutAsserted=1 camState=1 logicActive=1 activityActive=0 msUntilWakeDeadline=2200
7757 [DBG_HP_SAMPLE] t=1071187 hpOutPin=0 hpOutAsserted=1 camState=1 logicActive=1 activityActive=0 msUntilWakeDeadline=2100
7856 [DBG_HP_SAMPLE] t=1071287 hpOutPin=0 hpOutAsserted=1 camState=1 logicActive=1 activityActive=0 msUntilWakeDeadline=2000
7957 [DBG_HP_SAMPLE] t=1071387 hpOutPin=0 hpOutAsserted=1 camState=1 logicActive=1 activityActive=0 msUntilWakeDeadline=1900
8057 [DBG_HP_SAMPLE] t=1071487 hpOutPin=0 hpOutAsserted=1 camState=1 logicActive=1 activityActive=0 msUntilWakeDeadline=1800
8157 [DBG_HP_SAMPLE] t=1071587 hpOutPin=0 hpOutAsserted=1 camState=1 logicActive=1 activityActive=0 msUntilWakeDeadline=1700
8257 [DBG_HP_SAMPLE] t=1071687 hpOutPin=0 hpOutAsserted=1 camState=1 logicActive=1 activityActive=0 msUntilWakeDeadline=1600
8357 [DBG_HP_SAMPLE] t=1071787 hpOutPin=0 hpOutAsserted=1 camState=1 logicActive=1 activityActive=0 msUntilWakeDeadline=1500
8457 [DBG_HP_SAMPLE] t=1071887 hpOutPin=0 hpOutAsserted=1 camState=1 logicActive=1 activityActive=0 msUntilWakeDeadline=1400
8557 [DBG_HP_SAMPLE] t=1071987 hpOutPin=0 hpOutAsserted=1 camState=1 logicActive=1 activityActive=0 msUntilWakeDeadline=1300
8657 [DBG_HP_SAMPLE] t=1072087 hpOutPin=0 hpOutAsserted=1 camState=1 logicActive=1 activityActive=0 msUntilWakeDeadline=1200
8757 [DBG_HP_SAMPLE] t=1072187 hpOutPin=0 hpOutAsserted=1 camState=1 logicActive=1 activityActive=0 msUntilWakeDeadline=1100
8857 [DBG_HP_SAMPLE] t=1072287 hpOutPin=0 hpOutAsserted=1 camState=1 logicActive=1 activityActive=0 msUntilWakeDeadline=1000
8957 [DBG_HP_SAMPLE] t=1072387 hpOutPin=0 hpOutAsserted=1 camState=1 logicActive=1 activityActive=0 msUntilWakeDeadline=900
9057 [DBG_HP_SAMPLE] t=1072487 hpOutPin=0 hpOutAsserted=1 camState=1 logicActive=1 activityActive=0 msUntilWakeDeadline=800
9157 [DBG_HP_SAMPLE] t=1072587 hpOutPin=0 hpOutAsserted=1 camState=1 logicActive=1 activityActive=0 msUntilWakeDeadline=700
9257 [DBG_HP_SAMPLE] t=1072687 hpOutPin=0 hpOutAsserted=1 camState=1 logicActive=1 activityActive=0 msUntilWakeDeadline=600
9357 [DBG_HP_SAMPLE] t=1072787 hpOutPin=0 hpOutAsserted=1 camState=1 logicActive=1 activityActive=0 msUntilWakeDeadline=500
9457 [DBG_HP_SAMPLE] t=1072887 hpOutPin=0 hpOutAsserted=1 camState=1 logicActive=1 activityActive=0 msUntilWakeDeadline=400
9557 [DBG_HP_SAMPLE] t=1072987 hpOutPin=0 hpOutAsserted=1 camState=1 logicActive=1 activityActive=0 msUntilWakeDeadline=300
9657 [DBG_HP_SAMPLE] t=1073087 hpOutPin=0 hpOutAsserted=1 camState=1 logicActive=1 activityActive=0 msUntilWakeDeadline=200
9757 [DBG_HP_SAMPLE] t=1073187 hpOutPin=0 hpOutAsserted=1 camState=1 logicActive=1 activityActive=0 msUntilWakeDeadline=100
9857 [DBG_HP_SAMPLE] t=1073287 hpOutPin=0 hpOutAsserted=1 camState=1 logicActive=1 activityActive=0 msUntilWakeDeadline=0
9859 [DBG_PIN] t=1073287 sig=FP_OUT state=INACTIVE reason=endActivity durMs=6500 camState=1 hpOutAsserted=1
9860 [DBG_PIN] t=1073287 sig=HP_OUT state=INACTIVE reason=releaseHpOut durMs=10000 camState=1 hpOutAsserted=0
11637 [DBG_HP_SAMPLE] t=1075067 hpOutPin=1 hpOutAsserted=0 camState=0 logicActive=0 activityActive=0 msUntilWakeDeadline=0
