0 HP_IN ACTIVE
46 HP_OUT ACTIVE
100 HP_IN INACTIVE
1000 FP_IN ACTIVE
1001 FP_OUT ACTIVE
1100 FP_IN INACTIVE
1100 FP_OUT INACTIVE
2000 FP_OUT ACTIVE
2099 FP_OUT INACTIVE
2998 FP_OUT ACTIVE
3098 FP_OUT INACTIVE
3997 FP_OUT ACTIVE
4097 FP_OUT INACTIVE
9967 HP_OUT INACTIVE
11000 FP_IN ACTIVE
11007 HP_OUT ACTIVE
11100 FP_IN INACTIVE
11507 FP_OUT ACTIVE
11606 FP_OUT INACTIVE
12506 FP_OUT ACTIVE
12605 FP_OUT INACTIVE
13505 FP_OUT ACTIVE
13604 FP_OUT INACTIVE
14504 FP_OUT ACTIVE
14603 FP_OUT INACTIVE
16000 HP_IN INACTIVE
16000 FP_IN INACTIVE
