101 [DBG_HP_SAMPLE] t=1157349 hpOutPin=0 hpOutAsserted=1 camState=3 logicActive=1 activityActive=1 msUntilWakeDeadline=9794
211 [DBG_HP_SAMPLE] t=1157458 hpOutPin=0 hpOutAsserted=1 camState=3 logicActive=1 activityActive=1 msUntilWakeDeadline=9685
310 [DBG_HP_SAMPLE] t=1157558 hpOutPin=0 hpOutAsserted=1 camState=3 logicActive=1 activityActive=1 msUntilWakeDeadline=9585
420 [DBG_PIN] t=1157647 sig=FP_OUT state=ACTIVE reason=burstFrameFire camState=3 hpOutAsserted=1
422 [DBG_HP_SAMPLE] t=1157668 hpOutPin=0 hpOutAsserted=1 camState=3 logicActive=1 activityActive=1 msUntilWakeDeadline=9475
499 [DBG_PIN] t=1157747 sig=FP_OUT state=INACTIVE reason=burstPulseComplete durMs=100 camState=3 hpOutAsserted=1
521 [DBG_HP_SAMPLE] t=1157768 hpOutPin=0 hpOutAsserted=1 camState=3 logicActive=1 activityActive=1 msUntilWakeDeadline=9375
631 [DBG_HP_SAMPLE] t=1157878 hpOutPin=0 hpOutAsserted=1 camState=3 logicActive=1 activityActive=1 msUntilWakeDeadline=9265
730 [DBG_HP_SAMPLE] t=1157978 hpOutPin=0 hpOutAsserted=1 camState=3 logicActive=1 activityActive=1 msUntilWakeDeadline=9165
830 [DBG_HP_SAMPLE] t=1158078 hpOutPin=0 hpOutAsserted=1 camState=3 logicActive=1 activityActive=1 msUntilWakeDeadline=9065
931 [DBG_HP_SAMPLE] t=1158178 hpOutPin=0 hpOutAsserted=1 camState=3 logicActive=1 activityActive=1 msUntilWakeDeadline=8965
1030 [DBG_HP_SAMPLE] t=1158278 hpOutPin=0 hpOutAsserted=1 camState=3 logicActive=1 activityActive=1 msUntilWakeDeadline=8865
1131 [DBG_HP_SAMPLE] t=1158378 hpOutPin=0 hpOutAsserted=1 camState=3 logicActive=1 activityActive=1 msUntilWakeDeadline=8765
1230 [DBG_HP_SAMPLE] t=1158478 hpOutPin=0 hpOutAsserted=1 camState=3 logicActive=1 activityActive=1 msUntilWakeDeadline=8665
1330 [DBG_HP_SAMPLE] t=1158578 hpOutPin=0 hpOutAsserted=1 camState=3 logicActive=1 activityActive=1 msUntilWakeDeadline=8565
1399 [DBG_PIN] t=1158647 sig=FP_OUT state=ACTIVE reason=burstFrameFire camState=3 hpOutAsserted=1
1430 [DBG_HP_SAMPLE] t=1158678 hpOutPin=0 hpOutAsserted=1 camState=3 logicActive=1 activityActive=1 msUntilWakeDeadline=8465
1499 [DBG_PIN] t=1158747 sig=FP_OUT state=INACTIVE reason=burstPulseComplete durMs=100 camState=3 hpOutAsserted=1
1530 [DBG_HP_SAMPLE] t=1158778 hpOutPin=0 hpOutAsserted=1 camState=3 logicActive=1 activityActive=1 msUntilWakeDeadline=8365
1631 [DBG_HP_SAMPLE] t=1158878 hpOutPin=0 hpOutAsserted=1 camState=3 logicActive=1 activityActive=1 msUntilWakeDeadline=8265
1730 [DBG_HP_SAMPLE] t=1158978 hpOutPin=0 hpOutAsserted=1 camState=3 logicActive=1 activityActive=1 msUntilWakeDeadline=8165
1830 [DBG_HP_SAMPLE] t=1159078 hpOutPin=0 hpOutAsserted=1 camState=3 logicActive=1 activityActive=1 msUntilWakeDeadline=8065
1930 [DBG_HP_SAMPLE] t=1159178 hpOutPin=0 hpOutAsserted=1 camState=3 logicActive=1 activityActive=1 msUntilWakeDeadline=7965
2030 [DBG_HP_SAMPLE] t=1159278 hpOutPin=0 hpOutAsserted=1 camState=3 logicActive=1 activityActive=1 msUntilWakeDeadline=7865
2130 [DBG_HP_SAMPLE] t=1159378 hpOutPin=0 hpOutAsserted=1 camState=3 logicActive=1 activityActive=1 msUntilWakeDeadline=7765
2230 [DBG_HP_SAMPLE] t=1159478 hpOutPin=0 hpOutAsserted=1 camState=3 logicActive=1 activityActive=1 msUntilWakeDeadline=7665
2330 [DBG_HP_SAMPLE] t=1159578 hpOutPin=0 hpOutAsserted=1 camState=3 logicActive=1 activityActive=1 msUntilWakeDeadline=7565
2398 [DBG_PIN] t=1159647 sig=FP_OUT state=ACTIVE reason=burstFrameFire camState=3 hpOutAsserted=1
2430 [DBG_HP_SAMPLE] t=1159678 hpOutPin=0 hpOutAsserted=1 camState=3 logicActive=1 activityActive=1 msUntilWakeDeadline=7465
2498 [DBG_PIN] t=1159747 sig=FP_OUT state=INACTIVE reason=burstPulseComplete durMs=100 camState=3 hpOutAsserted=1
2530 [DBG_HP_SAMPLE] t=1159778 hpOutPin=0 hpOutAsserted=1 camState=3 logicActive=1 activityActive=1 msUntilWakeDeadline=7365
2630 [DBG_HP_SAMPLE] t=1159878 hpOutPin=0 hpOutAsserted=1 camState=3 logicActive=1 activityActive=1 msUntilWakeDeadline=7265
2730 [DBG_HP_SAMPLE] t=1159978 hpOutPin=0 hpOutAsserted=1 camState=3 logicActive=1 activityActive=1 msUntilWakeDeadline=7165
2829 [DBG_HP_SAMPLE] t=1160078 hpOutPin=0 hpOutAsserted=1 camState=3 logicActive=1 activityActive=1 msUntilWakeDeadline=7065
2930 [DBG_HP_SAMPLE] t=1160178 hpOutPin=0 hpOutAsserted=1 camState=3 logicActive=1 activityActive=1 msUntilWakeDeadline=6965
3030 [DBG_HP_SAMPLE] t=1160278 hpOutPin=0 hpOutAsserted=1 camState=3 logicActive=1 activityActive=1 msUntilWakeDeadline=6865
3130 [DBG_HP_SAMPLE] t=1160378 hpOutPin=0 hpOutAsserted=1 camState=3 logicActive=1 activityActive=1 msUntilWakeDeadline=6765
3230 [DBG_HP_SAMPLE] t=1160478 hpOutPin=0 hpOutAsserted=1 camState=3 logicActive=1 activityActive=1 msUntilWakeDeadline=6665
3329 [DBG_HP_SAMPLE] t=1160578 hpOutPin=0 hpOutAsserted=1 camState=3 logicActive=1 activityActive=1 msUntilWakeDeadline=6565
3398 [DBG_PIN] t=1160647 sig=FP_OUT state=ACTIVE reason=burstFrameFire camState=3 hpOutAsserted=1
3430 [DBG_HP_SAMPLE] t=1160678 hpOutPin=0 hpOutAsserted=1 camState=3 logicActive=1 activityActive=1 msUntilWakeDeadline=6465
3498 [DBG_PIN] t=1160747 sig=FP_OUT state=INACTIVE reason=burstPulseComplete durMs=100 camState=3 hpOutAsserted=1
3530 [DBG_HP_SAMPLE] t=1160778 hpOutPin=0 hpOutAsserted=1 camState=4 logicActive=1 activityActive=1 msUntilWakeDeadline=6365
3630 [DBG_HP_SAMPLE] t=1160878 hpOutPin=0 hpOutAsserted=1 camState=4 logicActive=1 activityActive=1 msUntilWakeDeadline=6265
3730 [DBG_HP_SAMPLE] t=1160978 hpOutPin=0 hpOutAsserted=1 camState=4 logicActive=1 activityActive=1 msUntilWakeDeadline=6165
3829 [DBG_HP_SAMPLE] t=1161078 hpOutPin=0 hpOutAsserted=1 camState=4 logicActive=1 activityActive=1 msUntilWakeDeadline=6065
3930 [DBG_HP_SAMPLE] t=1161178 hpOutPin=0 hpOutAsserted=1 camState=4 logicActive=1 activityActive=1 msUntilWakeDeadline=5965
4030 [DBG_HP_SAMPLE] t=1161278 hpOutPin=0 hpOutAsserted=1 camState=4 logicActive=1 activityActive=1 msUntilWakeDeadline=5865
4130 [DBG_HP_SAMPLE] t=1161378 hpOutPin=0 hpOutAsserted=1 camState=4 logicActive=1 activityActive=1 msUntilWakeDeadline=5765
4230 [DBG_HP_SAMPLE] t=1161478 hpOutPin=0 hpOutAsserted=1 camState=4 logicActive=1 activityActive=1 msUntilWakeDeadline=5665
4329 [DBG_HP_SAMPLE] t=1161578 hpOutPin=0 hpOutAsserted=1 camState=4 logicActive=1 activityActive=1 msUntilWakeDeadline=5565
4430 [DBG_HP_SAMPLE] t=1161678 hpOutPin=0 hpOutAsserted=1 camState=4 logicActive=1 activityActive=1 msUntilWakeDeadline=5465
4530 [DBG_HP_SAMPLE] t=1161778 hpOutPin=0 hpOutAsserted=1 camState=4 logicActive=1 activityActive=1 msUntilWakeDeadline=5365
4630 [DBG_HP_SAMPLE] t=1161878 hpOutPin=0 hpOutAsserted=1 camState=4 logicActive=1 activityActive=1 msUntilWakeDeadline=5265
4730 [DBG_HP_SAMPLE] t=1161978 hpOutPin=0 hpOutAsserted=1 camState=4 logicActive=1 activityActive=1 msUntilWakeDeadline=5165
4829 [DBG_HP_SAMPLE] t=1162078 hpOutPin=0 hpOutAsserted=1 camState=4 logicActive=1 activityActive=1 msUntilWakeDeadline=5065
4930 [DBG_HP_SAMPLE] t=1162178 hpOutPin=0 hpOutAsserted=1 camState=4 logicActive=1 activityActive=1 msUntilWakeDeadline=4965
5030 [DBG_HP_SAMPLE] t=1162278 hpOutPin=0 hpOutAsserted=1 camState=4 logicActive=1 activityActive=1 msUntilWakeDeadline=4865
5130 [DBG_HP_SAMPLE] t=1162378 hpOutPin=0 hpOutAsserted=1 camState=4 logicActive=1 activityActive=1 msUntilWakeDeadline=4765
5230 [DBG_HP_SAMPLE] t=1162478 hpOutPin=0 hpOutAsserted=1 camState=4 logicActive=1 activityActive=1 msUntilWakeDeadline=4665
5329 [DBG_HP_SAMPLE] t=1162578 hpOutPin=0 hpOutAsserted=1 camState=4 logicActive=1 activityActive=1 msUntilWakeDeadline=4565
5430 [DBG_HP_SAMPLE] t=1162678 hpOutPin=0 hpOutAsserted=1 camState=4 logicActive=1 activityActive=1 msUntilWakeDeadline=4465
5530 [DBG_HP_SAMPLE] t=1162778 hpOutPin=0 hpOutAsserted=1 camState=1 logicActive=1 activityActive=0 msUntilWakeDeadline=4365
5630 [DBG_HP_SAMPLE] t=1162878 hpOutPin=0 hpOutAsserted=1 camState=1 logicActive=1 activityActive=0 msUntilWakeDeadline=4265
5730 [DBG_HP_SAMPLE] t=1162978 hpOutPin=0 hpOutAsserted=1 camState=1 logicActive=1 activityActive=0 msUntilWakeDeadline=4165
5829 [DBG_HP_SAMPLE] t=1163078 hpOutPin=0 hpOutAsserted=1 camState=1 logicActive=1 activityActive=0 msUntilWakeDeadline=4065
5930 [DBG_HP_SAMPLE] t=1163178 hpOutPin=0 hpOutAsserted=1 camState=1 logicActive=1 activityActive=0 msUntilWakeDeadline=3965
6030 [DBG_HP_SAMPLE] t=1163278 hpOutPin=0 hpOutAsserted=1 camState=1 logicActive=1 activityActive=0 msUntilWakeDeadline=3865
6130 [DBG_HP_SAMPLE] t=1163378 hpOutPin=0 hpOutAsserted=1 camState=1 logicActive=1 activityActive=0 msUntilWakeDeadline=3765
6230 [DBG_HP_SAMPLE] t=1163478 hpOutPin=0 hpOutAsserted=1 camState=1 logicActive=1 activityActive=0 msUntilWakeDeadline=3665
6329 [DBG_HP_SAMPLE] t=1163578 hpOutPin=0 hpOutAsserted=1 camState=1 logicActive=1 activityActive=0 msUntilWakeDeadline=3565
6430 [DBG_HP_SAMPLE] t=1163678 hpOutPin=0 hpOutAsserted=1 camState=1 logicActive=1 activityActive=0 msUntilWakeDeadline=3465
6530 [DBG_HP_SAMPLE] t=1163778 hpOutPin=0 hpOutAsserted=1 camState=1 logicActive=1 activityActive=0 msUntilWakeDeadline=3365
6630 [DBG_HP_SAMPLE] t=1163878 hpOutPin=0 hpOutAsserted=1 camState=1 logicActive=1 activityActive=0 msUntilWakeDeadline=3265
6730 [DBG_HP_SAMPLE] t=1163978 hpOutPin=0 hpOutAsserted=1 camState=1 logicActive=1 activityActive=0 msUntilWakeDeadline=3165
6829 [DBG_HP_SAMPLE] t=1164078 hpOutPin=0 hpOutAsserted=1 camState=1 logicActive=1 activityActive=0 msUntilWakeDeadline=3065
6930 [DBG_HP_SAMPLE] t=1164178 hpOutPin=0 hpOutAsserted=1 camState=1 logicActive=1 activityActive=0 msUntilWakeDeadline=2965
7030 [DBG_HP_SAMPLE] t=1164278 hpOutPin=0 hpOutAsserted=1 camState=1 logicActive=1 activityActive=0 msUntilWakeDeadline=2865
7130 [DBG_HP_SAMPLE] t=1164378 hpOutPin=0 hpOutAsserted=1 camState=1 logicActive=1 activityActive=0 msUntilWakeDeadline=2765
7230 [DBG_HP_SAMPLE] t=1164478 hpOutPin=0 hpOutAsserted=1 camState=1 logicActive=1 activityActive=0 msUntilWakeDeadline=2665
7329 [DBG_HP_SAMPLE] t=1164578 hpOutPin=0 hpOutAsserted=1 camState=1 logicActive=1 activityActive=0 msUntilWakeDeadline=2565
7430 [DBG_HP_SAMPLE] t=1164678 hpOutPin=0 hpOutAsserted=1 camState=1 logicActive=1 activityActive=0 msUntilWakeDeadline=2465
7530 [DBG_HP_SAMPLE] t=1164778 hpOutPin=0 hpOutAsserted=1 camState=1 logicActive=1 activityActive=0 msUntilWakeDeadline=2365
7630 [DBG_HP_SAMPLE] t=1164878 hpOutPin=0 hpOutAsserted=1 camState=1 logicActive=1 activityActive=0 msUntilWakeDeadline=2265
7730 [DBG_HP_SAMPLE] t=1164978 hpOutPin=0 hpOutAsserted=1 camState=1 logicActive=1 activityActive=0 msUntilWakeDeadline=2165
7830 [DBG_HP_SAMPLE] t=1165078 hpOutPin=0 hpOutAsserted=1 camState=1 logicActive=1 activityActive=0 msUntilWakeDeadline=2065
7930 [DBG_HP_SAMPLE] t=1165178 hpOutPin=0 hpOutAsserted=1 camState=1 logicActive=1 activityActive=0 msUntilWakeDeadline=1965
8030 [DBG_HP_SAMPLE] t=1165278 hpOutPin=0 hpOutAsserted=1 camState=1 logicActive=1 activityActive=0 msUntilWakeDeadline=1865
8130 [DBG_HP_SAMPLE] t=1165378 hpOutPin=0 hpOutAsserted=1 camState=1 logicActive=1 activityActive=0 msUntilWakeDeadline=1765
8230 [DBG_HP_SAMPLE] t=1165478 hpOutPin=0 hpOutAsserted=1 camState=1 logicActive=1 activityActive=0 msUntilWakeDeadline=1665
8329 [DBG_HP_SAMPLE] t=1165578 hpOutPin=0 hpOutAsserted=1 camState=1 logicActive=1 activityActive=0 msUntilWakeDeadline=1565
8430 [DBG_HP_SAMPLE] t=1165678 hpOutPin=0 hpOutAsserted=1 camState=1 logicActive=1 activityActive=0 msUntilWakeDeadline=1465
8530 [DBG_HP_SAMPLE] t=1165778 hpOutPin=0 hpOutAsserted=1 camState=1 logicActive=1 activityActive=0 msUntilWakeDeadline=1365
8630 [DBG_HP_SAMPLE] t=1165878 hpOutPin=0 hpOutAsserted=1 camState=1 logicActive=1 activityActive=0 msUntilWakeDeadline=1265
8730 [DBG_HP_SAMPLE] t=1165978 hpOutPin=0 hpOutAsserted=1 camState=1 logicActive=1 activityActive=0 msUntilWakeDeadline=1165
8829 [DBG_HP_SAMPLE] t=1166078 hpOutPin=0 hpOutAsserted=1 camState=1 logicActive=1 activityActive=0 msUntilWakeDeadline=1065
8930 [DBG_HP_SAMPLE] t=1166178 hpOutPin=0 hpOutAsserted=1 camState=1 logicActive=1 activityActive=0 msUntilWakeDeadline=965
9029 [DBG_HP_SAMPLE] t=1166278 hpOutPin=0 hpOutAsserted=1 camState=1 logicActive=1 activityActive=0 msUntilWakeDeadline=865
9130 [DBG_HP_SAMPLE] t=1166378 hpOutPin=0 hpOutAsserted=1 camState=1 logicActive=1 activityActive=0 msUntilWakeDeadline=765
9230 [DBG_HP_SAMPLE] t=1166478 hpOutPin=0 hpOutAsserted=1 camState=1 logicActive=1 activityActive=0 msUntilWakeDeadline=665
9329 [DBG_HP_SAMPLE] t=1166578 hpOutPin=0 hpOutAsserted=1 camState=1 logicActive=1 activityActive=0 msUntilWakeDeadline=565
9430 [DBG_HP_SAMPLE] t=1166678 hpOutPin=0 hpOutAsserted=1 camState=1 logicActive=1 activityActive=0 msUntilWakeDeadline=465
9529 [DBG_HP_SAMPLE] t=1166778 hpOutPin=0 hpOutAsserted=1 camState=1 logicActive=1 activityActive=0 msUntilWakeDeadline=365
9630 [DBG_HP_SAMPLE] t=1166878 hpOutPin=0 hpOutAsserted=1 camState=1 logicActive=1 activityActive=0 msUntilWakeDeadline=265
9730 [DBG_HP_SAMPLE] t=1166978 hpOutPin=0 hpOutAsserted=1 camState=1 logicActive=1 activityActive=0 msUntilWakeDeadline=165
9829 [DBG_HP_SAMPLE] t=1167078 hpOutPin=0 hpOutAsserted=1 camState=1 logicActive=1 activityActive=0 msUntilWakeDeadline=65
9894 [DBG_PIN] t=1167143 sig=FP_OUT state=INACTIVE reason=endActivity durMs=6496 camState=1 hpOutAsserted=1
9896 [DBG_PIN] t=1167143 sig=HP_OUT state=INACTIVE reason=releaseHpOut durMs=10000 camState=1 hpOutAsserted=0
9899 [DBG_IO] t=1167143 stage=configureRuntimeIo.enter deviceType=1 camEnabled=1 camState=0 logicActive=0 activityActive=0 hpOutAsserted=0 hpOutPin=1 fpOutPin=1
9902 [DBG_IO] t=1167144 stage=configureRuntimeIo.outputsInput deviceType=1 camEnabled=1 camState=0 logicActive=0 activityActive=0 hpOutAsserted=0 hpOutPin=1 fpOutPin=1
9904 [DBG_IO] t=1167145 stage=configureRuntimeIo.cameraStateMachine deviceType=1 camEnabled=1 camState=0 logicActive=0 activityActive=0 hpOutAsserted=0 hpOutPin=1 fpOutPin=1
10746 [DBG_HP_SAMPLE] t=1167994 hpOutPin=1 hpOutAsserted=0 camState=0 logicActive=0 activityActive=0 msUntilWakeDeadline=0
10846 [DBG_HP_SAMPLE] t=1168094 hpOutPin=1 hpOutAsserted=0 camState=0 logicActive=0 activityActive=0 msUntilWakeDeadline=0
10945 [DBG_HP_SAMPLE] t=1168194 hpOutPin=1 hpOutAsserted=0 camState=0 logicActive=0 activityActive=0 msUntilWakeDeadline=0
11046 [DBG_HP_SAMPLE] t=1168294 hpOutPin=1 hpOutAsserted=0 camState=0 logicActive=0 activityActive=0 msUntilWakeDeadline=0
11146 [DBG_HP_SAMPLE] t=1168394 hpOutPin=1 hpOutAsserted=0 camState=0 logicActive=0 activityActive=0 msUntilWakeDeadline=0
11245 [DBG_HP_SAMPLE] t=1168494 hpOutPin=1 hpOutAsserted=0 camState=0 logicActive=0 activityActive=0 msUntilWakeDeadline=0
11346 [DBG_HP_SAMPLE] t=1168594 hpOutPin=1 hpOutAsserted=0 camState=0 logicActive=0 activityActive=0 msUntilWakeDeadline=0
11445 [DBG_HP_SAMPLE] t=1168694 hpOutPin=1 hpOutAsserted=0 camState=0 logicActive=0 activityActive=0 msUntilWakeDeadline=0
11546 [DBG_HP_SAMPLE] t=1168794 hpOutPin=1 hpOutAsserted=0 camState=0 logicActive=0 activityActive=0 msUntilWakeDeadline=0
11646 [DBG_HP_SAMPLE] t=1168894 hpOutPin=1 hpOutAsserted=0 camState=0 logicActive=0 activityActive=0 msUntilWakeDeadline=0
11745 [DBG_HP_SAMPLE] t=1168994 hpOutPin=1 hpOutAsserted=0 camState=0 logicActive=0 activityActive=0 msUntilWakeDeadline=0
11846 [DBG_HP_SAMPLE] t=1169094 hpOutPin=1 hpOutAsserted=0 camState=0 logicActive=0 activityActive=0 msUntilWakeDeadline=0
11945 [DBG_HP_SAMPLE] t=1169194 hpOutPin=1 hpOutAsserted=0 camState=0 logicActive=0 activityActive=0 msUntilWakeDeadline=0
12046 [DBG_HP_SAMPLE] t=1169294 hpOutPin=1 hpOutAsserted=0 camState=0 logicActive=0 activityActive=0 msUntilWakeDeadline=0
