0 HP_IN ACTIVE
5 HP_OUT ACTIVE
100 HP_IN INACTIVE
614 HP_OUT INACTIVE
1000 FP_IN ACTIVE
1000 FP_OUT ACTIVE
1100 FP_IN INACTIVE
1100 FP_OUT INACTIVE
1999 FP_OUT ACTIVE
2099 FP_OUT INACTIVE
2998 FP_OUT ACTIVE
3098 FP_OUT INACTIVE
3997 FP_OUT ACTIVE
4097 FP_OUT INACTIVE
11000 FP_IN ACTIVE
11014 HP_OUT ACTIVE
11100 FP_IN INACTIVE
11513 FP_OUT ACTIVE
11613 FP_OUT INACTIVE
12512 FP_OUT ACTIVE
12612 FP_OUT INACTIVE
13511 FP_OUT ACTIVE
13611 FP_OUT INACTIVE
14510 FP_OUT ACTIVE
14610 FP_OUT INACTIVE
16000 HP_IN INACTIVE
16000 FP_IN INACTIVE
