0 HP_IN ACTIVE
47 HP_OUT ACTIVE
100 HP_IN INACTIVE
1000 FP_IN ACTIVE
1000 FP_OUT ACTIVE
1100 FP_OUT INACTIVE
1100 FP_IN INACTIVE
1999 FP_OUT ACTIVE
2098 FP_OUT INACTIVE
2998 FP_OUT ACTIVE
3097 FP_OUT INACTIVE
3997 FP_OUT ACTIVE
4096 FP_OUT INACTIVE
9966 HP_OUT INACTIVE
11000 FP_IN ACTIVE
11018 HP_OUT ACTIVE
11100 FP_IN INACTIVE
11516 FP_OUT ACTIVE
11616 FP_OUT INACTIVE
12515 FP_OUT ACTIVE
12615 FP_OUT INACTIVE
13514 FP_OUT ACTIVE
13614 FP_OUT INACTIVE
14513 FP_OUT ACTIVE
14613 FP_OUT INACTIVE
16000 HP_IN INACTIVE
16000 FP_IN INACTIVE
