0 HP_IN ACTIVE
47 HP_OUT ACTIVE
100 HP_IN INACTIVE
1000 FP_IN ACTIVE
1000 FP_OUT ACTIVE
1100 FP_IN INACTIVE
1100 FP_OUT INACTIVE
1999 FP_OUT ACTIVE
2099 FP_OUT INACTIVE
2997 FP_OUT ACTIVE
3098 FP_OUT INACTIVE
3996 FP_OUT ACTIVE
4097 FP_OUT INACTIVE
6200 FP_IN ACTIVE
6200 FP_OUT ACTIVE
6300 FP_IN INACTIVE
6301 FP_OUT INACTIVE
7199 FP_OUT ACTIVE
7300 FP_OUT INACTIVE
8198 FP_OUT ACTIVE
8298 FP_OUT INACTIVE
9197 FP_OUT ACTIVE
9297 FP_OUT INACTIVE
11296 HP_OUT INACTIVE
14000 HP_IN INACTIVE
14000 FP_IN INACTIVE
