100 [DBG_HP_SAMPLE] t=1346743 hpOutPin=0 hpOutAsserted=1 camState=1 logicActive=1 activityActive=0 msUntilWakeDeadline=9796
210 [DBG_HP_SAMPLE] t=1346853 hpOutPin=0 hpOutAsserted=1 camState=1 logicActive=1 activityActive=0 msUntilWakeDeadline=9686
310 [DBG_HP_SAMPLE] t=1346953 hpOutPin=0 hpOutAsserted=1 camState=1 logicActive=1 activityActive=0 msUntilWakeDeadline=9586
421 [DBG_HP_SAMPLE] t=1347063 hpOutPin=0 hpOutAsserted=1 camState=1 logicActive=1 activityActive=0 msUntilWakeDeadline=9476
520 [DBG_HP_SAMPLE] t=1347163 hpOutPin=0 hpOutAsserted=1 camState=1 logicActive=1 activityActive=0 msUntilWakeDeadline=9376
631 [DBG_HP_SAMPLE] t=1347273 hpOutPin=0 hpOutAsserted=1 camState=1 logicActive=1 activityActive=0 msUntilWakeDeadline=9266
730 [DBG_HP_SAMPLE] t=1347373 hpOutPin=0 hpOutAsserted=1 camState=1 logicActive=1 activityActive=0 msUntilWakeDeadline=9166
830 [DBG_HP_SAMPLE] t=1347473 hpOutPin=0 hpOutAsserted=1 camState=1 logicActive=1 activityActive=0 msUntilWakeDeadline=9066
929 [DBG_HP_SAMPLE] t=1347573 hpOutPin=0 hpOutAsserted=1 camState=1 logicActive=1 activityActive=0 msUntilWakeDeadline=8966
939 [DBG_PIN] t=1347583 sig=FP_OUT state=ACTIVE reason=burstFrameFire camState=3 hpOutAsserted=1
1030 [DBG_HP_SAMPLE] t=1347673 hpOutPin=0 hpOutAsserted=1 camState=3 logicActive=1 activityActive=1 msUntilWakeDeadline=8866
1039 [DBG_PIN] t=1347683 sig=FP_OUT state=INACTIVE reason=burstPulseComplete durMs=100 camState=3 hpOutAsserted=1
1130 [DBG_HP_SAMPLE] t=1347773 hpOutPin=0 hpOutAsserted=1 camState=3 logicActive=1 activityActive=1 msUntilWakeDeadline=8766
1229 [DBG_HP_SAMPLE] t=1347873 hpOutPin=0 hpOutAsserted=1 camState=3 logicActive=1 activityActive=1 msUntilWakeDeadline=8666
1330 [DBG_HP_SAMPLE] t=1347973 hpOutPin=0 hpOutAsserted=1 camState=3 logicActive=1 activityActive=1 msUntilWakeDeadline=8566
1430 [DBG_HP_SAMPLE] t=1348073 hpOutPin=0 hpOutAsserted=1 camState=3 logicActive=1 activityActive=1 msUntilWakeDeadline=8466
1530 [DBG_HP_SAMPLE] t=1348173 hpOutPin=0 hpOutAsserted=1 camState=3 logicActive=1 activityActive=1 msUntilWakeDeadline=8366
1630 [DBG_HP_SAMPLE] t=1348273 hpOutPin=0 hpOutAsserted=1 camState=3 logicActive=1 activityActive=1 msUntilWakeDeadline=8266
1729 [DBG_HP_SAMPLE] t=1348373 hpOutPin=0 hpOutAsserted=1 camState=3 logicActive=1 activityActive=1 msUntilWakeDeadline=8166
1830 [DBG_HP_SAMPLE] t=1348473 hpOutPin=0 hpOutAsserted=1 camState=3 logicActive=1 activityActive=1 msUntilWakeDeadline=8066
1929 [DBG_HP_SAMPLE] t=1348573 hpOutPin=0 hpOutAsserted=1 camState=3 logicActive=1 activityActive=1 msUntilWakeDeadline=7966
1939 [DBG_PIN] t=1348583 sig=FP_OUT state=ACTIVE reason=burstFrameFire camState=3 hpOutAsserted=1
2030 [DBG_HP_SAMPLE] t=1348673 hpOutPin=0 hpOutAsserted=1 camState=3 logicActive=1 activityActive=1 msUntilWakeDeadline=7866
2040 [DBG_PIN] t=1348683 sig=FP_OUT state=INACTIVE reason=burstPulseComplete durMs=100 camState=3 hpOutAsserted=1
2130 [DBG_HP_SAMPLE] t=1348773 hpOutPin=0 hpOutAsserted=1 camState=4 logicActive=1 activityActive=1 msUntilWakeDeadline=7766
2229 [DBG_HP_SAMPLE] t=1348873 hpOutPin=0 hpOutAsserted=1 camState=4 logicActive=1 activityActive=1 msUntilWakeDeadline=7666
2330 [DBG_HP_SAMPLE] t=1348973 hpOutPin=0 hpOutAsserted=1 camState=4 logicActive=1 activityActive=1 msUntilWakeDeadline=7566
2429 [DBG_HP_SAMPLE] t=1349073 hpOutPin=0 hpOutAsserted=1 camState=4 logicActive=1 activityActive=1 msUntilWakeDeadline=7466
2530 [DBG_HP_SAMPLE] t=1349173 hpOutPin=0 hpOutAsserted=1 camState=4 logicActive=1 activityActive=1 msUntilWakeDeadline=7366
2630 [DBG_HP_SAMPLE] t=1349273 hpOutPin=0 hpOutAsserted=1 camState=4 logicActive=1 activityActive=1 msUntilWakeDeadline=7266
2729 [DBG_HP_SAMPLE] t=1349373 hpOutPin=0 hpOutAsserted=1 camState=4 logicActive=1 activityActive=1 msUntilWakeDeadline=7166
2830 [DBG_HP_SAMPLE] t=1349473 hpOutPin=0 hpOutAsserted=1 camState=4 logicActive=1 activityActive=1 msUntilWakeDeadline=7066
2929 [DBG_HP_SAMPLE] t=1349573 hpOutPin=0 hpOutAsserted=1 camState=4 logicActive=1 activityActive=1 msUntilWakeDeadline=6966
3030 [DBG_HP_SAMPLE] t=1349673 hpOutPin=0 hpOutAsserted=1 camState=4 logicActive=1 activityActive=1 msUntilWakeDeadline=6866
3130 [DBG_HP_SAMPLE] t=1349773 hpOutPin=0 hpOutAsserted=1 camState=4 logicActive=1 activityActive=1 msUntilWakeDeadline=6766
3229 [DBG_HP_SAMPLE] t=1349873 hpOutPin=0 hpOutAsserted=1 camState=4 logicActive=1 activityActive=1 msUntilWakeDeadline=6666
3330 [DBG_HP_SAMPLE] t=1349973 hpOutPin=0 hpOutAsserted=1 camState=4 logicActive=1 activityActive=1 msUntilWakeDeadline=6566
3429 [DBG_HP_SAMPLE] t=1350073 hpOutPin=0 hpOutAsserted=1 camState=4 logicActive=1 activityActive=1 msUntilWakeDeadline=6466
3530 [DBG_HP_SAMPLE] t=1350173 hpOutPin=0 hpOutAsserted=1 camState=4 logicActive=1 activityActive=1 msUntilWakeDeadline=6366
3629 [DBG_HP_SAMPLE] t=1350273 hpOutPin=0 hpOutAsserted=1 camState=4 logicActive=1 activityActive=1 msUntilWakeDeadline=6266
3729 [DBG_HP_SAMPLE] t=1350373 hpOutPin=0 hpOutAsserted=1 camState=4 logicActive=1 activityActive=1 msUntilWakeDeadline=6166
3830 [DBG_HP_SAMPLE] t=1350473 hpOutPin=0 hpOutAsserted=1 camState=4 logicActive=1 activityActive=1 msUntilWakeDeadline=6066
3929 [DBG_HP_SAMPLE] t=1350573 hpOutPin=0 hpOutAsserted=1 camState=4 logicActive=1 activityActive=1 msUntilWakeDeadline=5966
4030 [DBG_HP_SAMPLE] t=1350673 hpOutPin=0 hpOutAsserted=1 camState=4 logicActive=1 activityActive=1 msUntilWakeDeadline=5866
4042 [DBG_PIN] t=1350686 sig=FP_OUT state=ACTIVE reason=burstFrameFire camState=3 hpOutAsserted=1
4129 [DBG_HP_SAMPLE] t=1350773 hpOutPin=0 hpOutAsserted=1 camState=3 logicActive=1 activityActive=1 msUntilWakeDeadline=5766
4142 [DBG_PIN] t=1350786 sig=FP_OUT state=INACTIVE reason=burstPulseComplete durMs=100 camState=3 hpOutAsserted=1
4229 [DBG_HP_SAMPLE] t=1350873 hpOutPin=0 hpOutAsserted=1 camState=3 logicActive=1 activityActive=1 msUntilWakeDeadline=5666
4330 [DBG_HP_SAMPLE] t=1350973 hpOutPin=0 hpOutAsserted=1 camState=3 logicActive=1 activityActive=1 msUntilWakeDeadline=5566
4429 [DBG_HP_SAMPLE] t=1351073 hpOutPin=0 hpOutAsserted=1 camState=3 logicActive=1 activityActive=1 msUntilWakeDeadline=5466
4530 [DBG_HP_SAMPLE] t=1351173 hpOutPin=0 hpOutAsserted=1 camState=3 logicActive=1 activityActive=1 msUntilWakeDeadline=5366
4630 [DBG_HP_SAMPLE] t=1351273 hpOutPin=0 hpOutAsserted=1 camState=3 logicActive=1 activityActive=1 msUntilWakeDeadline=5266
4729 [DBG_HP_SAMPLE] t=1351373 hpOutPin=0 hpOutAsserted=1 camState=3 logicActive=1 activityActive=1 msUntilWakeDeadline=5166
4830 [DBG_HP_SAMPLE] t=1351473 hpOutPin=0 hpOutAsserted=1 camState=3 logicActive=1 activityActive=1 msUntilWakeDeadline=5066
4929 [DBG_HP_SAMPLE] t=1351573 hpOutPin=0 hpOutAsserted=1 camState=3 logicActive=1 activityActive=1 msUntilWakeDeadline=4966
5030 [DBG_HP_SAMPLE] t=1351673 hpOutPin=0 hpOutAsserted=1 camState=3 logicActive=1 activityActive=1 msUntilWakeDeadline=4866
5042 [DBG_PIN] t=1351686 sig=FP_OUT state=ACTIVE reason=burstFrameFire camState=3 hpOutAsserted=1
5129 [DBG_HP_SAMPLE] t=1351773 hpOutPin=0 hpOutAsserted=1 camState=3 logicActive=1 activityActive=1 msUntilWakeDeadline=4766
5142 [DBG_PIN] t=1351786 sig=FP_OUT state=INACTIVE reason=burstPulseComplete durMs=100 camState=3 hpOutAsserted=1
5229 [DBG_HP_SAMPLE] t=1351873 hpOutPin=0 hpOutAsserted=1 camState=4 logicActive=1 activityActive=1 msUntilWakeDeadline=4666
5330 [DBG_HP_SAMPLE] t=1351973 hpOutPin=0 hpOutAsserted=1 camState=4 logicActive=1 activityActive=1 msUntilWakeDeadline=4566
5429 [DBG_HP_SAMPLE] t=1352073 hpOutPin=0 hpOutAsserted=1 camState=4 logicActive=1 activityActive=1 msUntilWakeDeadline=4466
5530 [DBG_HP_SAMPLE] t=1352173 hpOutPin=0 hpOutAsserted=1 camState=4 logicActive=1 activityActive=1 msUntilWakeDeadline=4366
5629 [DBG_HP_SAMPLE] t=1352273 hpOutPin=0 hpOutAsserted=1 camState=4 logicActive=1 activityActive=1 msUntilWakeDeadline=4266
5729 [DBG_HP_SAMPLE] t=1352373 hpOutPin=0 hpOutAsserted=1 camState=4 logicActive=1 activityActive=1 msUntilWakeDeadline=4166
5830 [DBG_HP_SAMPLE] t=1352473 hpOutPin=0 hpOutAsserted=1 camState=4 logicActive=1 activityActive=1 msUntilWakeDeadline=4066
5929 [DBG_HP_SAMPLE] t=1352573 hpOutPin=0 hpOutAsserted=1 camState=4 logicActive=1 activityActive=1 msUntilWakeDeadline=3966
6030 [DBG_HP_SAMPLE] t=1352673 hpOutPin=0 hpOutAsserted=1 camState=4 logicActive=1 activityActive=1 msUntilWakeDeadline=3866
6129 [DBG_HP_SAMPLE] t=1352773 hpOutPin=0 hpOutAsserted=1 camState=4 logicActive=1 activityActive=1 msUntilWakeDeadline=3766
6229 [DBG_HP_SAMPLE] t=1352873 hpOutPin=0 hpOutAsserted=1 camState=4 logicActive=1 activityActive=1 msUntilWakeDeadline=3666
6330 [DBG_HP_SAMPLE] t=1352973 hpOutPin=0 hpOutAsserted=1 camState=4 logicActive=1 activityActive=1 msUntilWakeDeadline=3566
6429 [DBG_HP_SAMPLE] t=1353073 hpOutPin=0 hpOutAsserted=1 camState=4 logicActive=1 activityActive=1 msUntilWakeDeadline=3466
6530 [DBG_HP_SAMPLE] t=1353173 hpOutPin=0 hpOutAsserted=1 camState=4 logicActive=1 activityActive=1 msUntilWakeDeadline=3366
6629 [DBG_HP_SAMPLE] t=1353273 hpOutPin=0 hpOutAsserted=1 camState=4 logicActive=1 activityActive=1 msUntilWakeDeadline=3266
6729 [DBG_HP_SAMPLE] t=1353373 hpOutPin=0 hpOutAsserted=1 camState=4 logicActive=1 activityActive=1 msUntilWakeDeadline=3166
6830 [DBG_HP_SAMPLE] t=1353473 hpOutPin=0 hpOutAsserted=1 camState=4 logicActive=1 activityActive=1 msUntilWakeDeadline=3066
6929 [DBG_HP_SAMPLE] t=1353573 hpOutPin=0 hpOutAsserted=1 camState=4 logicActive=1 activityActive=1 msUntilWakeDeadline=2966
7030 [DBG_HP_SAMPLE] t=1353673 hpOutPin=0 hpOutAsserted=1 camState=4 logicActive=1 activityActive=1 msUntilWakeDeadline=2866
7129 [DBG_HP_SAMPLE] t=1353773 hpOutPin=0 hpOutAsserted=1 camState=4 logicActive=1 activityActive=1 msUntilWakeDeadline=2766
7229 [DBG_HP_SAMPLE] t=1353873 hpOutPin=0 hpOutAsserted=1 camState=1 logicActive=1 activityActive=0 msUntilWakeDeadline=2666
7329 [DBG_HP_SAMPLE] t=1353973 hpOutPin=0 hpOutAsserted=1 camState=1 logicActive=1 activityActive=0 msUntilWakeDeadline=2566
7429 [DBG_HP_SAMPLE] t=1354073 hpOutPin=0 hpOutAsserted=1 camState=1 logicActive=1 activityActive=0 msUntilWakeDeadline=2466
7530 [DBG_HP_SAMPLE] t=1354173 hpOutPin=0 hpOutAsserted=1 camState=1 logicActive=1 activityActive=0 msUntilWakeDeadline=2366
7630 [DBG_HP_SAMPLE] t=1354273 hpOutPin=0 hpOutAsserted=1 camState=1 logicActive=1 activityActive=0 msUntilWakeDeadline=2266
7729 [DBG_HP_SAMPLE] t=1354373 hpOutPin=0 hpOutAsserted=1 camState=1 logicActive=1 activityActive=0 msUntilWakeDeadline=2166
7830 [DBG_HP_SAMPLE] t=1354473 hpOutPin=0 hpOutAsserted=1 camState=1 logicActive=1 activityActive=0 msUntilWakeDeadline=2066
7929 [DBG_HP_SAMPLE] t=1354573 hpOutPin=0 hpOutAsserted=1 camState=1 logicActive=1 activityActive=0 msUntilWakeDeadline=1966
8030 [DBG_HP_SAMPLE] t=1354673 hpOutPin=0 hpOutAsserted=1 camState=1 logicActive=1 activityActive=0 msUntilWakeDeadline=1866
8129 [DBG_HP_SAMPLE] t=1354773 hpOutPin=0 hpOutAsserted=1 camState=1 logicActive=1 activityActive=0 msUntilWakeDeadline=1766
8229 [DBG_HP_SAMPLE] t=1354873 hpOutPin=0 hpOutAsserted=1 camState=1 logicActive=1 activityActive=0 msUntilWakeDeadline=1666
8330 [DBG_HP_SAMPLE] t=1354973 hpOutPin=0 hpOutAsserted=1 camState=1 logicActive=1 activityActive=0 msUntilWakeDeadline=1566
8429 [DBG_HP_SAMPLE] t=1355073 hpOutPin=0 hpOutAsserted=1 camState=1 logicActive=1 activityActive=0 msUntilWakeDeadline=1466
8530 [DBG_HP_SAMPLE] t=1355173 hpOutPin=0 hpOutAsserted=1 camState=1 logicActive=1 activityActive=0 msUntilWakeDeadline=1366
8630 [DBG_HP_SAMPLE] t=1355273 hpOutPin=0 hpOutAsserted=1 camState=1 logicActive=1 activityActive=0 msUntilWakeDeadline=1266
8729 [DBG_HP_SAMPLE] t=1355373 hpOutPin=0 hpOutAsserted=1 camState=1 logicActive=1 activityActive=0 msUntilWakeDeadline=1166
8830 [DBG_HP_SAMPLE] t=1355473 hpOutPin=0 hpOutAsserted=1 camState=1 logicActive=1 activityActive=0 msUntilWakeDeadline=1066
8929 [DBG_HP_SAMPLE] t=1355573 hpOutPin=0 hpOutAsserted=1 camState=1 logicActive=1 activityActive=0 msUntilWakeDeadline=966
9030 [DBG_HP_SAMPLE] t=1355673 hpOutPin=0 hpOutAsserted=1 camState=1 logicActive=1 activityActive=0 msUntilWakeDeadline=866
9129 [DBG_HP_SAMPLE] t=1355773 hpOutPin=0 hpOutAsserted=1 camState=1 logicActive=1 activityActive=0 msUntilWakeDeadline=766
9229 [DBG_HP_SAMPLE] t=1355873 hpOutPin=0 hpOutAsserted=1 camState=1 logicActive=1 activityActive=0 msUntilWakeDeadline=666
9330 [DBG_HP_SAMPLE] t=1355973 hpOutPin=0 hpOutAsserted=1 camState=1 logicActive=1 activityActive=0 msUntilWakeDeadline=566
9429 [DBG_HP_SAMPLE] t=1356073 hpOutPin=0 hpOutAsserted=1 camState=1 logicActive=1 activityActive=0 msUntilWakeDeadline=466
9530 [DBG_HP_SAMPLE] t=1356173 hpOutPin=0 hpOutAsserted=1 camState=1 logicActive=1 activityActive=0 msUntilWakeDeadline=366
9629 [DBG_HP_SAMPLE] t=1356273 hpOutPin=0 hpOutAsserted=1 camState=1 logicActive=1 activityActive=0 msUntilWakeDeadline=266
9729 [DBG_HP_SAMPLE] t=1356373 hpOutPin=0 hpOutAsserted=1 camState=1 logicActive=1 activityActive=0 msUntilWakeDeadline=166
9830 [DBG_HP_SAMPLE] t=1356473 hpOutPin=0 hpOutAsserted=1 camState=1 logicActive=1 activityActive=0 msUntilWakeDeadline=66
9895 [DBG_PIN] t=1356539 sig=FP_OUT state=INACTIVE reason=endActivity durMs=4853 camState=1 hpOutAsserted=1
9897 [DBG_PIN] t=1356539 sig=HP_OUT state=INACTIVE reason=releaseHpOut durMs=10000 camState=1 hpOutAsserted=0
9899 [DBG_IO] t=1356539 stage=configureRuntimeIo.enter deviceType=1 camEnabled=1 camState=0 logicActive=0 activityActive=0 hpOutAsserted=0 hpOutPin=1 fpOutPin=1
9902 [DBG_IO] t=1356540 stage=configureRuntimeIo.outputsInput deviceType=1 camEnabled=1 camState=0 logicActive=0 activityActive=0 hpOutAsserted=0 hpOutPin=1 fpOutPin=1
10105 [DBG_IO] t=1356540 stage=configureRuntimeIo.cameraStateMachine deviceType=1 camEnabled=1 camState=0 logicActive=
10745 0 activityActive=0 hpOutAsserted=0 hpOutPin=1 fpOutPin=1
10746 [DBG_HP_SAMPLE] t=1357389 hpOutPin=1 hpOutAsserted=0 camState=0 logicActive=0 activityActive=0 msUntilWakeDeadline=0
10845 [DBG_HP_SAMPLE] t=1357489 hpOutPin=1 hpOutAsserted=0 camState=0 logicActive=0 activityActive=0 msUntilWakeDeadline=0
10946 [DBG_HP_SAMPLE] t=1357589 hpOutPin=1 hpOutAsserted=0 camState=0 logicActive=0 activityActive=0 msUntilWakeDeadline=0
11045 [DBG_HP_SAMPLE] t=1357689 hpOutPin=1 hpOutAsserted=0 camState=0 logicActive=0 activityActive=0 msUntilWakeDeadline=0
11145 [DBG_HP_SAMPLE] t=1357789 hpOutPin=1 hpOutAsserted=0 camState=0 logicActive=0 activityActive=0 msUntilWakeDeadline=0
11246 [DBG_HP_SAMPLE] t=1357889 hpOutPin=1 hpOutAsserted=0 camState=0 logicActive=0 activityActive=0 msUntilWakeDeadline=0
11345 [DBG_HP_SAMPLE] t=1357989 hpOutPin=1 hpOutAsserted=0 camState=0 logicActive=0 activityActive=0 msUntilWakeDeadline=0
11446 [DBG_HP_SAMPLE] t=1358089 hpOutPin=1 hpOutAsserted=0 camState=0 logicActive=0 activityActive=0 msUntilWakeDeadline=0
11545 [DBG_HP_SAMPLE] t=1358189 hpOutPin=1 hpOutAsserted=0 camState=0 logicActive=0 activityActive=0 msUntilWakeDeadline=0
11645 [DBG_HP_SAMPLE] t=1358289 hpOutPin=1 hpOutAsserted=0 camState=0 logicActive=0 activityActive=0 msUntilWakeDeadline=0
11746 [DBG_HP_SAMPLE] t=1358389 hpOutPin=1 hpOutAsserted=0 camState=0 logicActive=0 activityActive=0 msUntilWakeDeadline=0
11845 [DBG_HP_SAMPLE] t=1358489 hpOutPin=1 hpOutAsserted=0 camState=0 logicActive=0 activityActive=0 msUntilWakeDeadline=0
11946 [DBG_HP_SAMPLE] t=1358589 hpOutPin=1 hpOutAsserted=0 camState=0 logicActive=0 activityActive=0 msUntilWakeDeadline=0
12045 [DBG_HP_SAMPLE] t=1358689 hpOutPin=1 hpOutAsserted=0 camState=0 logicActive=0 activityActive=0 msUntilWakeDeadline=0
12145 [DBG_HP_SAMPLE] t=1358789 hpOutPin=1 hpOutAsserted=0 camState=0 logicActive=0 activityActive=0 msUntilWakeDeadline=0
12246 [DBG_HP_SAMPLE] t=1358889 hpOutPin=1 hpOutAsserted=0 camState=0 logicActive=0 activityActive=0 msUntilWakeDeadline=0
12345 [DBG_HP_SAMPLE] t=1358989 hpOutPin=1 hpOutAsserted=0 camState=0 logicActive=0 activityActive=0 msUntilWakeDeadline=0
12446 [DBG_HP_SAMPLE] t=1359089 hpOutPin=1 hpOutAsserted=0 camState=0 logicActive=0 activityActive=0 msUntilWakeDeadline=0
12545 [DBG_HP_SAMPLE] t=1359189 hpOutPin=1 hpOutAsserted=0 camState=0 logicActive=0 activityActive=0 msUntilWakeDeadline=0
12645 [DBG_HP_SAMPLE] t=1359289 hpOutPin=1 hpOutAsserted=0 camState=0 logicActive=0 activityActive=0 msUntilWakeDeadline=0
12746 [DBG_HP_SAMPLE] t=1359389 hpOutPin=1 hpOutAsserted=0 camState=0 logicActive=0 activityActive=0 msUntilWakeDeadline=0
12845 [DBG_HP_SAMPLE] t=1359489 hpOutPin=1 hpOutAsserted=0 camState=0 logicActive=0 activityActive=0 msUntilWakeDeadline=0
12946 [DBG_HP_SAMPLE] t=1359589 hpOutPin=1 hpOutAsserted=0 camState=0 logicActive=0 activityActive=0 msUntilWakeDeadline=0
13045 [DBG_HP_SAMPLE] t=1359689 hpOutPin=1 hpOutAsserted=0 camState=0 logicActive=0 activityActive=0 msUntilWakeDeadline=0
13145 [DBG_HP_SAMPLE] t=1359789 hpOutPin=1 hpOutAsserted=0 camState=0 logicActive=0 activityActive=0 msUntilWakeDeadline=0
13246 [DBG_HP_SAMPLE] t=1359889 hpOutPin=1 hpOutAsserted=0 camState=0 logicActive=0 activityActive=0 msUntilWakeDeadline=0
13345 [DBG_HP_SAMPLE] t=1359989 hpOutPin=1 hpOutAsserted=0 camState=0 logicActive=0 activityActive=0 msUntilWakeDeadline=0
13446 [DBG_HP_SAMPLE] t=1360089 hpOutPin=1 hpOutAsserted=0 camState=0 logicActive=0 activityActive=0 msUntilWakeDeadline=0
13545 [DBG_HP_SAMPLE] t=1360189 hpOutPin=1 hpOutAsserted=0 camState=0 logicActive=0 activityActive=0 msUntilWakeDeadline=0
13645 [DBG_HP_SAMPLE] t=1360289 hpOutPin=1 hpOutAsserted=0 camState=0 logicActive=0 activityActive=0 msUntilWakeDeadline=0
13746 [DBG_HP_SAMPLE] t=1360389 hpOutPin=1 hpOutAsserted=0 camState=0 logicActive=0 activityActive=0 msUntilWakeDeadline=0
13845 [DBG_HP_SAMPLE] t=1360489 hpOutPin=1 hpOutAsserted=0 camState=0 logicActive=0 activityActive=0 msUntilWakeDeadline=0
13946 [DBG_HP_SAMPLE] t=1360589 hpOutPin=1 hpOutAsserted=0 camState=0 logicActive=0 activityActive=0 msUntilWakeDeadline=0
14045 [DBG_HP_SAMPLE] t=1360689 hpOutPin=1 hpOutAsserted=0 camState=0 logicActive=0 activityActive=0 msUntilWakeDeadline=0
14145 [DBG_HP_SAMPLE] t=1360789 hpOutPin=1 hpOutAsserted=0 camState=0 logicActive=0 activityActive=0 msUntilWakeDeadline=0
14246 [DBG_HP_SAMPLE] t=1360889 hpOutPin=1 hpOutAsserted=0 camState=0 logicActive=0 activityActive=0 msUntilWakeDeadline=0
14345 [DBG_HP_SAMPLE] t=1360989 hpOutPin=1 hpOutAsserted=0 camState=0 logicActive=0 activityActive=0 msUntilWakeDeadline=0
14446 [DBG_HP_SAMPLE] t=1361089 hpOutPin=1 hpOutAsserted=0 camState=0 logicActive=0 activityActive=0 msUntilWakeDeadline=0
14545 [DBG_HP_SAMPLE] t=1361189 hpOutPin=1 hpOutAsserted=0 camState=0 logicActive=0 activityActive=0 msUntilWakeDeadline=0
14645 [DBG_HP_SAMPLE] t=1361289 hpOutPin=1 hpOutAsserted=0 camState=0 logicActive=0 activityActive=0 msUntilWakeDeadline=0
14746 [DBG_HP_SAMPLE] t=1361389 hpOutPin=1 hpOutAsserted=0 camState=0 logicActive=0 activityActive=0 msUntilWakeDeadline=0
14845 [DBG_HP_SAMPLE] t=1361489 hpOutPin=1 hpOutAsserted=0 camState=0 logicActive=0 activityActive=0 msUntilWakeDeadline=0
14946 [DBG_HP_SAMPLE] t=1361589 hpOutPin=1 hpOutAsserted=0 camState=0 logicActive=0 activityActive=0 msUntilWakeDeadline=0
15045 [DBG_HP_SAMPLE] t=1361689 hpOutPin=1 hpOutAsserted=0 camState=0 logicActive=0 activityActive=0 msUntilWakeDeadline=0
