0 HP_IN ACTIVE
0 HP_OUT ACTIVE
100 HP_IN INACTIVE
1000 FP_IN ACTIVE
1000 FP_OUT ACTIVE
1100 FP_IN INACTIVE
1101 FP_OUT INACTIVE
1999 FP_OUT ACTIVE
2100 FP_OUT INACTIVE
2998 FP_OUT ACTIVE
3099 FP_OUT INACTIVE
3997 FP_OUT ACTIVE
4097 FP_OUT INACTIVE
7000 FP_IN ACTIVE
7000 FP_OUT ACTIVE
7099 FP_OUT INACTIVE
7100 FP_IN INACTIVE
7998 FP_OUT ACTIVE
8098 FP_OUT INACTIVE
8996 FP_OUT ACTIVE
9097 FP_OUT INACTIVE
9995 FP_OUT ACTIVE
10096 FP_OUT INACTIVE
12095 HP_OUT INACTIVE
16000 HP_IN INACTIVE
16000 FP_IN INACTIVE
