0 HP_IN ACTIVE
0 HP_OUT ACTIVE
100 HP_IN INACTIVE
1000 FP_IN ACTIVE
1000 FP_OUT ACTIVE
1100 FP_IN INACTIVE
1100 FP_OUT INACTIVE
2099 FP_OUT ACTIVE
2198 FP_OUT INACTIVE
3197 FP_OUT ACTIVE
3297 FP_OUT INACTIVE
4296 FP_OUT ACTIVE
4396 FP_OUT INACTIVE
6200 FP_IN ACTIVE
6200 FP_OUT ACTIVE
6299 FP_OUT INACTIVE
6300 FP_IN INACTIVE
7298 FP_OUT ACTIVE
7398 FP_OUT INACTIVE
8397 FP_OUT ACTIVE
8497 FP_OUT INACTIVE
9496 FP_OUT ACTIVE
9595 FP_OUT INACTIVE
11593 HP_OUT INACTIVE
14000 HP_IN INACTIVE
14000 FP_IN INACTIVE
