0 HP_IN ACTIVE
0 HP_OUT ACTIVE
100 HP_IN INACTIVE
1000 FP_IN ACTIVE
1000 FP_OUT ACTIVE
1100 FP_IN INACTIVE
1100 FP_OUT INACTIVE
1999 FP_OUT ACTIVE
2099 FP_OUT INACTIVE
2998 FP_OUT ACTIVE
3098 FP_OUT INACTIVE
3997 FP_OUT ACTIVE
4096 FP_OUT INACTIVE
9989 HP_OUT INACTIVE
11000 FP_IN ACTIVE
11072 HP_OUT ACTIVE
11100 FP_IN INACTIVE
11571 FP_OUT ACTIVE
11670 FP_OUT INACTIVE
12570 FP_OUT ACTIVE
12669 FP_OUT INACTIVE
13569 FP_OUT ACTIVE
13668 FP_OUT INACTIVE
14568 FP_OUT ACTIVE
14667 FP_OUT INACTIVE
16000 HP_IN INACTIVE
16000 FP_IN INACTIVE
