0 HP_IN ACTIVE
61 HP_OUT ACTIVE
100 HP_IN INACTIVE
358 HP_OUT INACTIVE
1000 FP_IN ACTIVE
1002 FP_OUT ACTIVE
1100 FP_IN INACTIVE
1119 FP_OUT INACTIVE
2017 FP_OUT ACTIVE
2134 FP_OUT INACTIVE
3031 FP_OUT ACTIVE
3148 FP_OUT INACTIVE
4030 FP_OUT ACTIVE
4129 FP_OUT INACTIVE
6200 FP_IN ACTIVE
6200 FP_OUT ACTIVE
6300 FP_IN INACTIVE
6300 FP_OUT INACTIVE
7199 FP_OUT ACTIVE
7299 FP_OUT INACTIVE
8198 FP_OUT ACTIVE
8298 FP_OUT INACTIVE
9197 FP_OUT ACTIVE
9297 FP_OUT INACTIVE
14000 HP_IN INACTIVE
14000 FP_IN INACTIVE
