0 HP_IN ACTIVE
49 HP_OUT ACTIVE
100 HP_IN INACTIVE
1000 FP_IN ACTIVE
1000 FP_OUT ACTIVE
1099 FP_OUT INACTIVE
1100 FP_IN INACTIVE
1998 FP_OUT ACTIVE
2098 FP_OUT INACTIVE
2997 FP_OUT ACTIVE
3097 FP_OUT INACTIVE
3996 FP_OUT ACTIVE
4096 FP_OUT INACTIVE
6200 FP_IN ACTIVE
6200 FP_OUT ACTIVE
6298 FP_OUT INACTIVE
6300 FP_IN INACTIVE
7198 FP_OUT ACTIVE
7297 FP_OUT INACTIVE
8197 FP_OUT ACTIVE
8296 FP_OUT INACTIVE
9196 FP_OUT ACTIVE
9295 FP_OUT INACTIVE
11293 HP_OUT INACTIVE
14000 HP_IN INACTIVE
14000 FP_IN INACTIVE
