0 HP_IN ACTIVE
48 HP_OUT ACTIVE
100 HP_IN INACTIVE
1000 FP_IN ACTIVE
1000 FP_OUT ACTIVE
1098 FP_OUT INACTIVE
1100 FP_IN INACTIVE
2097 FP_OUT ACTIVE
2197 FP_OUT INACTIVE
3196 FP_OUT ACTIVE
3296 FP_OUT INACTIVE
4295 FP_OUT ACTIVE
4394 FP_OUT INACTIVE
7000 FP_IN ACTIVE
7000 FP_OUT ACTIVE
7099 FP_OUT INACTIVE
7100 FP_IN INACTIVE
8097 FP_OUT ACTIVE
8198 FP_OUT INACTIVE
9197 FP_OUT ACTIVE
9296 FP_OUT INACTIVE
10295 FP_OUT ACTIVE
10395 FP_OUT INACTIVE
12393 HP_OUT INACTIVE
16000 HP_IN INACTIVE
16000 FP_IN INACTIVE
