0 HP_IN ACTIVE
49 HP_OUT ACTIVE
100 HP_IN INACTIVE
1000 FP_IN ACTIVE
1000 FP_OUT ACTIVE
1098 FP_OUT INACTIVE
1100 FP_IN INACTIVE
1998 FP_OUT ACTIVE
2097 FP_OUT INACTIVE
2997 FP_OUT ACTIVE
3096 FP_OUT INACTIVE
3996 FP_OUT ACTIVE
4095 FP_OUT INACTIVE
10039 HP_OUT INACTIVE
11000 FP_IN ACTIVE
11000 HP_OUT ACTIVE
11100 FP_IN INACTIVE
11498 FP_OUT ACTIVE
11599 FP_OUT INACTIVE
12497 FP_OUT ACTIVE
12598 FP_OUT INACTIVE
13496 FP_OUT ACTIVE
13597 FP_OUT INACTIVE
14495 FP_OUT ACTIVE
14596 FP_OUT INACTIVE
16000 HP_IN INACTIVE
16000 FP_IN INACTIVE
