0 HP_IN ACTIVE
0 HP_OUT ACTIVE
100 HP_IN INACTIVE
1000 FP_IN ACTIVE
1000 FP_OUT ACTIVE
1098 FP_OUT INACTIVE
1100 FP_IN INACTIVE
2097 FP_OUT ACTIVE
2197 FP_OUT INACTIVE
3196 FP_OUT ACTIVE
3296 FP_OUT INACTIVE
4295 FP_OUT ACTIVE
4395 FP_OUT INACTIVE
9988 HP_OUT INACTIVE
11000 FP_IN ACTIVE
11000 HP_OUT ACTIVE
11100 FP_IN INACTIVE
11498 FP_OUT ACTIVE
11598 FP_OUT INACTIVE
12597 FP_OUT ACTIVE
12697 FP_OUT INACTIVE
13696 FP_OUT ACTIVE
13796 FP_OUT INACTIVE
14795 FP_OUT ACTIVE
14894 FP_OUT INACTIVE
16000 HP_IN INACTIVE
16000 FP_IN INACTIVE
