78 [DBG_HP_SAMPLE] t=866438 hpOutPin=0 hpOutAsserted=1 camState=1 logicActive=1 activityActive=0 msUntilWakeDeadline=9900
210 [DBG_HP_SAMPLE] t=866548 hpOutPin=0 hpOutAsserted=1 camState=1 logicActive=1 activityActive=0 msUntilWakeDeadline=9790
288 [DBG_HP_SAMPLE] t=866648 hpOutPin=0 hpOutAsserted=1 camState=1 logicActive=1 activityActive=0 msUntilWakeDeadline=9690
420 [DBG_HP_SAMPLE] t=866758 hpOutPin=0 hpOutAsserted=1 camState=1 logicActive=1 activityActive=0 msUntilWakeDeadline=9580
498 [DBG_HP_SAMPLE] t=866858 hpOutPin=0 hpOutAsserted=1 camState=1 logicActive=1 activityActive=0 msUntilWakeDeadline=9480
630 [DBG_HP_SAMPLE] t=866969 hpOutPin=0 hpOutAsserted=1 camState=1 logicActive=1 activityActive=0 msUntilWakeDeadline=9369
709 [DBG_HP_SAMPLE] t=867069 hpOutPin=0 hpOutAsserted=1 camState=1 logicActive=1 activityActive=0 msUntilWakeDeadline=9269
809 [DBG_HP_SAMPLE] t=867169 hpOutPin=0 hpOutAsserted=1 camState=1 logicActive=1 activityActive=0 msUntilWakeDeadline=9169
909 [DBG_HP_SAMPLE] t=867269 hpOutPin=0 hpOutAsserted=1 camState=1 logicActive=1 activityActive=0 msUntilWakeDeadline=9069
933 [DBG_PIN] t=867293 sig=FP_OUT state=ACTIVE reason=burstFrameFire camState=3 hpOutAsserted=1
1008 [DBG_HP_SAMPLE] t=867369 hpOutPin=0 hpOutAsserted=1 camState=3 logicActive=1 activityActive=1 msUntilWakeDeadline=8969
1033 [DBG_PIN] t=867393 sig=FP_OUT state=INACTIVE reason=burstPulseComplete durMs=100 camState=3 hpOutAsserted=1
1109 [DBG_HP_SAMPLE] t=867469 hpOutPin=0 hpOutAsserted=1 camState=3 logicActive=1 activityActive=1 msUntilWakeDeadline=8869
1209 [DBG_HP_SAMPLE] t=867569 hpOutPin=0 hpOutAsserted=1 camState=3 logicActive=1 activityActive=1 msUntilWakeDeadline=8769
1309 [DBG_HP_SAMPLE] t=867669 hpOutPin=0 hpOutAsserted=1 camState=3 logicActive=1 activityActive=1 msUntilWakeDeadline=8669
1409 [DBG_HP_SAMPLE] t=867769 hpOutPin=0 hpOutAsserted=1 camState=3 logicActive=1 activityActive=1 msUntilWakeDeadline=8569
1508 [DBG_HP_SAMPLE] t=867869 hpOutPin=0 hpOutAsserted=1 camState=3 logicActive=1 activityActive=1 msUntilWakeDeadline=8469
1609 [DBG_HP_SAMPLE] t=867969 hpOutPin=0 hpOutAsserted=1 camState=3 logicActive=1 activityActive=1 msUntilWakeDeadline=8369
1709 [DBG_HP_SAMPLE] t=868069 hpOutPin=0 hpOutAsserted=1 camState=3 logicActive=1 activityActive=1 msUntilWakeDeadline=8269
1809 [DBG_HP_SAMPLE] t=868169 hpOutPin=0 hpOutAsserted=1 camState=3 logicActive=1 activityActive=1 msUntilWakeDeadline=8169
1909 [DBG_HP_SAMPLE] t=868269 hpOutPin=0 hpOutAsserted=1 camState=3 logicActive=1 activityActive=1 msUntilWakeDeadline=8069
1932 [DBG_PIN] t=868293 sig=FP_OUT state=ACTIVE reason=burstFrameFire camState=3 hpOutAsserted=1
2008 [DBG_HP_SAMPLE] t=868369 hpOutPin=0 hpOutAsserted=1 camState=3 logicActive=1 activityActive=1 msUntilWakeDeadline=7969
2032 [DBG_PIN] t=868393 sig=FP_OUT state=INACTIVE reason=burstPulseComplete durMs=100 camState=3 hpOutAsserted=1
2108 [DBG_HP_SAMPLE] t=868469 hpOutPin=0 hpOutAsserted=1 camState=3 logicActive=1 activityActive=1 msUntilWakeDeadline=7869
2208 [DBG_HP_SAMPLE] t=868569 hpOutPin=0 hpOutAsserted=1 camState=3 logicActive=1 activityActive=1 msUntilWakeDeadline=7769
2309 [DBG_HP_SAMPLE] t=868669 hpOutPin=0 hpOutAsserted=1 camState=3 logicActive=1 activityActive=1 msUntilWakeDeadline=7669
2408 [DBG_HP_SAMPLE] t=868769 hpOutPin=0 hpOutAsserted=1 camState=3 logicActive=1 activityActive=1 msUntilWakeDeadline=7569
2508 [DBG_HP_SAMPLE] t=868869 hpOutPin=0 hpOutAsserted=1 camState=3 logicActive=1 activityActive=1 msUntilWakeDeadline=7469
2608 [DBG_HP_SAMPLE] t=868969 hpOutPin=0 hpOutAsserted=1 camState=3 logicActive=1 activityActive=1 msUntilWakeDeadline=7369
2708 [DBG_HP_SAMPLE] t=869069 hpOutPin=0 hpOutAsserted=1 camState=3 logicActive=1 activityActive=1 msUntilWakeDeadline=7269
2809 [DBG_HP_SAMPLE] t=869169 hpOutPin=0 hpOutAsserted=1 camState=3 logicActive=1 activityActive=1 msUntilWakeDeadline=7169
2909 [DBG_HP_SAMPLE] t=869269 hpOutPin=0 hpOutAsserted=1 camState=3 logicActive=1 activityActive=1 msUntilWakeDeadline=7069
2932 [DBG_PIN] t=869293 sig=FP_OUT state=ACTIVE reason=burstFrameFire camState=3 hpOutAsserted=1
3008 [DBG_HP_SAMPLE] t=869369 hpOutPin=0 hpOutAsserted=1 camState=3 logicActive=1 activityActive=1 msUntilWakeDeadline=6969
3032 [DBG_PIN] t=869393 sig=FP_OUT state=INACTIVE reason=burstPulseComplete durMs=100 camState=3 hpOutAsserted=1
3109 [DBG_HP_SAMPLE] t=869469 hpOutPin=0 hpOutAsserted=1 camState=3 logicActive=1 activityActive=1 msUntilWakeDeadline=6869
3208 [DBG_HP_SAMPLE] t=869569 hpOutPin=0 hpOutAsserted=1 camState=3 logicActive=1 activityActive=1 msUntilWakeDeadline=6769
3309 [DBG_HP_SAMPLE] t=869669 hpOutPin=0 hpOutAsserted=1 camState=3 logicActive=1 activityActive=1 msUntilWakeDeadline=6669
3408 [DBG_HP_SAMPLE] t=869769 hpOutPin=0 hpOutAsserted=1 camState=3 logicActive=1 activityActive=1 msUntilWakeDeadline=6569
3508 [DBG_HP_SAMPLE] t=869869 hpOutPin=0 hpOutAsserted=1 camState=3 logicActive=1 activityActive=1 msUntilWakeDeadline=6469
3609 [DBG_HP_SAMPLE] t=869969 hpOutPin=0 hpOutAsserted=1 camState=3 logicActive=1 activityActive=1 msUntilWakeDeadline=6369
3708 [DBG_HP_SAMPLE] t=870069 hpOutPin=0 hpOutAsserted=1 camState=3 logicActive=1 activityActive=1 msUntilWakeDeadline=6269
3809 [DBG_HP_SAMPLE] t=870169 hpOutPin=0 hpOutAsserted=1 camState=3 logicActive=1 activityActive=1 msUntilWakeDeadline=6169
3908 [DBG_HP_SAMPLE] t=870269 hpOutPin=0 hpOutAsserted=1 camState=3 logicActive=1 activityActive=1 msUntilWakeDeadline=6069
3932 [DBG_PIN] t=870293 sig=FP_OUT state=ACTIVE reason=burstFrameFire camState=3 hpOutAsserted=1
4008 [DBG_HP_SAMPLE] t=870369 hpOutPin=0 hpOutAsserted=1 camState=3 logicActive=1 activityActive=1 msUntilWakeDeadline=5969
4032 [DBG_PIN] t=870393 sig=FP_OUT state=INACTIVE reason=burstPulseComplete durMs=100 camState=3 hpOutAsserted=1
4108 [DBG_HP_SAMPLE] t=870469 hpOutPin=0 hpOutAsserted=1 camState=4 logicActive=1 activityActive=1 msUntilWakeDeadline=5869
4208 [DBG_HP_SAMPLE] t=870569 hpOutPin=0 hpOutAsserted=1 camState=4 logicActive=1 activityActive=1 msUntilWakeDeadline=5769
4309 [DBG_HP_SAMPLE] t=870669 hpOutPin=0 hpOutAsserted=1 camState=4 logicActive=1 activityActive=1 msUntilWakeDeadline=5669
4409 [DBG_HP_SAMPLE] t=870769 hpOutPin=0 hpOutAsserted=1 camState=4 logicActive=1 activityActive=1 msUntilWakeDeadline=5569
4508 [DBG_HP_SAMPLE] t=870869 hpOutPin=0 hpOutAsserted=1 camState=4 logicActive=1 activityActive=1 msUntilWakeDeadline=5469
4608 [DBG_HP_SAMPLE] t=870969 hpOutPin=0 hpOutAsserted=1 camState=4 logicActive=1 activityActive=1 msUntilWakeDeadline=5369
4708 [DBG_HP_SAMPLE] t=871069 hpOutPin=0 hpOutAsserted=1 camState=4 logicActive=1 activityActive=1 msUntilWakeDeadline=5269
4809 [DBG_HP_SAMPLE] t=871169 hpOutPin=0 hpOutAsserted=1 camState=4 logicActive=1 activityActive=1 msUntilWakeDeadline=5169
4908 [DBG_HP_SAMPLE] t=871269 hpOutPin=0 hpOutAsserted=1 camState=4 logicActive=1 activityActive=1 msUntilWakeDeadline=5069
5008 [DBG_HP_SAMPLE] t=871369 hpOutPin=0 hpOutAsserted=1 camState=4 logicActive=1 activityActive=1 msUntilWakeDeadline=4969
5108 [DBG_HP_SAMPLE] t=871469 hpOutPin=0 hpOutAsserted=1 camState=4 logicActive=1 activityActive=1 msUntilWakeDeadline=4869
5208 [DBG_HP_SAMPLE] t=871569 hpOutPin=0 hpOutAsserted=1 camState=4 logicActive=1 activityActive=1 msUntilWakeDeadline=4769
5309 [DBG_HP_SAMPLE] t=871669 hpOutPin=0 hpOutAsserted=1 camState=4 logicActive=1 activityActive=1 msUntilWakeDeadline=4669
5408 [DBG_HP_SAMPLE] t=871769 hpOutPin=0 hpOutAsserted=1 camState=4 logicActive=1 activityActive=1 msUntilWakeDeadline=4569
5508 [DBG_HP_SAMPLE] t=871869 hpOutPin=0 hpOutAsserted=1 camState=4 logicActive=1 activityActive=1 msUntilWakeDeadline=4469
5608 [DBG_HP_SAMPLE] t=871969 hpOutPin=0 hpOutAsserted=1 camState=4 logicActive=1 activityActive=1 msUntilWakeDeadline=4369
5708 [DBG_HP_SAMPLE] t=872069 hpOutPin=0 hpOutAsserted=1 camState=4 logicActive=1 activityActive=1 msUntilWakeDeadline=4269
5809 [DBG_HP_SAMPLE] t=872169 hpOutPin=0 hpOutAsserted=1 camState=4 logicActive=1 activityActive=1 msUntilWakeDeadline=4169
5908 [DBG_HP_SAMPLE] t=872269 hpOutPin=0 hpOutAsserted=1 camState=4 logicActive=1 activityActive=1 msUntilWakeDeadline=4069
6008 [DBG_HP_SAMPLE] t=872369 hpOutPin=0 hpOutAsserted=1 camState=4 logicActive=1 activityActive=1 msUntilWakeDeadline=3969
6108 [DBG_HP_SAMPLE] t=872469 hpOutPin=0 hpOutAsserted=1 camState=1 logicActive=1 activityActive=0 msUntilWakeDeadline=3869
6138 [DBG_PIN] t=872500 sig=FP_OUT state=ACTIVE reason=burstFrameFire camState=3 hpOutAsserted=1
6208 [DBG_HP_SAMPLE] t=872569 hpOutPin=0 hpOutAsserted=1 camState=3 logicActive=1 activityActive=1 msUntilWakeDeadline=3769
6239 [DBG_PIN] t=872600 sig=FP_OUT state=INACTIVE reason=burstPulseComplete durMs=100 camState=3 hpOutAsserted=1
6309 [DBG_HP_SAMPLE] t=872669 hpOutPin=0 hpOutAsserted=1 camState=3 logicActive=1 activityActive=1 msUntilWakeDeadline=3669
6408 [DBG_HP_SAMPLE] t=872769 hpOutPin=0 hpOutAsserted=1 camState=3 logicActive=1 activityActive=1 msUntilWakeDeadline=3569
6508 [DBG_HP_SAMPLE] t=872869 hpOutPin=0 hpOutAsserted=1 camState=3 logicActive=1 activityActive=1 msUntilWakeDeadline=3469
6608 [DBG_HP_SAMPLE] t=872969 hpOutPin=0 hpOutAsserted=1 camState=3 logicActive=1 activityActive=1 msUntilWakeDeadline=3369
6708 [DBG_HP_SAMPLE] t=873069 hpOutPin=0 hpOutAsserted=1 camState=3 logicActive=1 activityActive=1 msUntilWakeDeadline=3269
6809 [DBG_HP_SAMPLE] t=873169 hpOutPin=0 hpOutAsserted=1 camState=3 logicActive=1 activityActive=1 msUntilWakeDeadline=3169
6908 [DBG_HP_SAMPLE] t=873269 hpOutPin=0 hpOutAsserted=1 camState=3 logicActive=1 activityActive=1 msUntilWakeDeadline=3069
7008 [DBG_HP_SAMPLE] t=873369 hpOutPin=0 hpOutAsserted=1 camState=3 logicActive=1 activityActive=1 msUntilWakeDeadline=2969
7109 [DBG_HP_SAMPLE] t=873469 hpOutPin=0 hpOutAsserted=1 camState=3 logicActive=1 activityActive=1 msUntilWakeDeadline=2869
7138 [DBG_PIN] t=873500 sig=FP_OUT state=ACTIVE reason=burstFrameFire camState=3 hpOutAsserted=1
7208 [DBG_HP_SAMPLE] t=873569 hpOutPin=0 hpOutAsserted=1 camState=3 logicActive=1 activityActive=1 msUntilWakeDeadline=2769
7239 [DBG_PIN] t=873600 sig=FP_OUT state=INACTIVE reason=burstPulseComplete durMs=100 camState=3 hpOutAsserted=1
7309 [DBG_HP_SAMPLE] t=873669 hpOutPin=0 hpOutAsserted=1 camState=3 logicActive=1 activityActive=1 msUntilWakeDeadline=2669
7408 [DBG_HP_SAMPLE] t=873769 hpOutPin=0 hpOutAsserted=1 camState=3 logicActive=1 activityActive=1 msUntilWakeDeadline=2569
7508 [DBG_HP_SAMPLE] t=873869 hpOutPin=0 hpOutAsserted=1 camState=3 logicActive=1 activityActive=1 msUntilWakeDeadline=2469
7608 [DBG_HP_SAMPLE] t=873969 hpOutPin=0 hpOutAsserted=1 camState=3 logicActive=1 activityActive=1 msUntilWakeDeadline=2369
7708 [DBG_HP_SAMPLE] t=874069 hpOutPin=0 hpOutAsserted=1 camState=3 logicActive=1 activityActive=1 msUntilWakeDeadline=2269
7809 [DBG_HP_SAMPLE] t=874169 hpOutPin=0 hpOutAsserted=1 camState=3 logicActive=1 activityActive=1 msUntilWakeDeadline=2169
7908 [DBG_HP_SAMPLE] t=874269 hpOutPin=0 hpOutAsserted=1 camState=3 logicActive=1 activityActive=1 msUntilWakeDeadline=2069
8008 [DBG_HP_SAMPLE] t=874369 hpOutPin=0 hpOutAsserted=1 camState=3 logicActive=1 activityActive=1 msUntilWakeDeadline=1969
8108 [DBG_HP_SAMPLE] t=874469 hpOutPin=0 hpOutAsserted=1 camState=3 logicActive=1 activityActive=1 msUntilWakeDeadline=1869
8138 [DBG_PIN] t=874500 sig=FP_OUT state=ACTIVE reason=burstFrameFire camState=3 hpOutAsserted=1
8208 [DBG_HP_SAMPLE] t=874569 hpOutPin=0 hpOutAsserted=1 camState=3 logicActive=1 activityActive=1 msUntilWakeDeadline=1769
8239 [DBG_PIN] t=874600 sig=FP_OUT state=INACTIVE reason=burstPulseComplete durMs=100 camState=3 hpOutAsserted=1
8309 [DBG_HP_SAMPLE] t=874669 hpOutPin=0 hpOutAsserted=1 camState=3 logicActive=1 activityActive=1 msUntilWakeDeadline=1669
8408 [DBG_HP_SAMPLE] t=874769 hpOutPin=0 hpOutAsserted=1 camState=3 logicActive=1 activityActive=1 msUntilWakeDeadline=1569
8508 [DBG_HP_SAMPLE] t=874869 hpOutPin=0 hpOutAsserted=1 camState=3 logicActive=1 activityActive=1 msUntilWakeDeadline=1469
8608 [DBG_HP_SAMPLE] t=874969 hpOutPin=0 hpOutAsserted=1 camState=3 logicActive=1 activityActive=1 msUntilWakeDeadline=1369
8708 [DBG_HP_SAMPLE] t=875069 hpOutPin=0 hpOutAsserted=1 camState=3 logicActive=1 activityActive=1 msUntilWakeDeadline=1269
8809 [DBG_HP_SAMPLE] t=875169 hpOutPin=0 hpOutAsserted=1 camState=3 logicActive=1 activityActive=1 msUntilWakeDeadline=1169
8908 [DBG_HP_SAMPLE] t=875269 hpOutPin=0 hpOutAsserted=1 camState=3 logicActive=1 activityActive=1 msUntilWakeDeadline=1069
9008 [DBG_HP_SAMPLE] t=875369 hpOutPin=0 hpOutAsserted=1 camState=3 logicActive=1 activityActive=1 msUntilWakeDeadline=969
9108 [DBG_HP_SAMPLE] t=875469 hpOutPin=0 hpOutAsserted=1 camState=3 logicActive=1 activityActive=1 msUntilWakeDeadline=869
9138 [DBG_PIN] t=875500 sig=FP_OUT state=ACTIVE reason=burstFrameFire camState=3 hpOutAsserted=1
9208 [DBG_HP_SAMPLE] t=875569 hpOutPin=0 hpOutAsserted=1 camState=3 logicActive=1 activityActive=1 msUntilWakeDeadline=769
9239 [DBG_PIN] t=875600 sig=FP_OUT state=INACTIVE reason=burstPulseComplete durMs=100 camState=3 hpOutAsserted=1
9308 [DBG_HP_SAMPLE] t=875669 hpOutPin=0 hpOutAsserted=1 camState=4 logicActive=1 activityActive=1 msUntilWakeDeadline=669
9408 [DBG_HP_SAMPLE] t=875769 hpOutPin=0 hpOutAsserted=1 camState=4 logicActive=1 activityActive=1 msUntilWakeDeadline=569
9508 [DBG_HP_SAMPLE] t=875869 hpOutPin=0 hpOutAsserted=1 camState=4 logicActive=1 activityActive=1 msUntilWakeDeadline=469
9608 [DBG_HP_SAMPLE] t=875969 hpOutPin=0 hpOutAsserted=1 camState=4 logicActive=1 activityActive=1 msUntilWakeDeadline=369
9708 [DBG_HP_SAMPLE] t=876069 hpOutPin=0 hpOutAsserted=1 camState=4 logicActive=1 activityActive=1 msUntilWakeDeadline=269
9808 [DBG_HP_SAMPLE] t=876169 hpOutPin=0 hpOutAsserted=1 camState=4 logicActive=1 activityActive=1 msUntilWakeDeadline=169
9908 [DBG_HP_SAMPLE] t=876269 hpOutPin=0 hpOutAsserted=1 camState=4 logicActive=1 activityActive=1 msUntilWakeDeadline=69
10008 [DBG_HP_SAMPLE] t=876369 hpOutPin=0 hpOutAsserted=1 camState=4 logicActive=1 activityActive=1 msUntilWakeDeadline=0
10108 [DBG_HP_SAMPLE] t=876469 hpOutPin=0 hpOutAsserted=1 camState=4 logicActive=1 activityActive=1 msUntilWakeDeadline=0
10208 [DBG_HP_SAMPLE] t=876569 hpOutPin=0 hpOutAsserted=1 camState=4 logicActive=1 activityActive=1 msUntilWakeDeadline=0
10309 [DBG_HP_SAMPLE] t=876669 hpOutPin=0 hpOutAsserted=1 camState=4 logicActive=1 activityActive=1 msUntilWakeDeadline=0
10408 [DBG_HP_SAMPLE] t=876769 hpOutPin=0 hpOutAsserted=1 camState=4 logicActive=1 activityActive=1 msUntilWakeDeadline=0
10508 [DBG_HP_SAMPLE] t=876869 hpOutPin=0 hpOutAsserted=1 camState=4 logicActive=1 activityActive=1 msUntilWakeDeadline=0
10608 [DBG_HP_SAMPLE] t=876969 hpOutPin=0 hpOutAsserted=1 camState=4 logicActive=1 activityActive=1 msUntilWakeDeadline=0
10708 [DBG_HP_SAMPLE] t=877069 hpOutPin=0 hpOutAsserted=1 camState=4 logicActive=1 activityActive=1 msUntilWakeDeadline=0
10808 [DBG_HP_SAMPLE] t=877169 hpOutPin=0 hpOutAsserted=1 camState=4 logicActive=1 activityActive=1 msUntilWakeDeadline=0
10908 [DBG_HP_SAMPLE] t=877269 hpOutPin=0 hpOutAsserted=1 camState=4 logicActive=1 activityActive=1 msUntilWakeDeadline=0
11007 [DBG_HP_SAMPLE] t=877369 hpOutPin=0 hpOutAsserted=1 camState=4 logicActive=1 activityActive=1 msUntilWakeDeadline=0
11108 [DBG_HP_SAMPLE] t=877469 hpOutPin=0 hpOutAsserted=1 camState=4 logicActive=1 activityActive=1 msUntilWakeDeadline=0
11208 [DBG_HP_SAMPLE] t=877569 hpOutPin=0 hpOutAsserted=1 camState=4 logicActive=1 activityActive=1 msUntilWakeDeadline=0
11239 [DBG_PIN] t=877600 sig=FP_OUT state=INACTIVE reason=endActivity durMs=2100 camState=1 hpOutAsserted=1
11240 [DBG_PIN] t=877600 sig=HP_OUT state=INACTIVE reason=releaseHpOut durMs=11262 camState=1 hpOutAsserted=0
11243 [DBG_IO] t=877600 stage=configureRuntimeIo.enter deviceType=1 camEnabled=1 camState=0 logicActive=0 activityActive=0 hpOutAsserted=0 hpOutPin=1 fpOutPin=1
11246 [DBG_IO] t=877601 stage=configureRuntimeIo.outputsInput deviceType=1 camEnabled=1 camState=0 logicActive=0 activityActive=0 hpOutAsserted=0 hpOutPin=1 fpOutPin=1
11249 [DBG_IO] t=877602 stage=configureRuntimeIo.cameraStateMachine deviceType=1 camEnabled=1 camState=0 logicActive=0 activityActive=0 hpOutAsserted=0 hpOutPin=1 fpOutPin=1
12096 [DBG_HP_SAMPLE] t=878457 hpOutPin=1 hpOutAsserted=0 camState=0 logicActive=0 activityActive=0 msUntilWakeDeadline=0
12196 [DBG_HP_SAMPLE] t=878557 hpOutPin=1 hpOutAsserted=0 camState=0 logicActive=0 activityActive=0 msUntilWakeDeadline=0
12296 [DBG_HP_SAMPLE] t=878657 hpOutPin=1 hpOutAsserted=0 camState=0 logicActive=0 activityActive=0 msUntilWakeDeadline=0
12396 [DBG_HP_SAMPLE] t=878757 hpOutPin=1 hpOutAsserted=0 camState=0 logicActive=0 activityActive=0 msUntilWakeDeadline=0
12496 [DBG_HP_SAMPLE] t=878857 hpOutPin=1 hpOutAsserted=0 camState=0 logicActive=0 activityActive=0 msUntilWakeDeadline=0
12595 [DBG_HP_SAMPLE] t=878957 hpOutPin=1 hpOutAsserted=0 camState=0 logicActive=0 activityActive=0 msUntilWakeDeadline=0
12696 [DBG_HP_SAMPLE] t=879057 hpOutPin=1 hpOutAsserted=0 camState=0 logicActive=0 activityActive=0 msUntilWakeDeadline=0
12796 [DBG_HP_SAMPLE] t=879157 hpOutPin=1 hpOutAsserted=0 camState=0 logicActive=0 activityActive=0 msUntilWakeDeadline=0
12896 [DBG_HP_SAMPLE] t=879257 hpOutPin=1 hpOutAsserted=0 camState=0 logicActive=0 activityActive=0 msUntilWakeDeadline=0
12996 [DBG_HP_SAMPLE] t=879357 hpOutPin=1 hpOutAsserted=0 camState=0 logicActive=0 activityActive=0 msUntilWakeDeadline=0
13096 [DBG_HP_SAMPLE] t=879457 hpOutPin=1 hpOutAsserted=0 camState=0 logicActive=0 activityActive=0 msUntilWakeDeadline=0
13196 [DBG_HP_SAMPLE] t=879557 hpOutPin=1 hpOutAsserted=0 camState=0 logicActive=0 activityActive=0 msUntilWakeDeadline=0
13296 [DBG_HP_SAMPLE] t=879657 hpOutPin=1 hpOutAsserted=0 camState=0 logicActive=0 activityActive=0 msUntilWakeDeadline=0
13396 [DBG_HP_SAMPLE] t=879757 hpOutPin=1 hpOutAsserted=0 camState=0 logicActive=0 activityActive=0 msUntilWakeDeadline=0
13496 [DBG_HP_SAMPLE] t=879857 hpOutPin=1 hpOutAsserted=0 camState=0 logicActive=0 activityActive=0 msUntilWakeDeadline=0
13596 [DBG_HP_SAMPLE] t=879957 hpOutPin=1 hpOutAsserted=0 camState=0 logicActive=0 activityActive=0 msUntilWakeDeadline=0
13696 [DBG_HP_SAMPLE] t=880057 hpOutPin=1 hpOutAsserted=0 camState=0 logicActive=0 activityActive=0 msUntilWakeDeadline=0
13796 [DBG_HP_SAMPLE] t=880157 hpOutPin=1 hpOutAsserted=0 camState=0 logicActive=0 activityActive=0 msUntilWakeDeadline=0
13896 [DBG_HP_SAMPLE] t=880257 hpOutPin=1 hpOutAsserted=0 camState=0 logicActive=0 activityActive=0 msUntilWakeDeadline=0
13998 [DBG_HP_SAMPLE] t=880357 hpOutPin=1 hpOutAsserted=0 camState=0 logicActive=0 activityActive=0 msUntilWakeDeadline=0
14095 [DBG_HP_SAMPLE] t=880457 hpOutPin=1 hpOutAsserted=0 camState=0 logicActive=0 activityActive=0 msUntilWakeDeadline=0
