78 [DBG_HP_SAMPLE] t=805147 hpOutPin=0 hpOutAsserted=1 camState=1 logicActive=1 activityActive=0 msUntilWakeDeadline=9900
210 [DBG_HP_SAMPLE] t=805257 hpOutPin=0 hpOutAsserted=1 camState=1 logicActive=1 activityActive=0 msUntilWakeDeadline=9790
288 [DBG_HP_SAMPLE] t=805357 hpOutPin=0 hpOutAsserted=1 camState=1 logicActive=1 activityActive=0 msUntilWakeDeadline=9690
420 [DBG_HP_SAMPLE] t=805467 hpOutPin=0 hpOutAsserted=1 camState=1 logicActive=1 activityActive=0 msUntilWakeDeadline=9580
498 [DBG_HP_SAMPLE] t=805567 hpOutPin=0 hpOutAsserted=1 camState=1 logicActive=1 activityActive=0 msUntilWakeDeadline=9480
630 [DBG_HP_SAMPLE] t=805677 hpOutPin=0 hpOutAsserted=1 camState=1 logicActive=1 activityActive=0 msUntilWakeDeadline=9370
708 [DBG_HP_SAMPLE] t=805777 hpOutPin=0 hpOutAsserted=1 camState=1 logicActive=1 activityActive=0 msUntilWakeDeadline=9270
808 [DBG_HP_SAMPLE] t=805877 hpOutPin=0 hpOutAsserted=1 camState=1 logicActive=1 activityActive=0 msUntilWakeDeadline=9170
908 [DBG_HP_SAMPLE] t=805977 hpOutPin=0 hpOutAsserted=1 camState=1 logicActive=1 activityActive=0 msUntilWakeDeadline=9070
1007 [DBG_HP_SAMPLE] t=806077 hpOutPin=0 hpOutAsserted=1 camState=1 logicActive=1 activityActive=0 msUntilWakeDeadline=8970
1108 [DBG_HP_SAMPLE] t=806177 hpOutPin=0 hpOutAsserted=1 camState=1 logicActive=1 activityActive=0 msUntilWakeDeadline=8870
1208 [DBG_HP_SAMPLE] t=806277 hpOutPin=0 hpOutAsserted=1 camState=1 logicActive=1 activityActive=0 msUntilWakeDeadline=8770
1308 [DBG_HP_SAMPLE] t=806377 hpOutPin=0 hpOutAsserted=1 camState=1 logicActive=1 activityActive=0 msUntilWakeDeadline=8670
1408 [DBG_HP_SAMPLE] t=806477 hpOutPin=0 hpOutAsserted=1 camState=1 logicActive=1 activityActive=0 msUntilWakeDeadline=8570
1508 [DBG_HP_SAMPLE] t=806577 hpOutPin=0 hpOutAsserted=1 camState=1 logicActive=1 activityActive=0 msUntilWakeDeadline=8470
1608 [DBG_HP_SAMPLE] t=806677 hpOutPin=0 hpOutAsserted=1 camState=1 logicActive=1 activityActive=0 msUntilWakeDeadline=8370
1708 [DBG_HP_SAMPLE] t=806777 hpOutPin=0 hpOutAsserted=1 camState=1 logicActive=1 activityActive=0 msUntilWakeDeadline=8270
1808 [DBG_HP_SAMPLE] t=806877 hpOutPin=0 hpOutAsserted=1 camState=1 logicActive=1 activityActive=0 msUntilWakeDeadline=8170
1908 [DBG_HP_SAMPLE] t=806977 hpOutPin=0 hpOutAsserted=1 camState=1 logicActive=1 activityActive=0 msUntilWakeDeadline=8070
2007 [DBG_HP_SAMPLE] t=807077 hpOutPin=0 hpOutAsserted=1 camState=1 logicActive=1 activityActive=0 msUntilWakeDeadline=7970
2108 [DBG_HP_SAMPLE] t=807177 hpOutPin=0 hpOutAsserted=1 camState=1 logicActive=1 activityActive=0 msUntilWakeDeadline=7870
2208 [DBG_HP_SAMPLE] t=807277 hpOutPin=0 hpOutAsserted=1 camState=1 logicActive=1 activityActive=0 msUntilWakeDeadline=7770
2308 [DBG_HP_SAMPLE] t=807377 hpOutPin=0 hpOutAsserted=1 camState=1 logicActive=1 activityActive=0 msUntilWakeDeadline=7670
2408 [DBG_HP_SAMPLE] t=807477 hpOutPin=0 hpOutAsserted=1 camState=1 logicActive=1 activityActive=0 msUntilWakeDeadline=7570
2507 [DBG_HP_SAMPLE] t=807577 hpOutPin=0 hpOutAsserted=1 camState=1 logicActive=1 activityActive=0 msUntilWakeDeadline=7470
2608 [DBG_HP_SAMPLE] t=807677 hpOutPin=0 hpOutAsserted=1 camState=1 logicActive=1 activityActive=0 msUntilWakeDeadline=7370
2708 [DBG_HP_SAMPLE] t=807777 hpOutPin=0 hpOutAsserted=1 camState=1 logicActive=1 activityActive=0 msUntilWakeDeadline=7270
2808 [DBG_HP_SAMPLE] t=807877 hpOutPin=0 hpOutAsserted=1 camState=1 logicActive=1 activityActive=0 msUntilWakeDeadline=7170
2908 [DBG_HP_SAMPLE] t=807977 hpOutPin=0 hpOutAsserted=1 camState=1 logicActive=1 activityActive=0 msUntilWakeDeadline=7070
3007 [DBG_HP_SAMPLE] t=808077 hpOutPin=0 hpOutAsserted=1 camState=1 logicActive=1 activityActive=0 msUntilWakeDeadline=6970
3108 [DBG_HP_SAMPLE] t=808177 hpOutPin=0 hpOutAsserted=1 camState=1 logicActive=1 activityActive=0 msUntilWakeDeadline=6870
3208 [DBG_HP_SAMPLE] t=808277 hpOutPin=0 hpOutAsserted=1 camState=1 logicActive=1 activityActive=0 msUntilWakeDeadline=6770
3308 [DBG_HP_SAMPLE] t=808377 hpOutPin=0 hpOutAsserted=1 camState=1 logicActive=1 activityActive=0 msUntilWakeDeadline=6670
3408 [DBG_HP_SAMPLE] t=808477 hpOutPin=0 hpOutAsserted=1 camState=1 logicActive=1 activityActive=0 msUntilWakeDeadline=6570
3507 [DBG_HP_SAMPLE] t=808577 hpOutPin=0 hpOutAsserted=1 camState=1 logicActive=1 activityActive=0 msUntilWakeDeadline=6470
3608 [DBG_HP_SAMPLE] t=808677 hpOutPin=0 hpOutAsserted=1 camState=1 logicActive=1 activityActive=0 msUntilWakeDeadline=6370
3708 [DBG_HP_SAMPLE] t=808777 hpOutPin=0 hpOutAsserted=1 camState=1 logicActive=1 activityActive=0 msUntilWakeDeadline=6270
3808 [DBG_HP_SAMPLE] t=808877 hpOutPin=0 hpOutAsserted=1 camState=1 logicActive=1 activityActive=0 msUntilWakeDeadline=6170
3908 [DBG_HP_SAMPLE] t=808977 hpOutPin=0 hpOutAsserted=1 camState=1 logicActive=1 activityActive=0 msUntilWakeDeadline=6070
4007 [DBG_HP_SAMPLE] t=809077 hpOutPin=0 hpOutAsserted=1 camState=1 logicActive=1 activityActive=0 msUntilWakeDeadline=5970
4108 [DBG_HP_SAMPLE] t=809177 hpOutPin=0 hpOutAsserted=1 camState=1 logicActive=1 activityActive=0 msUntilWakeDeadline=5870
4208 [DBG_HP_SAMPLE] t=809277 hpOutPin=0 hpOutAsserted=1 camState=1 logicActive=1 activityActive=0 msUntilWakeDeadline=5770
4308 [DBG_HP_SAMPLE] t=809377 hpOutPin=0 hpOutAsserted=1 camState=1 logicActive=1 activityActive=0 msUntilWakeDeadline=5670
4408 [DBG_HP_SAMPLE] t=809477 hpOutPin=0 hpOutAsserted=1 camState=1 logicActive=1 activityActive=0 msUntilWakeDeadline=5570
4507 [DBG_HP_SAMPLE] t=809577 hpOutPin=0 hpOutAsserted=1 camState=1 logicActive=1 activityActive=0 msUntilWakeDeadline=5470
4608 [DBG_HP_SAMPLE] t=809677 hpOutPin=0 hpOutAsserted=1 camState=1 logicActive=1 activityActive=0 msUntilWakeDeadline=5370
4708 [DBG_HP_SAMPLE] t=809777 hpOutPin=0 hpOutAsserted=1 camState=1 logicActive=1 activityActive=0 msUntilWakeDeadline=5270
4808 [DBG_HP_SAMPLE] t=809877 hpOutPin=0 hpOutAsserted=1 camState=1 logicActive=1 activityActive=0 msUntilWakeDeadline=5170
4908 [DBG_HP_SAMPLE] t=809977 hpOutPin=0 hpOutAsserted=1 camState=1 logicActive=1 activityActive=0 msUntilWakeDeadline=5070
5007 [DBG_HP_SAMPLE] t=810077 hpOutPin=0 hpOutAsserted=1 camState=1 logicActive=1 activityActive=0 msUntilWakeDeadline=4970
5108 [DBG_HP_SAMPLE] t=810177 hpOutPin=0 hpOutAsserted=1 camState=1 logicActive=1 activityActive=0 msUntilWakeDeadline=4870
5208 [DBG_HP_SAMPLE] t=810277 hpOutPin=0 hpOutAsserted=1 camState=1 logicActive=1 activityActive=0 msUntilWakeDeadline=4770
5308 [DBG_HP_SAMPLE] t=810377 hpOutPin=0 hpOutAsserted=1 camState=1 logicActive=1 activityActive=0 msUntilWakeDeadline=4670
5408 [DBG_HP_SAMPLE] t=810477 hpOutPin=0 hpOutAsserted=1 camState=1 logicActive=1 activityActive=0 msUntilWakeDeadline=4570
5507 [DBG_HP_SAMPLE] t=810577 hpOutPin=0 hpOutAsserted=1 camState=1 logicActive=1 activityActive=0 msUntilWakeDeadline=4470
5608 [DBG_HP_SAMPLE] t=810677 hpOutPin=0 hpOutAsserted=1 camState=1 logicActive=1 activityActive=0 msUntilWakeDeadline=4370
5707 [DBG_HP_SAMPLE] t=810777 hpOutPin=0 hpOutAsserted=1 camState=1 logicActive=1 activityActive=0 msUntilWakeDeadline=4270
5808 [DBG_HP_SAMPLE] t=810877 hpOutPin=0 hpOutAsserted=1 camState=1 logicActive=1 activityActive=0 msUntilWakeDeadline=4170
5908 [DBG_HP_SAMPLE] t=810977 hpOutPin=0 hpOutAsserted=1 camState=1 logicActive=1 activityActive=0 msUntilWakeDeadline=4070
6007 [DBG_HP_SAMPLE] t=811077 hpOutPin=0 hpOutAsserted=1 camState=1 logicActive=1 activityActive=0 msUntilWakeDeadline=3970
6108 [DBG_HP_SAMPLE] t=811177 hpOutPin=0 hpOutAsserted=1 camState=1 logicActive=1 activityActive=0 msUntilWakeDeadline=3870
6207 [DBG_HP_SAMPLE] t=811277 hpOutPin=0 hpOutAsserted=1 camState=1 logicActive=1 activityActive=0 msUntilWakeDeadline=3770
6308 [DBG_HP_SAMPLE] t=811377 hpOutPin=0 hpOutAsserted=1 camState=1 logicActive=1 activityActive=0 msUntilWakeDeadline=3670
6408 [DBG_HP_SAMPLE] t=811477 hpOutPin=0 hpOutAsserted=1 camState=1 logicActive=1 activityActive=0 msUntilWakeDeadline=3570
6507 [DBG_HP_SAMPLE] t=811577 hpOutPin=0 hpOutAsserted=1 camState=1 logicActive=1 activityActive=0 msUntilWakeDeadline=3470
6608 [DBG_HP_SAMPLE] t=811677 hpOutPin=0 hpOutAsserted=1 camState=1 logicActive=1 activityActive=0 msUntilWakeDeadline=3370
6707 [DBG_HP_SAMPLE] t=811777 hpOutPin=0 hpOutAsserted=1 camState=1 logicActive=1 activityActive=0 msUntilWakeDeadline=3270
6808 [DBG_HP_SAMPLE] t=811877 hpOutPin=0 hpOutAsserted=1 camState=1 logicActive=1 activityActive=0 msUntilWakeDeadline=3170
6908 [DBG_HP_SAMPLE] t=811977 hpOutPin=0 hpOutAsserted=1 camState=1 logicActive=1 activityActive=0 msUntilWakeDeadline=3070
7007 [DBG_HP_SAMPLE] t=812077 hpOutPin=0 hpOutAsserted=1 camState=1 logicActive=1 activityActive=0 msUntilWakeDeadline=2970
7108 [DBG_HP_SAMPLE] t=812177 hpOutPin=0 hpOutAsserted=1 camState=1 logicActive=1 activityActive=0 msUntilWakeDeadline=2870
7207 [DBG_HP_SAMPLE] t=812277 hpOutPin=0 hpOutAsserted=1 camState=1 logicActive=1 activityActive=0 msUntilWakeDeadline=2770
7308 [DBG_HP_SAMPLE] t=812377 hpOutPin=0 hpOutAsserted=1 camState=1 logicActive=1 activityActive=0 msUntilWakeDeadline=2670
7408 [DBG_HP_SAMPLE] t=812477 hpOutPin=0 hpOutAsserted=1 camState=1 logicActive=1 activityActive=0 msUntilWakeDeadline=2570
7507 [DBG_HP_SAMPLE] t=812577 hpOutPin=0 hpOutAsserted=1 camState=1 logicActive=1 activityActive=0 msUntilWakeDeadline=2470
7608 [DBG_HP_SAMPLE] t=812677 hpOutPin=0 hpOutAsserted=1 camState=1 logicActive=1 activityActive=0 msUntilWakeDeadline=2370
7708 [DBG_HP_SAMPLE] t=812777 hpOutPin=0 hpOutAsserted=1 camState=1 logicActive=1 activityActive=0 msUntilWakeDeadline=2270
7808 [DBG_HP_SAMPLE] t=812877 hpOutPin=0 hpOutAsserted=1 camState=1 logicActive=1 activityActive=0 msUntilWakeDeadline=2170
7908 [DBG_HP_SAMPLE] t=812977 hpOutPin=0 hpOutAsserted=1 camState=1 logicActive=1 activityActive=0 msUntilWakeDeadline=2070
8007 [DBG_HP_SAMPLE] t=813077 hpOutPin=0 hpOutAsserted=1 camState=1 logicActive=1 activityActive=0 msUntilWakeDeadline=1970
8108 [DBG_HP_SAMPLE] t=813177 hpOutPin=0 hpOutAsserted=1 camState=1 logicActive=1 activityActive=0 msUntilWakeDeadline=1870
8208 [DBG_HP_SAMPLE] t=813277 hpOutPin=0 hpOutAsserted=1 camState=1 logicActive=1 activityActive=0 msUntilWakeDeadline=1770
8308 [DBG_HP_SAMPLE] t=813377 hpOutPin=0 hpOutAsserted=1 camState=1 logicActive=1 activityActive=0 msUntilWakeDeadline=1670
8408 [DBG_HP_SAMPLE] t=813477 hpOutPin=0 hpOutAsserted=1 camState=1 logicActive=1 activityActive=0 msUntilWakeDeadline=1570
8507 [DBG_HP_SAMPLE] t=813577 hpOutPin=0 hpOutAsserted=1 camState=1 logicActive=1 activityActive=0 msUntilWakeDeadline=1470
8608 [DBG_HP_SAMPLE] t=813677 hpOutPin=0 hpOutAsserted=1 camState=1 logicActive=1 activityActive=0 msUntilWakeDeadline=1370
8707 [DBG_HP_SAMPLE] t=813777 hpOutPin=0 hpOutAsserted=1 camState=1 logicActive=1 activityActive=0 msUntilWakeDeadline=1270
8808 [DBG_HP_SAMPLE] t=813877 hpOutPin=0 hpOutAsserted=1 camState=1 logicActive=1 activityActive=0 msUntilWakeDeadline=1170
8908 [DBG_HP_SAMPLE] t=813977 hpOutPin=0 hpOutAsserted=1 camState=1 logicActive=1 activityActive=0 msUntilWakeDeadline=1070
9007 [DBG_HP_SAMPLE] t=814077 hpOutPin=0 hpOutAsserted=1 camState=1 logicActive=1 activityActive=0 msUntilWakeDeadline=970
9108 [DBG_HP_SAMPLE] t=814177 hpOutPin=0 hpOutAsserted=1 camState=1 logicActive=1 activityActive=0 msUntilWakeDeadline=870
9207 [DBG_HP_SAMPLE] t=814277 hpOutPin=0 hpOutAsserted=1 camState=1 logicActive=1 activityActive=0 msUntilWakeDeadline=770
9308 [DBG_HP_SAMPLE] t=814377 hpOutPin=0 hpOutAsserted=1 camState=1 logicActive=1 activityActive=0 msUntilWakeDeadline=670
9408 [DBG_HP_SAMPLE] t=814477 hpOutPin=0 hpOutAsserted=1 camState=1 logicActive=1 activityActive=0 msUntilWakeDeadline=570
9507 [DBG_HP_SAMPLE] t=814577 hpOutPin=0 hpOutAsserted=1 camState=1 logicActive=1 activityActive=0 msUntilWakeDeadline=470
9608 [DBG_HP_SAMPLE] t=814677 hpOutPin=0 hpOutAsserted=1 camState=1 logicActive=1 activityActive=0 msUntilWakeDeadline=370
9707 [DBG_HP_SAMPLE] t=814777 hpOutPin=0 hpOutAsserted=1 camState=1 logicActive=1 activityActive=0 msUntilWakeDeadline=270
9808 [DBG_HP_SAMPLE] t=814877 hpOutPin=0 hpOutAsserted=1 camState=1 logicActive=1 activityActive=0 msUntilWakeDeadline=170
9908 [DBG_HP_SAMPLE] t=814977 hpOutPin=0 hpOutAsserted=1 camState=1 logicActive=1 activityActive=0 msUntilWakeDeadline=70
9977 [DBG_PIN] t=815047 sig=FP_OUT state=INACTIVE reason=endActivity camState=1 hpOutAsserted=1
9979 [DBG_PIN] t=815047 sig=HP_OUT state=INACTIVE reason=releaseHpOut durMs=10000 camState=1 hpOutAsserted=0
9981 [DBG_IO] t=815047 stage=configureRuntimeIo.enter deviceType=1 camEnabled=1 camState=0 logicActive=0 activityActive=0 hpOutAsserted=0 hpOutPin=1 fpOutPin=1
9984 [DBG_IO] t=815048 stage=configureRuntimeIo.outputsInput deviceType=1 camEnabled=1 camState=0 logicActive=0 activityActive=0 hpOutAsserted=0 hpOutPin=1 fpOutPin=1
10189 [DBG_IO] t=815049 stage=configureRuntimeIo.cameraStateMachine deviceType=1 camEnabled=1 camState=0 logicActive=0
10834  activityActive=0 hpOutAsserted=0 hpOutPin=1 fpOutPin=1
10836 [DBG_HP_SAMPLE] t=815905 hpOutPin=1 hpOutAsserted=0 camState=0 logicActive=0 activityActive=0 msUntilWakeDeadline=0
10936 [DBG_HP_SAMPLE] t=816005 hpOutPin=1 hpOutAsserted=0 camState=0 logicActive=0 activityActive=0 msUntilWakeDeadline=0
11036 [DBG_HP_SAMPLE] t=816105 hpOutPin=1 hpOutAsserted=0 camState=0 logicActive=0 activityActive=0 msUntilWakeDeadline=0
11135 [DBG_HP_SAMPLE] t=816205 hpOutPin=1 hpOutAsserted=0 camState=0 logicActive=0 activityActive=0 msUntilWakeDeadline=0
11235 [DBG_HP_SAMPLE] t=816305 hpOutPin=1 hpOutAsserted=0 camState=0 logicActive=0 activityActive=0 msUntilWakeDeadline=0
11335 [DBG_HP_SAMPLE] t=816405 hpOutPin=1 hpOutAsserted=0 camState=0 logicActive=0 activityActive=0 msUntilWakeDeadline=0
11436 [DBG_HP_SAMPLE] t=816505 hpOutPin=1 hpOutAsserted=0 camState=0 logicActive=0 activityActive=0 msUntilWakeDeadline=0
11535 [DBG_HP_SAMPLE] t=816605 hpOutPin=1 hpOutAsserted=0 camState=0 logicActive=0 activityActive=0 msUntilWakeDeadline=0
11635 [DBG_HP_SAMPLE] t=816705 hpOutPin=1 hpOutAsserted=0 camState=0 logicActive=0 activityActive=0 msUntilWakeDeadline=0
11736 [DBG_HP_SAMPLE] t=816805 hpOutPin=1 hpOutAsserted=0 camState=0 logicActive=0 activityActive=0 msUntilWakeDeadline=0
11835 [DBG_HP_SAMPLE] t=816905 hpOutPin=1 hpOutAsserted=0 camState=0 logicActive=0 activityActive=0 msUntilWakeDeadline=0
11936 [DBG_HP_SAMPLE] t=817005 hpOutPin=1 hpOutAsserted=0 camState=0 logicActive=0 activityActive=0 msUntilWakeDeadline=0
12035 [DBG_HP_SAMPLE] t=817105 hpOutPin=1 hpOutAsserted=0 camState=0 logicActive=0 activityActive=0 msUntilWakeDeadline=0
12135 [DBG_HP_SAMPLE] t=817205 hpOutPin=1 hpOutAsserted=0 camState=0 logicActive=0 activityActive=0 msUntilWakeDeadline=0
12236 [DBG_HP_SAMPLE] t=817305 hpOutPin=1 hpOutAsserted=0 camState=0 logicActive=0 activityActive=0 msUntilWakeDeadline=0
12335 [DBG_HP_SAMPLE] t=817405 hpOutPin=1 hpOutAsserted=0 camState=0 logicActive=0 activityActive=0 msUntilWakeDeadline=0
12436 [DBG_HP_SAMPLE] t=817505 hpOutPin=1 hpOutAsserted=0 camState=0 logicActive=0 activityActive=0 msUntilWakeDeadline=0
12536 [DBG_HP_SAMPLE] t=817605 hpOutPin=1 hpOutAsserted=0 camState=0 logicActive=0 activityActive=0 msUntilWakeDeadline=0
12635 [DBG_HP_SAMPLE] t=817705 hpOutPin=1 hpOutAsserted=0 camState=0 logicActive=0 activityActive=0 msUntilWakeDeadline=0
12736 [DBG_HP_SAMPLE] t=817805 hpOutPin=1 hpOutAsserted=0 camState=0 logicActive=0 activityActive=0 msUntilWakeDeadline=0
12835 [DBG_HP_SAMPLE] t=817905 hpOutPin=1 hpOutAsserted=0 camState=0 logicActive=0 activityActive=0 msUntilWakeDeadline=0
12936 [DBG_HP_SAMPLE] t=818005 hpOutPin=1 hpOutAsserted=0 camState=0 logicActive=0 activityActive=0 msUntilWakeDeadline=0
13035 [DBG_HP_SAMPLE] t=818105 hpOutPin=1 hpOutAsserted=0 camState=0 logicActive=0 activityActive=0 msUntilWakeDeadline=0
13135 [DBG_HP_SAMPLE] t=818205 hpOutPin=1 hpOutAsserted=0 camState=0 logicActive=0 activityActive=0 msUntilWakeDeadline=0
13236 [DBG_HP_SAMPLE] t=818305 hpOutPin=1 hpOutAsserted=0 camState=0 logicActive=0 activityActive=0 msUntilWakeDeadline=0
13335 [DBG_HP_SAMPLE] t=818405 hpOutPin=1 hpOutAsserted=0 camState=0 logicActive=0 activityActive=0 msUntilWakeDeadline=0
13436 [DBG_HP_SAMPLE] t=818505 hpOutPin=1 hpOutAsserted=0 camState=0 logicActive=0 activityActive=0 msUntilWakeDeadline=0
13535 [DBG_HP_SAMPLE] t=818605 hpOutPin=1 hpOutAsserted=0 camState=0 logicActive=0 activityActive=0 msUntilWakeDeadline=0
13635 [DBG_HP_SAMPLE] t=818705 hpOutPin=1 hpOutAsserted=0 camState=0 logicActive=0 activityActive=0 msUntilWakeDeadline=0
13736 [DBG_HP_SAMPLE] t=818805 hpOutPin=1 hpOutAsserted=0 camState=0 logicActive=0 activityActive=0 msUntilWakeDeadline=0
13835 [DBG_HP_SAMPLE] t=818905 hpOutPin=1 hpOutAsserted=0 camState=0 logicActive=0 activityActive=0 msUntilWakeDeadline=0
13936 [DBG_HP_SAMPLE] t=819005 hpOutPin=1 hpOutAsserted=0 camState=0 logicActive=0 activityActive=0 msUntilWakeDeadline=0
14035 [DBG_HP_SAMPLE] t=819105 hpOutPin=1 hpOutAsserted=0 camState=0 logicActive=0 activityActive=0 msUntilWakeDeadline=0
14135 [DBG_HP_SAMPLE] t=819205 hpOutPin=1 hpOutAsserted=0 camState=0 logicActive=0 activityActive=0 msUntilWakeDeadline=0
14235 [DBG_HP_SAMPLE] t=819305 hpOutPin=1 hpOutAsserted=0 camState=0 logicActive=0 activityActive=0 msUntilWakeDeadline=0
14335 [DBG_HP_SAMPLE] t=819405 hpOutPin=1 hpOutAsserted=0 camState=0 logicActive=0 activityActive=0 msUntilWakeDeadline=0
14436 [DBG_HP_SAMPLE] t=819505 hpOutPin=1 hpOutAsserted=0 camState=0 logicActive=0 activityActive=0 msUntilWakeDeadline=0
14536 [DBG_HP_SAMPLE] t=819605 hpOutPin=1 hpOutAsserted=0 camState=0 logicActive=0 activityActive=0 msUntilWakeDeadline=0
14635 [DBG_HP_SAMPLE] t=819705 hpOutPin=1 hpOutAsserted=0 camState=0 logicActive=0 activityActive=0 msUntilWakeDeadline=0
14736 [DBG_HP_SAMPLE] t=819805 hpOutPin=1 hpOutAsserted=0 camState=0 logicActive=0 activityActive=0 msUntilWakeDeadline=0
14835 [DBG_HP_SAMPLE] t=819905 hpOutPin=1 hpOutAsserted=0 camState=0 logicActive=0 activityActive=0 msUntilWakeDeadline=0
14936 [DBG_HP_SAMPLE] t=820005 hpOutPin=1 hpOutAsserted=0 camState=0 logicActive=0 activityActive=0 msUntilWakeDeadline=0
15035 [DBG_HP_SAMPLE] t=820105 hpOutPin=1 hpOutAsserted=0 camState=0 logicActive=0 activityActive=0 msUntilWakeDeadline=0
15135 [DBG_HP_SAMPLE] t=820205 hpOutPin=1 hpOutAsserted=0 camState=0 logicActive=0 activityActive=0 msUntilWakeDeadline=0
15236 [DBG_HP_SAMPLE] t=820305 hpOutPin=1 hpOutAsserted=0 camState=0 logicActive=0 activityActive=0 msUntilWakeDeadline=0
15335 [DBG_HP_SAMPLE] t=820405 hpOutPin=1 hpOutAsserted=0 camState=0 logicActive=0 activityActive=0 msUntilWakeDeadline=0
15436 [DBG_HP_SAMPLE] t=820505 hpOutPin=1 hpOutAsserted=0 camState=0 logicActive=0 activityActive=0 msUntilWakeDeadline=0
15535 [DBG_HP_SAMPLE] t=820605 hpOutPin=1 hpOutAsserted=0 camState=0 logicActive=0 activityActive=0 msUntilWakeDeadline=0
15635 [DBG_HP_SAMPLE] t=820705 hpOutPin=1 hpOutAsserted=0 camState=0 logicActive=0 activityActive=0 msUntilWakeDeadline=0
15736 [DBG_HP_SAMPLE] t=820805 hpOutPin=1 hpOutAsserted=0 camState=0 logicActive=0 activityActive=0 msUntilWakeDeadline=0
15835 [DBG_HP_SAMPLE] t=820905 hpOutPin=1 hpOutAsserted=0 camState=0 logicActive=0 activityActive=0 msUntilWakeDeadline=0
15936 [DBG_HP_SAMPLE] t=821005 hpOutPin=1 hpOutAsserted=0 camState=0 logicActive=0 activityActive=0 msUntilWakeDeadline=0
16035 [DBG_HP_SAMPLE] t=821105 hpOutPin=1 hpOutAsserted=0 camState=0 logicActive=0 activityActive=0 msUntilWakeDeadline=0
16135 [DBG_HP_SAMPLE] t=821205 hpOutPin=1 hpOutAsserted=0 camState=0 logicActive=0 activityActive=0 msUntilWakeDeadline=0
16235 [DBG_HP_SAMPLE] t=821305 hpOutPin=1 hpOutAsserted=0 camState=0 logicActive=0 activityActive=0 msUntilWakeDeadline=0
16335 [DBG_HP_SAMPLE] t=821405 hpOutPin=1 hpOutAsserted=0 camState=0 logicActive=0 activityActive=0 msUntilWakeDeadline=0
16436 [DBG_HP_SAMPLE] t=821505 hpOutPin=1 hpOutAsserted=0 camState=0 logicActive=0 activityActive=0 msUntilWakeDeadline=0
16536 [DBG_HP_SAMPLE] t=821605 hpOutPin=1 hpOutAsserted=0 camState=0 logicActive=0 activityActive=0 msUntilWakeDeadline=0
16635 [DBG_HP_SAMPLE] t=821705 hpOutPin=1 hpOutAsserted=0 camState=0 logicActive=0 activityActive=0 msUntilWakeDeadline=0
16735 [DBG_HP_SAMPLE] t=821805 hpOutPin=1 hpOutAsserted=0 camState=0 logicActive=0 activityActive=0 msUntilWakeDeadline=0
16835 [DBG_HP_SAMPLE] t=821905 hpOutPin=1 hpOutAsserted=0 camState=0 logicActive=0 activityActive=0 msUntilWakeDeadline=0
16936 [DBG_HP_SAMPLE] t=822005 hpOutPin=1 hpOutAsserted=0 camState=0 logicActive=0 activityActive=0 msUntilWakeDeadline=0
17035 [DBG_HP_SAMPLE] t=822105 hpOutPin=1 hpOutAsserted=0 camState=0 logicActive=0 activityActive=0 msUntilWakeDeadline=0
17135 [DBG_HP_SAMPLE] t=822205 hpOutPin=1 hpOutAsserted=0 camState=0 logicActive=0 activityActive=0 msUntilWakeDeadline=0
17235 [DBG_HP_SAMPLE] t=822305 hpOutPin=1 hpOutAsserted=0 camState=0 logicActive=0 activityActive=0 msUntilWakeDeadline=0
17335 [DBG_HP_SAMPLE] t=822405 hpOutPin=1 hpOutAsserted=0 camState=0 logicActive=0 activityActive=0 msUntilWakeDeadline=0
17436 [DBG_HP_SAMPLE] t=822505 hpOutPin=1 hpOutAsserted=0 camState=0 logicActive=0 activityActive=0 msUntilWakeDeadline=0
17535 [DBG_HP_SAMPLE] t=822605 hpOutPin=1 hpOutAsserted=0 camState=0 logicActive=0 activityActive=0 msUntilWakeDeadline=0
17635 [DBG_HP_SAMPLE] t=822705 hpOutPin=1 hpOutAsserted=0 camState=0 logicActive=0 activityActive=0 msUntilWakeDeadline=0
17736 [DBG_HP_SAMPLE] t=822805 hpOutPin=1 hpOutAsserted=0 camState=0 logicActive=0 activityActive=0 msUntilWakeDeadline=0
17835 [DBG_HP_SAMPLE] t=822905 hpOutPin=1 hpOutAsserted=0 camState=0 logicActive=0 activityActive=0 msUntilWakeDeadline=0
17936 [DBG_HP_SAMPLE] t=823005 hpOutPin=1 hpOutAsserted=0 camState=0 logicActive=0 activityActive=0 msUntilWakeDeadline=0
18035 [DBG_HP_SAMPLE] t=823105 hpOutPin=1 hpOutAsserted=0 camState=0 logicActive=0 activityActive=0 msUntilWakeDeadline=0
