3 [DBG_HP_SAMPLE] t=35080 hpOutPin=1 hpOutAsserted=0 camState=0 logicActive=0 activityActive=0 msUntilWakeDeadline=0
22 [DBG_PIN] t=35099 sig=HP_OUT state=ACTIVE reason=assertHpOut camState=0 hpOutAsserted=1
174 [DBG_HP_SAMPLE] t=35229 hpOutPin=0 hpOutAsserted=1 camState=1 logicActive=1 activityActive=0 msUntilWakeDeadline=9870
252 [DBG_HP_SAMPLE] t=35329 hpOutPin=0 hpOutAsserted=1 camState=1 logicActive=1 activityActive=0 msUntilWakeDeadline=9770
384 [DBG_HP_SAMPLE] t=35439 hpOutPin=0 hpOutAsserted=1 camState=1 logicActive=1 activityActive=0 msUntilWakeDeadline=9660
462 [DBG_HP_SAMPLE] t=35539 hpOutPin=0 hpOutAsserted=1 camState=1 logicActive=1 activityActive=0 msUntilWakeDeadline=9560
563 [DBG_HP_SAMPLE] t=35639 hpOutPin=0 hpOutAsserted=1 camState=1 logicActive=1 activityActive=0 msUntilWakeDeadline=9460
663 [DBG_HP_SAMPLE] t=35739 hpOutPin=0 hpOutAsserted=1 camState=1 logicActive=1 activityActive=0 msUntilWakeDeadline=9360
763 [DBG_HP_SAMPLE] t=35839 hpOutPin=0 hpOutAsserted=1 camState=1 logicActive=1 activityActive=0 msUntilWakeDeadline=9260
863 [DBG_HP_SAMPLE] t=35939 hpOutPin=0 hpOutAsserted=1 camState=1 logicActive=1 activityActive=0 msUntilWakeDeadline=9160
962 [DBG_HP_SAMPLE] t=36039 hpOutPin=0 hpOutAsserted=1 camState=1 logicActive=1 activityActive=0 msUntilWakeDeadline=9060
1063 [DBG_HP_SAMPLE] t=36139 hpOutPin=0 hpOutAsserted=1 camState=1 logicActive=1 activityActive=0 msUntilWakeDeadline=8960
1162 [DBG_HP_SAMPLE] t=36239 hpOutPin=0 hpOutAsserted=1 camState=1 logicActive=1 activityActive=0 msUntilWakeDeadline=8860
1263 [DBG_HP_SAMPLE] t=36339 hpOutPin=0 hpOutAsserted=1 camState=1 logicActive=1 activityActive=0 msUntilWakeDeadline=8760
1363 [DBG_HP_SAMPLE] t=36439 hpOutPin=0 hpOutAsserted=1 camState=1 logicActive=1 activityActive=0 msUntilWakeDeadline=8660
1462 [DBG_HP_SAMPLE] t=36539 hpOutPin=0 hpOutAsserted=1 camState=1 logicActive=1 activityActive=0 msUntilWakeDeadline=8560
1563 [DBG_HP_SAMPLE] t=36639 hpOutPin=0 hpOutAsserted=1 camState=1 logicActive=1 activityActive=0 msUntilWakeDeadline=8460
1662 [DBG_HP_SAMPLE] t=36739 hpOutPin=0 hpOutAsserted=1 camState=1 logicActive=1 activityActive=0 msUntilWakeDeadline=8360
1763 [DBG_HP_SAMPLE] t=36839 hpOutPin=0 hpOutAsserted=1 camState=1 logicActive=1 activityActive=0 msUntilWakeDeadline=8260
1863 [DBG_HP_SAMPLE] t=36939 hpOutPin=0 hpOutAsserted=1 camState=1 logicActive=1 activityActive=0 msUntilWakeDeadline=8160
1962 [DBG_HP_SAMPLE] t=37039 hpOutPin=0 hpOutAsserted=1 camState=1 logicActive=1 activityActive=0 msUntilWakeDeadline=8060
2063 [DBG_HP_SAMPLE] t=37139 hpOutPin=0 hpOutAsserted=1 camState=1 logicActive=1 activityActive=0 msUntilWakeDeadline=7960
2162 [DBG_HP_SAMPLE] t=37239 hpOutPin=0 hpOutAsserted=1 camState=1 logicActive=1 activityActive=0 msUntilWakeDeadline=7860
2263 [DBG_HP_SAMPLE] t=37339 hpOutPin=0 hpOutAsserted=1 camState=1 logicActive=1 activityActive=0 msUntilWakeDeadline=7760
2362 [DBG_HP_SAMPLE] t=37439 hpOutPin=0 hpOutAsserted=1 camState=1 logicActive=1 activityActive=0 msUntilWakeDeadline=7660
2462 [DBG_HP_SAMPLE] t=37539 hpOutPin=0 hpOutAsserted=1 camState=1 logicActive=1 activityActive=0 msUntilWakeDeadline=7560
2562 [DBG_HP_SAMPLE] t=37639 hpOutPin=0 hpOutAsserted=1 camState=1 logicActive=1 activityActive=0 msUntilWakeDeadline=7460
2662 [DBG_HP_SAMPLE] t=37739 hpOutPin=0 hpOutAsserted=1 camState=1 logicActive=1 activityActive=0 msUntilWakeDeadline=7360
2762 [DBG_HP_SAMPLE] t=37839 hpOutPin=0 hpOutAsserted=1 camState=1 logicActive=1 activityActive=0 msUntilWakeDeadline=7260
2862 [DBG_HP_SAMPLE] t=37939 hpOutPin=0 hpOutAsserted=1 camState=1 logicActive=1 activityActive=0 msUntilWakeDeadline=7160
2961 [DBG_HP_SAMPLE] t=38039 hpOutPin=0 hpOutAsserted=1 camState=1 logicActive=1 activityActive=0 msUntilWakeDeadline=7060
3062 [DBG_HP_SAMPLE] t=38139 hpOutPin=0 hpOutAsserted=1 camState=1 logicActive=1 activityActive=0 msUntilWakeDeadline=6960
3162 [DBG_HP_SAMPLE] t=38239 hpOutPin=0 hpOutAsserted=1 camState=1 logicActive=1 activityActive=0 msUntilWakeDeadline=6860
3262 [DBG_HP_SAMPLE] t=38339 hpOutPin=0 hpOutAsserted=1 camState=1 logicActive=1 activityActive=0 msUntilWakeDeadline=6760
3362 [DBG_HP_SAMPLE] t=38439 hpOutPin=0 hpOutAsserted=1 camState=1 logicActive=1 activityActive=0 msUntilWakeDeadline=6660
3462 [DBG_HP_SAMPLE] t=38539 hpOutPin=0 hpOutAsserted=1 camState=1 logicActive=1 activityActive=0 msUntilWakeDeadline=6560
3562 [DBG_HP_SAMPLE] t=38639 hpOutPin=0 hpOutAsserted=1 camState=1 logicActive=1 activityActive=0 msUntilWakeDeadline=6460
3662 [DBG_HP_SAMPLE] t=38739 hpOutPin=0 hpOutAsserted=1 camState=1 logicActive=1 activityActive=0 msUntilWakeDeadline=6360
3762 [DBG_HP_SAMPLE] t=38839 hpOutPin=0 hpOutAsserted=1 camState=1 logicActive=1 activityActive=0 msUntilWakeDeadline=6260
3862 [DBG_HP_SAMPLE] t=38939 hpOutPin=0 hpOutAsserted=1 camState=1 logicActive=1 activityActive=0 msUntilWakeDeadline=6160
3962 [DBG_HP_SAMPLE] t=39039 hpOutPin=0 hpOutAsserted=1 camState=1 logicActive=1 activityActive=0 msUntilWakeDeadline=6060
4062 [DBG_HP_SAMPLE] t=39139 hpOutPin=0 hpOutAsserted=1 camState=1 logicActive=1 activityActive=0 msUntilWakeDeadline=5960
4162 [DBG_HP_SAMPLE] t=39239 hpOutPin=0 hpOutAsserted=1 camState=1 logicActive=1 activityActive=0 msUntilWakeDeadline=5860
4262 [DBG_HP_SAMPLE] t=39339 hpOutPin=0 hpOutAsserted=1 camState=1 logicActive=1 activityActive=0 msUntilWakeDeadline=5760
4362 [DBG_HP_SAMPLE] t=39439 hpOutPin=0 hpOutAsserted=1 camState=1 logicActive=1 activityActive=0 msUntilWakeDeadline=5660
4461 [DBG_HP_SAMPLE] t=39539 hpOutPin=0 hpOutAsserted=1 camState=1 logicActive=1 activityActive=0 msUntilWakeDeadline=5560
4562 [DBG_HP_SAMPLE] t=39639 hpOutPin=0 hpOutAsserted=1 camState=1 logicActive=1 activityActive=0 msUntilWakeDeadline=5460
4662 [DBG_HP_SAMPLE] t=39739 hpOutPin=0 hpOutAsserted=1 camState=1 logicActive=1 activityActive=0 msUntilWakeDeadline=5360
4762 [DBG_HP_SAMPLE] t=39839 hpOutPin=0 hpOutAsserted=1 camState=1 logicActive=1 activityActive=0 msUntilWakeDeadline=5260
4862 [DBG_HP_SAMPLE] t=39939 hpOutPin=0 hpOutAsserted=1 camState=1 logicActive=1 activityActive=0 msUntilWakeDeadline=5160
4962 [DBG_HP_SAMPLE] t=40039 hpOutPin=0 hpOutAsserted=1 camState=1 logicActive=1 activityActive=0 msUntilWakeDeadline=5060
5062 [DBG_HP_SAMPLE] t=40139 hpOutPin=0 hpOutAsserted=1 camState=1 logicActive=1 activityActive=0 msUntilWakeDeadline=4960
5162 [DBG_HP_SAMPLE] t=40239 hpOutPin=0 hpOutAsserted=1 camState=1 logicActive=1 activityActive=0 msUntilWakeDeadline=4860
5262 [DBG_HP_SAMPLE] t=40339 hpOutPin=0 hpOutAsserted=1 camState=1 logicActive=1 activityActive=0 msUntilWakeDeadline=4760
5362 [DBG_HP_SAMPLE] t=40439 hpOutPin=0 hpOutAsserted=1 camState=1 logicActive=1 activityActive=0 msUntilWakeDeadline=4660
5462 [DBG_HP_SAMPLE] t=40539 hpOutPin=0 hpOutAsserted=1 camState=1 logicActive=1 activityActive=0 msUntilWakeDeadline=4560
5562 [DBG_HP_SAMPLE] t=40639 hpOutPin=0 hpOutAsserted=1 camState=1 logicActive=1 activityActive=0 msUntilWakeDeadline=4460
5662 [DBG_HP_SAMPLE] t=40739 hpOutPin=0 hpOutAsserted=1 camState=1 logicActive=1 activityActive=0 msUntilWakeDeadline=4360
5763 [DBG_HP_SAMPLE] t=40839 hpOutPin=0 hpOutAsserted=1 camState=1 logicActive=1 activityActive=0 msUntilWakeDeadline=4260
5862 [DBG_HP_SAMPLE] t=40939 hpOutPin=0 hpOutAsserted=1 camState=1 logicActive=1 activityActive=0 msUntilWakeDeadline=4160
5962 [DBG_HP_SAMPLE] t=41039 hpOutPin=0 hpOutAsserted=1 camState=1 logicActive=1 activityActive=0 msUntilWakeDeadline=4060
6062 [DBG_HP_SAMPLE] t=41139 hpOutPin=0 hpOutAsserted=1 camState=1 logicActive=1 activityActive=0 msUntilWakeDeadline=3960
6162 [DBG_HP_SAMPLE] t=41239 hpOutPin=0 hpOutAsserted=1 camState=1 logicActive=1 activityActive=0 msUntilWakeDeadline=3860
6262 [DBG_HP_SAMPLE] t=41339 hpOutPin=0 hpOutAsserted=1 camState=1 logicActive=1 activityActive=0 msUntilWakeDeadline=3760
6362 [DBG_HP_SAMPLE] t=41439 hpOutPin=0 hpOutAsserted=1 camState=1 logicActive=1 activityActive=0 msUntilWakeDeadline=3660
6461 [DBG_HP_SAMPLE] t=41539 hpOutPin=0 hpOutAsserted=1 camState=1 logicActive=1 activityActive=0 msUntilWakeDeadline=3560
6562 [DBG_HP_SAMPLE] t=41639 hpOutPin=0 hpOutAsserted=1 camState=1 logicActive=1 activityActive=0 msUntilWakeDeadline=3460
6662 [DBG_HP_SAMPLE] t=41739 hpOutPin=0 hpOutAsserted=1 camState=1 logicActive=1 activityActive=0 msUntilWakeDeadline=3360
6762 [DBG_HP_SAMPLE] t=41839 hpOutPin=0 hpOutAsserted=1 camState=1 logicActive=1 activityActive=0 msUntilWakeDeadline=3260
6862 [DBG_HP_SAMPLE] t=41939 hpOutPin=0 hpOutAsserted=1 camState=1 logicActive=1 activityActive=0 msUntilWakeDeadline=3160
6961 [DBG_HP_SAMPLE] t=42039 hpOutPin=0 hpOutAsserted=1 camState=1 logicActive=1 activityActive=0 msUntilWakeDeadline=3060
7062 [DBG_HP_SAMPLE] t=42139 hpOutPin=0 hpOutAsserted=1 camState=1 logicActive=1 activityActive=0 msUntilWakeDeadline=2960
7162 [DBG_HP_SAMPLE] t=42239 hpOutPin=0 hpOutAsserted=1 camState=1 logicActive=1 activityActive=0 msUntilWakeDeadline=2860
7262 [DBG_HP_SAMPLE] t=42339 hpOutPin=0 hpOutAsserted=1 camState=1 logicActive=1 activityActive=0 msUntilWakeDeadline=2760
7362 [DBG_HP_SAMPLE] t=42439 hpOutPin=0 hpOutAsserted=1 camState=1 logicActive=1 activityActive=0 msUntilWakeDeadline=2660
7462 [DBG_HP_SAMPLE] t=42539 hpOutPin=0 hpOutAsserted=1 camState=1 logicActive=1 activityActive=0 msUntilWakeDeadline=2560
7562 [DBG_HP_SAMPLE] t=42639 hpOutPin=0 hpOutAsserted=1 camState=1 logicActive=1 activityActive=0 msUntilWakeDeadline=2460
7662 [DBG_HP_SAMPLE] t=42739 hpOutPin=0 hpOutAsserted=1 camState=1 logicActive=1 activityActive=0 msUntilWakeDeadline=2360
7762 [DBG_HP_SAMPLE] t=42839 hpOutPin=0 hpOutAsserted=1 camState=1 logicActive=1 activityActive=0 msUntilWakeDeadline=2260
7862 [DBG_HP_SAMPLE] t=42939 hpOutPin=0 hpOutAsserted=1 camState=1 logicActive=1 activityActive=0 msUntilWakeDeadline=2160
7961 [DBG_HP_SAMPLE] t=43039 hpOutPin=0 hpOutAsserted=1 camState=1 logicActive=1 activityActive=0 msUntilWakeDeadline=2060
8062 [DBG_HP_SAMPLE] t=43139 hpOutPin=0 hpOutAsserted=1 camState=1 logicActive=1 activityActive=0 msUntilWakeDeadline=1960
8162 [DBG_HP_SAMPLE] t=43239 hpOutPin=0 hpOutAsserted=1 camState=1 logicActive=1 activityActive=0 msUntilWakeDeadline=1860
8262 [DBG_HP_SAMPLE] t=43339 hpOutPin=0 hpOutAsserted=1 camState=1 logicActive=1 activityActive=0 msUntilWakeDeadline=1760
8362 [DBG_HP_SAMPLE] t=43439 hpOutPin=0 hpOutAsserted=1 camState=1 logicActive=1 activityActive=0 msUntilWakeDeadline=1660
8462 [DBG_HP_SAMPLE] t=43539 hpOutPin=0 hpOutAsserted=1 camState=1 logicActive=1 activityActive=0 msUntilWakeDeadline=1560
8562 [DBG_HP_SAMPLE] t=43639 hpOutPin=0 hpOutAsserted=1 camState=1 logicActive=1 activityActive=0 msUntilWakeDeadline=1460
8661 [DBG_HP_SAMPLE] t=43739 hpOutPin=0 hpOutAsserted=1 camState=1 logicActive=1 activityActive=0 msUntilWakeDeadline=1360
8762 [DBG_HP_SAMPLE] t=43839 hpOutPin=0 hpOutAsserted=1 camState=1 logicActive=1 activityActive=0 msUntilWakeDeadline=1260
8862 [DBG_HP_SAMPLE] t=43939 hpOutPin=0 hpOutAsserted=1 camState=1 logicActive=1 activityActive=0 msUntilWakeDeadline=1160
8961 [DBG_HP_SAMPLE] t=44039 hpOutPin=0 hpOutAsserted=1 camState=1 logicActive=1 activityActive=0 msUntilWakeDeadline=1060
9062 [DBG_HP_SAMPLE] t=44139 hpOutPin=0 hpOutAsserted=1 camState=1 logicActive=1 activityActive=0 msUntilWakeDeadline=960
9161 [DBG_HP_SAMPLE] t=44239 hpOutPin=0 hpOutAsserted=1 camState=1 logicActive=1 activityActive=0 msUntilWakeDeadline=860
9262 [DBG_HP_SAMPLE] t=44339 hpOutPin=0 hpOutAsserted=1 camState=1 logicActive=1 activityActive=0 msUntilWakeDeadline=760
9362 [DBG_HP_SAMPLE] t=44439 hpOutPin=0 hpOutAsserted=1 camState=1 logicActive=1 activityActive=0 msUntilWakeDeadline=660
9462 [DBG_HP_SAMPLE] t=44539 hpOutPin=0 hpOutAsserted=1 camState=1 logicActive=1 activityActive=0 msUntilWakeDeadline=560
9562 [DBG_HP_SAMPLE] t=44639 hpOutPin=0 hpOutAsserted=1 camState=1 logicActive=1 activityActive=0 msUntilWakeDeadline=460
9662 [DBG_HP_SAMPLE] t=44739 hpOutPin=0 hpOutAsserted=1 camState=1 logicActive=1 activityActive=0 msUntilWakeDeadline=360
9762 [DBG_HP_SAMPLE] t=44839 hpOutPin=0 hpOutAsserted=1 camState=1 logicActive=1 activityActive=0 msUntilWakeDeadline=260
9862 [DBG_HP_SAMPLE] t=44939 hpOutPin=0 hpOutAsserted=1 camState=1 logicActive=1 activityActive=0 msUntilWakeDeadline=160
9961 [DBG_HP_SAMPLE] t=45039 hpOutPin=0 hpOutAsserted=1 camState=1 logicActive=1 activityActive=0 msUntilWakeDeadline=60
10021 [DBG_PIN] t=45099 sig=FP_OUT state=INACTIVE reason=endActivity camState=1 hpOutAsserted=1
10023 [DBG_PIN] t=45099 sig=HP_OUT state=INACTIVE reason=releaseHpOut durMs=10000 camState=1 hpOutAsserted=0
10670 [DBG_IO] t=45747 stage=configureRuntimeIo.enter deviceType=1 camEnabled=1 camState=0 logicActive=0 activityActive=0 hpOutAsserted=0 hpOutPin=1 fpOutPin=1
10672 [DBG_IO] t=45747 stage=configureRuntimeIo.outputsInput deviceType=1 camEnabled=1 camState=0 logicActive=0 activityActive=0 hpOutAsserted=0 hpOutPin=1 fpOutPin=1
10675 [DBG_IO] t=45748 stage=configureRuntimeIo.cameraStateMachine deviceType=1 camEnabled=1 camState=0 logicActive=0 activityActive=0 hpOutAsserted=0 hpOutPin=1 fpOutPin=1
10677 [DBG_HP_SAMPLE] t=45748 hpOutPin=1 hpOutAsserted=0 camState=0 logicActive=0 activityActive=0 msUntilWakeDeadline=0
10789 [DBG_HP_SAMPLE] t=45866 hpOutPin=1 hpOutAsserted=0 camState=0 logicActive=0 activityActive=0 msUntilWakeDeadline=0
10905 [DBG_HP_SAMPLE] t=45983 hpOutPin=1 hpOutAsserted=0 camState=0 logicActive=0 activityActive=0 msUntilWakeDeadline=0
11023 [DBG_HP_SAMPLE] t=46100 hpOutPin=1 hpOutAsserted=0 camState=0 logicActive=0 activityActive=0 msUntilWakeDeadline=0
11140 [DBG_HP_SAMPLE] t=46217 hpOutPin=1 hpOutAsserted=0 camState=0 logicActive=0 activityActive=0 msUntilWakeDeadline=0
11257 [DBG_HP_SAMPLE] t=46334 hpOutPin=1 hpOutAsserted=0 camState=0 logicActive=0 activityActive=0 msUntilWakeDeadline=0
11374 [DBG_HP_SAMPLE] t=46452 hpOutPin=1 hpOutAsserted=0 camState=0 logicActive=0 activityActive=0 msUntilWakeDeadline=0
11492 [DBG_HP_SAMPLE] t=46569 hpOutPin=1 hpOutAsserted=0 camState=0 logicActive=0 activityActive=0 msUntilWakeDeadline=0
11609 [DBG_HP_SAMPLE] t=46686 hpOutPin=1 hpOutAsserted=0 camState=0 logicActive=0 activityActive=0 msUntilWakeDeadline=0
11726 [DBG_HP_SAMPLE] t=46803 hpOutPin=1 hpOutAsserted=0 camState=0 logicActive=0 activityActive=0 msUntilWakeDeadline=0
11843 [DBG_HP_SAMPLE] t=46920 hpOutPin=1 hpOutAsserted=0 camState=0 logicActive=0 activityActive=0 msUntilWakeDeadline=0
11961 [DBG_HP_SAMPLE] t=47038 hpOutPin=1 hpOutAsserted=0 camState=0 logicActive=0 activityActive=0 msUntilWakeDeadline=0
12078 [DBG_HP_SAMPLE] t=47155 hpOutPin=1 hpOutAsserted=0 camState=0 logicActive=0 activityActive=0 msUntilWakeDeadline=0
