0 HP_IN ACTIVE
46 HP_OUT ACTIVE
100 HP_IN INACTIVE
1000 FP_IN ACTIVE
1000 FP_OUT ACTIVE
1099 FP_OUT INACTIVE
1100 FP_IN INACTIVE
1998 FP_OUT ACTIVE
2098 FP_OUT INACTIVE
2997 FP_OUT ACTIVE
3097 FP_OUT INACTIVE
3996 FP_OUT ACTIVE
4096 FP_OUT INACTIVE
7000 FP_IN ACTIVE
7000 FP_OUT ACTIVE
7098 FP_OUT INACTIVE
7100 FP_IN INACTIVE
7998 FP_OUT ACTIVE
8097 FP_OUT INACTIVE
8997 FP_OUT ACTIVE
9096 FP_OUT INACTIVE
9996 FP_OUT ACTIVE
10095 FP_OUT INACTIVE
12093 HP_OUT INACTIVE
16000 HP_IN INACTIVE
16000 FP_IN INACTIVE
