51 [DBG_HP_SAMPLE] t=589872 hpOutPin=0 hpOutAsserted=1 camState=1 logicActive=1 activityActive=0 msUntilWakeDeadline=9800
152 [DBG_HP_SAMPLE] t=589972 hpOutPin=0 hpOutAsserted=1 camState=3 logicActive=1 activityActive=1 msUntilWakeDeadline=9700
251 [DBG_HP_SAMPLE] t=590072 hpOutPin=0 hpOutAsserted=1 camState=3 logicActive=1 activityActive=1 msUntilWakeDeadline=9600
351 [DBG_HP_SAMPLE] t=590172 hpOutPin=0 hpOutAsserted=1 camState=3 logicActive=1 activityActive=1 msUntilWakeDeadline=9500
353 [DBG_PIN] t=590172 sig=FP_OUT state=ACTIVE reason=burstFrameFire camState=3 hpOutAsserted=1
451 [DBG_HP_SAMPLE] t=590272 hpOutPin=0 hpOutAsserted=1 camState=3 logicActive=1 activityActive=1 msUntilWakeDeadline=9400
453 [DBG_PIN] t=590272 sig=FP_OUT state=INACTIVE reason=burstPulseComplete durMs=100 camState=3 hpOutAsserted=1
551 [DBG_HP_SAMPLE] t=590372 hpOutPin=0 hpOutAsserted=1 camState=3 logicActive=1 activityActive=1 msUntilWakeDeadline=9300
651 [DBG_HP_SAMPLE] t=590472 hpOutPin=0 hpOutAsserted=1 camState=3 logicActive=1 activityActive=1 msUntilWakeDeadline=9200
751 [DBG_HP_SAMPLE] t=590572 hpOutPin=0 hpOutAsserted=1 camState=3 logicActive=1 activityActive=1 msUntilWakeDeadline=9100
851 [DBG_HP_SAMPLE] t=590672 hpOutPin=0 hpOutAsserted=1 camState=3 logicActive=1 activityActive=1 msUntilWakeDeadline=9000
951 [DBG_HP_SAMPLE] t=590772 hpOutPin=0 hpOutAsserted=1 camState=3 logicActive=1 activityActive=1 msUntilWakeDeadline=8900
1051 [DBG_HP_SAMPLE] t=590872 hpOutPin=0 hpOutAsserted=1 camState=3 logicActive=1 activityActive=1 msUntilWakeDeadline=8800
1151 [DBG_HP_SAMPLE] t=590972 hpOutPin=0 hpOutAsserted=1 camState=3 logicActive=1 activityActive=1 msUntilWakeDeadline=8700
1251 [DBG_HP_SAMPLE] t=591072 hpOutPin=0 hpOutAsserted=1 camState=3 logicActive=1 activityActive=1 msUntilWakeDeadline=8600
1351 [DBG_HP_SAMPLE] t=591172 hpOutPin=0 hpOutAsserted=1 camState=3 logicActive=1 activityActive=1 msUntilWakeDeadline=8500
1353 [DBG_PIN] t=591172 sig=FP_OUT state=ACTIVE reason=burstFrameFire camState=3 hpOutAsserted=1
1451 [DBG_HP_SAMPLE] t=591272 hpOutPin=0 hpOutAsserted=1 camState=3 logicActive=1 activityActive=1 msUntilWakeDeadline=8400
1453 [DBG_PIN] t=591272 sig=FP_OUT state=INACTIVE reason=burstPulseComplete durMs=100 camState=3 hpOutAsserted=1
1550 [DBG_HP_SAMPLE] t=591372 hpOutPin=0 hpOutAsserted=1 camState=3 logicActive=1 activityActive=1 msUntilWakeDeadline=8300
1651 [DBG_HP_SAMPLE] t=591472 hpOutPin=0 hpOutAsserted=1 camState=3 logicActive=1 activityActive=1 msUntilWakeDeadline=8200
1751 [DBG_HP_SAMPLE] t=591572 hpOutPin=0 hpOutAsserted=1 camState=3 logicActive=1 activityActive=1 msUntilWakeDeadline=8100
1851 [DBG_HP_SAMPLE] t=591672 hpOutPin=0 hpOutAsserted=1 camState=3 logicActive=1 activityActive=1 msUntilWakeDeadline=8000
1951 [DBG_HP_SAMPLE] t=591772 hpOutPin=0 hpOutAsserted=1 camState=3 logicActive=1 activityActive=1 msUntilWakeDeadline=7900
2050 [DBG_HP_SAMPLE] t=591872 hpOutPin=0 hpOutAsserted=1 camState=3 logicActive=1 activityActive=1 msUntilWakeDeadline=7800
2151 [DBG_HP_SAMPLE] t=591972 hpOutPin=0 hpOutAsserted=1 camState=3 logicActive=1 activityActive=1 msUntilWakeDeadline=7700
2251 [DBG_HP_SAMPLE] t=592072 hpOutPin=0 hpOutAsserted=1 camState=3 logicActive=1 activityActive=1 msUntilWakeDeadline=7600
2351 [DBG_HP_SAMPLE] t=592172 hpOutPin=0 hpOutAsserted=1 camState=3 logicActive=1 activityActive=1 msUntilWakeDeadline=7500
2353 [DBG_PIN] t=592172 sig=FP_OUT state=ACTIVE reason=burstFrameFire camState=3 hpOutAsserted=1
2451 [DBG_HP_SAMPLE] t=592272 hpOutPin=0 hpOutAsserted=1 camState=3 logicActive=1 activityActive=1 msUntilWakeDeadline=7400
2453 [DBG_PIN] t=592272 sig=FP_OUT state=INACTIVE reason=burstPulseComplete durMs=100 camState=3 hpOutAsserted=1
2550 [DBG_HP_SAMPLE] t=592372 hpOutPin=0 hpOutAsserted=1 camState=3 logicActive=1 activityActive=1 msUntilWakeDeadline=7300
2651 [DBG_HP_SAMPLE] t=592472 hpOutPin=0 hpOutAsserted=1 camState=3 logicActive=1 activityActive=1 msUntilWakeDeadline=7200
2751 [DBG_HP_SAMPLE] t=592572 hpOutPin=0 hpOutAsserted=1 camState=3 logicActive=1 activityActive=1 msUntilWakeDeadline=7100
2851 [DBG_HP_SAMPLE] t=592672 hpOutPin=0 hpOutAsserted=1 camState=3 logicActive=1 activityActive=1 msUntilWakeDeadline=7000
2951 [DBG_HP_SAMPLE] t=592772 hpOutPin=0 hpOutAsserted=1 camState=3 logicActive=1 activityActive=1 msUntilWakeDeadline=6900
3050 [DBG_HP_SAMPLE] t=592872 hpOutPin=0 hpOutAsserted=1 camState=3 logicActive=1 activityActive=1 msUntilWakeDeadline=6800
3151 [DBG_HP_SAMPLE] t=592972 hpOutPin=0 hpOutAsserted=1 camState=3 logicActive=1 activityActive=1 msUntilWakeDeadline=6700
3250 [DBG_HP_SAMPLE] t=593072 hpOutPin=0 hpOutAsserted=1 camState=3 logicActive=1 activityActive=1 msUntilWakeDeadline=6600
3351 [DBG_HP_SAMPLE] t=593172 hpOutPin=0 hpOutAsserted=1 camState=3 logicActive=1 activityActive=1 msUntilWakeDeadline=6500
3353 [DBG_PIN] t=593172 sig=FP_OUT state=ACTIVE reason=burstFrameFire camState=3 hpOutAsserted=1
3451 [DBG_HP_SAMPLE] t=593272 hpOutPin=0 hpOutAsserted=1 camState=3 logicActive=1 activityActive=1 msUntilWakeDeadline=6400
3453 [DBG_PIN] t=593272 sig=FP_OUT state=INACTIVE reason=burstPulseComplete durMs=100 camState=3 hpOutAsserted=1
3550 [DBG_HP_SAMPLE] t=593372 hpOutPin=0 hpOutAsserted=1 camState=4 logicActive=1 activityActive=1 msUntilWakeDeadline=6300
3651 [DBG_HP_SAMPLE] t=593472 hpOutPin=0 hpOutAsserted=1 camState=4 logicActive=1 activityActive=1 msUntilWakeDeadline=6200
3751 [DBG_HP_SAMPLE] t=593572 hpOutPin=0 hpOutAsserted=1 camState=4 logicActive=1 activityActive=1 msUntilWakeDeadline=6100
3851 [DBG_HP_SAMPLE] t=593672 hpOutPin=0 hpOutAsserted=1 camState=4 logicActive=1 activityActive=1 msUntilWakeDeadline=6000
3951 [DBG_HP_SAMPLE] t=593772 hpOutPin=0 hpOutAsserted=1 camState=4 logicActive=1 activityActive=1 msUntilWakeDeadline=5900
4050 [DBG_HP_SAMPLE] t=593872 hpOutPin=0 hpOutAsserted=1 camState=4 logicActive=1 activityActive=1 msUntilWakeDeadline=5800
4151 [DBG_HP_SAMPLE] t=593972 hpOutPin=0 hpOutAsserted=1 camState=4 logicActive=1 activityActive=1 msUntilWakeDeadline=5700
4250 [DBG_HP_SAMPLE] t=594072 hpOutPin=0 hpOutAsserted=1 camState=4 logicActive=1 activityActive=1 msUntilWakeDeadline=5600
4351 [DBG_HP_SAMPLE] t=594172 hpOutPin=0 hpOutAsserted=1 camState=4 logicActive=1 activityActive=1 msUntilWakeDeadline=5500
4451 [DBG_HP_SAMPLE] t=594272 hpOutPin=0 hpOutAsserted=1 camState=4 logicActive=1 activityActive=1 msUntilWakeDeadline=5400
4550 [DBG_HP_SAMPLE] t=594372 hpOutPin=0 hpOutAsserted=1 camState=4 logicActive=1 activityActive=1 msUntilWakeDeadline=5300
4651 [DBG_HP_SAMPLE] t=594472 hpOutPin=0 hpOutAsserted=1 camState=4 logicActive=1 activityActive=1 msUntilWakeDeadline=5200
4750 [DBG_HP_SAMPLE] t=594572 hpOutPin=0 hpOutAsserted=1 camState=4 logicActive=1 activityActive=1 msUntilWakeDeadline=5100
4851 [DBG_HP_SAMPLE] t=594672 hpOutPin=0 hpOutAsserted=1 camState=4 logicActive=1 activityActive=1 msUntilWakeDeadline=5000
4951 [DBG_HP_SAMPLE] t=594772 hpOutPin=0 hpOutAsserted=1 camState=4 logicActive=1 activityActive=1 msUntilWakeDeadline=4900
5050 [DBG_HP_SAMPLE] t=594872 hpOutPin=0 hpOutAsserted=1 camState=4 logicActive=1 activityActive=1 msUntilWakeDeadline=4800
5151 [DBG_HP_SAMPLE] t=594972 hpOutPin=0 hpOutAsserted=1 camState=4 logicActive=1 activityActive=1 msUntilWakeDeadline=4700
5251 [DBG_HP_SAMPLE] t=595072 hpOutPin=0 hpOutAsserted=1 camState=4 logicActive=1 activityActive=1 msUntilWakeDeadline=4600
5351 [DBG_HP_SAMPLE] t=595172 hpOutPin=0 hpOutAsserted=1 camState=4 logicActive=1 activityActive=1 msUntilWakeDeadline=4500
5451 [DBG_HP_SAMPLE] t=595272 hpOutPin=0 hpOutAsserted=1 camState=4 logicActive=1 activityActive=1 msUntilWakeDeadline=4400
5550 [DBG_HP_SAMPLE] t=595372 hpOutPin=0 hpOutAsserted=1 camState=1 logicActive=1 activityActive=0 msUntilWakeDeadline=4300
5651 [DBG_HP_SAMPLE] t=595472 hpOutPin=0 hpOutAsserted=1 camState=1 logicActive=1 activityActive=0 msUntilWakeDeadline=4200
5751 [DBG_HP_SAMPLE] t=595572 hpOutPin=0 hpOutAsserted=1 camState=1 logicActive=1 activityActive=0 msUntilWakeDeadline=4100
5851 [DBG_HP_SAMPLE] t=595672 hpOutPin=0 hpOutAsserted=1 camState=1 logicActive=1 activityActive=0 msUntilWakeDeadline=4000
5951 [DBG_HP_SAMPLE] t=595772 hpOutPin=0 hpOutAsserted=1 camState=1 logicActive=1 activityActive=0 msUntilWakeDeadline=3900
6050 [DBG_HP_SAMPLE] t=595872 hpOutPin=0 hpOutAsserted=1 camState=1 logicActive=1 activityActive=0 msUntilWakeDeadline=3800
6151 [DBG_HP_SAMPLE] t=595972 hpOutPin=0 hpOutAsserted=1 camState=1 logicActive=1 activityActive=0 msUntilWakeDeadline=3700
6251 [DBG_HP_SAMPLE] t=596072 hpOutPin=0 hpOutAsserted=1 camState=1 logicActive=1 activityActive=0 msUntilWakeDeadline=3600
6351 [DBG_HP_SAMPLE] t=596172 hpOutPin=0 hpOutAsserted=1 camState=1 logicActive=1 activityActive=0 msUntilWakeDeadline=3500
6451 [DBG_HP_SAMPLE] t=596272 hpOutPin=0 hpOutAsserted=1 camState=1 logicActive=1 activityActive=0 msUntilWakeDeadline=3400
6550 [DBG_HP_SAMPLE] t=596372 hpOutPin=0 hpOutAsserted=1 camState=1 logicActive=1 activityActive=0 msUntilWakeDeadline=3300
6651 [DBG_HP_SAMPLE] t=596472 hpOutPin=0 hpOutAsserted=1 camState=1 logicActive=1 activityActive=0 msUntilWakeDeadline=3200
6751 [DBG_HP_SAMPLE] t=596572 hpOutPin=0 hpOutAsserted=1 camState=1 logicActive=1 activityActive=0 msUntilWakeDeadline=3100
6851 [DBG_HP_SAMPLE] t=596672 hpOutPin=0 hpOutAsserted=1 camState=1 logicActive=1 activityActive=0 msUntilWakeDeadline=3000
6951 [DBG_HP_SAMPLE] t=596772 hpOutPin=0 hpOutAsserted=1 camState=1 logicActive=1 activityActive=0 msUntilWakeDeadline=2900
7050 [DBG_HP_SAMPLE] t=596872 hpOutPin=0 hpOutAsserted=1 camState=1 logicActive=1 activityActive=0 msUntilWakeDeadline=2800
7151 [DBG_HP_SAMPLE] t=596972 hpOutPin=0 hpOutAsserted=1 camState=1 logicActive=1 activityActive=0 msUntilWakeDeadline=2700
7251 [DBG_HP_SAMPLE] t=597072 hpOutPin=0 hpOutAsserted=1 camState=1 logicActive=1 activityActive=0 msUntilWakeDeadline=2600
7351 [DBG_HP_SAMPLE] t=597172 hpOutPin=0 hpOutAsserted=1 camState=1 logicActive=1 activityActive=0 msUntilWakeDeadline=2500
7451 [DBG_HP_SAMPLE] t=597272 hpOutPin=0 hpOutAsserted=1 camState=1 logicActive=1 activityActive=0 msUntilWakeDeadline=2400
7550 [DBG_HP_SAMPLE] t=597372 hpOutPin=0 hpOutAsserted=1 camState=1 logicActive=1 activityActive=0 msUntilWakeDeadline=2300
7651 [DBG_HP_SAMPLE] t=597472 hpOutPin=0 hpOutAsserted=1 camState=1 logicActive=1 activityActive=0 msUntilWakeDeadline=2200
7750 [DBG_HP_SAMPLE] t=597572 hpOutPin=0 hpOutAsserted=1 camState=1 logicActive=1 activityActive=0 msUntilWakeDeadline=2100
7851 [DBG_HP_SAMPLE] t=597672 hpOutPin=0 hpOutAsserted=1 camState=1 logicActive=1 activityActive=0 msUntilWakeDeadline=2000
7951 [DBG_HP_SAMPLE] t=597772 hpOutPin=0 hpOutAsserted=1 camState=1 logicActive=1 activityActive=0 msUntilWakeDeadline=1900
8050 [DBG_HP_SAMPLE] t=597872 hpOutPin=0 hpOutAsserted=1 camState=1 logicActive=1 activityActive=0 msUntilWakeDeadline=1800
8151 [DBG_HP_SAMPLE] t=597972 hpOutPin=0 hpOutAsserted=1 camState=1 logicActive=1 activityActive=0 msUntilWakeDeadline=1700
8251 [DBG_HP_SAMPLE] t=598072 hpOutPin=0 hpOutAsserted=1 camState=1 logicActive=1 activityActive=0 msUntilWakeDeadline=1600
8351 [DBG_HP_SAMPLE] t=598172 hpOutPin=0 hpOutAsserted=1 camState=1 logicActive=1 activityActive=0 msUntilWakeDeadline=1500
8451 [DBG_HP_SAMPLE] t=598272 hpOutPin=0 hpOutAsserted=1 camState=1 logicActive=1 activityActive=0 msUntilWakeDeadline=1400
8550 [DBG_HP_SAMPLE] t=598372 hpOutPin=0 hpOutAsserted=1 camState=1 logicActive=1 activityActive=0 msUntilWakeDeadline=1300
8651 [DBG_HP_SAMPLE] t=598472 hpOutPin=0 hpOutAsserted=1 camState=1 logicActive=1 activityActive=0 msUntilWakeDeadline=1200
8751 [DBG_HP_SAMPLE] t=598572 hpOutPin=0 hpOutAsserted=1 camState=1 logicActive=1 activityActive=0 msUntilWakeDeadline=1100
8851 [DBG_HP_SAMPLE] t=598672 hpOutPin=0 hpOutAsserted=1 camState=1 logicActive=1 activityActive=0 msUntilWakeDeadline=1000
8951 [DBG_HP_SAMPLE] t=598772 hpOutPin=0 hpOutAsserted=1 camState=1 logicActive=1 activityActive=0 msUntilWakeDeadline=900
9050 [DBG_HP_SAMPLE] t=598872 hpOutPin=0 hpOutAsserted=1 camState=1 logicActive=1 activityActive=0 msUntilWakeDeadline=800
9151 [DBG_HP_SAMPLE] t=598972 hpOutPin=0 hpOutAsserted=1 camState=1 logicActive=1 activityActive=0 msUntilWakeDeadline=700
9250 [DBG_HP_SAMPLE] t=599072 hpOutPin=0 hpOutAsserted=1 camState=1 logicActive=1 activityActive=0 msUntilWakeDeadline=600
9351 [DBG_HP_SAMPLE] t=599172 hpOutPin=0 hpOutAsserted=1 camState=1 logicActive=1 activityActive=0 msUntilWakeDeadline=500
9451 [DBG_HP_SAMPLE] t=599272 hpOutPin=0 hpOutAsserted=1 camState=1 logicActive=1 activityActive=0 msUntilWakeDeadline=400
9550 [DBG_HP_SAMPLE] t=599372 hpOutPin=0 hpOutAsserted=1 camState=1 logicActive=1 activityActive=0 msUntilWakeDeadline=300
9651 [DBG_HP_SAMPLE] t=599472 hpOutPin=0 hpOutAsserted=1 camState=1 logicActive=1 activityActive=0 msUntilWakeDeadline=200
9751 [DBG_HP_SAMPLE] t=599572 hpOutPin=0 hpOutAsserted=1 camState=1 logicActive=1 activityActive=0 msUntilWakeDeadline=100
9851 [DBG_HP_SAMPLE] t=599672 hpOutPin=0 hpOutAsserted=1 camState=1 logicActive=1 activityActive=0 msUntilWakeDeadline=0
9853 [DBG_PIN] t=599672 sig=FP_OUT state=INACTIVE reason=endActivity durMs=6500 camState=1 hpOutAsserted=1
9854 [DBG_PIN] t=599672 sig=HP_OUT state=INACTIVE reason=releaseHpOut durMs=10000 camState=1 hpOutAsserted=0
11630 [DBG_HP_SAMPLE] t=601452 hpOutPin=1 hpOutAsserted=0 camState=0 logicActive=0 activityActive=0 msUntilWakeDeadline=0
