30 [DBG_HP_SAMPLE] t=1746934 hpOutPin=0 hpOutAsserted=1 camState=0 logicActive=0 activityActive=0 msUntilWakeDeadline=0
129 [DBG_HP_SAMPLE] t=1747034 hpOutPin=0 hpOutAsserted=1 camState=1 logicActive=1 activityActive=0 msUntilWakeDeadline=9900
229 [DBG_HP_SAMPLE] t=1747134 hpOutPin=0 hpOutAsserted=1 camState=3 logicActive=1 activityActive=1 msUntilWakeDeadline=9800
329 [DBG_HP_SAMPLE] t=1747234 hpOutPin=0 hpOutAsserted=1 camState=3 logicActive=1 activityActive=1 msUntilWakeDeadline=9700
429 [DBG_HP_SAMPLE] t=1747334 hpOutPin=0 hpOutAsserted=1 camState=3 logicActive=1 activityActive=1 msUntilWakeDeadline=9600
529 [DBG_HP_SAMPLE] t=1747434 hpOutPin=0 hpOutAsserted=1 camState=3 logicActive=1 activityActive=1 msUntilWakeDeadline=9500
530 [DBG_PIN] t=1747434 sig=FP_OUT state=ACTIVE reason=burstFrameFire camState=3 hpOutAsserted=1
629 [DBG_HP_SAMPLE] t=1747534 hpOutPin=0 hpOutAsserted=1 camState=3 logicActive=1 activityActive=1 msUntilWakeDeadline=9400
631 [DBG_PIN] t=1747534 sig=FP_OUT state=INACTIVE reason=burstPulseComplete durMs=100 camState=3 hpOutAsserted=1
729 [DBG_HP_SAMPLE] t=1747634 hpOutPin=0 hpOutAsserted=1 camState=3 logicActive=1 activityActive=1 msUntilWakeDeadline=9300
829 [DBG_HP_SAMPLE] t=1747734 hpOutPin=0 hpOutAsserted=1 camState=3 logicActive=1 activityActive=1 msUntilWakeDeadline=9200
929 [DBG_HP_SAMPLE] t=1747834 hpOutPin=0 hpOutAsserted=1 camState=3 logicActive=1 activityActive=1 msUntilWakeDeadline=9100
1029 [DBG_HP_SAMPLE] t=1747934 hpOutPin=0 hpOutAsserted=1 camState=3 logicActive=1 activityActive=1 msUntilWakeDeadline=9000
1128 [DBG_HP_SAMPLE] t=1748034 hpOutPin=0 hpOutAsserted=1 camState=3 logicActive=1 activityActive=1 msUntilWakeDeadline=8900
1229 [DBG_HP_SAMPLE] t=1748134 hpOutPin=0 hpOutAsserted=1 camState=3 logicActive=1 activityActive=1 msUntilWakeDeadline=8800
1329 [DBG_HP_SAMPLE] t=1748234 hpOutPin=0 hpOutAsserted=1 camState=3 logicActive=1 activityActive=1 msUntilWakeDeadline=8700
1429 [DBG_HP_SAMPLE] t=1748334 hpOutPin=0 hpOutAsserted=1 camState=3 logicActive=1 activityActive=1 msUntilWakeDeadline=8600
1529 [DBG_HP_SAMPLE] t=1748434 hpOutPin=0 hpOutAsserted=1 camState=3 logicActive=1 activityActive=1 msUntilWakeDeadline=8500
1530 [DBG_PIN] t=1748434 sig=FP_OUT state=ACTIVE reason=burstFrameFire camState=3 hpOutAsserted=1
1629 [DBG_HP_SAMPLE] t=1748534 hpOutPin=0 hpOutAsserted=1 camState=3 logicActive=1 activityActive=1 msUntilWakeDeadline=8400
1631 [DBG_PIN] t=1748534 sig=FP_OUT state=INACTIVE reason=burstPulseComplete durMs=100 camState=3 hpOutAsserted=1
1729 [DBG_HP_SAMPLE] t=1748634 hpOutPin=0 hpOutAsserted=1 camState=3 logicActive=1 activityActive=1 msUntilWakeDeadline=8300
1829 [DBG_HP_SAMPLE] t=1748734 hpOutPin=0 hpOutAsserted=1 camState=3 logicActive=1 activityActive=1 msUntilWakeDeadline=8200
1929 [DBG_HP_SAMPLE] t=1748834 hpOutPin=0 hpOutAsserted=1 camState=3 logicActive=1 activityActive=1 msUntilWakeDeadline=8100
2029 [DBG_HP_SAMPLE] t=1748934 hpOutPin=0 hpOutAsserted=1 camState=3 logicActive=1 activityActive=1 msUntilWakeDeadline=8000
2129 [DBG_HP_SAMPLE] t=1749034 hpOutPin=0 hpOutAsserted=1 camState=3 logicActive=1 activityActive=1 msUntilWakeDeadline=7900
2229 [DBG_HP_SAMPLE] t=1749134 hpOutPin=0 hpOutAsserted=1 camState=3 logicActive=1 activityActive=1 msUntilWakeDeadline=7800
2329 [DBG_HP_SAMPLE] t=1749234 hpOutPin=0 hpOutAsserted=1 camState=3 logicActive=1 activityActive=1 msUntilWakeDeadline=7700
2429 [DBG_HP_SAMPLE] t=1749334 hpOutPin=0 hpOutAsserted=1 camState=3 logicActive=1 activityActive=1 msUntilWakeDeadline=7600
2529 [DBG_HP_SAMPLE] t=1749434 hpOutPin=0 hpOutAsserted=1 camState=3 logicActive=1 activityActive=1 msUntilWakeDeadline=7500
2530 [DBG_PIN] t=1749434 sig=FP_OUT state=ACTIVE reason=burstFrameFire camState=3 hpOutAsserted=1
2628 [DBG_HP_SAMPLE] t=1749534 hpOutPin=0 hpOutAsserted=1 camState=3 logicActive=1 activityActive=1 msUntilWakeDeadline=7400
2630 [DBG_PIN] t=1749534 sig=FP_OUT state=INACTIVE reason=burstPulseComplete durMs=100 camState=3 hpOutAsserted=1
2729 [DBG_HP_SAMPLE] t=1749634 hpOutPin=0 hpOutAsserted=1 camState=3 logicActive=1 activityActive=1 msUntilWakeDeadline=7300
2829 [DBG_HP_SAMPLE] t=1749734 hpOutPin=0 hpOutAsserted=1 camState=3 logicActive=1 activityActive=1 msUntilWakeDeadline=7200
2929 [DBG_HP_SAMPLE] t=1749834 hpOutPin=0 hpOutAsserted=1 camState=3 logicActive=1 activityActive=1 msUntilWakeDeadline=7100
3029 [DBG_HP_SAMPLE] t=1749934 hpOutPin=0 hpOutAsserted=1 camState=3 logicActive=1 activityActive=1 msUntilWakeDeadline=7000
3129 [DBG_HP_SAMPLE] t=1750034 hpOutPin=0 hpOutAsserted=1 camState=3 logicActive=1 activityActive=1 msUntilWakeDeadline=6900
3229 [DBG_HP_SAMPLE] t=1750134 hpOutPin=0 hpOutAsserted=1 camState=3 logicActive=1 activityActive=1 msUntilWakeDeadline=6800
3329 [DBG_HP_SAMPLE] t=1750234 hpOutPin=0 hpOutAsserted=1 camState=3 logicActive=1 activityActive=1 msUntilWakeDeadline=6700
3429 [DBG_HP_SAMPLE] t=1750334 hpOutPin=0 hpOutAsserted=1 camState=3 logicActive=1 activityActive=1 msUntilWakeDeadline=6600
3529 [DBG_HP_SAMPLE] t=1750434 hpOutPin=0 hpOutAsserted=1 camState=3 logicActive=1 activityActive=1 msUntilWakeDeadline=6500
3530 [DBG_PIN] t=1750434 sig=FP_OUT state=ACTIVE reason=burstFrameFire camState=3 hpOutAsserted=1
3628 [DBG_HP_SAMPLE] t=1750534 hpOutPin=0 hpOutAsserted=1 camState=3 logicActive=1 activityActive=1 msUntilWakeDeadline=6400
3630 [DBG_PIN] t=1750534 sig=FP_OUT state=INACTIVE reason=burstPulseComplete durMs=100 camState=3 hpOutAsserted=1
3729 [DBG_HP_SAMPLE] t=1750634 hpOutPin=0 hpOutAsserted=1 camState=4 logicActive=1 activityActive=1 msUntilWakeDeadline=6300
3829 [DBG_HP_SAMPLE] t=1750734 hpOutPin=0 hpOutAsserted=1 camState=4 logicActive=1 activityActive=1 msUntilWakeDeadline=6200
3929 [DBG_HP_SAMPLE] t=1750834 hpOutPin=0 hpOutAsserted=1 camState=4 logicActive=1 activityActive=1 msUntilWakeDeadline=6100
4029 [DBG_HP_SAMPLE] t=1750934 hpOutPin=0 hpOutAsserted=1 camState=4 logicActive=1 activityActive=1 msUntilWakeDeadline=6000
4129 [DBG_HP_SAMPLE] t=1751034 hpOutPin=0 hpOutAsserted=1 camState=4 logicActive=1 activityActive=1 msUntilWakeDeadline=5900
4229 [DBG_HP_SAMPLE] t=1751134 hpOutPin=0 hpOutAsserted=1 camState=4 logicActive=1 activityActive=1 msUntilWakeDeadline=5800
4329 [DBG_HP_SAMPLE] t=1751234 hpOutPin=0 hpOutAsserted=1 camState=4 logicActive=1 activityActive=1 msUntilWakeDeadline=5700
4429 [DBG_HP_SAMPLE] t=1751334 hpOutPin=0 hpOutAsserted=1 camState=4 logicActive=1 activityActive=1 msUntilWakeDeadline=5600
4529 [DBG_HP_SAMPLE] t=1751434 hpOutPin=0 hpOutAsserted=1 camState=4 logicActive=1 activityActive=1 msUntilWakeDeadline=5500
4628 [DBG_HP_SAMPLE] t=1751534 hpOutPin=0 hpOutAsserted=1 camState=4 logicActive=1 activityActive=1 msUntilWakeDeadline=5400
4729 [DBG_HP_SAMPLE] t=1751634 hpOutPin=0 hpOutAsserted=1 camState=4 logicActive=1 activityActive=1 msUntilWakeDeadline=5300
4829 [DBG_HP_SAMPLE] t=1751734 hpOutPin=0 hpOutAsserted=1 camState=4 logicActive=1 activityActive=1 msUntilWakeDeadline=5200
4929 [DBG_HP_SAMPLE] t=1751834 hpOutPin=0 hpOutAsserted=1 camState=4 logicActive=1 activityActive=1 msUntilWakeDeadline=5100
5029 [DBG_HP_SAMPLE] t=1751934 hpOutPin=0 hpOutAsserted=1 camState=4 logicActive=1 activityActive=1 msUntilWakeDeadline=5000
5128 [DBG_HP_SAMPLE] t=1752034 hpOutPin=0 hpOutAsserted=1 camState=4 logicActive=1 activityActive=1 msUntilWakeDeadline=4900
5229 [DBG_HP_SAMPLE] t=1752134 hpOutPin=0 hpOutAsserted=1 camState=4 logicActive=1 activityActive=1 msUntilWakeDeadline=4800
5329 [DBG_HP_SAMPLE] t=1752234 hpOutPin=0 hpOutAsserted=1 camState=4 logicActive=1 activityActive=1 msUntilWakeDeadline=4700
5429 [DBG_HP_SAMPLE] t=1752334 hpOutPin=0 hpOutAsserted=1 camState=4 logicActive=1 activityActive=1 msUntilWakeDeadline=4600
5529 [DBG_HP_SAMPLE] t=1752434 hpOutPin=0 hpOutAsserted=1 camState=4 logicActive=1 activityActive=1 msUntilWakeDeadline=4500
5628 [DBG_HP_SAMPLE] t=1752534 hpOutPin=0 hpOutAsserted=1 camState=4 logicActive=1 activityActive=1 msUntilWakeDeadline=4400
5729 [DBG_HP_SAMPLE] t=1752634 hpOutPin=0 hpOutAsserted=1 camState=1 logicActive=1 activityActive=0 msUntilWakeDeadline=4300
5829 [DBG_HP_SAMPLE] t=1752734 hpOutPin=0 hpOutAsserted=1 camState=1 logicActive=1 activityActive=0 msUntilWakeDeadline=4200
5929 [DBG_HP_SAMPLE] t=1752834 hpOutPin=0 hpOutAsserted=1 camState=1 logicActive=1 activityActive=0 msUntilWakeDeadline=4100
6029 [DBG_HP_SAMPLE] t=1752934 hpOutPin=0 hpOutAsserted=1 camState=1 logicActive=1 activityActive=0 msUntilWakeDeadline=4000
6129 [DBG_HP_SAMPLE] t=1753034 hpOutPin=0 hpOutAsserted=1 camState=1 logicActive=1 activityActive=0 msUntilWakeDeadline=3900
6229 [DBG_HP_SAMPLE] t=1753134 hpOutPin=0 hpOutAsserted=1 camState=1 logicActive=1 activityActive=0 msUntilWakeDeadline=3800
6329 [DBG_HP_SAMPLE] t=1753234 hpOutPin=0 hpOutAsserted=1 camState=1 logicActive=1 activityActive=0 msUntilWakeDeadline=3700
6429 [DBG_HP_SAMPLE] t=1753334 hpOutPin=0 hpOutAsserted=1 camState=1 logicActive=1 activityActive=0 msUntilWakeDeadline=3600
6529 [DBG_HP_SAMPLE] t=1753434 hpOutPin=0 hpOutAsserted=1 camState=1 logicActive=1 activityActive=0 msUntilWakeDeadline=3500
6628 [DBG_HP_SAMPLE] t=1753534 hpOutPin=0 hpOutAsserted=1 camState=1 logicActive=1 activityActive=0 msUntilWakeDeadline=3400
6729 [DBG_HP_SAMPLE] t=1753634 hpOutPin=0 hpOutAsserted=1 camState=1 logicActive=1 activityActive=0 msUntilWakeDeadline=3300
6829 [DBG_HP_SAMPLE] t=1753734 hpOutPin=0 hpOutAsserted=1 camState=1 logicActive=1 activityActive=0 msUntilWakeDeadline=3200
6929 [DBG_HP_SAMPLE] t=1753834 hpOutPin=0 hpOutAsserted=1 camState=1 logicActive=1 activityActive=0 msUntilWakeDeadline=3100
7029 [DBG_HP_SAMPLE] t=1753934 hpOutPin=0 hpOutAsserted=1 camState=1 logicActive=1 activityActive=0 msUntilWakeDeadline=3000
7128 [DBG_HP_SAMPLE] t=1754034 hpOutPin=0 hpOutAsserted=1 camState=1 logicActive=1 activityActive=0 msUntilWakeDeadline=2900
7229 [DBG_HP_SAMPLE] t=1754134 hpOutPin=0 hpOutAsserted=1 camState=1 logicActive=1 activityActive=0 msUntilWakeDeadline=2800
7329 [DBG_HP_SAMPLE] t=1754234 hpOutPin=0 hpOutAsserted=1 camState=1 logicActive=1 activityActive=0 msUntilWakeDeadline=2700
7429 [DBG_HP_SAMPLE] t=1754334 hpOutPin=0 hpOutAsserted=1 camState=1 logicActive=1 activityActive=0 msUntilWakeDeadline=2600
7529 [DBG_HP_SAMPLE] t=1754434 hpOutPin=0 hpOutAsserted=1 camState=1 logicActive=1 activityActive=0 msUntilWakeDeadline=2500
7628 [DBG_HP_SAMPLE] t=1754534 hpOutPin=0 hpOutAsserted=1 camState=1 logicActive=1 activityActive=0 msUntilWakeDeadline=2400
7729 [DBG_HP_SAMPLE] t=1754634 hpOutPin=0 hpOutAsserted=1 camState=1 logicActive=1 activityActive=0 msUntilWakeDeadline=2300
7829 [DBG_HP_SAMPLE] t=1754734 hpOutPin=0 hpOutAsserted=1 camState=1 logicActive=1 activityActive=0 msUntilWakeDeadline=2200
7929 [DBG_HP_SAMPLE] t=1754834 hpOutPin=0 hpOutAsserted=1 camState=1 logicActive=1 activityActive=0 msUntilWakeDeadline=2100
8029 [DBG_HP_SAMPLE] t=1754934 hpOutPin=0 hpOutAsserted=1 camState=1 logicActive=1 activityActive=0 msUntilWakeDeadline=2000
8128 [DBG_HP_SAMPLE] t=1755034 hpOutPin=0 hpOutAsserted=1 camState=1 logicActive=1 activityActive=0 msUntilWakeDeadline=1900
8229 [DBG_HP_SAMPLE] t=1755134 hpOutPin=0 hpOutAsserted=1 camState=1 logicActive=1 activityActive=0 msUntilWakeDeadline=1800
8329 [DBG_HP_SAMPLE] t=1755234 hpOutPin=0 hpOutAsserted=1 camState=1 logicActive=1 activityActive=0 msUntilWakeDeadline=1700
8429 [DBG_HP_SAMPLE] t=1755334 hpOutPin=0 hpOutAsserted=1 camState=1 logicActive=1 activityActive=0 msUntilWakeDeadline=1600
8529 [DBG_HP_SAMPLE] t=1755434 hpOutPin=0 hpOutAsserted=1 camState=1 logicActive=1 activityActive=0 msUntilWakeDeadline=1500
8628 [DBG_HP_SAMPLE] t=1755534 hpOutPin=0 hpOutAsserted=1 camState=1 logicActive=1 activityActive=0 msUntilWakeDeadline=1400
8729 [DBG_HP_SAMPLE] t=1755634 hpOutPin=0 hpOutAsserted=1 camState=1 logicActive=1 activityActive=0 msUntilWakeDeadline=1300
8829 [DBG_HP_SAMPLE] t=1755734 hpOutPin=0 hpOutAsserted=1 camState=1 logicActive=1 activityActive=0 msUntilWakeDeadline=1200
8929 [DBG_HP_SAMPLE] t=1755834 hpOutPin=0 hpOutAsserted=1 camState=1 logicActive=1 activityActive=0 msUntilWakeDeadline=1100
9029 [DBG_HP_SAMPLE] t=1755934 hpOutPin=0 hpOutAsserted=1 camState=1 logicActive=1 activityActive=0 msUntilWakeDeadline=1000
9128 [DBG_HP_SAMPLE] t=1756034 hpOutPin=0 hpOutAsserted=1 camState=1 logicActive=1 activityActive=0 msUntilWakeDeadline=900
9229 [DBG_HP_SAMPLE] t=1756134 hpOutPin=0 hpOutAsserted=1 camState=1 logicActive=1 activityActive=0 msUntilWakeDeadline=800
9329 [DBG_HP_SAMPLE] t=1756234 hpOutPin=0 hpOutAsserted=1 camState=1 logicActive=1 activityActive=0 msUntilWakeDeadline=700
9429 [DBG_HP_SAMPLE] t=1756334 hpOutPin=0 hpOutAsserted=1 camState=1 logicActive=1 activityActive=0 msUntilWakeDeadline=600
9529 [DBG_HP_SAMPLE] t=1756434 hpOutPin=0 hpOutAsserted=1 camState=1 logicActive=1 activityActive=0 msUntilWakeDeadline=500
9628 [DBG_HP_SAMPLE] t=1756534 hpOutPin=0 hpOutAsserted=1 camState=1 logicActive=1 activityActive=0 msUntilWakeDeadline=400
9729 [DBG_HP_SAMPLE] t=1756634 hpOutPin=0 hpOutAsserted=1 camState=1 logicActive=1 activityActive=0 msUntilWakeDeadline=300
9829 [DBG_HP_SAMPLE] t=1756734 hpOutPin=0 hpOutAsserted=1 camState=1 logicActive=1 activityActive=0 msUntilWakeDeadline=200
9929 [DBG_HP_SAMPLE] t=1756834 hpOutPin=0 hpOutAsserted=1 camState=1 logicActive=1 activityActive=0 msUntilWakeDeadline=100
10029 [DBG_HP_SAMPLE] t=1756934 hpOutPin=0 hpOutAsserted=1 camState=1 logicActive=1 activityActive=0 msUntilWakeDeadline=0
10030 [DBG_PIN] t=1756934 sig=FP_OUT state=INACTIVE reason=endActivity durMs=6500 camState=1 hpOutAsserted=1
10032 [DBG_PIN] t=1756935 sig=HP_OUT state=INACTIVE reason=releaseHpOut durMs=10001 camState=1 hpOutAsserted=0
11809 [DBG_HP_SAMPLE] t=1758714 hpOutPin=1 hpOutAsserted=0 camState=0 logicActive=0 activityActive=0 msUntilWakeDeadline=0
