0 HP_IN ACTIVE
7 HP_OUT ACTIVE
100 HP_IN INACTIVE
615 HP_OUT INACTIVE
1000 FP_IN ACTIVE
1100 FP_IN INACTIVE
2005 FP_OUT ACTIVE
2105 FP_OUT INACTIVE
3004 FP_OUT ACTIVE
3103 FP_OUT INACTIVE
4003 FP_OUT ACTIVE
4102 FP_OUT INACTIVE
5002 FP_OUT ACTIVE
5101 FP_OUT INACTIVE
7000 FP_IN ACTIVE
7000 FP_OUT ACTIVE
7099 FP_OUT INACTIVE
7100 FP_IN INACTIVE
7999 FP_OUT ACTIVE
8098 FP_OUT INACTIVE
8998 FP_OUT ACTIVE
9097 FP_OUT INACTIVE
9996 FP_OUT ACTIVE
10096 FP_OUT INACTIVE
16000 HP_IN INACTIVE
16000 FP_IN INACTIVE
