0 HP_IN ACTIVE
0 HP_OUT ACTIVE
100 HP_IN INACTIVE
1000 FP_IN ACTIVE
1000 FP_OUT ACTIVE
1099 FP_OUT INACTIVE
1100 FP_IN INACTIVE
2098 FP_OUT ACTIVE
2198 FP_OUT INACTIVE
3197 FP_OUT ACTIVE
3297 FP_OUT INACTIVE
4295 FP_OUT ACTIVE
4396 FP_OUT INACTIVE
6200 FP_IN ACTIVE
6200 FP_OUT ACTIVE
6299 FP_OUT INACTIVE
6300 FP_IN INACTIVE
7298 FP_OUT ACTIVE
7399 FP_OUT INACTIVE
8397 FP_OUT ACTIVE
8497 FP_OUT INACTIVE
9496 FP_OUT ACTIVE
9596 FP_OUT INACTIVE
11594 HP_OUT INACTIVE
14000 HP_IN INACTIVE
14000 FP_IN INACTIVE
