79 [DBG_HP_SAMPLE] t=1278260 hpOutPin=0 hpOutAsserted=1 camState=1 logicActive=1 activityActive=0 msUntilWakeDeadline=9900
210 [DBG_HP_SAMPLE] t=1278370 hpOutPin=0 hpOutAsserted=1 camState=1 logicActive=1 activityActive=0 msUntilWakeDeadline=9790
289 [DBG_HP_SAMPLE] t=1278470 hpOutPin=0 hpOutAsserted=1 camState=1 logicActive=1 activityActive=0 msUntilWakeDeadline=9690
420 [DBG_HP_SAMPLE] t=1278580 hpOutPin=0 hpOutAsserted=1 camState=1 logicActive=1 activityActive=0 msUntilWakeDeadline=9580
499 [DBG_HP_SAMPLE] t=1278680 hpOutPin=0 hpOutAsserted=1 camState=1 logicActive=1 activityActive=0 msUntilWakeDeadline=9480
630 [DBG_HP_SAMPLE] t=1278790 hpOutPin=0 hpOutAsserted=1 camState=1 logicActive=1 activityActive=0 msUntilWakeDeadline=9370
709 [DBG_HP_SAMPLE] t=1278890 hpOutPin=0 hpOutAsserted=1 camState=1 logicActive=1 activityActive=0 msUntilWakeDeadline=9270
808 [DBG_HP_SAMPLE] t=1278990 hpOutPin=0 hpOutAsserted=1 camState=1 logicActive=1 activityActive=0 msUntilWakeDeadline=9170
909 [DBG_HP_SAMPLE] t=1279090 hpOutPin=0 hpOutAsserted=1 camState=1 logicActive=1 activityActive=0 msUntilWakeDeadline=9070
1009 [DBG_HP_SAMPLE] t=1279190 hpOutPin=0 hpOutAsserted=1 camState=1 logicActive=1 activityActive=0 msUntilWakeDeadline=8970
1108 [DBG_HP_SAMPLE] t=1279290 hpOutPin=0 hpOutAsserted=1 camState=1 logicActive=1 activityActive=0 msUntilWakeDeadline=8870
1209 [DBG_HP_SAMPLE] t=1279390 hpOutPin=0 hpOutAsserted=1 camState=1 logicActive=1 activityActive=0 msUntilWakeDeadline=8770
1308 [DBG_HP_SAMPLE] t=1279490 hpOutPin=0 hpOutAsserted=1 camState=1 logicActive=1 activityActive=0 msUntilWakeDeadline=8670
1409 [DBG_HP_SAMPLE] t=1279590 hpOutPin=0 hpOutAsserted=1 camState=1 logicActive=1 activityActive=0 msUntilWakeDeadline=8570
1509 [DBG_HP_SAMPLE] t=1279690 hpOutPin=0 hpOutAsserted=1 camState=1 logicActive=1 activityActive=0 msUntilWakeDeadline=8470
1608 [DBG_HP_SAMPLE] t=1279790 hpOutPin=0 hpOutAsserted=1 camState=1 logicActive=1 activityActive=0 msUntilWakeDeadline=8370
1709 [DBG_HP_SAMPLE] t=1279890 hpOutPin=0 hpOutAsserted=1 camState=1 logicActive=1 activityActive=0 msUntilWakeDeadline=8270
1808 [DBG_HP_SAMPLE] t=1279990 hpOutPin=0 hpOutAsserted=1 camState=1 logicActive=1 activityActive=0 msUntilWakeDeadline=8170
1909 [DBG_HP_SAMPLE] t=1280090 hpOutPin=0 hpOutAsserted=1 camState=1 logicActive=1 activityActive=0 msUntilWakeDeadline=8070
2009 [DBG_HP_SAMPLE] t=1280190 hpOutPin=0 hpOutAsserted=1 camState=1 logicActive=1 activityActive=0 msUntilWakeDeadline=7970
2108 [DBG_HP_SAMPLE] t=1280290 hpOutPin=0 hpOutAsserted=1 camState=1 logicActive=1 activityActive=0 msUntilWakeDeadline=7870
2209 [DBG_HP_SAMPLE] t=1280390 hpOutPin=0 hpOutAsserted=1 camState=1 logicActive=1 activityActive=0 msUntilWakeDeadline=7770
2308 [DBG_HP_SAMPLE] t=1280490 hpOutPin=0 hpOutAsserted=1 camState=1 logicActive=1 activityActive=0 msUntilWakeDeadline=7670
2409 [DBG_HP_SAMPLE] t=1280590 hpOutPin=0 hpOutAsserted=1 camState=1 logicActive=1 activityActive=0 msUntilWakeDeadline=7570
2508 [DBG_HP_SAMPLE] t=1280690 hpOutPin=0 hpOutAsserted=1 camState=1 logicActive=1 activityActive=0 msUntilWakeDeadline=7470
2608 [DBG_HP_SAMPLE] t=1280790 hpOutPin=0 hpOutAsserted=1 camState=1 logicActive=1 activityActive=0 msUntilWakeDeadline=7370
2709 [DBG_HP_SAMPLE] t=1280890 hpOutPin=0 hpOutAsserted=1 camState=1 logicActive=1 activityActive=0 msUntilWakeDeadline=7270
2808 [DBG_HP_SAMPLE] t=1280990 hpOutPin=0 hpOutAsserted=1 camState=1 logicActive=1 activityActive=0 msUntilWakeDeadline=7170
2909 [DBG_HP_SAMPLE] t=1281090 hpOutPin=0 hpOutAsserted=1 camState=1 logicActive=1 activityActive=0 msUntilWakeDeadline=7070
3009 [DBG_HP_SAMPLE] t=1281190 hpOutPin=0 hpOutAsserted=1 camState=1 logicActive=1 activityActive=0 msUntilWakeDeadline=6970
3108 [DBG_HP_SAMPLE] t=1281290 hpOutPin=0 hpOutAsserted=1 camState=1 logicActive=1 activityActive=0 msUntilWakeDeadline=6870
3209 [DBG_HP_SAMPLE] t=1281390 hpOutPin=0 hpOutAsserted=1 camState=1 logicActive=1 activityActive=0 msUntilWakeDeadline=6770
3308 [DBG_HP_SAMPLE] t=1281490 hpOutPin=0 hpOutAsserted=1 camState=1 logicActive=1 activityActive=0 msUntilWakeDeadline=6670
3409 [DBG_HP_SAMPLE] t=1281590 hpOutPin=0 hpOutAsserted=1 camState=1 logicActive=1 activityActive=0 msUntilWakeDeadline=6570
3508 [DBG_HP_SAMPLE] t=1281690 hpOutPin=0 hpOutAsserted=1 camState=1 logicActive=1 activityActive=0 msUntilWakeDeadline=6470
3608 [DBG_HP_SAMPLE] t=1281790 hpOutPin=0 hpOutAsserted=1 camState=1 logicActive=1 activityActive=0 msUntilWakeDeadline=6370
3709 [DBG_HP_SAMPLE] t=1281890 hpOutPin=0 hpOutAsserted=1 camState=1 logicActive=1 activityActive=0 msUntilWakeDeadline=6270
3808 [DBG_HP_SAMPLE] t=1281990 hpOutPin=0 hpOutAsserted=1 camState=1 logicActive=1 activityActive=0 msUntilWakeDeadline=6170
3909 [DBG_HP_SAMPLE] t=1282090 hpOutPin=0 hpOutAsserted=1 camState=1 logicActive=1 activityActive=0 msUntilWakeDeadline=6070
4009 [DBG_HP_SAMPLE] t=1282190 hpOutPin=0 hpOutAsserted=1 camState=1 logicActive=1 activityActive=0 msUntilWakeDeadline=5970
4108 [DBG_HP_SAMPLE] t=1282290 hpOutPin=0 hpOutAsserted=1 camState=1 logicActive=1 activityActive=0 msUntilWakeDeadline=5870
4209 [DBG_HP_SAMPLE] t=1282390 hpOutPin=0 hpOutAsserted=1 camState=1 logicActive=1 activityActive=0 msUntilWakeDeadline=5770
4308 [DBG_HP_SAMPLE] t=1282490 hpOutPin=0 hpOutAsserted=1 camState=1 logicActive=1 activityActive=0 msUntilWakeDeadline=5670
4409 [DBG_HP_SAMPLE] t=1282590 hpOutPin=0 hpOutAsserted=1 camState=1 logicActive=1 activityActive=0 msUntilWakeDeadline=5570
4508 [DBG_HP_SAMPLE] t=1282690 hpOutPin=0 hpOutAsserted=1 camState=1 logicActive=1 activityActive=0 msUntilWakeDeadline=5470
4608 [DBG_HP_SAMPLE] t=1282790 hpOutPin=0 hpOutAsserted=1 camState=1 logicActive=1 activityActive=0 msUntilWakeDeadline=5370
4709 [DBG_HP_SAMPLE] t=1282890 hpOutPin=0 hpOutAsserted=1 camState=1 logicActive=1 activityActive=0 msUntilWakeDeadline=5270
4808 [DBG_HP_SAMPLE] t=1282990 hpOutPin=0 hpOutAsserted=1 camState=1 logicActive=1 activityActive=0 msUntilWakeDeadline=5170
4909 [DBG_HP_SAMPLE] t=1283090 hpOutPin=0 hpOutAsserted=1 camState=1 logicActive=1 activityActive=0 msUntilWakeDeadline=5070
5009 [DBG_HP_SAMPLE] t=1283190 hpOutPin=0 hpOutAsserted=1 camState=1 logicActive=1 activityActive=0 msUntilWakeDeadline=4970
5108 [DBG_HP_SAMPLE] t=1283290 hpOutPin=0 hpOutAsserted=1 camState=1 logicActive=1 activityActive=0 msUntilWakeDeadline=4870
5209 [DBG_HP_SAMPLE] t=1283390 hpOutPin=0 hpOutAsserted=1 camState=1 logicActive=1 activityActive=0 msUntilWakeDeadline=4770
5308 [DBG_HP_SAMPLE] t=1283490 hpOutPin=0 hpOutAsserted=1 camState=1 logicActive=1 activityActive=0 msUntilWakeDeadline=4670
5409 [DBG_HP_SAMPLE] t=1283590 hpOutPin=0 hpOutAsserted=1 camState=1 logicActive=1 activityActive=0 msUntilWakeDeadline=4570
5508 [DBG_HP_SAMPLE] t=1283690 hpOutPin=0 hpOutAsserted=1 camState=1 logicActive=1 activityActive=0 msUntilWakeDeadline=4470
5608 [DBG_HP_SAMPLE] t=1283790 hpOutPin=0 hpOutAsserted=1 camState=1 logicActive=1 activityActive=0 msUntilWakeDeadline=4370
5709 [DBG_HP_SAMPLE] t=1283890 hpOutPin=0 hpOutAsserted=1 camState=1 logicActive=1 activityActive=0 msUntilWakeDeadline=4270
5808 [DBG_HP_SAMPLE] t=1283990 hpOutPin=0 hpOutAsserted=1 camState=1 logicActive=1 activityActive=0 msUntilWakeDeadline=4170
5909 [DBG_HP_SAMPLE] t=1284090 hpOutPin=0 hpOutAsserted=1 camState=1 logicActive=1 activityActive=0 msUntilWakeDeadline=4070
6008 [DBG_HP_SAMPLE] t=1284190 hpOutPin=0 hpOutAsserted=1 camState=1 logicActive=1 activityActive=0 msUntilWakeDeadline=3970
6108 [DBG_HP_SAMPLE] t=1284290 hpOutPin=0 hpOutAsserted=1 camState=1 logicActive=1 activityActive=0 msUntilWakeDeadline=3870
6209 [DBG_HP_SAMPLE] t=1284390 hpOutPin=0 hpOutAsserted=1 camState=1 logicActive=1 activityActive=0 msUntilWakeDeadline=3770
6308 [DBG_HP_SAMPLE] t=1284490 hpOutPin=0 hpOutAsserted=1 camState=1 logicActive=1 activityActive=0 msUntilWakeDeadline=3670
6409 [DBG_HP_SAMPLE] t=1284590 hpOutPin=0 hpOutAsserted=1 camState=1 logicActive=1 activityActive=0 msUntilWakeDeadline=3570
6508 [DBG_HP_SAMPLE] t=1284690 hpOutPin=0 hpOutAsserted=1 camState=1 logicActive=1 activityActive=0 msUntilWakeDeadline=3470
6608 [DBG_HP_SAMPLE] t=1284790 hpOutPin=0 hpOutAsserted=1 camState=1 logicActive=1 activityActive=0 msUntilWakeDeadline=3370
6709 [DBG_HP_SAMPLE] t=1284890 hpOutPin=0 hpOutAsserted=1 camState=1 logicActive=1 activityActive=0 msUntilWakeDeadline=3270
6808 [DBG_HP_SAMPLE] t=1284990 hpOutPin=0 hpOutAsserted=1 camState=1 logicActive=1 activityActive=0 msUntilWakeDeadline=3170
6909 [DBG_HP_SAMPLE] t=1285090 hpOutPin=0 hpOutAsserted=1 camState=1 logicActive=1 activityActive=0 msUntilWakeDeadline=3070
7008 [DBG_HP_SAMPLE] t=1285190 hpOutPin=0 hpOutAsserted=1 camState=1 logicActive=1 activityActive=0 msUntilWakeDeadline=2970
7108 [DBG_HP_SAMPLE] t=1285290 hpOutPin=0 hpOutAsserted=1 camState=1 logicActive=1 activityActive=0 msUntilWakeDeadline=2870
7208 [DBG_HP_SAMPLE] t=1285390 hpOutPin=0 hpOutAsserted=1 camState=1 logicActive=1 activityActive=0 msUntilWakeDeadline=2770
7308 [DBG_HP_SAMPLE] t=1285490 hpOutPin=0 hpOutAsserted=1 camState=1 logicActive=1 activityActive=0 msUntilWakeDeadline=2670
7409 [DBG_HP_SAMPLE] t=1285590 hpOutPin=0 hpOutAsserted=1 camState=1 logicActive=1 activityActive=0 msUntilWakeDeadline=2570
7508 [DBG_HP_SAMPLE] t=1285690 hpOutPin=0 hpOutAsserted=1 camState=1 logicActive=1 activityActive=0 msUntilWakeDeadline=2470
7608 [DBG_HP_SAMPLE] t=1285790 hpOutPin=0 hpOutAsserted=1 camState=1 logicActive=1 activityActive=0 msUntilWakeDeadline=2370
7709 [DBG_HP_SAMPLE] t=1285890 hpOutPin=0 hpOutAsserted=1 camState=1 logicActive=1 activityActive=0 msUntilWakeDeadline=2270
7808 [DBG_HP_SAMPLE] t=1285990 hpOutPin=0 hpOutAsserted=1 camState=1 logicActive=1 activityActive=0 msUntilWakeDeadline=2170
7909 [DBG_HP_SAMPLE] t=1286090 hpOutPin=0 hpOutAsserted=1 camState=1 logicActive=1 activityActive=0 msUntilWakeDeadline=2070
8008 [DBG_HP_SAMPLE] t=1286190 hpOutPin=0 hpOutAsserted=1 camState=1 logicActive=1 activityActive=0 msUntilWakeDeadline=1970
8108 [DBG_HP_SAMPLE] t=1286290 hpOutPin=0 hpOutAsserted=1 camState=1 logicActive=1 activityActive=0 msUntilWakeDeadline=1870
8209 [DBG_HP_SAMPLE] t=1286390 hpOutPin=0 hpOutAsserted=1 camState=1 logicActive=1 activityActive=0 msUntilWakeDeadline=1770
8308 [DBG_HP_SAMPLE] t=1286490 hpOutPin=0 hpOutAsserted=1 camState=1 logicActive=1 activityActive=0 msUntilWakeDeadline=1670
8409 [DBG_HP_SAMPLE] t=1286590 hpOutPin=0 hpOutAsserted=1 camState=1 logicActive=1 activityActive=0 msUntilWakeDeadline=1570
8508 [DBG_HP_SAMPLE] t=1286690 hpOutPin=0 hpOutAsserted=1 camState=1 logicActive=1 activityActive=0 msUntilWakeDeadline=1470
8608 [DBG_HP_SAMPLE] t=1286790 hpOutPin=0 hpOutAsserted=1 camState=1 logicActive=1 activityActive=0 msUntilWakeDeadline=1370
8709 [DBG_HP_SAMPLE] t=1286890 hpOutPin=0 hpOutAsserted=1 camState=1 logicActive=1 activityActive=0 msUntilWakeDeadline=1270
8808 [DBG_HP_SAMPLE] t=1286990 hpOutPin=0 hpOutAsserted=1 camState=1 logicActive=1 activityActive=0 msUntilWakeDeadline=1170
8909 [DBG_HP_SAMPLE] t=1287090 hpOutPin=0 hpOutAsserted=1 camState=1 logicActive=1 activityActive=0 msUntilWakeDeadline=1070
9008 [DBG_HP_SAMPLE] t=1287190 hpOutPin=0 hpOutAsserted=1 camState=1 logicActive=1 activityActive=0 msUntilWakeDeadline=970
9108 [DBG_HP_SAMPLE] t=1287290 hpOutPin=0 hpOutAsserted=1 camState=1 logicActive=1 activityActive=0 msUntilWakeDeadline=870
9208 [DBG_HP_SAMPLE] t=1287390 hpOutPin=0 hpOutAsserted=1 camState=1 logicActive=1 activityActive=0 msUntilWakeDeadline=770
9308 [DBG_HP_SAMPLE] t=1287490 hpOutPin=0 hpOutAsserted=1 camState=1 logicActive=1 activityActive=0 msUntilWakeDeadline=670
9409 [DBG_HP_SAMPLE] t=1287590 hpOutPin=0 hpOutAsserted=1 camState=1 logicActive=1 activityActive=0 msUntilWakeDeadline=570
9508 [DBG_HP_SAMPLE] t=1287690 hpOutPin=0 hpOutAsserted=1 camState=1 logicActive=1 activityActive=0 msUntilWakeDeadline=470
9608 [DBG_HP_SAMPLE] t=1287790 hpOutPin=0 hpOutAsserted=1 camState=1 logicActive=1 activityActive=0 msUntilWakeDeadline=370
9708 [DBG_HP_SAMPLE] t=1287890 hpOutPin=0 hpOutAsserted=1 camState=1 logicActive=1 activityActive=0 msUntilWakeDeadline=270
9808 [DBG_HP_SAMPLE] t=1287990 hpOutPin=0 hpOutAsserted=1 camState=1 logicActive=1 activityActive=0 msUntilWakeDeadline=170
9909 [DBG_HP_SAMPLE] t=1288090 hpOutPin=0 hpOutAsserted=1 camState=1 logicActive=1 activityActive=0 msUntilWakeDeadline=70
9978 [DBG_PIN] t=1288160 sig=FP_OUT state=INACTIVE reason=endActivity camState=1 hpOutAsserted=1
9980 [DBG_PIN] t=1288160 sig=HP_OUT state=INACTIVE reason=releaseHpOut durMs=10000 camState=1 hpOutAsserted=0
9982 [DBG_IO] t=1288161 stage=configureRuntimeIo.enter deviceType=1 camEnabled=1 camState=0 logicActive=0 activityActive=0 hpOutAsserted=0 hpOutPin=1 fpOutPin=1
9985 [DBG_IO] t=1288161 stage=configureRuntimeIo.outputsInput deviceType=1 camEnabled=1 camState=0 logicActive=0 activityActive=0 hpOutAsserted=0 hpOutPin=1 fpOutPin=1
9988 [DBG_IO] t=1288162 stage=configureRuntimeIo.cameraStateMachine deviceType=1 camEnabled=1 camState=0 logicActive=0 activityActive=0 hpOutAsserted=0 hpOutPin=1 fpOutPin=1
10836 [DBG_HP_SAMPLE] t=1289017 hpOutPin=1 hpOutAsserted=0 camState=0 logicActive=0 activityActive=0 msUntilWakeDeadline=0
10935 [DBG_HP_SAMPLE] t=1289117 hpOutPin=1 hpOutAsserted=0 camState=0 logicActive=0 activityActive=0 msUntilWakeDeadline=0
11036 [DBG_HP_SAMPLE] t=1289217 hpOutPin=1 hpOutAsserted=0 camState=0 logicActive=0 activityActive=0 msUntilWakeDeadline=0
11135 [DBG_HP_SAMPLE] t=1289317 hpOutPin=1 hpOutAsserted=0 camState=0 logicActive=0 activityActive=0 msUntilWakeDeadline=0
11236 [DBG_HP_SAMPLE] t=1289417 hpOutPin=1 hpOutAsserted=0 camState=0 logicActive=0 activityActive=0 msUntilWakeDeadline=0
11335 [DBG_HP_SAMPLE] t=1289517 hpOutPin=1 hpOutAsserted=0 camState=0 logicActive=0 activityActive=0 msUntilWakeDeadline=0
11435 [DBG_HP_SAMPLE] t=1289617 hpOutPin=1 hpOutAsserted=0 camState=0 logicActive=0 activityActive=0 msUntilWakeDeadline=0
11536 [DBG_HP_SAMPLE] t=1289717 hpOutPin=1 hpOutAsserted=0 camState=0 logicActive=0 activityActive=0 msUntilWakeDeadline=0
11635 [DBG_HP_SAMPLE] t=1289817 hpOutPin=1 hpOutAsserted=0 camState=0 logicActive=0 activityActive=0 msUntilWakeDeadline=0
11736 [DBG_HP_SAMPLE] t=1289917 hpOutPin=1 hpOutAsserted=0 camState=0 logicActive=0 activityActive=0 msUntilWakeDeadline=0
11835 [DBG_HP_SAMPLE] t=1290017 hpOutPin=1 hpOutAsserted=0 camState=0 logicActive=0 activityActive=0 msUntilWakeDeadline=0
11935 [DBG_HP_SAMPLE] t=1290117 hpOutPin=1 hpOutAsserted=0 camState=0 logicActive=0 activityActive=0 msUntilWakeDeadline=0
12036 [DBG_HP_SAMPLE] t=1290217 hpOutPin=1 hpOutAsserted=0 camState=0 logicActive=0 activityActive=0 msUntilWakeDeadline=0
