78 [DBG_HP_SAMPLE] t=440308 hpOutPin=0 hpOutAsserted=1 camState=3 logicActive=1 activityActive=1 msUntilWakeDeadline=9900
210 [DBG_HP_SAMPLE] t=440418 hpOutPin=0 hpOutAsserted=1 camState=3 logicActive=1 activityActive=1 msUntilWakeDeadline=9790
288 [DBG_HP_SAMPLE] t=440518 hpOutPin=0 hpOutAsserted=1 camState=3 logicActive=1 activityActive=1 msUntilWakeDeadline=9690
420 [DBG_HP_SAMPLE] t=440628 hpOutPin=0 hpOutAsserted=1 camState=3 logicActive=1 activityActive=1 msUntilWakeDeadline=9580
422 [DBG_PIN] t=440628 sig=FP_OUT state=ACTIVE reason=burstFrameFire camState=3 hpOutAsserted=1
498 [DBG_HP_SAMPLE] t=440728 hpOutPin=0 hpOutAsserted=1 camState=3 logicActive=1 activityActive=1 msUntilWakeDeadline=9480
501 [DBG_PIN] t=440728 sig=FP_OUT state=INACTIVE reason=burstPulseComplete durMs=100 camState=3 hpOutAsserted=1
597 [DBG_HP_SAMPLE] t=440828 hpOutPin=0 hpOutAsserted=1 camState=3 logicActive=1 activityActive=1 msUntilWakeDeadline=9380
698 [DBG_HP_SAMPLE] t=440928 hpOutPin=0 hpOutAsserted=1 camState=3 logicActive=1 activityActive=1 msUntilWakeDeadline=9280
797 [DBG_HP_SAMPLE] t=441028 hpOutPin=0 hpOutAsserted=1 camState=3 logicActive=1 activityActive=1 msUntilWakeDeadline=9180
898 [DBG_HP_SAMPLE] t=441128 hpOutPin=0 hpOutAsserted=1 camState=3 logicActive=1 activityActive=1 msUntilWakeDeadline=9080
997 [DBG_HP_SAMPLE] t=441228 hpOutPin=0 hpOutAsserted=1 camState=3 logicActive=1 activityActive=1 msUntilWakeDeadline=8980
1097 [DBG_HP_SAMPLE] t=441328 hpOutPin=0 hpOutAsserted=1 camState=3 logicActive=1 activityActive=1 msUntilWakeDeadline=8880
1198 [DBG_HP_SAMPLE] t=441428 hpOutPin=0 hpOutAsserted=1 camState=3 logicActive=1 activityActive=1 msUntilWakeDeadline=8780
1297 [DBG_HP_SAMPLE] t=441528 hpOutPin=0 hpOutAsserted=1 camState=3 logicActive=1 activityActive=1 msUntilWakeDeadline=8680
1398 [DBG_HP_SAMPLE] t=441628 hpOutPin=0 hpOutAsserted=1 camState=3 logicActive=1 activityActive=1 msUntilWakeDeadline=8580
1399 [DBG_PIN] t=441628 sig=FP_OUT state=ACTIVE reason=burstFrameFire camState=3 hpOutAsserted=1
1498 [DBG_HP_SAMPLE] t=441728 hpOutPin=0 hpOutAsserted=1 camState=3 logicActive=1 activityActive=1 msUntilWakeDeadline=8480
1500 [DBG_PIN] t=441728 sig=FP_OUT state=INACTIVE reason=burstPulseComplete durMs=100 camState=3 hpOutAsserted=1
1597 [DBG_HP_SAMPLE] t=441828 hpOutPin=0 hpOutAsserted=1 camState=3 logicActive=1 activityActive=1 msUntilWakeDeadline=8380
1698 [DBG_HP_SAMPLE] t=441928 hpOutPin=0 hpOutAsserted=1 camState=3 logicActive=1 activityActive=1 msUntilWakeDeadline=8280
1797 [DBG_HP_SAMPLE] t=442028 hpOutPin=0 hpOutAsserted=1 camState=3 logicActive=1 activityActive=1 msUntilWakeDeadline=8180
1898 [DBG_HP_SAMPLE] t=442128 hpOutPin=0 hpOutAsserted=1 camState=3 logicActive=1 activityActive=1 msUntilWakeDeadline=8080
1997 [DBG_HP_SAMPLE] t=442228 hpOutPin=0 hpOutAsserted=1 camState=3 logicActive=1 activityActive=1 msUntilWakeDeadline=7980
2097 [DBG_HP_SAMPLE] t=442328 hpOutPin=0 hpOutAsserted=1 camState=3 logicActive=1 activityActive=1 msUntilWakeDeadline=7880
2198 [DBG_HP_SAMPLE] t=442428 hpOutPin=0 hpOutAsserted=1 camState=3 logicActive=1 activityActive=1 msUntilWakeDeadline=7780
2297 [DBG_HP_SAMPLE] t=442528 hpOutPin=0 hpOutAsserted=1 camState=3 logicActive=1 activityActive=1 msUntilWakeDeadline=7680
2398 [DBG_HP_SAMPLE] t=442628 hpOutPin=0 hpOutAsserted=1 camState=3 logicActive=1 activityActive=1 msUntilWakeDeadline=7580
2400 [DBG_PIN] t=442628 sig=FP_OUT state=ACTIVE reason=burstFrameFire camState=3 hpOutAsserted=1
2497 [DBG_HP_SAMPLE] t=442728 hpOutPin=0 hpOutAsserted=1 camState=3 logicActive=1 activityActive=1 msUntilWakeDeadline=7480
2500 [DBG_PIN] t=442728 sig=FP_OUT state=INACTIVE reason=burstPulseComplete durMs=100 camState=3 hpOutAsserted=1
2597 [DBG_HP_SAMPLE] t=442828 hpOutPin=0 hpOutAsserted=1 camState=3 logicActive=1 activityActive=1 msUntilWakeDeadline=7380
2698 [DBG_HP_SAMPLE] t=442928 hpOutPin=0 hpOutAsserted=1 camState=3 logicActive=1 activityActive=1 msUntilWakeDeadline=7280
2797 [DBG_HP_SAMPLE] t=443028 hpOutPin=0 hpOutAsserted=1 camState=3 logicActive=1 activityActive=1 msUntilWakeDeadline=7180
2898 [DBG_HP_SAMPLE] t=443128 hpOutPin=0 hpOutAsserted=1 camState=3 logicActive=1 activityActive=1 msUntilWakeDeadline=7080
2997 [DBG_HP_SAMPLE] t=443228 hpOutPin=0 hpOutAsserted=1 camState=3 logicActive=1 activityActive=1 msUntilWakeDeadline=6980
3097 [DBG_HP_SAMPLE] t=443328 hpOutPin=0 hpOutAsserted=1 camState=3 logicActive=1 activityActive=1 msUntilWakeDeadline=6880
3198 [DBG_HP_SAMPLE] t=443428 hpOutPin=0 hpOutAsserted=1 camState=3 logicActive=1 activityActive=1 msUntilWakeDeadline=6780
3297 [DBG_HP_SAMPLE] t=443528 hpOutPin=0 hpOutAsserted=1 camState=3 logicActive=1 activityActive=1 msUntilWakeDeadline=6680
3398 [DBG_HP_SAMPLE] t=443628 hpOutPin=0 hpOutAsserted=1 camState=3 logicActive=1 activityActive=1 msUntilWakeDeadline=6580
3400 [DBG_PIN] t=443628 sig=FP_OUT state=ACTIVE reason=burstFrameFire camState=3 hpOutAsserted=1
3498 [DBG_HP_SAMPLE] t=443728 hpOutPin=0 hpOutAsserted=1 camState=3 logicActive=1 activityActive=1 msUntilWakeDeadline=6480
3500 [DBG_PIN] t=443728 sig=FP_OUT state=INACTIVE reason=burstPulseComplete durMs=100 camState=3 hpOutAsserted=1
3597 [DBG_HP_SAMPLE] t=443828 hpOutPin=0 hpOutAsserted=1 camState=4 logicActive=1 activityActive=1 msUntilWakeDeadline=6380
3698 [DBG_HP_SAMPLE] t=443928 hpOutPin=0 hpOutAsserted=1 camState=4 logicActive=1 activityActive=1 msUntilWakeDeadline=6280
3797 [DBG_HP_SAMPLE] t=444028 hpOutPin=0 hpOutAsserted=1 camState=4 logicActive=1 activityActive=1 msUntilWakeDeadline=6180
3898 [DBG_HP_SAMPLE] t=444128 hpOutPin=0 hpOutAsserted=1 camState=4 logicActive=1 activityActive=1 msUntilWakeDeadline=6080
3997 [DBG_HP_SAMPLE] t=444228 hpOutPin=0 hpOutAsserted=1 camState=4 logicActive=1 activityActive=1 msUntilWakeDeadline=5980
4097 [DBG_HP_SAMPLE] t=444328 hpOutPin=0 hpOutAsserted=1 camState=4 logicActive=1 activityActive=1 msUntilWakeDeadline=5880
4198 [DBG_HP_SAMPLE] t=444428 hpOutPin=0 hpOutAsserted=1 camState=4 logicActive=1 activityActive=1 msUntilWakeDeadline=5780
4297 [DBG_HP_SAMPLE] t=444528 hpOutPin=0 hpOutAsserted=1 camState=4 logicActive=1 activityActive=1 msUntilWakeDeadline=5680
4398 [DBG_HP_SAMPLE] t=444628 hpOutPin=0 hpOutAsserted=1 camState=4 logicActive=1 activityActive=1 msUntilWakeDeadline=5580
4497 [DBG_HP_SAMPLE] t=444728 hpOutPin=0 hpOutAsserted=1 camState=4 logicActive=1 activityActive=1 msUntilWakeDeadline=5480
4597 [DBG_HP_SAMPLE] t=444828 hpOutPin=0 hpOutAsserted=1 camState=4 logicActive=1 activityActive=1 msUntilWakeDeadline=5380
4698 [DBG_HP_SAMPLE] t=444928 hpOutPin=0 hpOutAsserted=1 camState=4 logicActive=1 activityActive=1 msUntilWakeDeadline=5280
4797 [DBG_HP_SAMPLE] t=445028 hpOutPin=0 hpOutAsserted=1 camState=4 logicActive=1 activityActive=1 msUntilWakeDeadline=5180
4898 [DBG_HP_SAMPLE] t=445128 hpOutPin=0 hpOutAsserted=1 camState=4 logicActive=1 activityActive=1 msUntilWakeDeadline=5080
4997 [DBG_HP_SAMPLE] t=445228 hpOutPin=0 hpOutAsserted=1 camState=4 logicActive=1 activityActive=1 msUntilWakeDeadline=4980
5097 [DBG_HP_SAMPLE] t=445328 hpOutPin=0 hpOutAsserted=1 camState=4 logicActive=1 activityActive=1 msUntilWakeDeadline=4880
5198 [DBG_HP_SAMPLE] t=445428 hpOutPin=0 hpOutAsserted=1 camState=4 logicActive=1 activityActive=1 msUntilWakeDeadline=4780
5297 [DBG_HP_SAMPLE] t=445528 hpOutPin=0 hpOutAsserted=1 camState=4 logicActive=1 activityActive=1 msUntilWakeDeadline=4680
5398 [DBG_HP_SAMPLE] t=445628 hpOutPin=0 hpOutAsserted=1 camState=4 logicActive=1 activityActive=1 msUntilWakeDeadline=4580
5497 [DBG_HP_SAMPLE] t=445728 hpOutPin=0 hpOutAsserted=1 camState=4 logicActive=1 activityActive=1 msUntilWakeDeadline=4480
5597 [DBG_HP_SAMPLE] t=445828 hpOutPin=0 hpOutAsserted=1 camState=1 logicActive=1 activityActive=0 msUntilWakeDeadline=4380
5697 [DBG_HP_SAMPLE] t=445928 hpOutPin=0 hpOutAsserted=1 camState=1 logicActive=1 activityActive=0 msUntilWakeDeadline=4280
5797 [DBG_HP_SAMPLE] t=446028 hpOutPin=0 hpOutAsserted=1 camState=1 logicActive=1 activityActive=0 msUntilWakeDeadline=4180
5898 [DBG_HP_SAMPLE] t=446128 hpOutPin=0 hpOutAsserted=1 camState=1 logicActive=1 activityActive=0 msUntilWakeDeadline=4080
5997 [DBG_HP_SAMPLE] t=446228 hpOutPin=0 hpOutAsserted=1 camState=1 logicActive=1 activityActive=0 msUntilWakeDeadline=3980
6097 [DBG_HP_SAMPLE] t=446328 hpOutPin=0 hpOutAsserted=1 camState=1 logicActive=1 activityActive=0 msUntilWakeDeadline=3880
6198 [DBG_HP_SAMPLE] t=446428 hpOutPin=0 hpOutAsserted=1 camState=1 logicActive=1 activityActive=0 msUntilWakeDeadline=3780
6297 [DBG_HP_SAMPLE] t=446528 hpOutPin=0 hpOutAsserted=1 camState=1 logicActive=1 activityActive=0 msUntilWakeDeadline=3680
6398 [DBG_HP_SAMPLE] t=446628 hpOutPin=0 hpOutAsserted=1 camState=1 logicActive=1 activityActive=0 msUntilWakeDeadline=3580
6497 [DBG_HP_SAMPLE] t=446728 hpOutPin=0 hpOutAsserted=1 camState=1 logicActive=1 activityActive=0 msUntilWakeDeadline=3480
6597 [DBG_HP_SAMPLE] t=446828 hpOutPin=0 hpOutAsserted=1 camState=1 logicActive=1 activityActive=0 msUntilWakeDeadline=3380
6698 [DBG_HP_SAMPLE] t=446928 hpOutPin=0 hpOutAsserted=1 camState=1 logicActive=1 activityActive=0 msUntilWakeDeadline=3280
6797 [DBG_HP_SAMPLE] t=447028 hpOutPin=0 hpOutAsserted=1 camState=1 logicActive=1 activityActive=0 msUntilWakeDeadline=3180
6898 [DBG_HP_SAMPLE] t=447128 hpOutPin=0 hpOutAsserted=1 camState=1 logicActive=1 activityActive=0 msUntilWakeDeadline=3080
6997 [DBG_HP_SAMPLE] t=447228 hpOutPin=0 hpOutAsserted=1 camState=1 logicActive=1 activityActive=0 msUntilWakeDeadline=2980
7097 [DBG_HP_SAMPLE] t=447328 hpOutPin=0 hpOutAsserted=1 camState=1 logicActive=1 activityActive=0 msUntilWakeDeadline=2880
7198 [DBG_HP_SAMPLE] t=447428 hpOutPin=0 hpOutAsserted=1 camState=1 logicActive=1 activityActive=0 msUntilWakeDeadline=2780
7297 [DBG_HP_SAMPLE] t=447528 hpOutPin=0 hpOutAsserted=1 camState=1 logicActive=1 activityActive=0 msUntilWakeDeadline=2680
7398 [DBG_HP_SAMPLE] t=447628 hpOutPin=0 hpOutAsserted=1 camState=1 logicActive=1 activityActive=0 msUntilWakeDeadline=2580
7497 [DBG_HP_SAMPLE] t=447728 hpOutPin=0 hpOutAsserted=1 camState=1 logicActive=1 activityActive=0 msUntilWakeDeadline=2480
7597 [DBG_HP_SAMPLE] t=447828 hpOutPin=0 hpOutAsserted=1 camState=1 logicActive=1 activityActive=0 msUntilWakeDeadline=2380
7697 [DBG_HP_SAMPLE] t=447928 hpOutPin=0 hpOutAsserted=1 camState=1 logicActive=1 activityActive=0 msUntilWakeDeadline=2280
7797 [DBG_HP_SAMPLE] t=448028 hpOutPin=0 hpOutAsserted=1 camState=1 logicActive=1 activityActive=0 msUntilWakeDeadline=2180
7898 [DBG_HP_SAMPLE] t=448128 hpOutPin=0 hpOutAsserted=1 camState=1 logicActive=1 activityActive=0 msUntilWakeDeadline=2080
7997 [DBG_HP_SAMPLE] t=448228 hpOutPin=0 hpOutAsserted=1 camState=1 logicActive=1 activityActive=0 msUntilWakeDeadline=1980
8097 [DBG_HP_SAMPLE] t=448328 hpOutPin=0 hpOutAsserted=1 camState=1 logicActive=1 activityActive=0 msUntilWakeDeadline=1880
8197 [DBG_HP_SAMPLE] t=448428 hpOutPin=0 hpOutAsserted=1 camState=1 logicActive=1 activityActive=0 msUntilWakeDeadline=1780
8297 [DBG_HP_SAMPLE] t=448528 hpOutPin=0 hpOutAsserted=1 camState=1 logicActive=1 activityActive=0 msUntilWakeDeadline=1680
8398 [DBG_HP_SAMPLE] t=448628 hpOutPin=0 hpOutAsserted=1 camState=1 logicActive=1 activityActive=0 msUntilWakeDeadline=1580
8497 [DBG_HP_SAMPLE] t=448728 hpOutPin=0 hpOutAsserted=1 camState=1 logicActive=1 activityActive=0 msUntilWakeDeadline=1480
8597 [DBG_HP_SAMPLE] t=448828 hpOutPin=0 hpOutAsserted=1 camState=1 logicActive=1 activityActive=0 msUntilWakeDeadline=1380
8697 [DBG_HP_SAMPLE] t=448928 hpOutPin=0 hpOutAsserted=1 camState=1 logicActive=1 activityActive=0 msUntilWakeDeadline=1280
8797 [DBG_HP_SAMPLE] t=449028 hpOutPin=0 hpOutAsserted=1 camState=1 logicActive=1 activityActive=0 msUntilWakeDeadline=1180
8898 [DBG_HP_SAMPLE] t=449128 hpOutPin=0 hpOutAsserted=1 camState=1 logicActive=1 activityActive=0 msUntilWakeDeadline=1080
8997 [DBG_HP_SAMPLE] t=449228 hpOutPin=0 hpOutAsserted=1 camState=1 logicActive=1 activityActive=0 msUntilWakeDeadline=980
9097 [DBG_HP_SAMPLE] t=449328 hpOutPin=0 hpOutAsserted=1 camState=1 logicActive=1 activityActive=0 msUntilWakeDeadline=880
9197 [DBG_HP_SAMPLE] t=449428 hpOutPin=0 hpOutAsserted=1 camState=1 logicActive=1 activityActive=0 msUntilWakeDeadline=780
9297 [DBG_HP_SAMPLE] t=449528 hpOutPin=0 hpOutAsserted=1 camState=1 logicActive=1 activityActive=0 msUntilWakeDeadline=680
9397 [DBG_HP_SAMPLE] t=449628 hpOutPin=0 hpOutAsserted=1 camState=1 logicActive=1 activityActive=0 msUntilWakeDeadline=580
9497 [DBG_HP_SAMPLE] t=449728 hpOutPin=0 hpOutAsserted=1 camState=1 logicActive=1 activityActive=0 msUntilWakeDeadline=480
9597 [DBG_HP_SAMPLE] t=449828 hpOutPin=0 hpOutAsserted=1 camState=1 logicActive=1 activityActive=0 msUntilWakeDeadline=380
9697 [DBG_HP_SAMPLE] t=449928 hpOutPin=0 hpOutAsserted=1 camState=1 logicActive=1 activityActive=0 msUntilWakeDeadline=280
9797 [DBG_HP_SAMPLE] t=450028 hpOutPin=0 hpOutAsserted=1 camState=1 logicActive=1 activityActive=0 msUntilWakeDeadline=180
9898 [DBG_HP_SAMPLE] t=450128 hpOutPin=0 hpOutAsserted=1 camState=1 logicActive=1 activityActive=0 msUntilWakeDeadline=80
9976 [DBG_PIN] t=450208 sig=FP_OUT state=INACTIVE reason=endActivity durMs=6580 camState=1 hpOutAsserted=1
9978 [DBG_PIN] t=450208 sig=HP_OUT state=INACTIVE reason=releaseHpOut durMs=10083 camState=1 hpOutAsserted=0
9981 [DBG_IO] t=450208 stage=configureRuntimeIo.enter deviceType=1 camEnabled=1 camState=0 logicActive=0 activityActive=0 hpOutAsserted=0 hpOutPin=1 fpOutPin=1
9984 [DBG_IO] t=450208 stage=configureRuntimeIo.outputsInput deviceType=1 camEnabled=1 camState=0 logicActive=0 activityActive=0 hpOutAsserted=0 hpOutPin=1 fpOutPin=1
9987 [DBG_IO] t=450209 stage=configureRuntimeIo.cameraStateMachine deviceType=1 camEnabled=1 camState=0 logicActive=0 activityActive=0 hpOutAsserted=0 hpOutPin=1 fpOutPin=1
10626 [DBG_HP_SAMPLE] t=450856 hpOutPin=1 hpOutAsserted=0 camState=0 logicActive=0 activityActive=0 msUntilWakeDeadline=0
10725 [DBG_HP_SAMPLE] t=450956 hpOutPin=1 hpOutAsserted=0 camState=0 logicActive=0 activityActive=0 msUntilWakeDeadline=0
10825 [DBG_HP_SAMPLE] t=451056 hpOutPin=1 hpOutAsserted=0 camState=0 logicActive=0 activityActive=0 msUntilWakeDeadline=0
10925 [DBG_HP_SAMPLE] t=451156 hpOutPin=1 hpOutAsserted=0 camState=0 logicActive=0 activityActive=0 msUntilWakeDeadline=0
11026 [DBG_HP_SAMPLE] t=451256 hpOutPin=1 hpOutAsserted=0 camState=0 logicActive=0 activityActive=0 msUntilWakeDeadline=0
11125 [DBG_HP_SAMPLE] t=451356 hpOutPin=1 hpOutAsserted=0 camState=0 logicActive=0 activityActive=0 msUntilWakeDeadline=0
11225 [DBG_HP_SAMPLE] t=451456 hpOutPin=1 hpOutAsserted=0 camState=0 logicActive=0 activityActive=0 msUntilWakeDeadline=0
11325 [DBG_HP_SAMPLE] t=451556 hpOutPin=1 hpOutAsserted=0 camState=0 logicActive=0 activityActive=0 msUntilWakeDeadline=0
11425 [DBG_HP_SAMPLE] t=451656 hpOutPin=1 hpOutAsserted=0 camState=0 logicActive=0 activityActive=0 msUntilWakeDeadline=0
11525 [DBG_HP_SAMPLE] t=451756 hpOutPin=1 hpOutAsserted=0 camState=0 logicActive=0 activityActive=0 msUntilWakeDeadline=0
11625 [DBG_HP_SAMPLE] t=451856 hpOutPin=1 hpOutAsserted=0 camState=0 logicActive=0 activityActive=0 msUntilWakeDeadline=0
11725 [DBG_HP_SAMPLE] t=451956 hpOutPin=1 hpOutAsserted=0 camState=0 logicActive=0 activityActive=0 msUntilWakeDeadline=0
11825 [DBG_HP_SAMPLE] t=452056 hpOutPin=1 hpOutAsserted=0 camState=0 logicActive=0 activityActive=0 msUntilWakeDeadline=0
11925 [DBG_HP_SAMPLE] t=452156 hpOutPin=1 hpOutAsserted=0 camState=0 logicActive=0 activityActive=0 msUntilWakeDeadline=0
12025 [DBG_HP_SAMPLE] t=452256 hpOutPin=1 hpOutAsserted=0 camState=0 logicActive=0 activityActive=0 msUntilWakeDeadline=0
