0 HP_IN ACTIVE
100 HP_IN INACTIVE
1000 FP_IN ACTIVE
1000 FP_OUT ACTIVE
1100 FP_OUT INACTIVE
1100 FP_IN INACTIVE
1999 FP_OUT ACTIVE
2098 FP_OUT INACTIVE
2998 FP_OUT ACTIVE
3097 FP_OUT INACTIVE
3997 FP_OUT ACTIVE
4096 FP_OUT INACTIVE
6095 HP_OUT INACTIVE
7000 FP_IN ACTIVE
7100 FP_IN INACTIVE
7387 HP_OUT ACTIVE
7886 FP_OUT ACTIVE
7987 FP_OUT INACTIVE
8885 FP_OUT ACTIVE
8986 FP_OUT INACTIVE
9884 FP_OUT ACTIVE
9984 FP_OUT INACTIVE
10883 FP_OUT ACTIVE
10983 FP_OUT INACTIVE
16000 HP_IN INACTIVE
16000 FP_IN INACTIVE
